[2021-12-26T04:48:47.317+0000][2947][gc] Using G1
[2021-12-26T04:48:47.405+0000][2947][gc,init] Version: 17.0.1+12 (release)
[2021-12-26T04:48:47.406+0000][2947][gc,init] CPUs: 2 total, 2 available
[2021-12-26T04:48:47.406+0000][2947][gc,init] Memory: 3786M
[2021-12-26T04:48:47.406+0000][2947][gc,init] Large Page Support: Disabled
[2021-12-26T04:48:47.406+0000][2947][gc,init] NUMA Support: Disabled
[2021-12-26T04:48:47.406+0000][2947][gc,init] Compressed Oops: Enabled (32-bit)
[2021-12-26T04:48:47.406+0000][2947][gc,init] Heap Region Size: 4M
[2021-12-26T04:48:47.406+0000][2947][gc,init] Heap Min Capacity: 512M
[2021-12-26T04:48:47.406+0000][2947][gc,init] Heap Initial Capacity: 512M
[2021-12-26T04:48:47.406+0000][2947][gc,init] Heap Max Capacity: 512M
[2021-12-26T04:48:47.406+0000][2947][gc,init] Pre-touch: Enabled
[2021-12-26T04:48:47.406+0000][2947][gc,init] Parallel Workers: 2
[2021-12-26T04:48:47.406+0000][2947][gc,init] Concurrent Workers: 1
[2021-12-26T04:48:47.406+0000][2947][gc,init] Concurrent Refinement Workers: 2
[2021-12-26T04:48:47.406+0000][2947][gc,init] Periodic GC: Disabled
[2021-12-26T04:48:47.406+0000][2947][gc,metaspace] CDS archive(s) mapped at: [0x0000000800000000-0x0000000800bd1000-0x0000000800bd1000), size 12390400, SharedBaseAddress: 0x0000000800000000, ArchiveRelocationMode: 0.
[2021-12-26T04:48:47.406+0000][2947][gc,metaspace] Compressed class space mapped at: 0x0000000800c00000-0x0000000840c00000, reserved size: 1073741824
[2021-12-26T04:48:47.406+0000][2947][gc,metaspace] Narrow klass base: 0x0000000800000000, Narrow klass shift: 0, Narrow klass range: 0x100000000
[2021-12-26T04:48:48.183+0000][2947][safepoint   ] Safepoint "ICBufferFull", Time since last: 767870394 ns, Reaching safepoint: 231154 ns, At safepoint: 9456 ns, Total: 240610 ns
[2021-12-26T04:48:48.397+0000][2947][gc,start    ] GC(0) Pause Young (Normal) (G1 Evacuation Pause)
[2021-12-26T04:48:48.397+0000][2947][gc,task     ] GC(0) Using 2 workers of 2 for evacuation
[2021-12-26T04:48:48.397+0000][2947][gc,age      ] GC(0) Desired survivor size 2097152 bytes, new threshold 15 (max threshold 15)
[2021-12-26T04:48:48.405+0000][2947][gc,age      ] GC(0) Age table with threshold 15 (max threshold 15)
[2021-12-26T04:48:48.405+0000][2947][gc,age      ] GC(0) - age   1:    4180856 bytes,    4180856 total
[2021-12-26T04:48:48.405+0000][2947][gc,phases   ] GC(0)   Pre Evacuate Collection Set: 0.0ms
[2021-12-26T04:48:48.405+0000][2947][gc,phases   ] GC(0)   Merge Heap Roots: 0.1ms
[2021-12-26T04:48:48.405+0000][2947][gc,phases   ] GC(0)   Evacuate Collection Set: 6.8ms
[2021-12-26T04:48:48.405+0000][2947][gc,phases   ] GC(0)   Post Evacuate Collection Set: 0.6ms
[2021-12-26T04:48:48.405+0000][2947][gc,phases   ] GC(0)   Other: 0.2ms
[2021-12-26T04:48:48.405+0000][2947][gc,heap     ] GC(0) Eden regions: 6->0(5)
[2021-12-26T04:48:48.405+0000][2947][gc,heap     ] GC(0) Survivor regions: 0->1(1)
[2021-12-26T04:48:48.405+0000][2947][gc,heap     ] GC(0) Old regions: 0->1
[2021-12-26T04:48:48.405+0000][2947][gc,heap     ] GC(0) Archive regions: 2->2
[2021-12-26T04:48:48.405+0000][2947][gc,heap     ] GC(0) Humongous regions: 0->0
[2021-12-26T04:48:48.405+0000][2947][gc,metaspace] GC(0) Metaspace: 7793K(8000K)->7793K(8000K) NonClass: 6903K(7040K)->6903K(7040K) Class: 889K(960K)->889K(960K)
[2021-12-26T04:48:48.405+0000][2947][gc          ] GC(0) Pause Young (Normal) (G1 Evacuation Pause) 27M->8M(512M) 7.854ms
[2021-12-26T04:48:48.405+0000][2947][gc,cpu      ] GC(0) User=0.01s Sys=0.00s Real=0.01s
[2021-12-26T04:48:48.405+0000][2947][safepoint   ] Safepoint "G1CollectForAllocation", Time since last: 214395643 ns, Reaching safepoint: 33682 ns, At safepoint: 8017727 ns, Total: 8051409 ns
[2021-12-26T04:48:48.825+0000][2947][gc,start    ] GC(1) Pause Young (Normal) (G1 Evacuation Pause)
[2021-12-26T04:48:48.825+0000][2947][gc,task     ] GC(1) Using 2 workers of 2 for evacuation
[2021-12-26T04:48:48.825+0000][2947][gc,age      ] GC(1) Desired survivor size 2097152 bytes, new threshold 1 (max threshold 15)
[2021-12-26T04:48:48.833+0000][2947][gc,age      ] GC(1) Age table with threshold 1 (max threshold 15)
[2021-12-26T04:48:48.833+0000][2947][gc,age      ] GC(1) - age   1:    1182160 bytes,    1182160 total
[2021-12-26T04:48:48.833+0000][2947][gc,phases   ] GC(1)   Pre Evacuate Collection Set: 0.1ms
[2021-12-26T04:48:48.833+0000][2947][gc,phases   ] GC(1)   Merge Heap Roots: 0.1ms
[2021-12-26T04:48:48.833+0000][2947][gc,phases   ] GC(1)   Evacuate Collection Set: 7.0ms
[2021-12-26T04:48:48.833+0000][2947][gc,phases   ] GC(1)   Post Evacuate Collection Set: 0.6ms
[2021-12-26T04:48:48.833+0000][2947][gc,phases   ] GC(1)   Other: 0.2ms
[2021-12-26T04:48:48.833+0000][2947][gc,heap     ] GC(1) Eden regions: 5->0(5)
[2021-12-26T04:48:48.833+0000][2947][gc,heap     ] GC(1) Survivor regions: 1->1(1)
[2021-12-26T04:48:48.833+0000][2947][gc,heap     ] GC(1) Old regions: 1->2
[2021-12-26T04:48:48.833+0000][2947][gc,heap     ] GC(1) Archive regions: 2->2
[2021-12-26T04:48:48.833+0000][2947][gc,heap     ] GC(1) Humongous regions: 0->0
[2021-12-26T04:48:48.833+0000][2947][gc,metaspace] GC(1) Metaspace: 11956K(12160K)->11956K(12160K) NonClass: 10456K(10560K)->10456K(10560K) Class: 1500K(1600K)->1500K(1600K)
[2021-12-26T04:48:48.833+0000][2947][gc          ] GC(1) Pause Young (Normal) (G1 Evacuation Pause) 28M->9M(512M) 8.035ms
[2021-12-26T04:48:48.833+0000][2947][gc,cpu      ] GC(1) User=0.01s Sys=0.00s Real=0.00s
[2021-12-26T04:48:48.833+0000][2947][safepoint   ] Safepoint "G1CollectForAllocation", Time since last: 420013516 ns, Reaching safepoint: 110844 ns, At safepoint: 8094226 ns, Total: 8205070 ns
[2021-12-26T04:48:49.226+0000][2947][gc,start    ] GC(2) Pause Young (Normal) (G1 Evacuation Pause)
[2021-12-26T04:48:49.226+0000][2947][gc,task     ] GC(2) Using 2 workers of 2 for evacuation
[2021-12-26T04:48:49.226+0000][2947][gc,age      ] GC(2) Desired survivor size 2097152 bytes, new threshold 15 (max threshold 15)
[2021-12-26T04:48:49.233+0000][2947][gc,age      ] GC(2) Age table with threshold 15 (max threshold 15)
[2021-12-26T04:48:49.234+0000][2947][gc,age      ] GC(2) - age   1:    3056528 bytes,    3056528 total
[2021-12-26T04:48:49.234+0000][2947][gc,age      ] GC(2) - age   2:    1121304 bytes,    4177832 total
[2021-12-26T04:48:49.234+0000][2947][gc,phases   ] GC(2)   Pre Evacuate Collection Set: 0.1ms
[2021-12-26T04:48:49.234+0000][2947][gc,phases   ] GC(2)   Merge Heap Roots: 0.0ms
[2021-12-26T04:48:49.234+0000][2947][gc,phases   ] GC(2)   Evacuate Collection Set: 7.3ms
[2021-12-26T04:48:49.234+0000][2947][gc,phases   ] GC(2)   Post Evacuate Collection Set: 0.5ms
[2021-12-26T04:48:49.234+0000][2947][gc,phases   ] GC(2)   Other: 0.2ms
[2021-12-26T04:48:49.234+0000][2947][gc,heap     ] GC(2) Eden regions: 5->0(6)
[2021-12-26T04:48:49.234+0000][2947][gc,heap     ] GC(2) Survivor regions: 1->1(1)
[2021-12-26T04:48:49.234+0000][2947][gc,heap     ] GC(2) Old regions: 2->2
[2021-12-26T04:48:49.234+0000][2947][gc,heap     ] GC(2) Archive regions: 2->2
[2021-12-26T04:48:49.234+0000][2947][gc,heap     ] GC(2) Humongous regions: 0->0
[2021-12-26T04:48:49.234+0000][2947][gc,metaspace] GC(2) Metaspace: 14055K(14272K)->14055K(14272K) NonClass: 12336K(12416K)->12336K(12416K) Class: 1719K(1856K)->1719K(1856K)
[2021-12-26T04:48:49.234+0000][2947][gc          ] GC(2) Pause Young (Normal) (G1 Evacuation Pause) 29M->12M(512M) 8.126ms
[2021-12-26T04:48:49.234+0000][2947][gc,cpu      ] GC(2) User=0.01s Sys=0.00s Real=0.00s
[2021-12-26T04:48:49.234+0000][2947][safepoint   ] Safepoint "G1CollectForAllocation", Time since last: 391859314 ns, Reaching safepoint: 134365 ns, At safepoint: 8195549 ns, Total: 8329914 ns
[2021-12-26T04:48:49.689+0000][2947][gc,start    ] GC(3) Pause Young (Normal) (G1 Evacuation Pause)
[2021-12-26T04:48:49.689+0000][2947][gc,task     ] GC(3) Using 2 workers of 2 for evacuation
[2021-12-26T04:48:49.689+0000][2947][gc,age      ] GC(3) Desired survivor size 2097152 bytes, new threshold 1 (max threshold 15)
[2021-12-26T04:48:49.700+0000][2947][gc,age      ] GC(3) Age table with threshold 1 (max threshold 15)
[2021-12-26T04:48:49.700+0000][2947][gc,age      ] GC(3) - age   1:     670800 bytes,     670800 total
[2021-12-26T04:48:49.700+0000][2947][gc,phases   ] GC(3)   Pre Evacuate Collection Set: 0.0ms
[2021-12-26T04:48:49.700+0000][2947][gc,phases   ] GC(3)   Merge Heap Roots: 0.0ms
[2021-12-26T04:48:49.700+0000][2947][gc,phases   ] GC(3)   Evacuate Collection Set: 10.3ms
[2021-12-26T04:48:49.700+0000][2947][gc,phases   ] GC(3)   Post Evacuate Collection Set: 0.5ms
[2021-12-26T04:48:49.700+0000][2947][gc,phases   ] GC(3)   Other: 0.2ms
[2021-12-26T04:48:49.700+0000][2947][gc,heap     ] GC(3) Eden regions: 6->0(11)
[2021-12-26T04:48:49.700+0000][2947][gc,heap     ] GC(3) Survivor regions: 1->1(1)
[2021-12-26T04:48:49.700+0000][2947][gc,heap     ] GC(3) Old regions: 2->2
[2021-12-26T04:48:49.700+0000][2947][gc,heap     ] GC(3) Archive regions: 2->2
[2021-12-26T04:48:49.700+0000][2947][gc,heap     ] GC(3) Humongous regions: 0->0
[2021-12-26T04:48:49.700+0000][2947][gc,metaspace] GC(3) Metaspace: 14791K(15104K)->14791K(15104K) NonClass: 13016K(13184K)->13016K(13184K) Class: 1774K(1920K)->1774K(1920K)
[2021-12-26T04:48:49.700+0000][2947][gc          ] GC(3) Pause Young (Normal) (G1 Evacuation Pause) 36M->12M(512M) 11.168ms
[2021-12-26T04:48:49.700+0000][2947][gc,cpu      ] GC(3) User=0.02s Sys=0.00s Real=0.01s
[2021-12-26T04:48:49.700+0000][2947][safepoint   ] Safepoint "G1CollectForAllocation", Time since last: 455400705 ns, Reaching safepoint: 84567 ns, At safepoint: 11237261 ns, Total: 11321828 ns
[2021-12-26T04:48:49.982+0000][2947][gc,start    ] GC(4) Pause Young (Normal) (G1 Evacuation Pause)
[2021-12-26T04:48:49.982+0000][2947][gc,task     ] GC(4) Using 2 workers of 2 for evacuation
[2021-12-26T04:48:49.982+0000][2947][gc,age      ] GC(4) Desired survivor size 4194304 bytes, new threshold 15 (max threshold 15)
[2021-12-26T04:48:49.992+0000][2947][gc,age      ] GC(4) Age table with threshold 15 (max threshold 15)
[2021-12-26T04:48:49.992+0000][2947][gc,age      ] GC(4) - age   1:    2163784 bytes,    2163784 total
[2021-12-26T04:48:49.992+0000][2947][gc,age      ] GC(4) - age   2:     639000 bytes,    2802784 total
[2021-12-26T04:48:49.992+0000][2947][gc,phases   ] GC(4)   Pre Evacuate Collection Set: 0.1ms
[2021-12-26T04:48:49.992+0000][2947][gc,phases   ] GC(4)   Merge Heap Roots: 0.0ms
[2021-12-26T04:48:49.992+0000][2947][gc,phases   ] GC(4)   Evacuate Collection Set: 9.7ms
[2021-12-26T04:48:49.992+0000][2947][gc,phases   ] GC(4)   Post Evacuate Collection Set: 0.4ms
[2021-12-26T04:48:49.992+0000][2947][gc,phases   ] GC(4)   Other: 0.2ms
[2021-12-26T04:48:49.992+0000][2947][gc,heap     ] GC(4) Eden regions: 11->0(75)
[2021-12-26T04:48:49.992+0000][2947][gc,heap     ] GC(4) Survivor regions: 1->1(2)
[2021-12-26T04:48:49.992+0000][2947][gc,heap     ] GC(4) Old regions: 2->2
[2021-12-26T04:48:49.992+0000][2947][gc,heap     ] GC(4) Archive regions: 2->2
[2021-12-26T04:48:49.992+0000][2947][gc,heap     ] GC(4) Humongous regions: 0->0
[2021-12-26T04:48:49.992+0000][2947][gc,metaspace] GC(4) Metaspace: 15161K(15424K)->15161K(15424K) NonClass: 13358K(13504K)->13358K(13504K) Class: 1802K(1920K)->1802K(1920K)
[2021-12-26T04:48:49.992+0000][2947][gc          ] GC(4) Pause Young (Normal) (G1 Evacuation Pause) 56M->13M(512M) 10.440ms
[2021-12-26T04:48:49.992+0000][2947][gc,cpu      ] GC(4) User=0.02s Sys=0.00s Real=0.01s
[2021-12-26T04:48:49.992+0000][2947][safepoint   ] Safepoint "G1CollectForAllocation", Time since last: 281034514 ns, Reaching safepoint: 84295 ns, At safepoint: 10526878 ns, Total: 10611173 ns
[2021-12-26T04:48:50.346+0000][2947][safepoint   ] Safepoint "ICBufferFull", Time since last: 354081552 ns, Reaching safepoint: 70515 ns, At safepoint: 3150 ns, Total: 73665 ns
[2021-12-26T04:48:50.348+0000][2947][safepoint   ] Safepoint "ICBufferFull", Time since last: 1786641 ns, Reaching safepoint: 40791 ns, At safepoint: 3137 ns, Total: 43928 ns
[2021-12-26T04:48:50.351+0000][2947][safepoint   ] Safepoint "ICBufferFull", Time since last: 2667248 ns, Reaching safepoint: 24020 ns, At safepoint: 2853 ns, Total: 26873 ns
[2021-12-26T04:48:50.352+0000][2947][safepoint   ] Safepoint "ICBufferFull", Time since last: 1447549 ns, Reaching safepoint: 24168 ns, At safepoint: 2893 ns, Total: 27061 ns
[2021-12-26T04:48:50.354+0000][2947][safepoint   ] Safepoint "ICBufferFull", Time since last: 1636449 ns, Reaching safepoint: 23368 ns, At safepoint: 2626 ns, Total: 25994 ns
[2021-12-26T04:48:50.752+0000][2947][safepoint   ] Safepoint "ICBufferFull", Time since last: 398019366 ns, Reaching safepoint: 86882 ns, At safepoint: 3387 ns, Total: 90269 ns
[2021-12-26T04:48:50.964+0000][2947][gc,start    ] GC(5) Pause Young (Normal) (G1 Evacuation Pause)
[2021-12-26T04:48:50.964+0000][2947][gc,task     ] GC(5) Using 2 workers of 2 for evacuation
[2021-12-26T04:48:50.964+0000][2947][gc,age      ] GC(5) Desired survivor size 20971520 bytes, new threshold 15 (max threshold 15)
[2021-12-26T04:48:50.972+0000][2947][gc,age      ] GC(5) Age table with threshold 15 (max threshold 15)
[2021-12-26T04:48:50.972+0000][2947][gc,age      ] GC(5) - age   1:    4130552 bytes,    4130552 total
[2021-12-26T04:48:50.972+0000][2947][gc,age      ] GC(5) - age   2:     412720 bytes,    4543272 total
[2021-12-26T04:48:50.972+0000][2947][gc,age      ] GC(5) - age   3:     638792 bytes,    5182064 total
[2021-12-26T04:48:50.972+0000][2947][gc,phases   ] GC(5)   Pre Evacuate Collection Set: 0.1ms
[2021-12-26T04:48:50.972+0000][2947][gc,phases   ] GC(5)   Merge Heap Roots: 0.1ms
[2021-12-26T04:48:50.972+0000][2947][gc,phases   ] GC(5)   Evacuate Collection Set: 7.3ms
[2021-12-26T04:48:50.972+0000][2947][gc,phases   ] GC(5)   Post Evacuate Collection Set: 0.7ms
[2021-12-26T04:48:50.972+0000][2947][gc,phases   ] GC(5)   Other: 0.2ms
[2021-12-26T04:48:50.972+0000][2947][gc,heap     ] GC(5) Eden regions: 75->0(74)
[2021-12-26T04:48:50.972+0000][2947][gc,heap     ] GC(5) Survivor regions: 1->2(10)
[2021-12-26T04:48:50.972+0000][2947][gc,heap     ] GC(5) Old regions: 2->2
[2021-12-26T04:48:50.972+0000][2947][gc,heap     ] GC(5) Archive regions: 2->2
[2021-12-26T04:48:50.972+0000][2947][gc,heap     ] GC(5) Humongous regions: 0->0
[2021-12-26T04:48:50.972+0000][2947][gc,metaspace] GC(5) Metaspace: 18265K(18624K)->18265K(18624K) NonClass: 16008K(16192K)->16008K(16192K) Class: 2256K(2432K)->2256K(2432K)
[2021-12-26T04:48:50.972+0000][2947][gc          ] GC(5) Pause Young (Normal) (G1 Evacuation Pause) 313M->16M(512M) 8.394ms
[2021-12-26T04:48:50.972+0000][2947][gc,cpu      ] GC(5) User=0.01s Sys=0.00s Real=0.01s
[2021-12-26T04:48:50.972+0000][2947][safepoint   ] Safepoint "G1CollectForAllocation", Time since last: 211633885 ns, Reaching safepoint: 61653 ns, At safepoint: 8462444 ns, Total: 8524097 ns
[2021-12-26T04:48:51.640+0000][2947][gc,start    ] GC(6) Pause Young (Normal) (G1 Evacuation Pause)
[2021-12-26T04:48:51.640+0000][2947][gc,task     ] GC(6) Using 2 workers of 2 for evacuation
[2021-12-26T04:48:51.640+0000][2947][gc,age      ] GC(6) Desired survivor size 20971520 bytes, new threshold 15 (max threshold 15)
[2021-12-26T04:48:51.649+0000][2947][gc,age      ] GC(6) Age table with threshold 15 (max threshold 15)
[2021-12-26T04:48:51.649+0000][2947][gc,age      ] GC(6) - age   1:    4191416 bytes,    4191416 total
[2021-12-26T04:48:51.649+0000][2947][gc,age      ] GC(6) - age   2:    4104560 bytes,    8295976 total
[2021-12-26T04:48:51.649+0000][2947][gc,age      ] GC(6) - age   3:     412640 bytes,    8708616 total
[2021-12-26T04:48:51.649+0000][2947][gc,age      ] GC(6) - age   4:     638792 bytes,    9347408 total
[2021-12-26T04:48:51.649+0000][2947][gc,phases   ] GC(6)   Pre Evacuate Collection Set: 0.0ms
[2021-12-26T04:48:51.649+0000][2947][gc,phases   ] GC(6)   Merge Heap Roots: 0.0ms
[2021-12-26T04:48:51.649+0000][2947][gc,phases   ] GC(6)   Evacuate Collection Set: 8.1ms
[2021-12-26T04:48:51.649+0000][2947][gc,phases   ] GC(6)   Post Evacuate Collection Set: 0.7ms
[2021-12-26T04:48:51.649+0000][2947][gc,phases   ] GC(6)   Other: 0.2ms
[2021-12-26T04:48:51.649+0000][2947][gc,heap     ] GC(6) Eden regions: 74->0(73)
[2021-12-26T04:48:51.649+0000][2947][gc,heap     ] GC(6) Survivor regions: 2->3(10)
[2021-12-26T04:48:51.649+0000][2947][gc,heap     ] GC(6) Old regions: 2->2
[2021-12-26T04:48:51.649+0000][2947][gc,heap     ] GC(6) Archive regions: 2->2
[2021-12-26T04:48:51.649+0000][2947][gc,heap     ] GC(6) Humongous regions: 0->0
[2021-12-26T04:48:51.649+0000][2947][gc,metaspace] GC(6) Metaspace: 19254K(19712K)->19254K(19712K) NonClass: 16886K(17152K)->16886K(17152K) Class: 2368K(2560K)->2368K(2560K)
[2021-12-26T04:48:51.649+0000][2947][gc          ] GC(6) Pause Young (Normal) (G1 Evacuation Pause) 312M->20M(512M) 9.220ms
[2021-12-26T04:48:51.650+0000][2947][gc,cpu      ] GC(6) User=0.02s Sys=0.00s Real=0.01s
[2021-12-26T04:48:51.650+0000][2947][safepoint   ] Safepoint "G1CollectForAllocation", Time since last: 668057284 ns, Reaching safepoint: 50668 ns, At safepoint: 9287189 ns, Total: 9337857 ns
[2021-12-26T04:48:52.204+0000][2947][gc,start    ] GC(7) Pause Young (Normal) (G1 Evacuation Pause)
[2021-12-26T04:48:52.204+0000][2947][gc,task     ] GC(7) Using 2 workers of 2 for evacuation
[2021-12-26T04:48:52.204+0000][2947][gc,age      ] GC(7) Desired survivor size 20971520 bytes, new threshold 15 (max threshold 15)
[2021-12-26T04:48:52.218+0000][2947][gc,age      ] GC(7) Age table with threshold 15 (max threshold 15)
[2021-12-26T04:48:52.218+0000][2947][gc,age      ] GC(7) - age   1:    2149384 bytes,    2149384 total
[2021-12-26T04:48:52.218+0000][2947][gc,age      ] GC(7) - age   2:    3597400 bytes,    5746784 total
[2021-12-26T04:48:52.218+0000][2947][gc,age      ] GC(7) - age   3:    4103344 bytes,    9850128 total
[2021-12-26T04:48:52.218+0000][2947][gc,age      ] GC(7) - age   4:     412640 bytes,   10262768 total
[2021-12-26T04:48:52.218+0000][2947][gc,age      ] GC(7) - age   5:     638792 bytes,   10901560 total
[2021-12-26T04:48:52.218+0000][2947][gc,phases   ] GC(7)   Pre Evacuate Collection Set: 0.0ms
[2021-12-26T04:48:52.218+0000][2947][gc,phases   ] GC(7)   Merge Heap Roots: 0.0ms
[2021-12-26T04:48:52.218+0000][2947][gc,phases   ] GC(7)   Evacuate Collection Set: 12.5ms
[2021-12-26T04:48:52.218+0000][2947][gc,phases   ] GC(7)   Post Evacuate Collection Set: 0.8ms
[2021-12-26T04:48:52.218+0000][2947][gc,phases   ] GC(7)   Other: 0.2ms
[2021-12-26T04:48:52.218+0000][2947][gc,heap     ] GC(7) Eden regions: 73->0(73)
[2021-12-26T04:48:52.218+0000][2947][gc,heap     ] GC(7) Survivor regions: 3->3(10)
[2021-12-26T04:48:52.218+0000][2947][gc,heap     ] GC(7) Old regions: 2->2
[2021-12-26T04:48:52.218+0000][2947][gc,heap     ] GC(7) Archive regions: 2->2
[2021-12-26T04:48:52.218+0000][2947][gc,heap     ] GC(7) Humongous regions: 0->0
[2021-12-26T04:48:52.218+0000][2947][gc,metaspace] GC(7) Metaspace: 19711K(20160K)->19711K(20160K) NonClass: 17266K(17536K)->17266K(17536K) Class: 2445K(2624K)->2445K(2624K)
[2021-12-26T04:48:52.218+0000][2947][gc          ] GC(7) Pause Young (Normal) (G1 Evacuation Pause) 312M->22M(512M) 13.711ms
[2021-12-26T04:48:52.218+0000][2947][gc,cpu      ] GC(7) User=0.03s Sys=0.01s Real=0.01s
[2021-12-26T04:48:52.218+0000][2947][safepoint   ] Safepoint "G1CollectForAllocation", Time since last: 554549037 ns, Reaching safepoint: 65422 ns, At safepoint: 13778458 ns, Total: 13843880 ns
[2021-12-26T04:48:52.844+0000][2947][gc,start    ] GC(8) Pause Young (Normal) (G1 Evacuation Pause)
[2021-12-26T04:48:52.844+0000][2947][gc,task     ] GC(8) Using 2 workers of 2 for evacuation
[2021-12-26T04:48:52.844+0000][2947][gc,age      ] GC(8) Desired survivor size 20971520 bytes, new threshold 15 (max threshold 15)
[2021-12-26T04:48:52.857+0000][2947][gc,age      ] GC(8) Age table with threshold 15 (max threshold 15)
[2021-12-26T04:48:52.857+0000][2947][gc,age      ] GC(8) - age   1:    3504272 bytes,    3504272 total
[2021-12-26T04:48:52.857+0000][2947][gc,age      ] GC(8) - age   2:     366648 bytes,    3870920 total
[2021-12-26T04:48:52.857+0000][2947][gc,age      ] GC(8) - age   3:    3596264 bytes,    7467184 total
[2021-12-26T04:48:52.857+0000][2947][gc,age      ] GC(8) - age   4:    4097880 bytes,   11565064 total
[2021-12-26T04:48:52.857+0000][2947][gc,age      ] GC(8) - age   5:     412640 bytes,   11977704 total
[2021-12-26T04:48:52.857+0000][2947][gc,age      ] GC(8) - age   6:     638712 bytes,   12616416 total
[2021-12-26T04:48:52.857+0000][2947][gc,phases   ] GC(8)   Pre Evacuate Collection Set: 0.0ms
[2021-12-26T04:48:52.857+0000][2947][gc,phases   ] GC(8)   Merge Heap Roots: 0.0ms
[2021-12-26T04:48:52.857+0000][2947][gc,phases   ] GC(8)   Evacuate Collection Set: 11.9ms
[2021-12-26T04:48:52.857+0000][2947][gc,phases   ] GC(8)   Post Evacuate Collection Set: 0.9ms
[2021-12-26T04:48:52.857+0000][2947][gc,phases   ] GC(8)   Other: 0.2ms
[2021-12-26T04:48:52.857+0000][2947][gc,heap     ] GC(8) Eden regions: 73->0(72)
[2021-12-26T04:48:52.857+0000][2947][gc,heap     ] GC(8) Survivor regions: 3->4(10)
[2021-12-26T04:48:52.857+0000][2947][gc,heap     ] GC(8) Old regions: 2->2
[2021-12-26T04:48:52.857+0000][2947][gc,heap     ] GC(8) Archive regions: 2->2
[2021-12-26T04:48:52.857+0000][2947][gc,heap     ] GC(8) Humongous regions: 0->0
[2021-12-26T04:48:52.857+0000][2947][gc,metaspace] GC(8) Metaspace: 20786K(21248K)->20786K(21248K) NonClass: 18202K(18496K)->18202K(18496K) Class: 2583K(2752K)->2583K(2752K)
[2021-12-26T04:48:52.857+0000][2947][gc          ] GC(8) Pause Young (Normal) (G1 Evacuation Pause) 314M->24M(512M) 13.223ms
[2021-12-26T04:48:52.857+0000][2947][gc,cpu      ] GC(8) User=0.03s Sys=0.00s Real=0.01s
[2021-12-26T04:48:52.857+0000][2947][safepoint   ] Safepoint "G1CollectForAllocation", Time since last: 625992319 ns, Reaching safepoint: 161721 ns, At safepoint: 13306130 ns, Total: 13467851 ns
[2021-12-26T04:48:53.353+0000][2947][gc,start    ] GC(9) Pause Young (Normal) (G1 Evacuation Pause)
[2021-12-26T04:48:53.353+0000][2947][gc,task     ] GC(9) Using 2 workers of 2 for evacuation
[2021-12-26T04:48:53.353+0000][2947][gc,age      ] GC(9) Desired survivor size 20971520 bytes, new threshold 15 (max threshold 15)
[2021-12-26T04:48:53.367+0000][2947][gc,age      ] GC(9) Age table with threshold 15 (max threshold 15)
[2021-12-26T04:48:53.367+0000][2947][gc,age      ] GC(9) - age   1:     633256 bytes,     633256 total
[2021-12-26T04:48:53.367+0000][2947][gc,age      ] GC(9) - age   2:    2118248 bytes,    2751504 total
[2021-12-26T04:48:53.367+0000][2947][gc,age      ] GC(9) - age   3:     366104 bytes,    3117608 total
[2021-12-26T04:48:53.367+0000][2947][gc,age      ] GC(9) - age   4:    3596264 bytes,    6713872 total
[2021-12-26T04:48:53.367+0000][2947][gc,age      ] GC(9) - age   5:    4097880 bytes,   10811752 total
[2021-12-26T04:48:53.367+0000][2947][gc,age      ] GC(9) - age   6:     412640 bytes,   11224392 total
[2021-12-26T04:48:53.367+0000][2947][gc,age      ] GC(9) - age   7:     638712 bytes,   11863104 total
[2021-12-26T04:48:53.367+0000][2947][gc,phases   ] GC(9)   Pre Evacuate Collection Set: 0.1ms
[2021-12-26T04:48:53.367+0000][2947][gc,phases   ] GC(9)   Merge Heap Roots: 0.0ms
[2021-12-26T04:48:53.367+0000][2947][gc,phases   ] GC(9)   Evacuate Collection Set: 12.6ms
[2021-12-26T04:48:53.367+0000][2947][gc,phases   ] GC(9)   Post Evacuate Collection Set: 0.9ms
[2021-12-26T04:48:53.367+0000][2947][gc,phases   ] GC(9)   Other: 0.3ms
[2021-12-26T04:48:53.367+0000][2947][gc,heap     ] GC(9) Eden regions: 72->0(73)
[2021-12-26T04:48:53.367+0000][2947][gc,heap     ] GC(9) Survivor regions: 4->3(10)
[2021-12-26T04:48:53.367+0000][2947][gc,heap     ] GC(9) Old regions: 2->2
[2021-12-26T04:48:53.367+0000][2947][gc,heap     ] GC(9) Archive regions: 2->2
[2021-12-26T04:48:53.367+0000][2947][gc,heap     ] GC(9) Humongous regions: 0->0
[2021-12-26T04:48:53.367+0000][2947][gc,metaspace] GC(9) Metaspace: 20988K(21504K)->20988K(21504K) NonClass: 18372K(18688K)->18372K(18688K) Class: 2616K(2816K)->2616K(2816K)
[2021-12-26T04:48:53.367+0000][2947][gc          ] GC(9) Pause Young (Normal) (G1 Evacuation Pause) 312M->23M(512M) 13.852ms
[2021-12-26T04:48:53.367+0000][2947][gc,cpu      ] GC(9) User=0.03s Sys=0.00s Real=0.02s
[2021-12-26T04:48:53.367+0000][2947][safepoint   ] Safepoint "G1CollectForAllocation", Time since last: 495617876 ns, Reaching safepoint: 69043 ns, At safepoint: 13931742 ns, Total: 14000785 ns
[2021-12-26T04:48:53.423+0000][2947][gc,start    ] GC(10) Pause Young (Concurrent Start) (Metadata GC Threshold)
[2021-12-26T04:48:53.423+0000][2947][gc,task     ] GC(10) Using 2 workers of 2 for evacuation
[2021-12-26T04:48:53.423+0000][2947][gc,age      ] GC(10) Desired survivor size 20971520 bytes, new threshold 15 (max threshold 15)
[2021-12-26T04:48:53.433+0000][2947][gc,age      ] GC(10) Age table with threshold 15 (max threshold 15)
[2021-12-26T04:48:53.433+0000][2947][gc,age      ] GC(10) - age   1:     270632 bytes,     270632 total
[2021-12-26T04:48:53.433+0000][2947][gc,age      ] GC(10) - age   2:     348936 bytes,     619568 total
[2021-12-26T04:48:53.433+0000][2947][gc,age      ] GC(10) - age   3:    2118248 bytes,    2737816 total
[2021-12-26T04:48:53.433+0000][2947][gc,age      ] GC(10) - age   4:     366104 bytes,    3103920 total
[2021-12-26T04:48:53.433+0000][2947][gc,age      ] GC(10) - age   5:    3596024 bytes,    6699944 total
[2021-12-26T04:48:53.433+0000][2947][gc,age      ] GC(10) - age   6:    4097880 bytes,   10797824 total
[2021-12-26T04:48:53.433+0000][2947][gc,age      ] GC(10) - age   7:     412640 bytes,   11210464 total
[2021-12-26T04:48:53.433+0000][2947][gc,age      ] GC(10) - age   8:     638712 bytes,   11849176 total
[2021-12-26T04:48:53.433+0000][2947][gc,phases   ] GC(10)   Pre Evacuate Collection Set: 0.1ms
[2021-12-26T04:48:53.433+0000][2947][gc,phases   ] GC(10)   Merge Heap Roots: 0.0ms
[2021-12-26T04:48:53.433+0000][2947][gc,phases   ] GC(10)   Evacuate Collection Set: 9.8ms
[2021-12-26T04:48:53.433+0000][2947][gc,phases   ] GC(10)   Post Evacuate Collection Set: 0.7ms
[2021-12-26T04:48:53.433+0000][2947][gc,phases   ] GC(10)   Other: 0.2ms
[2021-12-26T04:48:53.433+0000][2947][gc,heap     ] GC(10) Eden regions: 7->0(73)
[2021-12-26T04:48:53.433+0000][2947][gc,heap     ] GC(10) Survivor regions: 3->3(10)
[2021-12-26T04:48:53.433+0000][2947][gc,heap     ] GC(10) Old regions: 2->2
[2021-12-26T04:48:53.433+0000][2947][gc,heap     ] GC(10) Archive regions: 2->2
[2021-12-26T04:48:53.433+0000][2947][gc,heap     ] GC(10) Humongous regions: 0->0
[2021-12-26T04:48:53.433+0000][2947][gc,metaspace] GC(10) Metaspace: 21014K(21504K)->21014K(21504K) NonClass: 18392K(18688K)->18392K(18688K) Class: 2622K(2816K)->2622K(2816K)
[2021-12-26T04:48:53.433+0000][2947][gc          ] GC(10) Pause Young (Concurrent Start) (Metadata GC Threshold) 51M->23M(512M) 10.872ms
[2021-12-26T04:48:53.433+0000][2947][gc,cpu      ] GC(10) User=0.02s Sys=0.00s Real=0.01s
[2021-12-26T04:48:53.433+0000][2947][gc          ] GC(11) Concurrent Mark Cycle
[2021-12-26T04:48:53.433+0000][2947][gc,marking  ] GC(11) Concurrent Clear Claimed Marks
[2021-12-26T04:48:53.433+0000][2947][safepoint   ] Safepoint "CollectForMetadataAllocation", Time since last: 55440908 ns, Reaching safepoint: 36818 ns, At safepoint: 11014731 ns, Total: 11051549 ns
[2021-12-26T04:48:53.434+0000][2947][gc,marking  ] GC(11) Concurrent Clear Claimed Marks 0.035ms
[2021-12-26T04:48:53.434+0000][2947][gc,marking  ] GC(11) Concurrent Scan Root Regions
[2021-12-26T04:48:53.438+0000][2947][gc,marking  ] GC(11) Concurrent Scan Root Regions 4.635ms
[2021-12-26T04:48:53.438+0000][2947][gc,marking  ] GC(11) Concurrent Mark
[2021-12-26T04:48:53.438+0000][2947][gc,marking  ] GC(11) Concurrent Mark From Roots
[2021-12-26T04:48:53.438+0000][2947][gc,task     ] GC(11) Using 1 workers of 1 for marking
[2021-12-26T04:48:53.465+0000][2947][gc,marking  ] GC(11) Concurrent Mark From Roots 27.224ms
[2021-12-26T04:48:53.465+0000][2947][gc,marking  ] GC(11) Concurrent Preclean
[2021-12-26T04:48:53.466+0000][2947][gc,marking  ] GC(11) Concurrent Preclean 0.112ms
[2021-12-26T04:48:53.466+0000][2947][gc,start    ] GC(11) Pause Remark
[2021-12-26T04:48:53.470+0000][2947][gc          ] GC(11) Pause Remark 43M->43M(512M) 4.254ms
[2021-12-26T04:48:53.470+0000][2947][gc,cpu      ] GC(11) User=0.01s Sys=0.01s Real=0.00s
[2021-12-26T04:48:53.470+0000][2947][safepoint   ] Safepoint "G1Concurrent", Time since last: 32104115 ns, Reaching safepoint: 133228 ns, At safepoint: 4328820 ns, Total: 4462048 ns
[2021-12-26T04:48:53.470+0000][2947][gc,marking  ] GC(11) Concurrent Mark 31.900ms
[2021-12-26T04:48:53.470+0000][2947][gc,marking  ] GC(11) Concurrent Rebuild Remembered Sets
[2021-12-26T04:48:53.477+0000][2947][gc,marking  ] GC(11) Concurrent Rebuild Remembered Sets 7.235ms
[2021-12-26T04:48:53.478+0000][2947][gc,start    ] GC(11) Pause Cleanup
[2021-12-26T04:48:53.478+0000][2947][gc          ] GC(11) Pause Cleanup 43M->43M(512M) 0.093ms
[2021-12-26T04:48:53.478+0000][2947][gc,cpu      ] GC(11) User=0.00s Sys=0.00s Real=0.00s
[2021-12-26T04:48:53.478+0000][2947][safepoint   ] Safepoint "G1Concurrent", Time since last: 7340913 ns, Reaching safepoint: 121104 ns, At safepoint: 135710 ns, Total: 256814 ns
[2021-12-26T04:48:53.478+0000][2947][gc,marking  ] GC(11) Concurrent Cleanup for Next Mark
[2021-12-26T04:48:53.479+0000][2947][gc,marking  ] GC(11) Concurrent Cleanup for Next Mark 1.023ms
[2021-12-26T04:48:53.479+0000][2947][gc          ] GC(11) Concurrent Mark Cycle 45.297ms
[2021-12-26T04:48:54.046+0000][2947][safepoint   ] Safepoint "ICBufferFull", Time since last: 568432952 ns, Reaching safepoint: 158146 ns, At safepoint: 10400 ns, Total: 168546 ns
[2021-12-26T04:48:54.051+0000][2947][safepoint   ] Safepoint "ICBufferFull", Time since last: 4293090 ns, Reaching safepoint: 29913 ns, At safepoint: 3399 ns, Total: 33312 ns
[2021-12-26T04:48:54.052+0000][2947][safepoint   ] Safepoint "ICBufferFull", Time since last: 1324594 ns, Reaching safepoint: 23296 ns, At safepoint: 3272 ns, Total: 26568 ns
[2021-12-26T04:48:54.053+0000][2947][safepoint   ] Safepoint "ICBufferFull", Time since last: 1293976 ns, Reaching safepoint: 24181 ns, At safepoint: 3358 ns, Total: 27539 ns
[2021-12-26T04:48:54.074+0000][2947][safepoint   ] Safepoint "ICBufferFull", Time since last: 21125248 ns, Reaching safepoint: 31755 ns, At safepoint: 3262 ns, Total: 35017 ns
[2021-12-26T04:48:54.076+0000][2947][safepoint   ] Safepoint "ICBufferFull", Time since last: 1208028 ns, Reaching safepoint: 23856 ns, At safepoint: 3433 ns, Total: 27289 ns
[2021-12-26T04:48:54.124+0000][2947][safepoint   ] Safepoint "ICBufferFull", Time since last: 48605156 ns, Reaching safepoint: 194295 ns, At safepoint: 6966 ns, Total: 201261 ns
[2021-12-26T04:48:54.132+0000][2947][safepoint   ] Safepoint "ICBufferFull", Time since last: 7071076 ns, Reaching safepoint: 150425 ns, At safepoint: 9651 ns, Total: 160076 ns
[2021-12-26T04:48:54.144+0000][2947][safepoint   ] Safepoint "ICBufferFull", Time since last: 12468687 ns, Reaching safepoint: 34591 ns, At safepoint: 3507 ns, Total: 38098 ns
[2021-12-26T04:48:54.242+0000][2947][safepoint   ] Safepoint "ICBufferFull", Time since last: 97247849 ns, Reaching safepoint: 192866 ns, At safepoint: 4824 ns, Total: 197690 ns
[2021-12-26T04:48:54.250+0000][2947][safepoint   ] Safepoint "ICBufferFull", Time since last: 8106829 ns, Reaching safepoint: 35706 ns, At safepoint: 3465 ns, Total: 39171 ns
[2021-12-26T04:48:54.251+0000][2947][safepoint   ] Safepoint "ICBufferFull", Time since last: 1276376 ns, Reaching safepoint: 27611 ns, At safepoint: 3469 ns, Total: 31080 ns
[2021-12-26T04:48:54.275+0000][2947][safepoint   ] Safepoint "ICBufferFull", Time since last: 23843404 ns, Reaching safepoint: 39718 ns, At safepoint: 6817 ns, Total: 46535 ns
[2021-12-26T04:48:54.276+0000][2947][safepoint   ] Safepoint "ICBufferFull", Time since last: 1266220 ns, Reaching safepoint: 21615 ns, At safepoint: 10353 ns, Total: 31968 ns
[2021-12-26T04:48:54.292+0000][2947][safepoint   ] Safepoint "ICBufferFull", Time since last: 15340328 ns, Reaching safepoint: 37226 ns, At safepoint: 3291 ns, Total: 40517 ns
[2021-12-26T04:48:54.412+0000][2947][safepoint   ] Safepoint "ICBufferFull", Time since last: 120074127 ns, Reaching safepoint: 45863 ns, At safepoint: 3400 ns, Total: 49263 ns
[2021-12-26T04:48:54.413+0000][2947][safepoint   ] Safepoint "ICBufferFull", Time since last: 1206395 ns, Reaching safepoint: 22442 ns, At safepoint: 16566 ns, Total: 39008 ns
[2021-12-26T04:48:54.415+0000][2947][safepoint   ] Safepoint "ICBufferFull", Time since last: 2340601 ns, Reaching safepoint: 20829 ns, At safepoint: 2703 ns, Total: 23532 ns
[2021-12-26T04:48:54.418+0000][2947][safepoint   ] Safepoint "ICBufferFull", Time since last: 2770049 ns, Reaching safepoint: 21215 ns, At safepoint: 2706 ns, Total: 23921 ns
[2021-12-26T04:48:54.419+0000][2947][safepoint   ] Safepoint "ICBufferFull", Time since last: 1282521 ns, Reaching safepoint: 20235 ns, At safepoint: 2692 ns, Total: 22927 ns
[2021-12-26T04:48:54.422+0000][2947][safepoint   ] Safepoint "ICBufferFull", Time since last: 2582610 ns, Reaching safepoint: 23921 ns, At safepoint: 2803 ns, Total: 26724 ns
[2021-12-26T04:48:54.423+0000][2947][safepoint   ] Safepoint "ICBufferFull", Time since last: 1315945 ns, Reaching safepoint: 19760 ns, At safepoint: 2730 ns, Total: 22490 ns
[2021-12-26T04:48:54.425+0000][2947][safepoint   ] Safepoint "ICBufferFull", Time since last: 1900200 ns, Reaching safepoint: 19000 ns, At safepoint: 2768 ns, Total: 21768 ns
[2021-12-26T04:48:54.427+0000][2947][safepoint   ] Safepoint "ICBufferFull", Time since last: 1350074 ns, Reaching safepoint: 19363 ns, At safepoint: 2554 ns, Total: 21917 ns
[2021-12-26T04:48:54.428+0000][2947][safepoint   ] Safepoint "ICBufferFull", Time since last: 1296566 ns, Reaching safepoint: 20455 ns, At safepoint: 2685 ns, Total: 23140 ns
[2021-12-26T04:48:54.431+0000][2947][safepoint   ] Safepoint "ICBufferFull", Time since last: 3301534 ns, Reaching safepoint: 20262 ns, At safepoint: 2670 ns, Total: 22932 ns
[2021-12-26T04:48:54.433+0000][2947][safepoint   ] Safepoint "ICBufferFull", Time since last: 1245941 ns, Reaching safepoint: 18755 ns, At safepoint: 2670 ns, Total: 21425 ns
[2021-12-26T04:48:54.435+0000][2947][safepoint   ] Safepoint "ICBufferFull", Time since last: 1871692 ns, Reaching safepoint: 18926 ns, At safepoint: 2611 ns, Total: 21537 ns
[2021-12-26T04:48:54.436+0000][2947][safepoint   ] Safepoint "ICBufferFull", Time since last: 1171721 ns, Reaching safepoint: 18195 ns, At safepoint: 2725 ns, Total: 20920 ns
[2021-12-26T04:48:54.437+0000][2947][safepoint   ] Safepoint "ICBufferFull", Time since last: 1429997 ns, Reaching safepoint: 19687 ns, At safepoint: 2570 ns, Total: 22257 ns
[2021-12-26T04:48:54.438+0000][2947][safepoint   ] Safepoint "ICBufferFull", Time since last: 1158503 ns, Reaching safepoint: 18073 ns, At safepoint: 2535 ns, Total: 20608 ns
[2021-12-26T04:48:54.440+0000][2947][safepoint   ] Safepoint "ICBufferFull", Time since last: 1352779 ns, Reaching safepoint: 19016 ns, At safepoint: 2542 ns, Total: 21558 ns
[2021-12-26T04:48:54.441+0000][2947][safepoint   ] Safepoint "ICBufferFull", Time since last: 1054725 ns, Reaching safepoint: 18940 ns, At safepoint: 2487 ns, Total: 21427 ns
[2021-12-26T04:48:54.442+0000][2947][safepoint   ] Safepoint "ICBufferFull", Time since last: 1054601 ns, Reaching safepoint: 18528 ns, At safepoint: 2597 ns, Total: 21125 ns
[2021-12-26T04:48:54.446+0000][2947][safepoint   ] Safepoint "ICBufferFull", Time since last: 4278892 ns, Reaching safepoint: 232365 ns, At safepoint: 5873 ns, Total: 238238 ns
[2021-12-26T04:48:54.448+0000][2947][safepoint   ] Safepoint "ICBufferFull", Time since last: 1172306 ns, Reaching safepoint: 126153 ns, At safepoint: 4955 ns, Total: 131108 ns
[2021-12-26T04:48:54.449+0000][2947][safepoint   ] Safepoint "ICBufferFull", Time since last: 1145982 ns, Reaching safepoint: 33165 ns, At safepoint: 8082 ns, Total: 41247 ns
[2021-12-26T04:48:54.450+0000][2947][safepoint   ] Safepoint "ICBufferFull", Time since last: 1173088 ns, Reaching safepoint: 20602 ns, At safepoint: 2553 ns, Total: 23155 ns
[2021-12-26T04:48:54.454+0000][2947][safepoint   ] Safepoint "ICBufferFull", Time since last: 4316013 ns, Reaching safepoint: 19536 ns, At safepoint: 2696 ns, Total: 22232 ns
[2021-12-26T04:48:54.456+0000][2947][safepoint   ] Safepoint "ICBufferFull", Time since last: 1081236 ns, Reaching safepoint: 18510 ns, At safepoint: 2623 ns, Total: 21133 ns
[2021-12-26T04:48:54.457+0000][2947][safepoint   ] Safepoint "ICBufferFull", Time since last: 1100199 ns, Reaching safepoint: 18667 ns, At safepoint: 2584 ns, Total: 21251 ns
[2021-12-26T04:48:54.458+0000][2947][safepoint   ] Safepoint "ICBufferFull", Time since last: 1132310 ns, Reaching safepoint: 19027 ns, At safepoint: 2874 ns, Total: 21901 ns
[2021-12-26T04:48:54.459+0000][2947][safepoint   ] Safepoint "ICBufferFull", Time since last: 1116331 ns, Reaching safepoint: 18553 ns, At safepoint: 2633 ns, Total: 21186 ns
[2021-12-26T04:48:54.460+0000][2947][safepoint   ] Safepoint "ICBufferFull", Time since last: 1130499 ns, Reaching safepoint: 20234 ns, At safepoint: 2600 ns, Total: 22834 ns
[2021-12-26T04:48:54.461+0000][2947][safepoint   ] Safepoint "ICBufferFull", Time since last: 1196898 ns, Reaching safepoint: 18904 ns, At safepoint: 2546 ns, Total: 21450 ns
[2021-12-26T04:48:54.463+0000][2947][safepoint   ] Safepoint "ICBufferFull", Time since last: 1573782 ns, Reaching safepoint: 27282 ns, At safepoint: 3494 ns, Total: 30776 ns
[2021-12-26T04:48:54.464+0000][2947][safepoint   ] Safepoint "ICBufferFull", Time since last: 1297961 ns, Reaching safepoint: 22950 ns, At safepoint: 3252 ns, Total: 26202 ns
[2021-12-26T04:48:54.466+0000][2947][safepoint   ] Safepoint "ICBufferFull", Time since last: 1342262 ns, Reaching safepoint: 22797 ns, At safepoint: 3247 ns, Total: 26044 ns
[2021-12-26T04:48:54.467+0000][2947][safepoint   ] Safepoint "ICBufferFull", Time since last: 1315353 ns, Reaching safepoint: 24281 ns, At safepoint: 3062 ns, Total: 27343 ns
[2021-12-26T04:48:54.468+0000][2947][safepoint   ] Safepoint "ICBufferFull", Time since last: 1399495 ns, Reaching safepoint: 31020 ns, At safepoint: 3233 ns, Total: 34253 ns
[2021-12-26T04:48:54.470+0000][2947][safepoint   ] Safepoint "ICBufferFull", Time since last: 1544961 ns, Reaching safepoint: 26901 ns, At safepoint: 3126 ns, Total: 30027 ns
[2021-12-26T04:48:54.472+0000][2947][safepoint   ] Safepoint "ICBufferFull", Time since last: 2014851 ns, Reaching safepoint: 28784 ns, At safepoint: 19450 ns, Total: 48234 ns
[2021-12-26T04:48:54.474+0000][2947][safepoint   ] Safepoint "ICBufferFull", Time since last: 1969358 ns, Reaching safepoint: 43050 ns, At safepoint: 3421 ns, Total: 46471 ns
[2021-12-26T04:48:54.476+0000][2947][safepoint   ] Safepoint "ICBufferFull", Time since last: 2127304 ns, Reaching safepoint: 26601 ns, At safepoint: 3218 ns, Total: 29819 ns
[2021-12-26T04:48:54.478+0000][2947][safepoint   ] Safepoint "ICBufferFull", Time since last: 1917054 ns, Reaching safepoint: 28081 ns, At safepoint: 3122 ns, Total: 31203 ns
[2021-12-26T04:48:55.510+0000][2947][safepoint   ] Safepoint "Cleanup", Time since last: 1030894301 ns, Reaching safepoint: 1122369 ns, At safepoint: 9430 ns, Total: 1131799 ns
[2021-12-26T04:48:56.511+0000][2947][safepoint   ] Safepoint "Cleanup", Time since last: 1000866920 ns, Reaching safepoint: 175146 ns, At safepoint: 5511 ns, Total: 180657 ns
[2021-12-26T04:48:56.560+0000][2947][gc,start    ] GC(12) Pause Young (Normal) (G1 Evacuation Pause)
[2021-12-26T04:48:56.560+0000][2947][gc,task     ] GC(12) Using 2 workers of 2 for evacuation
[2021-12-26T04:48:56.560+0000][2947][gc,age      ] GC(12) Desired survivor size 20971520 bytes, new threshold 15 (max threshold 15)
[2021-12-26T04:48:56.627+0000][2947][gc,age      ] GC(12) Age table with threshold 15 (max threshold 15)
[2021-12-26T04:48:56.627+0000][2947][gc,age      ] GC(12) - age   1:   18119952 bytes,   18119952 total
[2021-12-26T04:48:56.627+0000][2947][gc,age      ] GC(12) - age   2:     256024 bytes,   18375976 total
[2021-12-26T04:48:56.627+0000][2947][gc,age      ] GC(12) - age   3:     335192 bytes,   18711168 total
[2021-12-26T04:48:56.627+0000][2947][gc,age      ] GC(12) - age   4:    2093120 bytes,   20804288 total
[2021-12-26T04:48:56.627+0000][2947][gc,age      ] GC(12) - age   5:     355448 bytes,   21159736 total
[2021-12-26T04:48:56.627+0000][2947][gc,age      ] GC(12) - age   6:    3581976 bytes,   24741712 total
[2021-12-26T04:48:56.627+0000][2947][gc,age      ] GC(12) - age   7:    4046280 bytes,   28787992 total
[2021-12-26T04:48:56.627+0000][2947][gc,age      ] GC(12) - age   8:     368488 bytes,   29156480 total
[2021-12-26T04:48:56.627+0000][2947][gc,age      ] GC(12) - age   9:     616920 bytes,   29773400 total
[2021-12-26T04:48:56.628+0000][2947][gc,phases   ] GC(12)   Pre Evacuate Collection Set: 0.1ms
[2021-12-26T04:48:56.628+0000][2947][gc,phases   ] GC(12)   Merge Heap Roots: 0.1ms
[2021-12-26T04:48:56.628+0000][2947][gc,phases   ] GC(12)   Evacuate Collection Set: 64.2ms
[2021-12-26T04:48:56.628+0000][2947][gc,phases   ] GC(12)   Post Evacuate Collection Set: 3.3ms
[2021-12-26T04:48:56.628+0000][2947][gc,phases   ] GC(12)   Other: 0.3ms
[2021-12-26T04:48:56.628+0000][2947][gc,heap     ] GC(12) Eden regions: 73->0(68)
[2021-12-26T04:48:56.628+0000][2947][gc,heap     ] GC(12) Survivor regions: 3->8(10)
[2021-12-26T04:48:56.628+0000][2947][gc,heap     ] GC(12) Old regions: 2->2
[2021-12-26T04:48:56.628+0000][2947][gc,heap     ] GC(12) Archive regions: 2->2
[2021-12-26T04:48:56.628+0000][2947][gc,heap     ] GC(12) Humongous regions: 0->0
[2021-12-26T04:48:56.628+0000][2947][gc,metaspace] GC(12) Metaspace: 30705K(31552K)->30705K(31552K) NonClass: 26753K(27264K)->26753K(27264K) Class: 3951K(4288K)->3951K(4288K)
[2021-12-26T04:48:56.628+0000][2947][gc          ] GC(12) Pause Young (Normal) (G1 Evacuation Pause) 315M->40M(512M) 67.998ms
[2021-12-26T04:48:56.628+0000][2947][gc,cpu      ] GC(12) User=0.13s Sys=0.01s Real=0.07s
[2021-12-26T04:48:56.628+0000][2947][safepoint   ] Safepoint "G1CollectForAllocation", Time since last: 48336386 ns, Reaching safepoint: 29026 ns, At safepoint: 68080812 ns, Total: 68109838 ns
[2021-12-26T04:48:57.642+0000][2947][safepoint   ] Safepoint "Cleanup", Time since last: 1014593902 ns, Reaching safepoint: 138827 ns, At safepoint: 4323 ns, Total: 143150 ns
[2021-12-26T04:48:57.771+0000][2947][gc,start    ] GC(13) Pause Young (Concurrent Start) (Metadata GC Threshold)
[2021-12-26T04:48:57.771+0000][2947][gc,task     ] GC(13) Using 2 workers of 2 for evacuation
[2021-12-26T04:48:57.771+0000][2947][gc,age      ] GC(13) Desired survivor size 20971520 bytes, new threshold 5 (max threshold 15)
[2021-12-26T04:48:57.826+0000][2947][gc,age      ] GC(13) Age table with threshold 5 (max threshold 15)
[2021-12-26T04:48:57.826+0000][2947][gc,age      ] GC(13) - age   1:    9843752 bytes,    9843752 total
[2021-12-26T04:48:57.826+0000][2947][gc,age      ] GC(13) - age   2:   17664952 bytes,   27508704 total
[2021-12-26T04:48:57.826+0000][2947][gc,age      ] GC(13) - age   3:     255992 bytes,   27764696 total
[2021-12-26T04:48:57.826+0000][2947][gc,age      ] GC(13) - age   4:     335160 bytes,   28099856 total
[2021-12-26T04:48:57.826+0000][2947][gc,age      ] GC(13) - age   5:    2092088 bytes,   30191944 total
[2021-12-26T04:48:57.826+0000][2947][gc,phases   ] GC(13)   Pre Evacuate Collection Set: 0.1ms
[2021-12-26T04:48:57.826+0000][2947][gc,phases   ] GC(13)   Merge Heap Roots: 0.0ms
[2021-12-26T04:48:57.826+0000][2947][gc,phases   ] GC(13)   Evacuate Collection Set: 53.9ms
[2021-12-26T04:48:57.826+0000][2947][gc,phases   ] GC(13)   Post Evacuate Collection Set: 1.2ms
[2021-12-26T04:48:57.826+0000][2947][gc,phases   ] GC(13)   Other: 0.2ms
[2021-12-26T04:48:57.826+0000][2947][gc,heap     ] GC(13) Eden regions: 30->0(68)
[2021-12-26T04:48:57.827+0000][2947][gc,heap     ] GC(13) Survivor regions: 8->8(10)
[2021-12-26T04:48:57.827+0000][2947][gc,heap     ] GC(13) Old regions: 2->5
[2021-12-26T04:48:57.827+0000][2947][gc,heap     ] GC(13) Archive regions: 2->2
[2021-12-26T04:48:57.827+0000][2947][gc,heap     ] GC(13) Humongous regions: 0->0
[2021-12-26T04:48:57.827+0000][2947][gc,metaspace] GC(13) Metaspace: 35091K(35968K)->35091K(35968K) NonClass: 30432K(30976K)->30432K(30976K) Class: 4659K(4992K)->4659K(4992K)
[2021-12-26T04:48:57.827+0000][2947][gc          ] GC(13) Pause Young (Concurrent Start) (Metadata GC Threshold) 158M->50M(512M) 55.537ms
[2021-12-26T04:48:57.827+0000][2947][gc,cpu      ] GC(13) User=0.11s Sys=0.00s Real=0.06s
[2021-12-26T04:48:57.827+0000][2947][gc          ] GC(14) Concurrent Mark Cycle
[2021-12-26T04:48:57.827+0000][2947][gc,marking  ] GC(14) Concurrent Clear Claimed Marks
[2021-12-26T04:48:57.827+0000][2947][safepoint   ] Safepoint "CollectForMetadataAllocation", Time since last: 128513581 ns, Reaching safepoint: 47333 ns, At safepoint: 55695166 ns, Total: 55742499 ns
[2021-12-26T04:48:57.827+0000][2947][gc,marking  ] GC(14) Concurrent Clear Claimed Marks 0.077ms
[2021-12-26T04:48:57.827+0000][2947][gc,marking  ] GC(14) Concurrent Scan Root Regions
[2021-12-26T04:48:57.853+0000][2947][safepoint   ] Safepoint "CollectForMetadataAllocation", Time since last: 26164216 ns, Reaching safepoint: 45052 ns, At safepoint: 72164 ns, Total: 117216 ns
[2021-12-26T04:48:57.869+0000][2947][gc,marking  ] GC(14) Concurrent Scan Root Regions 42.388ms
[2021-12-26T04:48:57.869+0000][2947][gc,marking  ] GC(14) Concurrent Mark
[2021-12-26T04:48:57.869+0000][2947][gc,marking  ] GC(14) Concurrent Mark From Roots
[2021-12-26T04:48:57.869+0000][2947][gc,task     ] GC(14) Using 1 workers of 1 for marking
[2021-12-26T04:48:57.882+0000][2947][safepoint   ] Safepoint "CollectForMetadataAllocation", Time since last: 29196357 ns, Reaching safepoint: 67049 ns, At safepoint: 67284 ns, Total: 134333 ns
[2021-12-26T04:48:57.891+0000][2947][gc,marking  ] GC(14) Concurrent Mark From Roots 21.489ms
[2021-12-26T04:48:57.891+0000][2947][gc,marking  ] GC(14) Concurrent Preclean
[2021-12-26T04:48:57.891+0000][2947][gc,marking  ] GC(14) Concurrent Preclean 0.115ms
[2021-12-26T04:48:57.901+0000][2947][gc,start    ] GC(14) Pause Remark
[2021-12-26T04:48:57.906+0000][2947][gc          ] GC(14) Pause Remark 54M->54M(512M) 5.125ms
[2021-12-26T04:48:57.906+0000][2947][gc,cpu      ] GC(14) User=0.01s Sys=0.00s Real=0.01s
[2021-12-26T04:48:57.906+0000][2947][safepoint   ] Safepoint "G1Concurrent", Time since last: 18764769 ns, Reaching safepoint: 132205 ns, At safepoint: 5192152 ns, Total: 5324357 ns
[2021-12-26T04:48:57.906+0000][2947][gc,marking  ] GC(14) Concurrent Mark 37.260ms
[2021-12-26T04:48:57.906+0000][2947][gc,marking  ] GC(14) Concurrent Rebuild Remembered Sets
[2021-12-26T04:48:57.921+0000][2947][gc,marking  ] GC(14) Concurrent Rebuild Remembered Sets 14.097ms
[2021-12-26T04:48:57.921+0000][2947][gc,start    ] GC(14) Pause Cleanup
[2021-12-26T04:48:57.921+0000][2947][gc          ] GC(14) Pause Cleanup 56M->56M(512M) 0.080ms
[2021-12-26T04:48:57.921+0000][2947][gc,cpu      ] GC(14) User=0.00s Sys=0.00s Real=0.00s
[2021-12-26T04:48:57.921+0000][2947][safepoint   ] Safepoint "G1Concurrent", Time since last: 14191222 ns, Reaching safepoint: 225921 ns, At safepoint: 124353 ns, Total: 350274 ns
[2021-12-26T04:48:57.921+0000][2947][gc,marking  ] GC(14) Concurrent Cleanup for Next Mark
[2021-12-26T04:48:57.922+0000][2947][gc,marking  ] GC(14) Concurrent Cleanup for Next Mark 1.045ms
[2021-12-26T04:48:57.922+0000][2947][gc          ] GC(14) Concurrent Mark Cycle 95.439ms
[2021-12-26T04:48:59.394+0000][2947][safepoint   ] Safepoint "Cleanup", Time since last: 1473364763 ns, Reaching safepoint: 156888 ns, At safepoint: 3713 ns, Total: 160601 ns
[2021-12-26T04:49:00.420+0000][2947][safepoint   ] Safepoint "Cleanup", Time since last: 1025636576 ns, Reaching safepoint: 205875 ns, At safepoint: 5792 ns, Total: 211667 ns
[2021-12-26T04:49:00.572+0000][2947][gc,start    ] GC(15) Pause Young (Prepare Mixed) (G1 Evacuation Pause)
[2021-12-26T04:49:00.572+0000][2947][gc,task     ] GC(15) Using 2 workers of 2 for evacuation
[2021-12-26T04:49:00.572+0000][2947][gc,age      ] GC(15) Desired survivor size 20971520 bytes, new threshold 2 (max threshold 15)
[2021-12-26T04:49:00.687+0000][2947][gc,age      ] GC(15) Age table with threshold 2 (max threshold 15)
[2021-12-26T04:49:00.687+0000][2947][gc,age      ] GC(15) - age   1:    6105744 bytes,    6105744 total
[2021-12-26T04:49:00.687+0000][2947][gc,age      ] GC(15) - age   2:    9753528 bytes,   15859272 total
[2021-12-26T04:49:00.687+0000][2947][gc,phases   ] GC(15)   Pre Evacuate Collection Set: 0.1ms
[2021-12-26T04:49:00.687+0000][2947][gc,phases   ] GC(15)   Merge Heap Roots: 0.1ms
[2021-12-26T04:49:00.687+0000][2947][gc,phases   ] GC(15)   Evacuate Collection Set: 106.2ms
[2021-12-26T04:49:00.687+0000][2947][gc,phases   ] GC(15)   Post Evacuate Collection Set: 8.4ms
[2021-12-26T04:49:00.687+0000][2947][gc,phases   ] GC(15)   Other: 0.2ms
[2021-12-26T04:49:00.687+0000][2947][gc,heap     ] GC(15) Eden regions: 68->0(1)
[2021-12-26T04:49:00.687+0000][2947][gc,heap     ] GC(15) Survivor regions: 8->5(10)
[2021-12-26T04:49:00.687+0000][2947][gc,heap     ] GC(15) Old regions: 5->9
[2021-12-26T04:49:00.687+0000][2947][gc,heap     ] GC(15) Archive regions: 2->2
[2021-12-26T04:49:00.687+0000][2947][gc,heap     ] GC(15) Humongous regions: 0->0
[2021-12-26T04:49:00.687+0000][2947][gc,metaspace] GC(15) Metaspace: 52260K(53440K)->52260K(53440K) NonClass: 45161K(45888K)->45161K(45888K) Class: 7098K(7552K)->7098K(7552K)
[2021-12-26T04:49:00.687+0000][2947][gc          ] GC(15) Pause Young (Prepare Mixed) (G1 Evacuation Pause) 322M->57M(512M) 115.181ms
[2021-12-26T04:49:00.687+0000][2947][gc,cpu      ] GC(15) User=0.23s Sys=0.00s Real=0.12s
[2021-12-26T04:49:00.687+0000][2947][safepoint   ] Safepoint "G1CollectForAllocation", Time since last: 151541518 ns, Reaching safepoint: 31722 ns, At safepoint: 115271597 ns, Total: 115303319 ns
[2021-12-26T04:49:00.723+0000][2947][gc,start    ] GC(16) Pause Young (Mixed) (G1 Evacuation Pause)
[2021-12-26T04:49:00.723+0000][2947][gc,task     ] GC(16) Using 2 workers of 2 for evacuation
[2021-12-26T04:49:00.723+0000][2947][gc,age      ] GC(16) Desired survivor size 2097152 bytes, new threshold 1 (max threshold 15)
[2021-12-26T04:49:00.766+0000][2947][gc,age      ] GC(16) Age table with threshold 1 (max threshold 15)
[2021-12-26T04:49:00.766+0000][2947][gc,age      ] GC(16) - age   1:       2160 bytes,       2160 total
[2021-12-26T04:49:00.766+0000][2947][gc,phases   ] GC(16)   Pre Evacuate Collection Set: 0.0ms
[2021-12-26T04:49:00.766+0000][2947][gc,phases   ] GC(16)   Merge Heap Roots: 0.2ms
[2021-12-26T04:49:00.766+0000][2947][gc,phases   ] GC(16)   Evacuate Collection Set: 41.5ms
[2021-12-26T04:49:00.766+0000][2947][gc,phases   ] GC(16)   Post Evacuate Collection Set: 0.9ms
[2021-12-26T04:49:00.766+0000][2947][gc,phases   ] GC(16)   Other: 0.2ms
[2021-12-26T04:49:00.766+0000][2947][gc,heap     ] GC(16) Eden regions: 1->0(75)
[2021-12-26T04:49:00.766+0000][2947][gc,heap     ] GC(16) Survivor regions: 5->1(1)
[2021-12-26T04:49:00.766+0000][2947][gc,heap     ] GC(16) Old regions: 9->13
[2021-12-26T04:49:00.766+0000][2947][gc,heap     ] GC(16) Archive regions: 2->2
[2021-12-26T04:49:00.766+0000][2947][gc,heap     ] GC(16) Humongous regions: 0->0
[2021-12-26T04:49:00.766+0000][2947][gc,metaspace] GC(16) Metaspace: 52260K(53440K)->52260K(53440K) NonClass: 45161K(45888K)->45161K(45888K) Class: 7098K(7552K)->7098K(7552K)
[2021-12-26T04:49:00.766+0000][2947][gc          ] GC(16) Pause Young (Mixed) (G1 Evacuation Pause) 61M->58M(512M) 42.884ms
[2021-12-26T04:49:00.766+0000][2947][gc,cpu      ] GC(16) User=0.09s Sys=0.00s Real=0.05s
[2021-12-26T04:49:00.766+0000][2947][safepoint   ] Safepoint "G1CollectForAllocation", Time since last: 35858485 ns, Reaching safepoint: 57765 ns, At safepoint: 42967047 ns, Total: 43024812 ns
[2021-12-26T04:49:02.494+0000][2947][safepoint   ] Safepoint "ICBufferFull", Time since last: 1726807623 ns, Reaching safepoint: 1089480 ns, At safepoint: 7961 ns, Total: 1097441 ns
[2021-12-26T04:49:03.115+0000][2947][gc,start    ] GC(17) Pause Young (Concurrent Start) (Metadata GC Threshold)
[2021-12-26T04:49:03.115+0000][2947][gc,task     ] GC(17) Using 2 workers of 2 for evacuation
[2021-12-26T04:49:03.115+0000][2947][gc,age      ] GC(17) Desired survivor size 20971520 bytes, new threshold 15 (max threshold 15)
[2021-12-26T04:49:03.128+0000][2947][gc,age      ] GC(17) Age table with threshold 15 (max threshold 15)
[2021-12-26T04:49:03.128+0000][2947][gc,age      ] GC(17) - age   1:    5505440 bytes,    5505440 total
[2021-12-26T04:49:03.128+0000][2947][gc,age      ] GC(17) - age   2:        104 bytes,    5505544 total
[2021-12-26T04:49:03.128+0000][2947][gc,phases   ] GC(17)   Pre Evacuate Collection Set: 0.1ms
[2021-12-26T04:49:03.128+0000][2947][gc,phases   ] GC(17)   Merge Heap Roots: 0.1ms
[2021-12-26T04:49:03.128+0000][2947][gc,phases   ] GC(17)   Evacuate Collection Set: 11.4ms
[2021-12-26T04:49:03.128+0000][2947][gc,phases   ] GC(17)   Post Evacuate Collection Set: 0.8ms
[2021-12-26T04:49:03.128+0000][2947][gc,phases   ] GC(17)   Other: 0.2ms
[2021-12-26T04:49:03.128+0000][2947][gc,heap     ] GC(17) Eden regions: 48->0(74)
[2021-12-26T04:49:03.128+0000][2947][gc,heap     ] GC(17) Survivor regions: 1->2(10)
[2021-12-26T04:49:03.128+0000][2947][gc,heap     ] GC(17) Old regions: 13->13
[2021-12-26T04:49:03.128+0000][2947][gc,heap     ] GC(17) Archive regions: 2->2
[2021-12-26T04:49:03.128+0000][2947][gc,heap     ] GC(17) Humongous regions: 0->0
[2021-12-26T04:49:03.128+0000][2947][gc,metaspace] GC(17) Metaspace: 60177K(61440K)->60177K(61440K) NonClass: 51988K(52736K)->51988K(52736K) Class: 8189K(8704K)->8189K(8704K)
[2021-12-26T04:49:03.128+0000][2947][gc          ] GC(17) Pause Young (Concurrent Start) (Metadata GC Threshold) 248M->60M(512M) 12.711ms
[2021-12-26T04:49:03.128+0000][2947][gc,cpu      ] GC(17) User=0.02s Sys=0.00s Real=0.01s
[2021-12-26T04:49:03.128+0000][2947][gc          ] GC(18) Concurrent Mark Cycle
[2021-12-26T04:49:03.128+0000][2947][gc,marking  ] GC(18) Concurrent Clear Claimed Marks
[2021-12-26T04:49:03.128+0000][2947][safepoint   ] Safepoint "CollectForMetadataAllocation", Time since last: 620947977 ns, Reaching safepoint: 180027 ns, At safepoint: 12871539 ns, Total: 13051566 ns
[2021-12-26T04:49:03.128+0000][2947][gc,marking  ] GC(18) Concurrent Clear Claimed Marks 0.067ms
[2021-12-26T04:49:03.128+0000][2947][gc,marking  ] GC(18) Concurrent Scan Root Regions
[2021-12-26T04:49:03.146+0000][2947][gc,marking  ] GC(18) Concurrent Scan Root Regions 18.028ms
[2021-12-26T04:49:03.146+0000][2947][gc,marking  ] GC(18) Concurrent Mark
[2021-12-26T04:49:03.146+0000][2947][gc,marking  ] GC(18) Concurrent Mark From Roots
[2021-12-26T04:49:03.146+0000][2947][gc,task     ] GC(18) Using 1 workers of 1 for marking
[2021-12-26T04:49:03.185+0000][2947][safepoint   ] Safepoint "CollectForMetadataAllocation", Time since last: 56136689 ns, Reaching safepoint: 1039015 ns, At safepoint: 78866 ns, Total: 1117881 ns
[2021-12-26T04:49:03.282+0000][2947][safepoint   ] Safepoint "CollectForMetadataAllocation", Time since last: 96375404 ns, Reaching safepoint: 80392 ns, At safepoint: 68571 ns, Total: 148963 ns
[2021-12-26T04:49:03.349+0000][2947][gc,marking  ] GC(18) Concurrent Mark From Roots 202.876ms
[2021-12-26T04:49:03.349+0000][2947][gc,marking  ] GC(18) Concurrent Preclean
[2021-12-26T04:49:03.349+0000][2947][gc,marking  ] GC(18) Concurrent Preclean 0.191ms
[2021-12-26T04:49:03.349+0000][2947][gc,start    ] GC(18) Pause Remark
[2021-12-26T04:49:03.365+0000][2947][gc          ] GC(18) Pause Remark 66M->66M(512M) 15.538ms
[2021-12-26T04:49:03.365+0000][2947][gc,cpu      ] GC(18) User=0.03s Sys=0.00s Real=0.02s
[2021-12-26T04:49:03.365+0000][2947][safepoint   ] Safepoint "G1Concurrent", Time since last: 67517628 ns, Reaching safepoint: 40703 ns, At safepoint: 15637378 ns, Total: 15678081 ns
[2021-12-26T04:49:03.366+0000][2947][gc,marking  ] GC(18) Concurrent Mark 220.008ms
[2021-12-26T04:49:03.366+0000][2947][gc,marking  ] GC(18) Concurrent Rebuild Remembered Sets
[2021-12-26T04:49:03.526+0000][2947][gc,marking  ] GC(18) Concurrent Rebuild Remembered Sets 159.964ms
[2021-12-26T04:49:03.537+0000][2947][gc,start    ] GC(18) Pause Cleanup
[2021-12-26T04:49:03.537+0000][2947][gc          ] GC(18) Pause Cleanup 74M->74M(512M) 0.094ms
[2021-12-26T04:49:03.537+0000][2947][gc,cpu      ] GC(18) User=0.00s Sys=0.00s Real=0.00s
[2021-12-26T04:49:03.537+0000][2947][safepoint   ] Safepoint "G1Concurrent", Time since last: 171155475 ns, Reaching safepoint: 502449 ns, At safepoint: 142398 ns, Total: 644847 ns
[2021-12-26T04:49:03.537+0000][2947][gc,marking  ] GC(18) Concurrent Cleanup for Next Mark
[2021-12-26T04:49:03.548+0000][2947][gc,marking  ] GC(18) Concurrent Cleanup for Next Mark 10.996ms
[2021-12-26T04:49:03.548+0000][2947][gc          ] GC(18) Concurrent Mark Cycle 420.243ms
[2021-12-26T04:49:04.903+0000][2947][safepoint   ] Safepoint "Cleanup", Time since last: 1364587899 ns, Reaching safepoint: 2197821 ns, At safepoint: 8180 ns, Total: 2206001 ns
[2021-12-26T04:49:05.636+0000][2947][safepoint   ] Safepoint "ICBufferFull", Time since last: 731967969 ns, Reaching safepoint: 184134 ns, At safepoint: 3769 ns, Total: 187903 ns
[2021-12-26T04:49:06.462+0000][2947][safepoint   ] Safepoint "ICBufferFull", Time since last: 826434441 ns, Reaching safepoint: 359597 ns, At safepoint: 5068 ns, Total: 364665 ns
[2021-12-26T04:49:07.132+0000][2947][safepoint   ] Safepoint "ICBufferFull", Time since last: 659422306 ns, Reaching safepoint: 10385384 ns, At safepoint: 14659 ns, Total: 10400043 ns
[2021-12-26T04:49:07.141+0000][2947][safepoint   ] Safepoint "ICBufferFull", Time since last: 8548690 ns, Reaching safepoint: 128296 ns, At safepoint: 5060 ns, Total: 133356 ns
[2021-12-26T04:49:08.067+0000][2947][safepoint   ] Safepoint "ICBufferFull", Time since last: 925322065 ns, Reaching safepoint: 979299 ns, At safepoint: 12054 ns, Total: 991353 ns
[2021-12-26T04:49:08.086+0000][2947][gc,start    ] GC(19) Pause Young (Concurrent Start) (G1 Evacuation Pause)
[2021-12-26T04:49:08.086+0000][2947][gc,task     ] GC(19) Using 2 workers of 2 for evacuation
[2021-12-26T04:49:08.086+0000][2947][gc,age      ] GC(19) Desired survivor size 20971520 bytes, new threshold 15 (max threshold 15)
[2021-12-26T04:49:08.129+0000][2947][gc,age      ] GC(19) Age table with threshold 15 (max threshold 15)
[2021-12-26T04:49:08.129+0000][2947][gc,age      ] GC(19) - age   1:   15473552 bytes,   15473552 total
[2021-12-26T04:49:08.129+0000][2947][gc,age      ] GC(19) - age   2:    5346344 bytes,   20819896 total
[2021-12-26T04:49:08.129+0000][2947][gc,age      ] GC(19) - age   3:        104 bytes,   20820000 total
[2021-12-26T04:49:08.129+0000][2947][gc,phases   ] GC(19)   Pre Evacuate Collection Set: 0.2ms
[2021-12-26T04:49:08.129+0000][2947][gc,phases   ] GC(19)   Merge Heap Roots: 0.3ms
[2021-12-26T04:49:08.129+0000][2947][gc,phases   ] GC(19)   Evacuate Collection Set: 39.6ms
[2021-12-26T04:49:08.129+0000][2947][gc,phases   ] GC(19)   Post Evacuate Collection Set: 2.4ms
[2021-12-26T04:49:08.129+0000][2947][gc,phases   ] GC(19)   Other: 0.2ms
[2021-12-26T04:49:08.129+0000][2947][gc,heap     ] GC(19) Eden regions: 74->0(71)
[2021-12-26T04:49:08.129+0000][2947][gc,heap     ] GC(19) Survivor regions: 2->5(10)
[2021-12-26T04:49:08.129+0000][2947][gc,heap     ] GC(19) Old regions: 13->13
[2021-12-26T04:49:08.129+0000][2947][gc,heap     ] GC(19) Archive regions: 2->2
[2021-12-26T04:49:08.129+0000][2947][gc,heap     ] GC(19) Humongous regions: 2->2
[2021-12-26T04:49:08.129+0000][2947][gc,metaspace] GC(19) Metaspace: 97200K(98624K)->97200K(98624K) NonClass: 83496K(84352K)->83496K(84352K) Class: 13704K(14272K)->13704K(14272K)
[2021-12-26T04:49:08.129+0000][2947][gc          ] GC(19) Pause Young (Concurrent Start) (G1 Evacuation Pause) 364M->82M(512M) 42.838ms
[2021-12-26T04:49:08.129+0000][2947][gc,cpu      ] GC(19) User=0.07s Sys=0.00s Real=0.04s
[2021-12-26T04:49:08.129+0000][2947][gc          ] GC(20) Concurrent Mark Cycle
[2021-12-26T04:49:08.129+0000][2947][gc,marking  ] GC(20) Concurrent Clear Claimed Marks
[2021-12-26T04:49:08.129+0000][2947][gc,marking  ] GC(20) Concurrent Clear Claimed Marks 0.088ms
[2021-12-26T04:49:08.129+0000][2947][gc,marking  ] GC(20) Concurrent Scan Root Regions
[2021-12-26T04:49:08.129+0000][2947][safepoint   ] Safepoint "G1CollectForAllocation", Time since last: 18605604 ns, Reaching safepoint: 417430 ns, At safepoint: 42938736 ns, Total: 43356166 ns
[2021-12-26T04:49:08.175+0000][2947][gc,marking  ] GC(20) Concurrent Scan Root Regions 45.883ms
[2021-12-26T04:49:08.175+0000][2947][gc,marking  ] GC(20) Concurrent Mark
[2021-12-26T04:49:08.175+0000][2947][gc,marking  ] GC(20) Concurrent Mark From Roots
[2021-12-26T04:49:08.175+0000][2947][gc,task     ] GC(20) Using 1 workers of 1 for marking
[2021-12-26T04:49:08.324+0000][2947][gc,marking  ] GC(20) Concurrent Mark From Roots 149.185ms
[2021-12-26T04:49:08.324+0000][2947][gc,marking  ] GC(20) Concurrent Preclean
[2021-12-26T04:49:08.325+0000][2947][gc,marking  ] GC(20) Concurrent Preclean 0.163ms
[2021-12-26T04:49:08.325+0000][2947][gc,start    ] GC(20) Pause Remark
[2021-12-26T04:49:08.335+0000][2947][gc          ] GC(20) Pause Remark 98M->98M(512M) 10.529ms
[2021-12-26T04:49:08.335+0000][2947][gc,cpu      ] GC(20) User=0.02s Sys=0.00s Real=0.01s
[2021-12-26T04:49:08.335+0000][2947][safepoint   ] Safepoint "G1Concurrent", Time since last: 195495312 ns, Reaching safepoint: 68578 ns, At safepoint: 10611318 ns, Total: 10679896 ns
[2021-12-26T04:49:08.336+0000][2947][gc,marking  ] GC(20) Concurrent Mark 160.262ms
[2021-12-26T04:49:08.336+0000][2947][gc,marking  ] GC(20) Concurrent Rebuild Remembered Sets
[2021-12-26T04:49:08.412+0000][2947][gc,marking  ] GC(20) Concurrent Rebuild Remembered Sets 76.594ms
[2021-12-26T04:49:08.412+0000][2947][gc,start    ] GC(20) Pause Cleanup
[2021-12-26T04:49:08.412+0000][2947][gc          ] GC(20) Pause Cleanup 104M->104M(512M) 0.078ms
[2021-12-26T04:49:08.412+0000][2947][gc,cpu      ] GC(20) User=0.00s Sys=0.00s Real=0.00s
[2021-12-26T04:49:08.412+0000][2947][safepoint   ] Safepoint "G1Concurrent", Time since last: 76799156 ns, Reaching safepoint: 158814 ns, At safepoint: 145428 ns, Total: 304242 ns
[2021-12-26T04:49:08.419+0000][2947][gc,marking  ] GC(20) Concurrent Cleanup for Next Mark
[2021-12-26T04:49:08.420+0000][2947][gc,marking  ] GC(20) Concurrent Cleanup for Next Mark 1.039ms
[2021-12-26T04:49:08.420+0000][2947][gc          ] GC(20) Concurrent Mark Cycle 291.044ms
[2021-12-26T04:49:09.464+0000][2947][safepoint   ] Safepoint "Cleanup", Time since last: 1048841677 ns, Reaching safepoint: 2865934 ns, At safepoint: 14279 ns, Total: 2880213 ns
[2021-12-26T04:49:11.154+0000][2947][safepoint   ] Safepoint "Cleanup", Time since last: 1689937926 ns, Reaching safepoint: 200576 ns, At safepoint: 11761 ns, Total: 212337 ns
[2021-12-26T04:49:12.155+0000][2947][safepoint   ] Safepoint "Cleanup", Time since last: 1000157419 ns, Reaching safepoint: 71792 ns, At safepoint: 4878 ns, Total: 76670 ns
[2021-12-26T04:49:14.155+0000][2947][safepoint   ] Safepoint "Cleanup", Time since last: 2000255544 ns, Reaching safepoint: 92807 ns, At safepoint: 7631 ns, Total: 100438 ns
[2021-12-26T04:49:15.155+0000][2947][safepoint   ] Safepoint "Cleanup", Time since last: 1000153495 ns, Reaching safepoint: 85037 ns, At safepoint: 7501 ns, Total: 92538 ns
[2021-12-26T04:49:17.156+0000][2947][safepoint   ] Safepoint "Cleanup", Time since last: 2000282113 ns, Reaching safepoint: 74520 ns, At safepoint: 5046 ns, Total: 79566 ns
[2021-12-26T04:49:19.156+0000][2947][safepoint   ] Safepoint "Cleanup", Time since last: 2000305710 ns, Reaching safepoint: 70617 ns, At safepoint: 5142 ns, Total: 75759 ns
[2021-12-26T04:49:20.156+0000][2947][safepoint   ] Safepoint "Cleanup", Time since last: 1000180142 ns, Reaching safepoint: 104490 ns, At safepoint: 6142 ns, Total: 110632 ns
[2021-12-26T04:49:25.157+0000][2947][safepoint   ] Safepoint "Cleanup", Time since last: 5000581632 ns, Reaching safepoint: 76911 ns, At safepoint: 5420 ns, Total: 82331 ns
[2021-12-26T04:49:26.157+0000][2947][safepoint   ] Safepoint "Cleanup", Time since last: 1000160404 ns, Reaching safepoint: 70847 ns, At safepoint: 5718 ns, Total: 76565 ns
[2021-12-26T04:49:27.157+0000][2947][safepoint   ] Safepoint "Cleanup", Time since last: 1000166485 ns, Reaching safepoint: 66685 ns, At safepoint: 5523 ns, Total: 72208 ns
[2021-12-26T04:49:30.158+0000][2947][safepoint   ] Safepoint "Cleanup", Time since last: 3000387951 ns, Reaching safepoint: 98355 ns, At safepoint: 7603 ns, Total: 105958 ns
[2021-12-26T04:49:33.158+0000][2947][safepoint   ] Safepoint "Cleanup", Time since last: 3000411351 ns, Reaching safepoint: 71328 ns, At safepoint: 5291 ns, Total: 76619 ns
[2021-12-26T04:49:34.159+0000][2947][safepoint   ] Safepoint "Cleanup", Time since last: 1000177084 ns, Reaching safepoint: 70410 ns, At safepoint: 5068 ns, Total: 75478 ns
[2021-12-26T04:49:35.159+0000][2947][safepoint   ] Safepoint "Cleanup", Time since last: 1000170091 ns, Reaching safepoint: 93388 ns, At safepoint: 7223 ns, Total: 100611 ns
[2021-12-26T04:49:36.159+0000][2947][safepoint   ] Safepoint "Cleanup", Time since last: 1000192261 ns, Reaching safepoint: 71101 ns, At safepoint: 5477 ns, Total: 76578 ns
[2021-12-26T04:49:37.159+0000][2947][safepoint   ] Safepoint "Cleanup", Time since last: 1000168992 ns, Reaching safepoint: 71291 ns, At safepoint: 6212 ns, Total: 77503 ns
[2021-12-26T04:49:38.160+0000][2947][safepoint   ] Safepoint "Cleanup", Time since last: 1000142351 ns, Reaching safepoint: 94440 ns, At safepoint: 7436 ns, Total: 101876 ns
[2021-12-26T04:49:39.160+0000][2947][safepoint   ] Safepoint "Cleanup", Time since last: 1000151597 ns, Reaching safepoint: 70108 ns, At safepoint: 5310 ns, Total: 75418 ns
[2021-12-26T04:49:40.160+0000][2947][safepoint   ] Safepoint "Cleanup", Time since last: 1000184384 ns, Reaching safepoint: 65513 ns, At safepoint: 6158 ns, Total: 71671 ns
[2021-12-26T04:49:41.160+0000][2947][safepoint   ] Safepoint "Cleanup", Time since last: 1000194423 ns, Reaching safepoint: 123305 ns, At safepoint: 6710 ns, Total: 130015 ns
[2021-12-26T04:49:43.161+0000][2947][safepoint   ] Safepoint "Cleanup", Time since last: 2000277187 ns, Reaching safepoint: 75105 ns, At safepoint: 5297 ns, Total: 80402 ns
[2021-12-26T04:49:44.161+0000][2947][safepoint   ] Safepoint "Cleanup", Time since last: 1000178295 ns, Reaching safepoint: 116523 ns, At safepoint: 7329 ns, Total: 123852 ns
[2021-12-26T04:49:45.161+0000][2947][safepoint   ] Safepoint "Cleanup", Time since last: 1000156581 ns, Reaching safepoint: 65967 ns, At safepoint: 5327 ns, Total: 71294 ns
[2021-12-26T04:49:52.162+0000][2947][safepoint   ] Safepoint "Cleanup", Time since last: 7000816647 ns, Reaching safepoint: 91593 ns, At safepoint: 5496 ns, Total: 97089 ns
[2021-12-26T04:49:54.163+0000][2947][safepoint   ] Safepoint "Cleanup", Time since last: 2000263546 ns, Reaching safepoint: 70053 ns, At safepoint: 5928 ns, Total: 75981 ns
[2021-12-26T04:49:56.163+0000][2947][safepoint   ] Safepoint "Cleanup", Time since last: 2000299388 ns, Reaching safepoint: 71237 ns, At safepoint: 5149 ns, Total: 76386 ns
[2021-12-26T04:49:59.163+0000][2947][safepoint   ] Safepoint "Cleanup", Time since last: 3000391222 ns, Reaching safepoint: 69888 ns, At safepoint: 4950 ns, Total: 74838 ns
[2021-12-26T04:50:01.164+0000][2947][safepoint   ] Safepoint "Cleanup", Time since last: 2000268122 ns, Reaching safepoint: 71661 ns, At safepoint: 4779 ns, Total: 76440 ns
[2021-12-26T04:50:02.164+0000][2947][safepoint   ] Safepoint "Cleanup", Time since last: 1000179475 ns, Reaching safepoint: 75327 ns, At safepoint: 5837 ns, Total: 81164 ns
[2021-12-26T04:50:04.164+0000][2947][safepoint   ] Safepoint "Cleanup", Time since last: 2000300806 ns, Reaching safepoint: 78995 ns, At safepoint: 5401 ns, Total: 84396 ns
[2021-12-26T04:50:07.165+0000][2947][safepoint   ] Safepoint "Cleanup", Time since last: 3000363417 ns, Reaching safepoint: 88261 ns, At safepoint: 7203 ns, Total: 95464 ns
[2021-12-26T04:50:10.165+0000][2947][safepoint   ] Safepoint "Cleanup", Time since last: 3000388769 ns, Reaching safepoint: 67999 ns, At safepoint: 4831 ns, Total: 72830 ns
[2021-12-26T04:50:12.166+0000][2947][safepoint   ] Safepoint "Cleanup", Time since last: 2000270493 ns, Reaching safepoint: 61660 ns, At safepoint: 5431 ns, Total: 67091 ns
[2021-12-26T04:50:14.166+0000][2947][safepoint   ] Safepoint "Cleanup", Time since last: 2000285209 ns, Reaching safepoint: 78560 ns, At safepoint: 5191 ns, Total: 83751 ns
[2021-12-26T04:50:15.166+0000][2947][safepoint   ] Safepoint "Cleanup", Time since last: 1000155355 ns, Reaching safepoint: 89626 ns, At safepoint: 8905 ns, Total: 98531 ns
[2021-12-26T04:50:17.167+0000][2947][safepoint   ] Safepoint "Cleanup", Time since last: 2000251550 ns, Reaching safepoint: 69722 ns, At safepoint: 4808 ns, Total: 74530 ns
[2021-12-26T04:50:19.167+0000][2947][safepoint   ] Safepoint "Cleanup", Time since last: 2000255968 ns, Reaching safepoint: 68007 ns, At safepoint: 5535 ns, Total: 73542 ns
[2021-12-26T04:50:26.168+0000][2947][safepoint   ] Safepoint "Cleanup", Time since last: 7000798209 ns, Reaching safepoint: 69509 ns, At safepoint: 21797 ns, Total: 91306 ns
[2021-12-26T04:50:27.168+0000][2947][safepoint   ] Safepoint "Cleanup", Time since last: 1000214211 ns, Reaching safepoint: 63194 ns, At safepoint: 5595 ns, Total: 68789 ns
[2021-12-26T04:50:30.169+0000][2947][safepoint   ] Safepoint "Cleanup", Time since last: 3000366698 ns, Reaching safepoint: 65996 ns, At safepoint: 5188 ns, Total: 71184 ns
[2021-12-26T04:50:31.756+0000][2947][safepoint   ] Safepoint "Cleanup", Time since last: 1586797946 ns, Reaching safepoint: 186792 ns, At safepoint: 11906 ns, Total: 198698 ns
[2021-12-26T04:50:38.756+0000][2947][safepoint   ] Safepoint "Cleanup", Time since last: 7000758859 ns, Reaching safepoint: 96091 ns, At safepoint: 5477 ns, Total: 101568 ns
[2021-12-26T04:50:43.757+0000][2947][safepoint   ] Safepoint "Cleanup", Time since last: 5000559223 ns, Reaching safepoint: 90596 ns, At safepoint: 7971 ns, Total: 98567 ns
[2021-12-26T04:50:44.009+0000][2947][gc,start    ] GC(21) Pause Young (Normal) (G1 Evacuation Pause)
[2021-12-26T04:50:44.009+0000][2947][gc,task     ] GC(21) Using 2 workers of 2 for evacuation
[2021-12-26T04:50:44.009+0000][2947][gc,age      ] GC(21) Desired survivor size 20971520 bytes, new threshold 15 (max threshold 15)
[2021-12-26T04:50:44.050+0000][2947][gc,age      ] GC(21) Age table with threshold 15 (max threshold 15)
[2021-12-26T04:50:44.050+0000][2947][gc,age      ] GC(21) - age   1:    3070176 bytes,    3070176 total
[2021-12-26T04:50:44.050+0000][2947][gc,age      ] GC(21) - age   2:   14914104 bytes,   17984280 total
[2021-12-26T04:50:44.050+0000][2947][gc,age      ] GC(21) - age   3:    5340848 bytes,   23325128 total
[2021-12-26T04:50:44.050+0000][2947][gc,age      ] GC(21) - age   4:        104 bytes,   23325232 total
[2021-12-26T04:50:44.050+0000][2947][gc,phases   ] GC(21)   Pre Evacuate Collection Set: 0.1ms
[2021-12-26T04:50:44.050+0000][2947][gc,phases   ] GC(21)   Merge Heap Roots: 0.1ms
[2021-12-26T04:50:44.050+0000][2947][gc,phases   ] GC(21)   Evacuate Collection Set: 38.0ms
[2021-12-26T04:50:44.050+0000][2947][gc,phases   ] GC(21)   Post Evacuate Collection Set: 2.7ms
[2021-12-26T04:50:44.050+0000][2947][gc,phases   ] GC(21)   Other: 0.3ms
[2021-12-26T04:50:44.050+0000][2947][gc,heap     ] GC(21) Eden regions: 71->0(70)
[2021-12-26T04:50:44.050+0000][2947][gc,heap     ] GC(21) Survivor regions: 5->6(10)
[2021-12-26T04:50:44.050+0000][2947][gc,heap     ] GC(21) Old regions: 13->13
[2021-12-26T04:50:44.050+0000][2947][gc,heap     ] GC(21) Archive regions: 2->2
[2021-12-26T04:50:44.050+0000][2947][gc,heap     ] GC(21) Humongous regions: 2->2
[2021-12-26T04:50:44.050+0000][2947][gc,metaspace] GC(21) Metaspace: 103038K(104512K)->103038K(104512K) NonClass: 88500K(89344K)->88500K(89344K) Class: 14538K(15168K)->14538K(15168K)
[2021-12-26T04:50:44.050+0000][2947][gc          ] GC(21) Pause Young (Normal) (G1 Evacuation Pause) 366M->86M(512M) 41.341ms
[2021-12-26T04:50:44.050+0000][2947][gc,cpu      ] GC(21) User=0.07s Sys=0.00s Real=0.04s
[2021-12-26T04:50:44.050+0000][2947][safepoint   ] Safepoint "G1CollectForAllocation", Time since last: 251688185 ns, Reaching safepoint: 43272 ns, At safepoint: 41448744 ns, Total: 41492016 ns
[2021-12-26T04:50:47.051+0000][2947][safepoint   ] Safepoint "Cleanup", Time since last: 3000402494 ns, Reaching safepoint: 75779 ns, At safepoint: 5893 ns, Total: 81672 ns
[2021-12-26T04:50:52.051+0000][2947][safepoint   ] Safepoint "Cleanup", Time since last: 5000624483 ns, Reaching safepoint: 69786 ns, At safepoint: 5462 ns, Total: 75248 ns
[2021-12-26T04:50:54.052+0000][2947][safepoint   ] Safepoint "Cleanup", Time since last: 2000301289 ns, Reaching safepoint: 73501 ns, At safepoint: 26151 ns, Total: 99652 ns
[2021-12-26T04:50:55.462+0000][2947][safepoint   ] Safepoint "Cleanup", Time since last: 1409889004 ns, Reaching safepoint: 122363 ns, At safepoint: 9215 ns, Total: 131578 ns
[2021-12-26T04:50:56.462+0000][2947][safepoint   ] Safepoint "Cleanup", Time since last: 1000188189 ns, Reaching safepoint: 75020 ns, At safepoint: 5522 ns, Total: 80542 ns
[2021-12-26T04:50:57.462+0000][2947][safepoint   ] Safepoint "Cleanup", Time since last: 1000198400 ns, Reaching safepoint: 83690 ns, At safepoint: 5272 ns, Total: 88962 ns
[2021-12-26T04:50:58.463+0000][2947][safepoint   ] Safepoint "Cleanup", Time since last: 1000142285 ns, Reaching safepoint: 79167 ns, At safepoint: 7273 ns, Total: 86440 ns
[2021-12-26T04:50:59.463+0000][2947][safepoint   ] Safepoint "Cleanup", Time since last: 1000147212 ns, Reaching safepoint: 76381 ns, At safepoint: 7656 ns, Total: 84037 ns
[2021-12-26T04:51:00.463+0000][2947][safepoint   ] Safepoint "Cleanup", Time since last: 1000152951 ns, Reaching safepoint: 66496 ns, At safepoint: 4970 ns, Total: 71466 ns
[2021-12-26T04:51:01.463+0000][2947][safepoint   ] Safepoint "Cleanup", Time since last: 1000147503 ns, Reaching safepoint: 84122 ns, At safepoint: 6096 ns, Total: 90218 ns
[2021-12-26T04:51:03.464+0000][2947][safepoint   ] Safepoint "Cleanup", Time since last: 2000302007 ns, Reaching safepoint: 64919 ns, At safepoint: 5317 ns, Total: 70236 ns
[2021-12-26T04:51:04.464+0000][2947][safepoint   ] Safepoint "Cleanup", Time since last: 1000164799 ns, Reaching safepoint: 93969 ns, At safepoint: 7427 ns, Total: 101396 ns
[2021-12-26T04:51:05.464+0000][2947][safepoint   ] Safepoint "Cleanup", Time since last: 1000169104 ns, Reaching safepoint: 96527 ns, At safepoint: 5797 ns, Total: 102324 ns
[2021-12-26T04:51:06.465+0000][2947][safepoint   ] Safepoint "Cleanup", Time since last: 1000175251 ns, Reaching safepoint: 82961 ns, At safepoint: 7298 ns, Total: 90259 ns
[2021-12-26T04:51:07.465+0000][2947][safepoint   ] Safepoint "Cleanup", Time since last: 1000163126 ns, Reaching safepoint: 69964 ns, At safepoint: 7523 ns, Total: 77487 ns
[2021-12-26T04:51:08.465+0000][2947][safepoint   ] Safepoint "Cleanup", Time since last: 1000184109 ns, Reaching safepoint: 86451 ns, At safepoint: 5162 ns, Total: 91613 ns
[2021-12-26T04:51:09.465+0000][2947][safepoint   ] Safepoint "Cleanup", Time since last: 1000175160 ns, Reaching safepoint: 77247 ns, At safepoint: 7540 ns, Total: 84787 ns
[2021-12-26T04:51:12.466+0000][2947][safepoint   ] Safepoint "Cleanup", Time since last: 3000415280 ns, Reaching safepoint: 100592 ns, At safepoint: 7427 ns, Total: 108019 ns
[2021-12-26T04:51:13.466+0000][2947][safepoint   ] Safepoint "Cleanup", Time since last: 1000164205 ns, Reaching safepoint: 70458 ns, At safepoint: 6357 ns, Total: 76815 ns
[2021-12-26T04:51:14.466+0000][2947][safepoint   ] Safepoint "Cleanup", Time since last: 1000164001 ns, Reaching safepoint: 79871 ns, At safepoint: 5625 ns, Total: 85496 ns
[2021-12-26T04:51:15.467+0000][2947][safepoint   ] Safepoint "Cleanup", Time since last: 1000176454 ns, Reaching safepoint: 62034 ns, At safepoint: 5195 ns, Total: 67229 ns
[2021-12-26T04:51:16.467+0000][2947][safepoint   ] Safepoint "Cleanup", Time since last: 1000164681 ns, Reaching safepoint: 62088 ns, At safepoint: 5370 ns, Total: 67458 ns
[2021-12-26T04:51:17.467+0000][2947][safepoint   ] Safepoint "Cleanup", Time since last: 1000181829 ns, Reaching safepoint: 111610 ns, At safepoint: 7297 ns, Total: 118907 ns
[2021-12-26T04:51:20.820+0000][2947][gc,heap,exit] Heap
[2021-12-26T04:51:20.820+0000][2947][gc,heap,exit]  garbage-first heap   total 524288K, used 167240K [0x00000000e0000000, 0x0000000100000000)
[2021-12-26T04:51:20.820+0000][2947][gc,heap,exit]   region size 4096K, 26 young (106496K), 6 survivors (24576K)
[2021-12-26T04:51:20.820+0000][2947][gc,heap,exit]  Metaspace       used 104356K, committed 105856K, reserved 1146880K
[2021-12-26T04:51:20.820+0000][2947][gc,heap,exit]   class space    used 14689K, committed 15296K, reserved 1048576K
