[2021-12-26T05:13:23.347+0000][4369][gc] Using G1
[2021-12-26T05:13:23.436+0000][4369][gc,init] Version: 17.0.1+12 (release)
[2021-12-26T05:13:23.436+0000][4369][gc,init] CPUs: 2 total, 2 available
[2021-12-26T05:13:23.436+0000][4369][gc,init] Memory: 3786M
[2021-12-26T05:13:23.436+0000][4369][gc,init] Large Page Support: Disabled
[2021-12-26T05:13:23.436+0000][4369][gc,init] NUMA Support: Disabled
[2021-12-26T05:13:23.436+0000][4369][gc,init] Compressed Oops: Enabled (32-bit)
[2021-12-26T05:13:23.436+0000][4369][gc,init] Heap Region Size: 4M
[2021-12-26T05:13:23.436+0000][4369][gc,init] Heap Min Capacity: 512M
[2021-12-26T05:13:23.436+0000][4369][gc,init] Heap Initial Capacity: 512M
[2021-12-26T05:13:23.436+0000][4369][gc,init] Heap Max Capacity: 512M
[2021-12-26T05:13:23.436+0000][4369][gc,init] Pre-touch: Enabled
[2021-12-26T05:13:23.436+0000][4369][gc,init] Parallel Workers: 2
[2021-12-26T05:13:23.436+0000][4369][gc,init] Concurrent Workers: 1
[2021-12-26T05:13:23.436+0000][4369][gc,init] Concurrent Refinement Workers: 2
[2021-12-26T05:13:23.436+0000][4369][gc,init] Periodic GC: Disabled
[2021-12-26T05:13:23.436+0000][4369][gc,metaspace] CDS archive(s) mapped at: [0x0000000800000000-0x0000000800bd1000-0x0000000800bd1000), size 12390400, SharedBaseAddress: 0x0000000800000000, ArchiveRelocationMode: 0.
[2021-12-26T05:13:23.436+0000][4369][gc,metaspace] Compressed class space mapped at: 0x0000000800c00000-0x0000000840c00000, reserved size: 1073741824
[2021-12-26T05:13:23.436+0000][4369][gc,metaspace] Narrow klass base: 0x0000000800000000, Narrow klass shift: 0, Narrow klass range: 0x100000000
[2021-12-26T05:13:24.068+0000][4369][safepoint   ] Safepoint "ICBufferFull", Time since last: 623257083 ns, Reaching safepoint: 104843 ns, At safepoint: 4066 ns, Total: 108909 ns
[2021-12-26T05:13:24.325+0000][4369][gc,start    ] GC(0) Pause Young (Normal) (G1 Evacuation Pause)
[2021-12-26T05:13:24.325+0000][4369][gc,task     ] GC(0) Using 2 workers of 2 for evacuation
[2021-12-26T05:13:24.325+0000][4369][gc,age      ] GC(0) Desired survivor size 2097152 bytes, new threshold 15 (max threshold 15)
[2021-12-26T05:13:24.336+0000][4369][gc,age      ] GC(0) Age table with threshold 15 (max threshold 15)
[2021-12-26T05:13:24.336+0000][4369][gc,age      ] GC(0) - age   1:    4059264 bytes,    4059264 total
[2021-12-26T05:13:24.336+0000][4369][gc,phases   ] GC(0)   Pre Evacuate Collection Set: 0.1ms
[2021-12-26T05:13:24.336+0000][4369][gc,phases   ] GC(0)   Merge Heap Roots: 0.0ms
[2021-12-26T05:13:24.336+0000][4369][gc,phases   ] GC(0)   Evacuate Collection Set: 9.6ms
[2021-12-26T05:13:24.336+0000][4369][gc,phases   ] GC(0)   Post Evacuate Collection Set: 0.6ms
[2021-12-26T05:13:24.336+0000][4369][gc,phases   ] GC(0)   Other: 0.2ms
[2021-12-26T05:13:24.336+0000][4369][gc,heap     ] GC(0) Eden regions: 6->0(5)
[2021-12-26T05:13:24.336+0000][4369][gc,heap     ] GC(0) Survivor regions: 0->1(1)
[2021-12-26T05:13:24.336+0000][4369][gc,heap     ] GC(0) Old regions: 0->1
[2021-12-26T05:13:24.336+0000][4369][gc,heap     ] GC(0) Archive regions: 2->2
[2021-12-26T05:13:24.336+0000][4369][gc,heap     ] GC(0) Humongous regions: 0->0
[2021-12-26T05:13:24.336+0000][4369][gc,metaspace] GC(0) Metaspace: 7800K(8000K)->7800K(8000K) NonClass: 6915K(7040K)->6915K(7040K) Class: 885K(960K)->885K(960K)
[2021-12-26T05:13:24.336+0000][4369][gc          ] GC(0) Pause Young (Normal) (G1 Evacuation Pause) 27M->8M(512M) 10.647ms
[2021-12-26T05:13:24.336+0000][4369][gc,cpu      ] GC(0) User=0.03s Sys=0.00s Real=0.01s
[2021-12-26T05:13:24.336+0000][4369][safepoint   ] Safepoint "G1CollectForAllocation", Time since last: 256874576 ns, Reaching safepoint: 50564 ns, At safepoint: 10805971 ns, Total: 10856535 ns
[2021-12-26T05:13:24.811+0000][4369][gc,start    ] GC(1) Pause Young (Normal) (G1 Evacuation Pause)
[2021-12-26T05:13:24.812+0000][4369][gc,task     ] GC(1) Using 2 workers of 2 for evacuation
[2021-12-26T05:13:24.812+0000][4369][gc,age      ] GC(1) Desired survivor size 2097152 bytes, new threshold 1 (max threshold 15)
[2021-12-26T05:13:24.819+0000][4369][gc,age      ] GC(1) Age table with threshold 1 (max threshold 15)
[2021-12-26T05:13:24.820+0000][4369][gc,age      ] GC(1) - age   1:    1264984 bytes,    1264984 total
[2021-12-26T05:13:24.820+0000][4369][gc,phases   ] GC(1)   Pre Evacuate Collection Set: 0.0ms
[2021-12-26T05:13:24.820+0000][4369][gc,phases   ] GC(1)   Merge Heap Roots: 0.0ms
[2021-12-26T05:13:24.820+0000][4369][gc,phases   ] GC(1)   Evacuate Collection Set: 7.2ms
[2021-12-26T05:13:24.820+0000][4369][gc,phases   ] GC(1)   Post Evacuate Collection Set: 0.6ms
[2021-12-26T05:13:24.820+0000][4369][gc,phases   ] GC(1)   Other: 0.2ms
[2021-12-26T05:13:24.820+0000][4369][gc,heap     ] GC(1) Eden regions: 5->0(5)
[2021-12-26T05:13:24.820+0000][4369][gc,heap     ] GC(1) Survivor regions: 1->1(1)
[2021-12-26T05:13:24.820+0000][4369][gc,heap     ] GC(1) Old regions: 1->1
[2021-12-26T05:13:24.820+0000][4369][gc,heap     ] GC(1) Archive regions: 2->2
[2021-12-26T05:13:24.820+0000][4369][gc,heap     ] GC(1) Humongous regions: 0->0
[2021-12-26T05:13:24.820+0000][4369][gc,metaspace] GC(1) Metaspace: 12039K(12224K)->12039K(12224K) NonClass: 10522K(10624K)->10522K(10624K) Class: 1517K(1600K)->1517K(1600K)
[2021-12-26T05:13:24.820+0000][4369][gc          ] GC(1) Pause Young (Normal) (G1 Evacuation Pause) 28M->9M(512M) 8.187ms
[2021-12-26T05:13:24.820+0000][4369][gc,cpu      ] GC(1) User=0.01s Sys=0.00s Real=0.01s
[2021-12-26T05:13:24.820+0000][4369][safepoint   ] Safepoint "G1CollectForAllocation", Time since last: 475308350 ns, Reaching safepoint: 197458 ns, At safepoint: 8256751 ns, Total: 8454209 ns
[2021-12-26T05:13:25.181+0000][4369][gc,start    ] GC(2) Pause Young (Normal) (G1 Evacuation Pause)
[2021-12-26T05:13:25.181+0000][4369][gc,task     ] GC(2) Using 2 workers of 2 for evacuation
[2021-12-26T05:13:25.181+0000][4369][gc,age      ] GC(2) Desired survivor size 2097152 bytes, new threshold 15 (max threshold 15)
[2021-12-26T05:13:25.195+0000][4369][gc,age      ] GC(2) Age table with threshold 15 (max threshold 15)
[2021-12-26T05:13:25.196+0000][4369][gc,age      ] GC(2) - age   1:    2971672 bytes,    2971672 total
[2021-12-26T05:13:25.196+0000][4369][gc,age      ] GC(2) - age   2:    1211664 bytes,    4183336 total
[2021-12-26T05:13:25.196+0000][4369][gc,phases   ] GC(2)   Pre Evacuate Collection Set: 0.1ms
[2021-12-26T05:13:25.196+0000][4369][gc,phases   ] GC(2)   Merge Heap Roots: 0.0ms
[2021-12-26T05:13:25.196+0000][4369][gc,phases   ] GC(2)   Evacuate Collection Set: 6.9ms
[2021-12-26T05:13:25.196+0000][4369][gc,phases   ] GC(2)   Post Evacuate Collection Set: 7.3ms
[2021-12-26T05:13:25.196+0000][4369][gc,phases   ] GC(2)   Other: 0.2ms
[2021-12-26T05:13:25.196+0000][4369][gc,heap     ] GC(2) Eden regions: 5->0(6)
[2021-12-26T05:13:25.196+0000][4369][gc,heap     ] GC(2) Survivor regions: 1->1(1)
[2021-12-26T05:13:25.196+0000][4369][gc,heap     ] GC(2) Old regions: 1->2
[2021-12-26T05:13:25.196+0000][4369][gc,heap     ] GC(2) Archive regions: 2->2
[2021-12-26T05:13:25.196+0000][4369][gc,heap     ] GC(2) Humongous regions: 0->0
[2021-12-26T05:13:25.196+0000][4369][gc,metaspace] GC(2) Metaspace: 13895K(14208K)->13895K(14208K) NonClass: 12185K(12352K)->12185K(12352K) Class: 1710K(1856K)->1710K(1856K)
[2021-12-26T05:13:25.196+0000][4369][gc          ] GC(2) Pause Young (Normal) (G1 Evacuation Pause) 29M->12M(512M) 14.514ms
[2021-12-26T05:13:25.196+0000][4369][gc,cpu      ] GC(2) User=0.03s Sys=0.00s Real=0.02s
[2021-12-26T05:13:25.196+0000][4369][safepoint   ] Safepoint "G1CollectForAllocation", Time since last: 361357331 ns, Reaching safepoint: 104017 ns, At safepoint: 14595102 ns, Total: 14699119 ns
[2021-12-26T05:13:25.653+0000][4369][gc,start    ] GC(3) Pause Young (Normal) (G1 Evacuation Pause)
[2021-12-26T05:13:25.653+0000][4369][gc,task     ] GC(3) Using 2 workers of 2 for evacuation
[2021-12-26T05:13:25.653+0000][4369][gc,age      ] GC(3) Desired survivor size 2097152 bytes, new threshold 1 (max threshold 15)
[2021-12-26T05:13:25.659+0000][4369][gc,age      ] GC(3) Age table with threshold 1 (max threshold 15)
[2021-12-26T05:13:25.659+0000][4369][gc,age      ] GC(3) - age   1:     585480 bytes,     585480 total
[2021-12-26T05:13:25.659+0000][4369][gc,phases   ] GC(3)   Pre Evacuate Collection Set: 0.1ms
[2021-12-26T05:13:25.659+0000][4369][gc,phases   ] GC(3)   Merge Heap Roots: 0.1ms
[2021-12-26T05:13:25.659+0000][4369][gc,phases   ] GC(3)   Evacuate Collection Set: 5.0ms
[2021-12-26T05:13:25.659+0000][4369][gc,phases   ] GC(3)   Post Evacuate Collection Set: 0.6ms
[2021-12-26T05:13:25.659+0000][4369][gc,phases   ] GC(3)   Other: 0.2ms
[2021-12-26T05:13:25.659+0000][4369][gc,heap     ] GC(3) Eden regions: 5->0(11)
[2021-12-26T05:13:25.659+0000][4369][gc,heap     ] GC(3) Survivor regions: 1->1(1)
[2021-12-26T05:13:25.659+0000][4369][gc,heap     ] GC(3) Old regions: 2->2
[2021-12-26T05:13:25.659+0000][4369][gc,heap     ] GC(3) Archive regions: 2->2
[2021-12-26T05:13:25.659+0000][4369][gc,heap     ] GC(3) Humongous regions: 0->0
[2021-12-26T05:13:25.659+0000][4369][gc,metaspace] GC(3) Metaspace: 14609K(14912K)->14609K(14912K) NonClass: 12843K(12992K)->12843K(12992K) Class: 1766K(1920K)->1766K(1920K)
[2021-12-26T05:13:25.659+0000][4369][gc          ] GC(3) Pause Young (Normal) (G1 Evacuation Pause) 32M->12M(512M) 5.912ms
[2021-12-26T05:13:25.659+0000][4369][gc,cpu      ] GC(3) User=0.01s Sys=0.00s Real=0.01s
[2021-12-26T05:13:25.659+0000][4369][safepoint   ] Safepoint "G1CollectForAllocation", Time since last: 456953020 ns, Reaching safepoint: 77935 ns, At safepoint: 5986354 ns, Total: 6064289 ns
[2021-12-26T05:13:26.013+0000][4369][gc,start    ] GC(4) Pause Young (Normal) (G1 Evacuation Pause)
[2021-12-26T05:13:26.013+0000][4369][gc,task     ] GC(4) Using 2 workers of 2 for evacuation
[2021-12-26T05:13:26.013+0000][4369][gc,age      ] GC(4) Desired survivor size 4194304 bytes, new threshold 15 (max threshold 15)
[2021-12-26T05:13:26.018+0000][4369][gc,age      ] GC(4) Age table with threshold 15 (max threshold 15)
[2021-12-26T05:13:26.018+0000][4369][gc,age      ] GC(4) - age   1:    1280776 bytes,    1280776 total
[2021-12-26T05:13:26.018+0000][4369][gc,age      ] GC(4) - age   2:     556440 bytes,    1837216 total
[2021-12-26T05:13:26.018+0000][4369][gc,phases   ] GC(4)   Pre Evacuate Collection Set: 0.0ms
[2021-12-26T05:13:26.018+0000][4369][gc,phases   ] GC(4)   Merge Heap Roots: 0.0ms
[2021-12-26T05:13:26.018+0000][4369][gc,phases   ] GC(4)   Evacuate Collection Set: 4.4ms
[2021-12-26T05:13:26.018+0000][4369][gc,phases   ] GC(4)   Post Evacuate Collection Set: 0.4ms
[2021-12-26T05:13:26.018+0000][4369][gc,phases   ] GC(4)   Other: 0.2ms
[2021-12-26T05:13:26.018+0000][4369][gc,heap     ] GC(4) Eden regions: 11->0(75)
[2021-12-26T05:13:26.018+0000][4369][gc,heap     ] GC(4) Survivor regions: 1->1(2)
[2021-12-26T05:13:26.018+0000][4369][gc,heap     ] GC(4) Old regions: 2->2
[2021-12-26T05:13:26.018+0000][4369][gc,heap     ] GC(4) Archive regions: 2->2
[2021-12-26T05:13:26.018+0000][4369][gc,heap     ] GC(4) Humongous regions: 0->0
[2021-12-26T05:13:26.018+0000][4369][gc,metaspace] GC(4) Metaspace: 15007K(15296K)->15007K(15296K) NonClass: 13212K(13376K)->13212K(13376K) Class: 1794K(1920K)->1794K(1920K)
[2021-12-26T05:13:26.018+0000][4369][gc          ] GC(4) Pause Young (Normal) (G1 Evacuation Pause) 56M->12M(512M) 5.071ms
[2021-12-26T05:13:26.018+0000][4369][gc,cpu      ] GC(4) User=0.00s Sys=0.00s Real=0.01s
[2021-12-26T05:13:26.018+0000][4369][safepoint   ] Safepoint "G1CollectForAllocation", Time since last: 354239366 ns, Reaching safepoint: 89178 ns, At safepoint: 5139503 ns, Total: 5228681 ns
[2021-12-26T05:13:26.376+0000][4369][safepoint   ] Safepoint "ICBufferFull", Time since last: 356815736 ns, Reaching safepoint: 1023522 ns, At safepoint: 8706 ns, Total: 1032228 ns
[2021-12-26T05:13:26.377+0000][4369][safepoint   ] Safepoint "ICBufferFull", Time since last: 1172616 ns, Reaching safepoint: 126852 ns, At safepoint: 4165 ns, Total: 131017 ns
[2021-12-26T05:13:26.380+0000][4369][safepoint   ] Safepoint "ICBufferFull", Time since last: 2028726 ns, Reaching safepoint: 120919 ns, At safepoint: 3890 ns, Total: 124809 ns
[2021-12-26T05:13:26.384+0000][4369][safepoint   ] Safepoint "ICBufferFull", Time since last: 4054114 ns, Reaching safepoint: 23789 ns, At safepoint: 2689 ns, Total: 26478 ns
[2021-12-26T05:13:26.385+0000][4369][safepoint   ] Safepoint "ICBufferFull", Time since last: 1011552 ns, Reaching safepoint: 22348 ns, At safepoint: 2834 ns, Total: 25182 ns
[2021-12-26T05:13:26.521+0000][4369][safepoint   ] Safepoint "ICBufferFull", Time since last: 136428475 ns, Reaching safepoint: 169418 ns, At safepoint: 4920 ns, Total: 174338 ns
[2021-12-26T05:13:27.069+0000][4369][gc,start    ] GC(5) Pause Young (Normal) (G1 Evacuation Pause)
[2021-12-26T05:13:27.069+0000][4369][gc,task     ] GC(5) Using 2 workers of 2 for evacuation
[2021-12-26T05:13:27.069+0000][4369][gc,age      ] GC(5) Desired survivor size 20971520 bytes, new threshold 15 (max threshold 15)
[2021-12-26T05:13:27.080+0000][4369][gc,age      ] GC(5) Age table with threshold 15 (max threshold 15)
[2021-12-26T05:13:27.080+0000][4369][gc,age      ] GC(5) - age   1:    5093504 bytes,    5093504 total
[2021-12-26T05:13:27.080+0000][4369][gc,age      ] GC(5) - age   2:     495944 bytes,    5589448 total
[2021-12-26T05:13:27.080+0000][4369][gc,age      ] GC(5) - age   3:     556128 bytes,    6145576 total
[2021-12-26T05:13:27.080+0000][4369][gc,phases   ] GC(5)   Pre Evacuate Collection Set: 0.1ms
[2021-12-26T05:13:27.080+0000][4369][gc,phases   ] GC(5)   Merge Heap Roots: 0.0ms
[2021-12-26T05:13:27.080+0000][4369][gc,phases   ] GC(5)   Evacuate Collection Set: 9.9ms
[2021-12-26T05:13:27.080+0000][4369][gc,phases   ] GC(5)   Post Evacuate Collection Set: 0.8ms
[2021-12-26T05:13:27.080+0000][4369][gc,phases   ] GC(5)   Other: 0.2ms
[2021-12-26T05:13:27.080+0000][4369][gc,heap     ] GC(5) Eden regions: 75->0(74)
[2021-12-26T05:13:27.080+0000][4369][gc,heap     ] GC(5) Survivor regions: 1->2(10)
[2021-12-26T05:13:27.080+0000][4369][gc,heap     ] GC(5) Old regions: 2->2
[2021-12-26T05:13:27.080+0000][4369][gc,heap     ] GC(5) Archive regions: 2->2
[2021-12-26T05:13:27.080+0000][4369][gc,heap     ] GC(5) Humongous regions: 0->0
[2021-12-26T05:13:27.080+0000][4369][gc,metaspace] GC(5) Metaspace: 18154K(18560K)->18154K(18560K) NonClass: 15902K(16128K)->15902K(16128K) Class: 2252K(2432K)->2252K(2432K)
[2021-12-26T05:13:27.080+0000][4369][gc          ] GC(5) Pause Young (Normal) (G1 Evacuation Pause) 312M->17M(512M) 11.071ms
[2021-12-26T05:13:27.080+0000][4369][gc,cpu      ] GC(5) User=0.02s Sys=0.00s Real=0.01s
[2021-12-26T05:13:27.080+0000][4369][safepoint   ] Safepoint "G1CollectForAllocation", Time since last: 547321315 ns, Reaching safepoint: 80550 ns, At safepoint: 11143299 ns, Total: 11223849 ns
[2021-12-26T05:13:27.758+0000][4369][gc,start    ] GC(6) Pause Young (Normal) (G1 Evacuation Pause)
[2021-12-26T05:13:27.758+0000][4369][gc,task     ] GC(6) Using 2 workers of 2 for evacuation
[2021-12-26T05:13:27.758+0000][4369][gc,age      ] GC(6) Desired survivor size 20971520 bytes, new threshold 15 (max threshold 15)
[2021-12-26T05:13:27.775+0000][4369][gc,age      ] GC(6) Age table with threshold 15 (max threshold 15)
[2021-12-26T05:13:27.775+0000][4369][gc,age      ] GC(6) - age   1:    4582144 bytes,    4582144 total
[2021-12-26T05:13:27.775+0000][4369][gc,age      ] GC(6) - age   2:    4113208 bytes,    8695352 total
[2021-12-26T05:13:27.775+0000][4369][gc,age      ] GC(6) - age   3:     495864 bytes,    9191216 total
[2021-12-26T05:13:27.775+0000][4369][gc,age      ] GC(6) - age   4:     556128 bytes,    9747344 total
[2021-12-26T05:13:27.775+0000][4369][gc,phases   ] GC(6)   Pre Evacuate Collection Set: 0.1ms
[2021-12-26T05:13:27.775+0000][4369][gc,phases   ] GC(6)   Merge Heap Roots: 0.0ms
[2021-12-26T05:13:27.775+0000][4369][gc,phases   ] GC(6)   Evacuate Collection Set: 15.8ms
[2021-12-26T05:13:27.775+0000][4369][gc,phases   ] GC(6)   Post Evacuate Collection Set: 0.8ms
[2021-12-26T05:13:27.775+0000][4369][gc,phases   ] GC(6)   Other: 0.2ms
[2021-12-26T05:13:27.775+0000][4369][gc,heap     ] GC(6) Eden regions: 74->0(73)
[2021-12-26T05:13:27.775+0000][4369][gc,heap     ] GC(6) Survivor regions: 2->3(10)
[2021-12-26T05:13:27.775+0000][4369][gc,heap     ] GC(6) Old regions: 2->2
[2021-12-26T05:13:27.775+0000][4369][gc,heap     ] GC(6) Archive regions: 2->2
[2021-12-26T05:13:27.775+0000][4369][gc,heap     ] GC(6) Humongous regions: 0->0
[2021-12-26T05:13:27.775+0000][4369][gc,metaspace] GC(6) Metaspace: 19136K(19584K)->19136K(19584K) NonClass: 16776K(17024K)->16776K(17024K) Class: 2359K(2560K)->2359K(2560K)
[2021-12-26T05:13:27.775+0000][4369][gc          ] GC(6) Pause Young (Normal) (G1 Evacuation Pause) 313M->20M(512M) 17.016ms
[2021-12-26T05:13:27.775+0000][4369][gc,cpu      ] GC(6) User=0.04s Sys=0.00s Real=0.02s
[2021-12-26T05:13:27.775+0000][4369][safepoint   ] Safepoint "G1CollectForAllocation", Time since last: 677940105 ns, Reaching safepoint: 361723 ns, At safepoint: 17089823 ns, Total: 17451546 ns
[2021-12-26T05:13:28.307+0000][4369][gc,start    ] GC(7) Pause Young (Normal) (G1 Evacuation Pause)
[2021-12-26T05:13:28.307+0000][4369][gc,task     ] GC(7) Using 2 workers of 2 for evacuation
[2021-12-26T05:13:28.307+0000][4369][gc,age      ] GC(7) Desired survivor size 20971520 bytes, new threshold 15 (max threshold 15)
[2021-12-26T05:13:28.316+0000][4369][gc,age      ] GC(7) Age table with threshold 15 (max threshold 15)
[2021-12-26T05:13:28.316+0000][4369][gc,age      ] GC(7) - age   1:     381416 bytes,     381416 total
[2021-12-26T05:13:28.316+0000][4369][gc,age      ] GC(7) - age   2:    3588064 bytes,    3969480 total
[2021-12-26T05:13:28.316+0000][4369][gc,age      ] GC(7) - age   3:    4112056 bytes,    8081536 total
[2021-12-26T05:13:28.316+0000][4369][gc,age      ] GC(7) - age   4:     495864 bytes,    8577400 total
[2021-12-26T05:13:28.316+0000][4369][gc,age      ] GC(7) - age   5:     556128 bytes,    9133528 total
[2021-12-26T05:13:28.316+0000][4369][gc,phases   ] GC(7)   Pre Evacuate Collection Set: 0.1ms
[2021-12-26T05:13:28.316+0000][4369][gc,phases   ] GC(7)   Merge Heap Roots: 0.1ms
[2021-12-26T05:13:28.316+0000][4369][gc,phases   ] GC(7)   Evacuate Collection Set: 7.8ms
[2021-12-26T05:13:28.316+0000][4369][gc,phases   ] GC(7)   Post Evacuate Collection Set: 0.8ms
[2021-12-26T05:13:28.316+0000][4369][gc,phases   ] GC(7)   Other: 0.2ms
[2021-12-26T05:13:28.316+0000][4369][gc,heap     ] GC(7) Eden regions: 73->0(73)
[2021-12-26T05:13:28.316+0000][4369][gc,heap     ] GC(7) Survivor regions: 3->3(10)
[2021-12-26T05:13:28.316+0000][4369][gc,heap     ] GC(7) Old regions: 2->2
[2021-12-26T05:13:28.316+0000][4369][gc,heap     ] GC(7) Archive regions: 2->2
[2021-12-26T05:13:28.316+0000][4369][gc,heap     ] GC(7) Humongous regions: 0->0
[2021-12-26T05:13:28.316+0000][4369][gc,metaspace] GC(7) Metaspace: 19599K(20096K)->19599K(20096K) NonClass: 17162K(17472K)->17162K(17472K) Class: 2436K(2624K)->2436K(2624K)
[2021-12-26T05:13:28.316+0000][4369][gc          ] GC(7) Pause Young (Normal) (G1 Evacuation Pause) 312M->20M(512M) 8.961ms
[2021-12-26T05:13:28.316+0000][4369][gc,cpu      ] GC(7) User=0.02s Sys=0.00s Real=0.01s
[2021-12-26T05:13:28.316+0000][4369][safepoint   ] Safepoint "G1CollectForAllocation", Time since last: 531755980 ns, Reaching safepoint: 55659 ns, At safepoint: 9076952 ns, Total: 9132611 ns
[2021-12-26T05:13:28.969+0000][4369][gc,start    ] GC(8) Pause Young (Normal) (G1 Evacuation Pause)
[2021-12-26T05:13:28.969+0000][4369][gc,task     ] GC(8) Using 2 workers of 2 for evacuation
[2021-12-26T05:13:28.969+0000][4369][gc,age      ] GC(8) Desired survivor size 20971520 bytes, new threshold 15 (max threshold 15)
[2021-12-26T05:13:28.983+0000][4369][gc,age      ] GC(8) Age table with threshold 15 (max threshold 15)
[2021-12-26T05:13:28.983+0000][4369][gc,age      ] GC(8) - age   1:    3766400 bytes,    3766400 total
[2021-12-26T05:13:28.983+0000][4369][gc,age      ] GC(8) - age   2:     374728 bytes,    4141128 total
[2021-12-26T05:13:28.983+0000][4369][gc,age      ] GC(8) - age   3:    3586928 bytes,    7728056 total
[2021-12-26T05:13:28.983+0000][4369][gc,age      ] GC(8) - age   4:    4106592 bytes,   11834648 total
[2021-12-26T05:13:28.983+0000][4369][gc,age      ] GC(8) - age   5:     495864 bytes,   12330512 total
[2021-12-26T05:13:28.983+0000][4369][gc,age      ] GC(8) - age   6:     556048 bytes,   12886560 total
[2021-12-26T05:13:28.983+0000][4369][gc,phases   ] GC(8)   Pre Evacuate Collection Set: 0.0ms
[2021-12-26T05:13:28.983+0000][4369][gc,phases   ] GC(8)   Merge Heap Roots: 0.1ms
[2021-12-26T05:13:28.983+0000][4369][gc,phases   ] GC(8)   Evacuate Collection Set: 12.9ms
[2021-12-26T05:13:28.983+0000][4369][gc,phases   ] GC(8)   Post Evacuate Collection Set: 0.9ms
[2021-12-26T05:13:28.983+0000][4369][gc,phases   ] GC(8)   Other: 0.3ms
[2021-12-26T05:13:28.983+0000][4369][gc,heap     ] GC(8) Eden regions: 73->0(72)
[2021-12-26T05:13:28.983+0000][4369][gc,heap     ] GC(8) Survivor regions: 3->4(10)
[2021-12-26T05:13:28.983+0000][4369][gc,heap     ] GC(8) Old regions: 2->2
[2021-12-26T05:13:28.983+0000][4369][gc,heap     ] GC(8) Archive regions: 2->2
[2021-12-26T05:13:28.983+0000][4369][gc,heap     ] GC(8) Humongous regions: 0->0
[2021-12-26T05:13:28.983+0000][4369][gc,metaspace] GC(8) Metaspace: 20658K(21120K)->20658K(21120K) NonClass: 18084K(18368K)->18084K(18368K) Class: 2574K(2752K)->2574K(2752K)
[2021-12-26T05:13:28.983+0000][4369][gc          ] GC(8) Pause Young (Normal) (G1 Evacuation Pause) 312M->24M(512M) 14.303ms
[2021-12-26T05:13:28.983+0000][4369][gc,cpu      ] GC(8) User=0.03s Sys=0.00s Real=0.01s
[2021-12-26T05:13:28.983+0000][4369][safepoint   ] Safepoint "G1CollectForAllocation", Time since last: 652583947 ns, Reaching safepoint: 161283 ns, At safepoint: 14380770 ns, Total: 14542053 ns
[2021-12-26T05:13:29.464+0000][4369][gc,start    ] GC(9) Pause Young (Normal) (G1 Evacuation Pause)
[2021-12-26T05:13:29.464+0000][4369][gc,task     ] GC(9) Using 2 workers of 2 for evacuation
[2021-12-26T05:13:29.464+0000][4369][gc,age      ] GC(9) Desired survivor size 20971520 bytes, new threshold 15 (max threshold 15)
[2021-12-26T05:13:29.476+0000][4369][gc,age      ] GC(9) Age table with threshold 15 (max threshold 15)
[2021-12-26T05:13:29.476+0000][4369][gc,age      ] GC(9) - age   1:     738008 bytes,     738008 total
[2021-12-26T05:13:29.476+0000][4369][gc,age      ] GC(9) - age   2:    2112784 bytes,    2850792 total
[2021-12-26T05:13:29.476+0000][4369][gc,age      ] GC(9) - age   3:     374184 bytes,    3224976 total
[2021-12-26T05:13:29.476+0000][4369][gc,age      ] GC(9) - age   4:    3586928 bytes,    6811904 total
[2021-12-26T05:13:29.476+0000][4369][gc,age      ] GC(9) - age   5:    4106592 bytes,   10918496 total
[2021-12-26T05:13:29.476+0000][4369][gc,age      ] GC(9) - age   6:     495864 bytes,   11414360 total
[2021-12-26T05:13:29.476+0000][4369][gc,age      ] GC(9) - age   7:     556048 bytes,   11970408 total
[2021-12-26T05:13:29.476+0000][4369][gc,phases   ] GC(9)   Pre Evacuate Collection Set: 0.1ms
[2021-12-26T05:13:29.476+0000][4369][gc,phases   ] GC(9)   Merge Heap Roots: 0.0ms
[2021-12-26T05:13:29.476+0000][4369][gc,phases   ] GC(9)   Evacuate Collection Set: 11.1ms
[2021-12-26T05:13:29.476+0000][4369][gc,phases   ] GC(9)   Post Evacuate Collection Set: 0.9ms
[2021-12-26T05:13:29.476+0000][4369][gc,phases   ] GC(9)   Other: 0.3ms
[2021-12-26T05:13:29.476+0000][4369][gc,heap     ] GC(9) Eden regions: 72->0(73)
[2021-12-26T05:13:29.476+0000][4369][gc,heap     ] GC(9) Survivor regions: 4->3(10)
[2021-12-26T05:13:29.476+0000][4369][gc,heap     ] GC(9) Old regions: 2->2
[2021-12-26T05:13:29.476+0000][4369][gc,heap     ] GC(9) Archive regions: 2->2
[2021-12-26T05:13:29.476+0000][4369][gc,heap     ] GC(9) Humongous regions: 0->0
[2021-12-26T05:13:29.476+0000][4369][gc,metaspace] GC(9) Metaspace: 20860K(21376K)->20860K(21376K) NonClass: 18252K(18560K)->18252K(18560K) Class: 2607K(2816K)->2607K(2816K)
[2021-12-26T05:13:29.476+0000][4369][gc          ] GC(9) Pause Young (Normal) (G1 Evacuation Pause) 312M->23M(512M) 12.412ms
[2021-12-26T05:13:29.476+0000][4369][gc,cpu      ] GC(9) User=0.03s Sys=0.00s Real=0.02s
[2021-12-26T05:13:29.476+0000][4369][safepoint   ] Safepoint "G1CollectForAllocation", Time since last: 480237967 ns, Reaching safepoint: 57409 ns, At safepoint: 12505306 ns, Total: 12562715 ns
[2021-12-26T05:13:29.718+0000][4369][gc,start    ] GC(10) Pause Young (Concurrent Start) (Metadata GC Threshold)
[2021-12-26T05:13:29.718+0000][4369][gc,task     ] GC(10) Using 2 workers of 2 for evacuation
[2021-12-26T05:13:29.718+0000][4369][gc,age      ] GC(10) Desired survivor size 20971520 bytes, new threshold 15 (max threshold 15)
[2021-12-26T05:13:29.728+0000][4369][gc,age      ] GC(10) Age table with threshold 15 (max threshold 15)
[2021-12-26T05:13:29.728+0000][4369][gc,age      ] GC(10) - age   1:     550680 bytes,     550680 total
[2021-12-26T05:13:29.728+0000][4369][gc,age      ] GC(10) - age   2:     348912 bytes,     899592 total
[2021-12-26T05:13:29.728+0000][4369][gc,age      ] GC(10) - age   3:    2112784 bytes,    3012376 total
[2021-12-26T05:13:29.728+0000][4369][gc,age      ] GC(10) - age   4:     374184 bytes,    3386560 total
[2021-12-26T05:13:29.728+0000][4369][gc,age      ] GC(10) - age   5:    3586688 bytes,    6973248 total
[2021-12-26T05:13:29.728+0000][4369][gc,age      ] GC(10) - age   6:    4106392 bytes,   11079640 total
[2021-12-26T05:13:29.728+0000][4369][gc,age      ] GC(10) - age   7:     495864 bytes,   11575504 total
[2021-12-26T05:13:29.728+0000][4369][gc,age      ] GC(10) - age   8:     556048 bytes,   12131552 total
[2021-12-26T05:13:29.728+0000][4369][gc,phases   ] GC(10)   Pre Evacuate Collection Set: 0.1ms
[2021-12-26T05:13:29.728+0000][4369][gc,phases   ] GC(10)   Merge Heap Roots: 0.0ms
[2021-12-26T05:13:29.728+0000][4369][gc,phases   ] GC(10)   Evacuate Collection Set: 9.1ms
[2021-12-26T05:13:29.728+0000][4369][gc,phases   ] GC(10)   Post Evacuate Collection Set: 0.7ms
[2021-12-26T05:13:29.728+0000][4369][gc,phases   ] GC(10)   Other: 0.2ms
[2021-12-26T05:13:29.728+0000][4369][gc,heap     ] GC(10) Eden regions: 37->0(73)
[2021-12-26T05:13:29.728+0000][4369][gc,heap     ] GC(10) Survivor regions: 3->3(10)
[2021-12-26T05:13:29.728+0000][4369][gc,heap     ] GC(10) Old regions: 2->2
[2021-12-26T05:13:29.728+0000][4369][gc,heap     ] GC(10) Archive regions: 2->2
[2021-12-26T05:13:29.728+0000][4369][gc,heap     ] GC(10) Humongous regions: 0->0
[2021-12-26T05:13:29.728+0000][4369][gc,metaspace] GC(10) Metaspace: 20950K(21504K)->20950K(21504K) NonClass: 18319K(18624K)->18319K(18624K) Class: 2630K(2880K)->2630K(2880K)
[2021-12-26T05:13:29.728+0000][4369][gc          ] GC(10) Pause Young (Concurrent Start) (Metadata GC Threshold) 169M->23M(512M) 10.222ms
[2021-12-26T05:13:29.728+0000][4369][gc,cpu      ] GC(10) User=0.02s Sys=0.00s Real=0.01s
[2021-12-26T05:13:29.729+0000][4369][gc          ] GC(11) Concurrent Mark Cycle
[2021-12-26T05:13:29.729+0000][4369][gc,marking  ] GC(11) Concurrent Clear Claimed Marks
[2021-12-26T05:13:29.729+0000][4369][safepoint   ] Safepoint "CollectForMetadataAllocation", Time since last: 242042046 ns, Reaching safepoint: 145570 ns, At safepoint: 10355084 ns, Total: 10500654 ns
[2021-12-26T05:13:29.729+0000][4369][gc,marking  ] GC(11) Concurrent Clear Claimed Marks 0.038ms
[2021-12-26T05:13:29.729+0000][4369][gc,marking  ] GC(11) Concurrent Scan Root Regions
[2021-12-26T05:13:29.739+0000][4369][gc,marking  ] GC(11) Concurrent Scan Root Regions 10.452ms
[2021-12-26T05:13:29.739+0000][4369][gc,marking  ] GC(11) Concurrent Mark
[2021-12-26T05:13:29.739+0000][4369][gc,marking  ] GC(11) Concurrent Mark From Roots
[2021-12-26T05:13:29.739+0000][4369][gc,task     ] GC(11) Using 1 workers of 1 for marking
[2021-12-26T05:13:29.770+0000][4369][gc,marking  ] GC(11) Concurrent Mark From Roots 30.629ms
[2021-12-26T05:13:29.770+0000][4369][gc,marking  ] GC(11) Concurrent Preclean
[2021-12-26T05:13:29.770+0000][4369][gc,marking  ] GC(11) Concurrent Preclean 0.105ms
[2021-12-26T05:13:29.770+0000][4369][gc,start    ] GC(11) Pause Remark
[2021-12-26T05:13:29.775+0000][4369][gc          ] GC(11) Pause Remark 27M->27M(512M) 4.573ms
[2021-12-26T05:13:29.775+0000][4369][gc,cpu      ] GC(11) User=0.01s Sys=0.00s Real=0.01s
[2021-12-26T05:13:29.775+0000][4369][safepoint   ] Safepoint "G1Concurrent", Time since last: 41342825 ns, Reaching safepoint: 115807 ns, At safepoint: 4647473 ns, Total: 4763280 ns
[2021-12-26T05:13:29.775+0000][4369][gc,marking  ] GC(11) Concurrent Mark 35.608ms
[2021-12-26T05:13:29.775+0000][4369][gc,marking  ] GC(11) Concurrent Rebuild Remembered Sets
[2021-12-26T05:13:29.783+0000][4369][gc,marking  ] GC(11) Concurrent Rebuild Remembered Sets 7.921ms
[2021-12-26T05:13:29.783+0000][4369][gc,start    ] GC(11) Pause Cleanup
[2021-12-26T05:13:29.783+0000][4369][gc          ] GC(11) Pause Cleanup 27M->27M(512M) 0.073ms
[2021-12-26T05:13:29.783+0000][4369][gc,cpu      ] GC(11) User=0.00s Sys=0.00s Real=0.00s
[2021-12-26T05:13:29.783+0000][4369][safepoint   ] Safepoint "G1Concurrent", Time since last: 8007820 ns, Reaching safepoint: 126316 ns, At safepoint: 115745 ns, Total: 242061 ns
[2021-12-26T05:13:29.783+0000][4369][gc,marking  ] GC(11) Concurrent Cleanup for Next Mark
[2021-12-26T05:13:29.794+0000][4369][gc,marking  ] GC(11) Concurrent Cleanup for Next Mark 11.133ms
[2021-12-26T05:13:29.794+0000][4369][gc          ] GC(11) Concurrent Mark Cycle 65.596ms
[2021-12-26T05:13:30.232+0000][4369][safepoint   ] Safepoint "ICBufferFull", Time since last: 449158401 ns, Reaching safepoint: 124602 ns, At safepoint: 3409 ns, Total: 128011 ns
[2021-12-26T05:13:30.233+0000][4369][safepoint   ] Safepoint "ICBufferFull", Time since last: 1026843 ns, Reaching safepoint: 24412 ns, At safepoint: 2775 ns, Total: 27187 ns
[2021-12-26T05:13:30.234+0000][4369][safepoint   ] Safepoint "ICBufferFull", Time since last: 995876 ns, Reaching safepoint: 22386 ns, At safepoint: 2544 ns, Total: 24930 ns
[2021-12-26T05:13:30.235+0000][4369][safepoint   ] Safepoint "ICBufferFull", Time since last: 998105 ns, Reaching safepoint: 21775 ns, At safepoint: 2627 ns, Total: 24402 ns
[2021-12-26T05:13:30.255+0000][4369][safepoint   ] Safepoint "ICBufferFull", Time since last: 19657782 ns, Reaching safepoint: 33057 ns, At safepoint: 2836 ns, Total: 35893 ns
[2021-12-26T05:13:30.256+0000][4369][safepoint   ] Safepoint "ICBufferFull", Time since last: 996233 ns, Reaching safepoint: 24171 ns, At safepoint: 2761 ns, Total: 26932 ns
[2021-12-26T05:13:30.327+0000][4369][safepoint   ] Safepoint "ICBufferFull", Time since last: 70741924 ns, Reaching safepoint: 40331 ns, At safepoint: 3284 ns, Total: 43615 ns
[2021-12-26T05:13:30.332+0000][4369][safepoint   ] Safepoint "ICBufferFull", Time since last: 5172776 ns, Reaching safepoint: 26298 ns, At safepoint: 3049 ns, Total: 29347 ns
[2021-12-26T05:13:30.357+0000][4369][safepoint   ] Safepoint "ICBufferFull", Time since last: 25046946 ns, Reaching safepoint: 135901 ns, At safepoint: 4963 ns, Total: 140864 ns
[2021-12-26T05:13:30.441+0000][4369][safepoint   ] Safepoint "ICBufferFull", Time since last: 83727836 ns, Reaching safepoint: 172000 ns, At safepoint: 3834 ns, Total: 175834 ns
[2021-12-26T05:13:30.442+0000][4369][safepoint   ] Safepoint "ICBufferFull", Time since last: 1016400 ns, Reaching safepoint: 21436 ns, At safepoint: 4040 ns, Total: 25476 ns
[2021-12-26T05:13:30.444+0000][4369][safepoint   ] Safepoint "ICBufferFull", Time since last: 1148042 ns, Reaching safepoint: 810728 ns, At safepoint: 4422 ns, Total: 815150 ns
[2021-12-26T05:13:30.466+0000][4369][safepoint   ] Safepoint "ICBufferFull", Time since last: 21611548 ns, Reaching safepoint: 33828 ns, At safepoint: 4408 ns, Total: 38236 ns
[2021-12-26T05:13:30.467+0000][4369][safepoint   ] Safepoint "ICBufferFull", Time since last: 1025721 ns, Reaching safepoint: 21283 ns, At safepoint: 2776 ns, Total: 24059 ns
[2021-12-26T05:13:30.866+0000][4369][safepoint   ] Safepoint "ICBufferFull", Time since last: 399437437 ns, Reaching safepoint: 82228 ns, At safepoint: 3506 ns, Total: 85734 ns
[2021-12-26T05:13:31.868+0000][4369][safepoint   ] Safepoint "Cleanup", Time since last: 1001761027 ns, Reaching safepoint: 172619 ns, At safepoint: 13319 ns, Total: 185938 ns
[2021-12-26T05:13:32.875+0000][4369][safepoint   ] Safepoint "Cleanup", Time since last: 1006790249 ns, Reaching safepoint: 188514 ns, At safepoint: 7340 ns, Total: 195854 ns
[2021-12-26T05:13:33.684+0000][4369][gc,start    ] GC(12) Pause Young (Normal) (G1 Evacuation Pause)
[2021-12-26T05:13:33.684+0000][4369][gc,task     ] GC(12) Using 2 workers of 2 for evacuation
[2021-12-26T05:13:33.684+0000][4369][gc,age      ] GC(12) Desired survivor size 20971520 bytes, new threshold 15 (max threshold 15)
[2021-12-26T05:13:33.771+0000][4369][gc,age      ] GC(12) Age table with threshold 15 (max threshold 15)
[2021-12-26T05:13:33.772+0000][4369][gc,age      ] GC(12) - age   1:   27189368 bytes,   27189368 total
[2021-12-26T05:13:33.772+0000][4369][gc,age      ] GC(12) - age   2:     538352 bytes,   27727720 total
[2021-12-26T05:13:33.772+0000][4369][gc,age      ] GC(12) - age   3:     335168 bytes,   28062888 total
[2021-12-26T05:13:33.772+0000][4369][gc,age      ] GC(12) - age   4:    2086672 bytes,   30149560 total
[2021-12-26T05:13:33.772+0000][4369][gc,age      ] GC(12) - age   5:     363592 bytes,   30513152 total
[2021-12-26T05:13:33.772+0000][4369][gc,age      ] GC(12) - age   6:    3571200 bytes,   34084352 total
[2021-12-26T05:13:33.772+0000][4369][gc,age      ] GC(12) - age   7:    4050824 bytes,   38135176 total
[2021-12-26T05:13:33.772+0000][4369][gc,age      ] GC(12) - age   8:     451544 bytes,   38586720 total
[2021-12-26T05:13:33.772+0000][4369][gc,age      ] GC(12) - age   9:     534712 bytes,   39121432 total
[2021-12-26T05:13:33.772+0000][4369][gc,phases   ] GC(12)   Pre Evacuate Collection Set: 0.1ms
[2021-12-26T05:13:33.772+0000][4369][gc,phases   ] GC(12)   Merge Heap Roots: 0.1ms
[2021-12-26T05:13:33.772+0000][4369][gc,phases   ] GC(12)   Evacuate Collection Set: 84.9ms
[2021-12-26T05:13:33.772+0000][4369][gc,phases   ] GC(12)   Post Evacuate Collection Set: 2.3ms
[2021-12-26T05:13:33.772+0000][4369][gc,phases   ] GC(12)   Other: 0.3ms
[2021-12-26T05:13:33.772+0000][4369][gc,heap     ] GC(12) Eden regions: 73->0(66)
[2021-12-26T05:13:33.772+0000][4369][gc,heap     ] GC(12) Survivor regions: 3->10(10)
[2021-12-26T05:13:33.772+0000][4369][gc,heap     ] GC(12) Old regions: 2->2
[2021-12-26T05:13:33.772+0000][4369][gc,heap     ] GC(12) Archive regions: 2->2
[2021-12-26T05:13:33.772+0000][4369][gc,heap     ] GC(12) Humongous regions: 0->0
[2021-12-26T05:13:33.772+0000][4369][gc,metaspace] GC(12) Metaspace: 34385K(35264K)->34385K(35264K) NonClass: 29793K(30336K)->29793K(30336K) Class: 4592K(4928K)->4592K(4928K)
[2021-12-26T05:13:33.772+0000][4369][gc          ] GC(12) Pause Young (Normal) (G1 Evacuation Pause) 315M->49M(512M) 87.588ms
[2021-12-26T05:13:33.772+0000][4369][gc,cpu      ] GC(12) User=0.17s Sys=0.00s Real=0.08s
[2021-12-26T05:13:33.772+0000][4369][safepoint   ] Safepoint "G1CollectForAllocation", Time since last: 807806499 ns, Reaching safepoint: 1020290 ns, At safepoint: 87673409 ns, Total: 88693699 ns
[2021-12-26T05:13:33.831+0000][4369][gc,start    ] GC(13) Pause Young (Concurrent Start) (Metadata GC Threshold)
[2021-12-26T05:13:33.831+0000][4369][gc,task     ] GC(13) Using 2 workers of 2 for evacuation
[2021-12-26T05:13:33.831+0000][4369][gc,age      ] GC(13) Desired survivor size 20971520 bytes, new threshold 1 (max threshold 15)
[2021-12-26T05:13:33.888+0000][4369][gc,age      ] GC(13) Age table with threshold 1 (max threshold 15)
[2021-12-26T05:13:33.888+0000][4369][gc,age      ] GC(13) - age   1:     146664 bytes,     146664 total
[2021-12-26T05:13:33.888+0000][4369][gc,phases   ] GC(13)   Pre Evacuate Collection Set: 0.1ms
[2021-12-26T05:13:33.888+0000][4369][gc,phases   ] GC(13)   Merge Heap Roots: 0.1ms
[2021-12-26T05:13:33.888+0000][4369][gc,phases   ] GC(13)   Evacuate Collection Set: 56.1ms
[2021-12-26T05:13:33.888+0000][4369][gc,phases   ] GC(13)   Post Evacuate Collection Set: 1.2ms
[2021-12-26T05:13:33.888+0000][4369][gc,phases   ] GC(13)   Other: 0.2ms
[2021-12-26T05:13:33.888+0000][4369][gc,heap     ] GC(13) Eden regions: 1->0(75)
[2021-12-26T05:13:33.888+0000][4369][gc,heap     ] GC(13) Survivor regions: 10->1(10)
[2021-12-26T05:13:33.888+0000][4369][gc,heap     ] GC(13) Old regions: 2->12
[2021-12-26T05:13:33.888+0000][4369][gc,heap     ] GC(13) Archive regions: 2->2
[2021-12-26T05:13:33.888+0000][4369][gc,heap     ] GC(13) Humongous regions: 0->0
[2021-12-26T05:13:33.888+0000][4369][gc,metaspace] GC(13) Metaspace: 35249K(36096K)->35249K(36096K) NonClass: 30581K(31104K)->30581K(31104K) Class: 4668K(4992K)->4668K(4992K)
[2021-12-26T05:13:33.888+0000][4369][gc          ] GC(13) Pause Young (Concurrent Start) (Metadata GC Threshold) 53M->52M(512M) 57.839ms
[2021-12-26T05:13:33.888+0000][4369][gc,cpu      ] GC(13) User=0.12s Sys=0.00s Real=0.06s
[2021-12-26T05:13:33.888+0000][4369][gc          ] GC(14) Concurrent Mark Cycle
[2021-12-26T05:13:33.888+0000][4369][gc,marking  ] GC(14) Concurrent Clear Claimed Marks
[2021-12-26T05:13:33.888+0000][4369][safepoint   ] Safepoint "CollectForMetadataAllocation", Time since last: 58694221 ns, Reaching safepoint: 40780 ns, At safepoint: 57991792 ns, Total: 58032572 ns
[2021-12-26T05:13:33.889+0000][4369][gc,marking  ] GC(14) Concurrent Clear Claimed Marks 0.077ms
[2021-12-26T05:13:33.889+0000][4369][gc,marking  ] GC(14) Concurrent Scan Root Regions
[2021-12-26T05:13:33.949+0000][4369][safepoint   ] Safepoint "CollectForMetadataAllocation", Time since last: 59221141 ns, Reaching safepoint: 1363466 ns, At safepoint: 73706 ns, Total: 1437172 ns
[2021-12-26T05:13:33.960+0000][4369][gc,marking  ] GC(14) Concurrent Scan Root Regions 71.096ms
[2021-12-26T05:13:33.960+0000][4369][gc,marking  ] GC(14) Concurrent Mark
[2021-12-26T05:13:33.960+0000][4369][gc,marking  ] GC(14) Concurrent Mark From Roots
[2021-12-26T05:13:33.960+0000][4369][gc,task     ] GC(14) Using 1 workers of 1 for marking
[2021-12-26T05:13:33.989+0000][4369][gc,marking  ] GC(14) Concurrent Mark From Roots 29.381ms
[2021-12-26T05:13:33.989+0000][4369][gc,marking  ] GC(14) Concurrent Preclean
[2021-12-26T05:13:33.989+0000][4369][gc,marking  ] GC(14) Concurrent Preclean 0.094ms
[2021-12-26T05:13:33.991+0000][4369][safepoint   ] Safepoint "CollectForMetadataAllocation", Time since last: 41916529 ns, Reaching safepoint: 55287 ns, At safepoint: 76577 ns, Total: 131864 ns
[2021-12-26T05:13:33.998+0000][4369][gc,start    ] GC(14) Pause Remark
[2021-12-26T05:13:34.007+0000][4369][gc          ] GC(14) Pause Remark 56M->56M(512M) 9.321ms
[2021-12-26T05:13:34.008+0000][4369][gc,cpu      ] GC(14) User=0.02s Sys=0.00s Real=0.01s
[2021-12-26T05:13:34.008+0000][4369][safepoint   ] Safepoint "G1Concurrent", Time since last: 6875406 ns, Reaching safepoint: 100771 ns, At safepoint: 9399153 ns, Total: 9499924 ns
[2021-12-26T05:13:34.008+0000][4369][gc,marking  ] GC(14) Concurrent Mark 47.900ms
[2021-12-26T05:13:34.008+0000][4369][gc,marking  ] GC(14) Concurrent Rebuild Remembered Sets
[2021-12-26T05:13:34.067+0000][4369][gc,marking  ] GC(14) Concurrent Rebuild Remembered Sets 59.402ms
[2021-12-26T05:13:34.067+0000][4369][gc,start    ] GC(14) Pause Cleanup
[2021-12-26T05:13:34.067+0000][4369][gc          ] GC(14) Pause Cleanup 56M->56M(512M) 0.078ms
[2021-12-26T05:13:34.067+0000][4369][gc,cpu      ] GC(14) User=0.00s Sys=0.00s Real=0.00s
[2021-12-26T05:13:34.067+0000][4369][safepoint   ] Safepoint "G1Concurrent", Time since last: 59525087 ns, Reaching safepoint: 223754 ns, At safepoint: 122526 ns, Total: 346280 ns
[2021-12-26T05:13:34.067+0000][4369][gc,marking  ] GC(14) Concurrent Cleanup for Next Mark
[2021-12-26T05:13:34.068+0000][4369][gc,marking  ] GC(14) Concurrent Cleanup for Next Mark 1.016ms
[2021-12-26T05:13:34.069+0000][4369][gc          ] GC(14) Concurrent Mark Cycle 180.082ms
[2021-12-26T05:13:34.327+0000][4369][gc,heap,exit] Heap
[2021-12-26T05:13:34.327+0000][4369][gc,heap,exit]  garbage-first heap   total 524288K, used 119585K [0x00000000e0000000, 0x0000000100000000)
[2021-12-26T05:13:34.327+0000][4369][gc,heap,exit]   region size 4096K, 17 young (69632K), 1 survivors (4096K)
[2021-12-26T05:13:34.327+0000][4369][gc,heap,exit]  Metaspace       used 36666K, committed 37632K, reserved 1089536K
[2021-12-26T05:13:34.327+0000][4369][gc,heap,exit]   class space    used 4819K, committed 5184K, reserved 1048576K
