[2021-12-26T05:46:05.608+0000][6036][gc] Using G1
[2021-12-26T05:46:05.699+0000][6036][gc,init] Version: 17.0.1+12 (release)
[2021-12-26T05:46:05.699+0000][6036][gc,init] CPUs: 2 total, 2 available
[2021-12-26T05:46:05.699+0000][6036][gc,init] Memory: 3786M
[2021-12-26T05:46:05.699+0000][6036][gc,init] Large Page Support: Disabled
[2021-12-26T05:46:05.699+0000][6036][gc,init] NUMA Support: Disabled
[2021-12-26T05:46:05.699+0000][6036][gc,init] Compressed Oops: Enabled (32-bit)
[2021-12-26T05:46:05.699+0000][6036][gc,init] Heap Region Size: 4M
[2021-12-26T05:46:05.699+0000][6036][gc,init] Heap Min Capacity: 512M
[2021-12-26T05:46:05.699+0000][6036][gc,init] Heap Initial Capacity: 512M
[2021-12-26T05:46:05.699+0000][6036][gc,init] Heap Max Capacity: 512M
[2021-12-26T05:46:05.699+0000][6036][gc,init] Pre-touch: Enabled
[2021-12-26T05:46:05.699+0000][6036][gc,init] Parallel Workers: 2
[2021-12-26T05:46:05.699+0000][6036][gc,init] Concurrent Workers: 1
[2021-12-26T05:46:05.699+0000][6036][gc,init] Concurrent Refinement Workers: 2
[2021-12-26T05:46:05.699+0000][6036][gc,init] Periodic GC: Disabled
[2021-12-26T05:46:05.700+0000][6036][gc,metaspace] CDS archive(s) mapped at: [0x0000000800000000-0x0000000800bd1000-0x0000000800bd1000), size 12390400, SharedBaseAddress: 0x0000000800000000, ArchiveRelocationMode: 0.
[2021-12-26T05:46:05.700+0000][6036][gc,metaspace] Compressed class space mapped at: 0x0000000800c00000-0x0000000840c00000, reserved size: 1073741824
[2021-12-26T05:46:05.700+0000][6036][gc,metaspace] Narrow klass base: 0x0000000800000000, Narrow klass shift: 0, Narrow klass range: 0x100000000
[2021-12-26T05:46:06.264+0000][6036][safepoint   ] Safepoint "ICBufferFull", Time since last: 554800471 ns, Reaching safepoint: 248572 ns, At safepoint: 8836 ns, Total: 257408 ns
[2021-12-26T05:46:06.571+0000][6036][gc,start    ] GC(0) Pause Young (Normal) (G1 Evacuation Pause)
[2021-12-26T05:46:06.571+0000][6036][gc,task     ] GC(0) Using 2 workers of 2 for evacuation
[2021-12-26T05:46:06.571+0000][6036][gc,age      ] GC(0) Desired survivor size 2097152 bytes, new threshold 15 (max threshold 15)
[2021-12-26T05:46:06.581+0000][6036][gc,age      ] GC(0) Age table with threshold 15 (max threshold 15)
[2021-12-26T05:46:06.581+0000][6036][gc,age      ] GC(0) - age   1:    4081368 bytes,    4081368 total
[2021-12-26T05:46:06.581+0000][6036][gc,phases   ] GC(0)   Pre Evacuate Collection Set: 0.1ms
[2021-12-26T05:46:06.581+0000][6036][gc,phases   ] GC(0)   Merge Heap Roots: 0.0ms
[2021-12-26T05:46:06.581+0000][6036][gc,phases   ] GC(0)   Evacuate Collection Set: 9.0ms
[2021-12-26T05:46:06.581+0000][6036][gc,phases   ] GC(0)   Post Evacuate Collection Set: 0.7ms
[2021-12-26T05:46:06.581+0000][6036][gc,phases   ] GC(0)   Other: 0.2ms
[2021-12-26T05:46:06.581+0000][6036][gc,heap     ] GC(0) Eden regions: 6->0(5)
[2021-12-26T05:46:06.581+0000][6036][gc,heap     ] GC(0) Survivor regions: 0->1(1)
[2021-12-26T05:46:06.581+0000][6036][gc,heap     ] GC(0) Old regions: 0->0
[2021-12-26T05:46:06.581+0000][6036][gc,heap     ] GC(0) Archive regions: 2->2
[2021-12-26T05:46:06.581+0000][6036][gc,heap     ] GC(0) Humongous regions: 0->0
[2021-12-26T05:46:06.581+0000][6036][gc,metaspace] GC(0) Metaspace: 7492K(7616K)->7492K(7616K) NonClass: 6621K(6720K)->6621K(6720K) Class: 871K(896K)->871K(896K)
[2021-12-26T05:46:06.582+0000][6036][gc          ] GC(0) Pause Young (Normal) (G1 Evacuation Pause) 27M->7M(512M) 10.166ms
[2021-12-26T05:46:06.582+0000][6036][gc,cpu      ] GC(0) User=0.02s Sys=0.00s Real=0.01s
[2021-12-26T05:46:06.582+0000][6036][safepoint   ] Safepoint "G1CollectForAllocation", Time since last: 307526192 ns, Reaching safepoint: 48059 ns, At safepoint: 10330684 ns, Total: 10378743 ns
[2021-12-26T05:46:07.091+0000][6036][gc,start    ] GC(1) Pause Young (Normal) (G1 Evacuation Pause)
[2021-12-26T05:46:07.091+0000][6036][gc,task     ] GC(1) Using 2 workers of 2 for evacuation
[2021-12-26T05:46:07.091+0000][6036][gc,age      ] GC(1) Desired survivor size 2097152 bytes, new threshold 1 (max threshold 15)
[2021-12-26T05:46:07.106+0000][6036][gc,age      ] GC(1) Age table with threshold 1 (max threshold 15)
[2021-12-26T05:46:07.106+0000][6036][gc,age      ] GC(1) - age   1:    1600984 bytes,    1600984 total
[2021-12-26T05:46:07.106+0000][6036][gc,phases   ] GC(1)   Pre Evacuate Collection Set: 0.0ms
[2021-12-26T05:46:07.106+0000][6036][gc,phases   ] GC(1)   Merge Heap Roots: 0.0ms
[2021-12-26T05:46:07.106+0000][6036][gc,phases   ] GC(1)   Evacuate Collection Set: 13.6ms
[2021-12-26T05:46:07.106+0000][6036][gc,phases   ] GC(1)   Post Evacuate Collection Set: 0.7ms
[2021-12-26T05:46:07.106+0000][6036][gc,phases   ] GC(1)   Other: 0.2ms
[2021-12-26T05:46:07.106+0000][6036][gc,heap     ] GC(1) Eden regions: 5->0(5)
[2021-12-26T05:46:07.106+0000][6036][gc,heap     ] GC(1) Survivor regions: 1->1(1)
[2021-12-26T05:46:07.106+0000][6036][gc,heap     ] GC(1) Old regions: 0->1
[2021-12-26T05:46:07.106+0000][6036][gc,heap     ] GC(1) Archive regions: 2->2
[2021-12-26T05:46:07.106+0000][6036][gc,heap     ] GC(1) Humongous regions: 0->0
[2021-12-26T05:46:07.106+0000][6036][gc,metaspace] GC(1) Metaspace: 11102K(11328K)->11102K(11328K) NonClass: 9697K(9856K)->9697K(9856K) Class: 1404K(1472K)->1404K(1472K)
[2021-12-26T05:46:07.106+0000][6036][gc          ] GC(1) Pause Young (Normal) (G1 Evacuation Pause) 27M->9M(512M) 14.642ms
[2021-12-26T05:46:07.106+0000][6036][gc,cpu      ] GC(1) User=0.02s Sys=0.00s Real=0.02s
[2021-12-26T05:46:07.106+0000][6036][safepoint   ] Safepoint "G1CollectForAllocation", Time since last: 508805999 ns, Reaching safepoint: 791510 ns, At safepoint: 14728015 ns, Total: 15519525 ns
[2021-12-26T05:46:07.503+0000][6036][gc,start    ] GC(2) Pause Young (Normal) (G1 Evacuation Pause)
[2021-12-26T05:46:07.503+0000][6036][gc,task     ] GC(2) Using 2 workers of 2 for evacuation
[2021-12-26T05:46:07.503+0000][6036][gc,age      ] GC(2) Desired survivor size 2097152 bytes, new threshold 15 (max threshold 15)
[2021-12-26T05:46:07.509+0000][6036][gc,age      ] GC(2) Age table with threshold 15 (max threshold 15)
[2021-12-26T05:46:07.509+0000][6036][gc,age      ] GC(2) - age   1:    1208368 bytes,    1208368 total
[2021-12-26T05:46:07.509+0000][6036][gc,age      ] GC(2) - age   2:    1528920 bytes,    2737288 total
[2021-12-26T05:46:07.509+0000][6036][gc,phases   ] GC(2)   Pre Evacuate Collection Set: 0.1ms
[2021-12-26T05:46:07.509+0000][6036][gc,phases   ] GC(2)   Merge Heap Roots: 0.1ms
[2021-12-26T05:46:07.509+0000][6036][gc,phases   ] GC(2)   Evacuate Collection Set: 4.5ms
[2021-12-26T05:46:07.509+0000][6036][gc,phases   ] GC(2)   Post Evacuate Collection Set: 0.8ms
[2021-12-26T05:46:07.509+0000][6036][gc,phases   ] GC(2)   Other: 0.2ms
[2021-12-26T05:46:07.509+0000][6036][gc,heap     ] GC(2) Eden regions: 5->0(6)
[2021-12-26T05:46:07.509+0000][6036][gc,heap     ] GC(2) Survivor regions: 1->1(1)
[2021-12-26T05:46:07.509+0000][6036][gc,heap     ] GC(2) Old regions: 1->1
[2021-12-26T05:46:07.509+0000][6036][gc,heap     ] GC(2) Archive regions: 2->2
[2021-12-26T05:46:07.509+0000][6036][gc,heap     ] GC(2) Humongous regions: 0->0
[2021-12-26T05:46:07.509+0000][6036][gc,metaspace] GC(2) Metaspace: 13213K(13504K)->13213K(13504K) NonClass: 11583K(11712K)->11583K(11712K) Class: 1630K(1792K)->1630K(1792K)
[2021-12-26T05:46:07.509+0000][6036][gc          ] GC(2) Pause Young (Normal) (G1 Evacuation Pause) 29M->10M(512M) 5.643ms
[2021-12-26T05:46:07.509+0000][6036][gc,cpu      ] GC(2) User=0.01s Sys=0.00s Real=0.01s
[2021-12-26T05:46:07.509+0000][6036][safepoint   ] Safepoint "G1CollectForAllocation", Time since last: 397185045 ns, Reaching safepoint: 181337 ns, At safepoint: 5713815 ns, Total: 5895152 ns
[2021-12-26T05:46:08.044+0000][6036][gc,start    ] GC(3) Pause Young (Normal) (G1 Evacuation Pause)
[2021-12-26T05:46:08.044+0000][6036][gc,task     ] GC(3) Using 2 workers of 2 for evacuation
[2021-12-26T05:46:08.044+0000][6036][gc,age      ] GC(3) Desired survivor size 2097152 bytes, new threshold 2 (max threshold 15)
[2021-12-26T05:46:08.051+0000][6036][gc,age      ] GC(3) Age table with threshold 2 (max threshold 15)
[2021-12-26T05:46:08.051+0000][6036][gc,age      ] GC(3) - age   1:     791224 bytes,     791224 total
[2021-12-26T05:46:08.051+0000][6036][gc,age      ] GC(3) - age   2:    1194904 bytes,    1986128 total
[2021-12-26T05:46:08.051+0000][6036][gc,phases   ] GC(3)   Pre Evacuate Collection Set: 0.1ms
[2021-12-26T05:46:08.051+0000][6036][gc,phases   ] GC(3)   Merge Heap Roots: 0.1ms
[2021-12-26T05:46:08.051+0000][6036][gc,phases   ] GC(3)   Evacuate Collection Set: 6.1ms
[2021-12-26T05:46:08.051+0000][6036][gc,phases   ] GC(3)   Post Evacuate Collection Set: 0.6ms
[2021-12-26T05:46:08.051+0000][6036][gc,phases   ] GC(3)   Other: 0.2ms
[2021-12-26T05:46:08.051+0000][6036][gc,heap     ] GC(3) Eden regions: 6->0(11)
[2021-12-26T05:46:08.051+0000][6036][gc,heap     ] GC(3) Survivor regions: 1->1(1)
[2021-12-26T05:46:08.051+0000][6036][gc,heap     ] GC(3) Old regions: 1->2
[2021-12-26T05:46:08.051+0000][6036][gc,heap     ] GC(3) Archive regions: 2->2
[2021-12-26T05:46:08.051+0000][6036][gc,heap     ] GC(3) Humongous regions: 0->0
[2021-12-26T05:46:08.051+0000][6036][gc,metaspace] GC(3) Metaspace: 14796K(15104K)->14796K(15104K) NonClass: 13018K(13184K)->13018K(13184K) Class: 1777K(1920K)->1777K(1920K)
[2021-12-26T05:46:08.051+0000][6036][gc          ] GC(3) Pause Young (Normal) (G1 Evacuation Pause) 34M->11M(512M) 7.091ms
[2021-12-26T05:46:08.051+0000][6036][gc,cpu      ] GC(3) User=0.00s Sys=0.00s Real=0.00s
[2021-12-26T05:46:08.051+0000][6036][safepoint   ] Safepoint "G1CollectForAllocation", Time since last: 535132975 ns, Reaching safepoint: 108556 ns, At safepoint: 7168018 ns, Total: 7276574 ns
[2021-12-26T05:46:08.308+0000][6036][gc,start    ] GC(4) Pause Young (Normal) (G1 Evacuation Pause)
[2021-12-26T05:46:08.308+0000][6036][gc,task     ] GC(4) Using 2 workers of 2 for evacuation
[2021-12-26T05:46:08.308+0000][6036][gc,age      ] GC(4) Desired survivor size 4194304 bytes, new threshold 15 (max threshold 15)
[2021-12-26T05:46:08.316+0000][6036][gc,age      ] GC(4) Age table with threshold 15 (max threshold 15)
[2021-12-26T05:46:08.316+0000][6036][gc,age      ] GC(4) - age   1:    1774928 bytes,    1774928 total
[2021-12-26T05:46:08.316+0000][6036][gc,age      ] GC(4) - age   2:     752800 bytes,    2527728 total
[2021-12-26T05:46:08.316+0000][6036][gc,age      ] GC(4) - age   3:    1186352 bytes,    3714080 total
[2021-12-26T05:46:08.316+0000][6036][gc,phases   ] GC(4)   Pre Evacuate Collection Set: 0.0ms
[2021-12-26T05:46:08.317+0000][6036][gc,phases   ] GC(4)   Merge Heap Roots: 0.0ms
[2021-12-26T05:46:08.317+0000][6036][gc,phases   ] GC(4)   Evacuate Collection Set: 8.0ms
[2021-12-26T05:46:08.317+0000][6036][gc,phases   ] GC(4)   Post Evacuate Collection Set: 0.5ms
[2021-12-26T05:46:08.317+0000][6036][gc,phases   ] GC(4)   Other: 0.2ms
[2021-12-26T05:46:08.317+0000][6036][gc,heap     ] GC(4) Eden regions: 11->0(59)
[2021-12-26T05:46:08.317+0000][6036][gc,heap     ] GC(4) Survivor regions: 1->1(2)
[2021-12-26T05:46:08.317+0000][6036][gc,heap     ] GC(4) Old regions: 2->2
[2021-12-26T05:46:08.317+0000][6036][gc,heap     ] GC(4) Archive regions: 2->2
[2021-12-26T05:46:08.317+0000][6036][gc,heap     ] GC(4) Humongous regions: 0->0
[2021-12-26T05:46:08.317+0000][6036][gc,metaspace] GC(4) Metaspace: 15178K(15424K)->15178K(15424K) NonClass: 13372K(13504K)->13372K(13504K) Class: 1805K(1920K)->1805K(1920K)
[2021-12-26T05:46:08.317+0000][6036][gc          ] GC(4) Pause Young (Normal) (G1 Evacuation Pause) 55M->13M(512M) 8.829ms
[2021-12-26T05:46:08.317+0000][6036][gc,cpu      ] GC(4) User=0.01s Sys=0.00s Real=0.01s
[2021-12-26T05:46:08.317+0000][6036][safepoint   ] Safepoint "G1CollectForAllocation", Time since last: 256288854 ns, Reaching safepoint: 71211 ns, At safepoint: 8897850 ns, Total: 8969061 ns
[2021-12-26T05:46:08.611+0000][6036][safepoint   ] Safepoint "ICBufferFull", Time since last: 294632033 ns, Reaching safepoint: 161318 ns, At safepoint: 4938 ns, Total: 166256 ns
[2021-12-26T05:46:08.616+0000][6036][safepoint   ] Safepoint "ICBufferFull", Time since last: 4193058 ns, Reaching safepoint: 23510 ns, At safepoint: 3036 ns, Total: 26546 ns
[2021-12-26T05:46:08.618+0000][6036][safepoint   ] Safepoint "ICBufferFull", Time since last: 2197454 ns, Reaching safepoint: 20492 ns, At safepoint: 3292 ns, Total: 23784 ns
[2021-12-26T05:46:08.619+0000][6036][safepoint   ] Safepoint "ICBufferFull", Time since last: 1548565 ns, Reaching safepoint: 20875 ns, At safepoint: 2745 ns, Total: 23620 ns
[2021-12-26T05:46:08.621+0000][6036][safepoint   ] Safepoint "ICBufferFull", Time since last: 1119672 ns, Reaching safepoint: 19806 ns, At safepoint: 2734 ns, Total: 22540 ns
[2021-12-26T05:46:08.934+0000][6036][safepoint   ] Safepoint "ICBufferFull", Time since last: 313504263 ns, Reaching safepoint: 99862 ns, At safepoint: 9259 ns, Total: 109121 ns
[2021-12-26T05:46:09.160+0000][6036][gc,start    ] GC(5) Pause Young (Normal) (G1 Evacuation Pause)
[2021-12-26T05:46:09.160+0000][6036][gc,task     ] GC(5) Using 2 workers of 2 for evacuation
[2021-12-26T05:46:09.160+0000][6036][gc,age      ] GC(5) Desired survivor size 16777216 bytes, new threshold 15 (max threshold 15)
[2021-12-26T05:46:09.171+0000][6036][gc,age      ] GC(5) Age table with threshold 15 (max threshold 15)
[2021-12-26T05:46:09.171+0000][6036][gc,age      ] GC(5) - age   1:    4370464 bytes,    4370464 total
[2021-12-26T05:46:09.171+0000][6036][gc,age      ] GC(5) - age   2:     417680 bytes,    4788144 total
[2021-12-26T05:46:09.171+0000][6036][gc,age      ] GC(5) - age   3:     752216 bytes,    5540360 total
[2021-12-26T05:46:09.171+0000][6036][gc,age      ] GC(5) - age   4:    1186024 bytes,    6726384 total
[2021-12-26T05:46:09.171+0000][6036][gc,phases   ] GC(5)   Pre Evacuate Collection Set: 0.1ms
[2021-12-26T05:46:09.171+0000][6036][gc,phases   ] GC(5)   Merge Heap Roots: 0.0ms
[2021-12-26T05:46:09.171+0000][6036][gc,phases   ] GC(5)   Evacuate Collection Set: 10.0ms
[2021-12-26T05:46:09.171+0000][6036][gc,phases   ] GC(5)   Post Evacuate Collection Set: 0.8ms
[2021-12-26T05:46:09.171+0000][6036][gc,phases   ] GC(5)   Other: 0.3ms
[2021-12-26T05:46:09.171+0000][6036][gc,heap     ] GC(5) Eden regions: 59->0(74)
[2021-12-26T05:46:09.171+0000][6036][gc,heap     ] GC(5) Survivor regions: 1->2(8)
[2021-12-26T05:46:09.171+0000][6036][gc,heap     ] GC(5) Old regions: 2->2
[2021-12-26T05:46:09.171+0000][6036][gc,heap     ] GC(5) Archive regions: 2->2
[2021-12-26T05:46:09.171+0000][6036][gc,heap     ] GC(5) Humongous regions: 0->0
[2021-12-26T05:46:09.172+0000][6036][gc,metaspace] GC(5) Metaspace: 17892K(18176K)->17892K(18176K) NonClass: 15708K(15872K)->15708K(15872K) Class: 2184K(2304K)->2184K(2304K)
[2021-12-26T05:46:09.172+0000][6036][gc          ] GC(5) Pause Young (Normal) (G1 Evacuation Pause) 249M->15M(512M) 11.356ms
[2021-12-26T05:46:09.172+0000][6036][gc,cpu      ] GC(5) User=0.02s Sys=0.00s Real=0.01s
[2021-12-26T05:46:09.172+0000][6036][safepoint   ] Safepoint "G1CollectForAllocation", Time since last: 225895540 ns, Reaching safepoint: 61212 ns, At safepoint: 11448379 ns, Total: 11509591 ns
[2021-12-26T05:46:09.841+0000][6036][gc,start    ] GC(6) Pause Young (Normal) (G1 Evacuation Pause)
[2021-12-26T05:46:09.841+0000][6036][gc,task     ] GC(6) Using 2 workers of 2 for evacuation
[2021-12-26T05:46:09.841+0000][6036][gc,age      ] GC(6) Desired survivor size 20971520 bytes, new threshold 15 (max threshold 15)
[2021-12-26T05:46:09.855+0000][6036][gc,age      ] GC(6) Age table with threshold 15 (max threshold 15)
[2021-12-26T05:46:09.855+0000][6036][gc,age      ] GC(6) - age   1:    4741080 bytes,    4741080 total
[2021-12-26T05:46:09.855+0000][6036][gc,age      ] GC(6) - age   2:    3564520 bytes,    8305600 total
[2021-12-26T05:46:09.855+0000][6036][gc,age      ] GC(6) - age   3:     417600 bytes,    8723200 total
[2021-12-26T05:46:09.855+0000][6036][gc,age      ] GC(6) - age   4:     752216 bytes,    9475416 total
[2021-12-26T05:46:09.855+0000][6036][gc,age      ] GC(6) - age   5:    1186024 bytes,   10661440 total
[2021-12-26T05:46:09.855+0000][6036][gc,phases   ] GC(6)   Pre Evacuate Collection Set: 0.1ms
[2021-12-26T05:46:09.855+0000][6036][gc,phases   ] GC(6)   Merge Heap Roots: 0.0ms
[2021-12-26T05:46:09.855+0000][6036][gc,phases   ] GC(6)   Evacuate Collection Set: 13.1ms
[2021-12-26T05:46:09.855+0000][6036][gc,phases   ] GC(6)   Post Evacuate Collection Set: 0.9ms
[2021-12-26T05:46:09.855+0000][6036][gc,phases   ] GC(6)   Other: 0.3ms
[2021-12-26T05:46:09.855+0000][6036][gc,heap     ] GC(6) Eden regions: 74->0(73)
[2021-12-26T05:46:09.855+0000][6036][gc,heap     ] GC(6) Survivor regions: 2->3(10)
[2021-12-26T05:46:09.855+0000][6036][gc,heap     ] GC(6) Old regions: 2->2
[2021-12-26T05:46:09.855+0000][6036][gc,heap     ] GC(6) Archive regions: 2->2
[2021-12-26T05:46:09.855+0000][6036][gc,heap     ] GC(6) Humongous regions: 0->0
[2021-12-26T05:46:09.855+0000][6036][gc,metaspace] GC(6) Metaspace: 18783K(19136K)->18783K(19136K) NonClass: 16472K(16704K)->16472K(16704K) Class: 2310K(2432K)->2310K(2432K)
[2021-12-26T05:46:09.855+0000][6036][gc          ] GC(6) Pause Young (Normal) (G1 Evacuation Pause) 311M->20M(512M) 14.506ms
[2021-12-26T05:46:09.855+0000][6036][gc,cpu      ] GC(6) User=0.03s Sys=0.00s Real=0.02s
[2021-12-26T05:46:09.855+0000][6036][safepoint   ] Safepoint "G1CollectForAllocation", Time since last: 669250848 ns, Reaching safepoint: 48619 ns, At safepoint: 14588981 ns, Total: 14637600 ns
[2021-12-26T05:46:10.454+0000][6036][gc,start    ] GC(7) Pause Young (Normal) (G1 Evacuation Pause)
[2021-12-26T05:46:10.454+0000][6036][gc,task     ] GC(7) Using 2 workers of 2 for evacuation
[2021-12-26T05:46:10.454+0000][6036][gc,age      ] GC(7) Desired survivor size 20971520 bytes, new threshold 15 (max threshold 15)
[2021-12-26T05:46:10.466+0000][6036][gc,age      ] GC(7) Age table with threshold 15 (max threshold 15)
[2021-12-26T05:46:10.466+0000][6036][gc,age      ] GC(7) - age   1:    1570816 bytes,    1570816 total
[2021-12-26T05:46:10.466+0000][6036][gc,age      ] GC(7) - age   2:    3821056 bytes,    5391872 total
[2021-12-26T05:46:10.466+0000][6036][gc,age      ] GC(7) - age   3:    3564152 bytes,    8956024 total
[2021-12-26T05:46:10.466+0000][6036][gc,age      ] GC(7) - age   4:     417600 bytes,    9373624 total
[2021-12-26T05:46:10.466+0000][6036][gc,age      ] GC(7) - age   5:     752216 bytes,   10125840 total
[2021-12-26T05:46:10.466+0000][6036][gc,age      ] GC(7) - age   6:    1185880 bytes,   11311720 total
[2021-12-26T05:46:10.466+0000][6036][gc,phases   ] GC(7)   Pre Evacuate Collection Set: 0.1ms
[2021-12-26T05:46:10.466+0000][6036][gc,phases   ] GC(7)   Merge Heap Roots: 0.1ms
[2021-12-26T05:46:10.466+0000][6036][gc,phases   ] GC(7)   Evacuate Collection Set: 10.5ms
[2021-12-26T05:46:10.466+0000][6036][gc,phases   ] GC(7)   Post Evacuate Collection Set: 0.8ms
[2021-12-26T05:46:10.466+0000][6036][gc,phases   ] GC(7)   Other: 0.2ms
[2021-12-26T05:46:10.466+0000][6036][gc,heap     ] GC(7) Eden regions: 73->0(73)
[2021-12-26T05:46:10.466+0000][6036][gc,heap     ] GC(7) Survivor regions: 3->3(10)
[2021-12-26T05:46:10.466+0000][6036][gc,heap     ] GC(7) Old regions: 2->2
[2021-12-26T05:46:10.466+0000][6036][gc,heap     ] GC(7) Archive regions: 2->2
[2021-12-26T05:46:10.466+0000][6036][gc,heap     ] GC(7) Humongous regions: 0->0
[2021-12-26T05:46:10.466+0000][6036][gc,metaspace] GC(7) Metaspace: 19554K(20032K)->19554K(20032K) NonClass: 17132K(17408K)->17132K(17408K) Class: 2422K(2624K)->2422K(2624K)
[2021-12-26T05:46:10.466+0000][6036][gc          ] GC(7) Pause Young (Normal) (G1 Evacuation Pause) 312M->20M(512M) 11.785ms
[2021-12-26T05:46:10.466+0000][6036][gc,cpu      ] GC(7) User=0.02s Sys=0.00s Real=0.02s
[2021-12-26T05:46:10.466+0000][6036][safepoint   ] Safepoint "G1CollectForAllocation", Time since last: 598365710 ns, Reaching safepoint: 85677 ns, At safepoint: 11865810 ns, Total: 11951487 ns
[2021-12-26T05:46:11.079+0000][6036][gc,start    ] GC(8) Pause Young (Normal) (G1 Evacuation Pause)
[2021-12-26T05:46:11.079+0000][6036][gc,task     ] GC(8) Using 2 workers of 2 for evacuation
[2021-12-26T05:46:11.079+0000][6036][gc,age      ] GC(8) Desired survivor size 20971520 bytes, new threshold 15 (max threshold 15)
[2021-12-26T05:46:11.093+0000][6036][gc,age      ] GC(8) Age table with threshold 15 (max threshold 15)
[2021-12-26T05:46:11.093+0000][6036][gc,age      ] GC(8) - age   1:    3607760 bytes,    3607760 total
[2021-12-26T05:46:11.093+0000][6036][gc,age      ] GC(8) - age   2:     606008 bytes,    4213768 total
[2021-12-26T05:46:11.093+0000][6036][gc,age      ] GC(8) - age   3:    3817040 bytes,    8030808 total
[2021-12-26T05:46:11.093+0000][6036][gc,age      ] GC(8) - age   4:    3562720 bytes,   11593528 total
[2021-12-26T05:46:11.093+0000][6036][gc,age      ] GC(8) - age   5:     417600 bytes,   12011128 total
[2021-12-26T05:46:11.093+0000][6036][gc,age      ] GC(8) - age   6:     751504 bytes,   12762632 total
[2021-12-26T05:46:11.093+0000][6036][gc,age      ] GC(8) - age   7:    1185784 bytes,   13948416 total
[2021-12-26T05:46:11.093+0000][6036][gc,phases   ] GC(8)   Pre Evacuate Collection Set: 0.0ms
[2021-12-26T05:46:11.093+0000][6036][gc,phases   ] GC(8)   Merge Heap Roots: 0.1ms
[2021-12-26T05:46:11.093+0000][6036][gc,phases   ] GC(8)   Evacuate Collection Set: 12.6ms
[2021-12-26T05:46:11.093+0000][6036][gc,phases   ] GC(8)   Post Evacuate Collection Set: 0.8ms
[2021-12-26T05:46:11.093+0000][6036][gc,phases   ] GC(8)   Other: 0.2ms
[2021-12-26T05:46:11.093+0000][6036][gc,heap     ] GC(8) Eden regions: 73->0(72)
[2021-12-26T05:46:11.093+0000][6036][gc,heap     ] GC(8) Survivor regions: 3->4(10)
[2021-12-26T05:46:11.093+0000][6036][gc,heap     ] GC(8) Old regions: 2->2
[2021-12-26T05:46:11.093+0000][6036][gc,heap     ] GC(8) Archive regions: 2->2
[2021-12-26T05:46:11.093+0000][6036][gc,heap     ] GC(8) Humongous regions: 0->0
[2021-12-26T05:46:11.093+0000][6036][gc,metaspace] GC(8) Metaspace: 20570K(21120K)->20570K(21120K) NonClass: 18009K(18304K)->18009K(18304K) Class: 2560K(2816K)->2560K(2816K)
[2021-12-26T05:46:11.093+0000][6036][gc          ] GC(8) Pause Young (Normal) (G1 Evacuation Pause) 312M->23M(512M) 14.033ms
[2021-12-26T05:46:11.093+0000][6036][gc,cpu      ] GC(8) User=0.02s Sys=0.00s Real=0.01s
[2021-12-26T05:46:11.093+0000][6036][safepoint   ] Safepoint "G1CollectForAllocation", Time since last: 613207336 ns, Reaching safepoint: 172859 ns, At safepoint: 14128179 ns, Total: 14301038 ns
[2021-12-26T05:46:11.595+0000][6036][gc,start    ] GC(9) Pause Young (Normal) (G1 Evacuation Pause)
[2021-12-26T05:46:11.596+0000][6036][gc,task     ] GC(9) Using 2 workers of 2 for evacuation
[2021-12-26T05:46:11.596+0000][6036][gc,age      ] GC(9) Desired survivor size 20971520 bytes, new threshold 15 (max threshold 15)
[2021-12-26T05:46:11.611+0000][6036][gc,age      ] GC(9) Age table with threshold 15 (max threshold 15)
[2021-12-26T05:46:11.611+0000][6036][gc,age      ] GC(9) - age   1:    2702928 bytes,    2702928 total
[2021-12-26T05:46:11.611+0000][6036][gc,age      ] GC(9) - age   2:    1722320 bytes,    4425248 total
[2021-12-26T05:46:11.611+0000][6036][gc,age      ] GC(9) - age   3:     603928 bytes,    5029176 total
[2021-12-26T05:46:11.611+0000][6036][gc,age      ] GC(9) - age   4:    3816976 bytes,    8846152 total
[2021-12-26T05:46:11.611+0000][6036][gc,age      ] GC(9) - age   5:    3561296 bytes,   12407448 total
[2021-12-26T05:46:11.611+0000][6036][gc,age      ] GC(9) - age   6:     417600 bytes,   12825048 total
[2021-12-26T05:46:11.611+0000][6036][gc,age      ] GC(9) - age   7:     751504 bytes,   13576552 total
[2021-12-26T05:46:11.611+0000][6036][gc,age      ] GC(9) - age   8:    1185784 bytes,   14762336 total
[2021-12-26T05:46:11.611+0000][6036][gc,phases   ] GC(9)   Pre Evacuate Collection Set: 0.5ms
[2021-12-26T05:46:11.611+0000][6036][gc,phases   ] GC(9)   Merge Heap Roots: 0.1ms
[2021-12-26T05:46:11.611+0000][6036][gc,phases   ] GC(9)   Evacuate Collection Set: 13.6ms
[2021-12-26T05:46:11.611+0000][6036][gc,phases   ] GC(9)   Post Evacuate Collection Set: 0.8ms
[2021-12-26T05:46:11.611+0000][6036][gc,phases   ] GC(9)   Other: 0.2ms
[2021-12-26T05:46:11.611+0000][6036][gc,heap     ] GC(9) Eden regions: 72->0(72)
[2021-12-26T05:46:11.611+0000][6036][gc,heap     ] GC(9) Survivor regions: 4->4(10)
[2021-12-26T05:46:11.611+0000][6036][gc,heap     ] GC(9) Old regions: 2->2
[2021-12-26T05:46:11.611+0000][6036][gc,heap     ] GC(9) Archive regions: 2->2
[2021-12-26T05:46:11.611+0000][6036][gc,heap     ] GC(9) Humongous regions: 0->0
[2021-12-26T05:46:11.611+0000][6036][gc,metaspace] GC(9) Metaspace: 20911K(21504K)->20911K(21504K) NonClass: 18300K(18624K)->18300K(18624K) Class: 2610K(2880K)->2610K(2880K)
[2021-12-26T05:46:11.611+0000][6036][gc          ] GC(9) Pause Young (Normal) (G1 Evacuation Pause) 311M->24M(512M) 15.351ms
[2021-12-26T05:46:11.611+0000][6036][gc,cpu      ] GC(9) User=0.03s Sys=0.00s Real=0.01s
[2021-12-26T05:46:11.611+0000][6036][safepoint   ] Safepoint "G1CollectForAllocation", Time since last: 502051128 ns, Reaching safepoint: 80143 ns, At safepoint: 15431345 ns, Total: 15511488 ns
[2021-12-26T05:46:11.774+0000][6036][gc,start    ] GC(10) Pause Young (Concurrent Start) (Metadata GC Threshold)
[2021-12-26T05:46:11.774+0000][6036][gc,task     ] GC(10) Using 2 workers of 2 for evacuation
[2021-12-26T05:46:11.774+0000][6036][gc,age      ] GC(10) Desired survivor size 20971520 bytes, new threshold 15 (max threshold 15)
[2021-12-26T05:46:11.788+0000][6036][gc,age      ] GC(10) Age table with threshold 15 (max threshold 15)
[2021-12-26T05:46:11.788+0000][6036][gc,age      ] GC(10) - age   1:     292832 bytes,     292832 total
[2021-12-26T05:46:11.788+0000][6036][gc,age      ] GC(10) - age   2:     774352 bytes,    1067184 total
[2021-12-26T05:46:11.788+0000][6036][gc,age      ] GC(10) - age   3:    1722320 bytes,    2789504 total
[2021-12-26T05:46:11.788+0000][6036][gc,age      ] GC(10) - age   4:     603928 bytes,    3393432 total
[2021-12-26T05:46:11.788+0000][6036][gc,age      ] GC(10) - age   5:    3816736 bytes,    7210168 total
[2021-12-26T05:46:11.788+0000][6036][gc,age      ] GC(10) - age   6:    3561296 bytes,   10771464 total
[2021-12-26T05:46:11.788+0000][6036][gc,age      ] GC(10) - age   7:     417600 bytes,   11189064 total
[2021-12-26T05:46:11.788+0000][6036][gc,age      ] GC(10) - age   8:     751504 bytes,   11940568 total
[2021-12-26T05:46:11.788+0000][6036][gc,age      ] GC(10) - age   9:    1185784 bytes,   13126352 total
[2021-12-26T05:46:11.788+0000][6036][gc,phases   ] GC(10)   Pre Evacuate Collection Set: 0.1ms
[2021-12-26T05:46:11.788+0000][6036][gc,phases   ] GC(10)   Merge Heap Roots: 0.0ms
[2021-12-26T05:46:11.788+0000][6036][gc,phases   ] GC(10)   Evacuate Collection Set: 12.4ms
[2021-12-26T05:46:11.788+0000][6036][gc,phases   ] GC(10)   Post Evacuate Collection Set: 0.8ms
[2021-12-26T05:46:11.788+0000][6036][gc,phases   ] GC(10)   Other: 0.3ms
[2021-12-26T05:46:11.788+0000][6036][gc,heap     ] GC(10) Eden regions: 28->0(72)
[2021-12-26T05:46:11.788+0000][6036][gc,heap     ] GC(10) Survivor regions: 4->4(10)
[2021-12-26T05:46:11.788+0000][6036][gc,heap     ] GC(10) Old regions: 2->2
[2021-12-26T05:46:11.788+0000][6036][gc,heap     ] GC(10) Archive regions: 2->2
[2021-12-26T05:46:11.788+0000][6036][gc,heap     ] GC(10) Humongous regions: 0->0
[2021-12-26T05:46:11.788+0000][6036][gc,metaspace] GC(10) Metaspace: 20950K(21504K)->20950K(21504K) NonClass: 18330K(18624K)->18330K(18624K) Class: 2620K(2880K)->2620K(2880K)
[2021-12-26T05:46:11.788+0000][6036][gc          ] GC(10) Pause Young (Concurrent Start) (Metadata GC Threshold) 134M->22M(512M) 13.767ms
[2021-12-26T05:46:11.788+0000][6036][gc,cpu      ] GC(10) User=0.02s Sys=0.00s Real=0.01s
[2021-12-26T05:46:11.788+0000][6036][safepoint   ] Safepoint "CollectForMetadataAllocation", Time since last: 163385026 ns, Reaching safepoint: 35767 ns, At safepoint: 13909610 ns, Total: 13945377 ns
[2021-12-26T05:46:11.797+0000][6036][gc          ] GC(11) Concurrent Mark Cycle
[2021-12-26T05:46:11.797+0000][6036][gc,marking  ] GC(11) Concurrent Clear Claimed Marks
[2021-12-26T05:46:11.797+0000][6036][gc,marking  ] GC(11) Concurrent Clear Claimed Marks 0.038ms
[2021-12-26T05:46:11.797+0000][6036][gc,marking  ] GC(11) Concurrent Scan Root Regions
[2021-12-26T05:46:11.808+0000][6036][gc,marking  ] GC(11) Concurrent Scan Root Regions 11.074ms
[2021-12-26T05:46:11.808+0000][6036][gc,marking  ] GC(11) Concurrent Mark
[2021-12-26T05:46:11.808+0000][6036][gc,marking  ] GC(11) Concurrent Mark From Roots
[2021-12-26T05:46:11.808+0000][6036][gc,task     ] GC(11) Using 1 workers of 1 for marking
[2021-12-26T05:46:11.828+0000][6036][gc,marking  ] GC(11) Concurrent Mark From Roots 19.796ms
[2021-12-26T05:46:11.828+0000][6036][gc,marking  ] GC(11) Concurrent Preclean
[2021-12-26T05:46:11.828+0000][6036][gc,marking  ] GC(11) Concurrent Preclean 0.091ms
[2021-12-26T05:46:11.834+0000][6036][gc,start    ] GC(11) Pause Remark
[2021-12-26T05:46:11.844+0000][6036][gc          ] GC(11) Pause Remark 50M->50M(512M) 9.956ms
[2021-12-26T05:46:11.844+0000][6036][gc,cpu      ] GC(11) User=0.02s Sys=0.00s Real=0.01s
[2021-12-26T05:46:11.844+0000][6036][safepoint   ] Safepoint "G1Concurrent", Time since last: 45355468 ns, Reaching safepoint: 27788 ns, At safepoint: 10031877 ns, Total: 10059665 ns
[2021-12-26T05:46:11.845+0000][6036][gc,marking  ] GC(11) Concurrent Mark 36.813ms
[2021-12-26T05:46:11.845+0000][6036][gc,marking  ] GC(11) Concurrent Rebuild Remembered Sets
[2021-12-26T05:46:11.856+0000][6036][gc,marking  ] GC(11) Concurrent Rebuild Remembered Sets 10.942ms
[2021-12-26T05:46:11.856+0000][6036][gc,start    ] GC(11) Pause Cleanup
[2021-12-26T05:46:11.856+0000][6036][gc          ] GC(11) Pause Cleanup 60M->60M(512M) 0.057ms
[2021-12-26T05:46:11.856+0000][6036][gc,cpu      ] GC(11) User=0.00s Sys=0.00s Real=0.00s
[2021-12-26T05:46:11.856+0000][6036][safepoint   ] Safepoint "G1Concurrent", Time since last: 12477772 ns, Reaching safepoint: 24593 ns, At safepoint: 91185 ns, Total: 115778 ns
[2021-12-26T05:46:11.856+0000][6036][gc,marking  ] GC(11) Concurrent Cleanup for Next Mark
[2021-12-26T05:46:11.874+0000][6036][gc,marking  ] GC(11) Concurrent Cleanup for Next Mark 17.823ms
[2021-12-26T05:46:11.874+0000][6036][gc          ] GC(11) Concurrent Mark Cycle 77.070ms
[2021-12-26T05:46:12.390+0000][6036][safepoint   ] Safepoint "ICBufferFull", Time since last: 533719429 ns, Reaching safepoint: 263448 ns, At safepoint: 11884 ns, Total: 275332 ns
[2021-12-26T05:46:12.419+0000][6036][safepoint   ] Safepoint "ICBufferFull", Time since last: 28742922 ns, Reaching safepoint: 33423 ns, At safepoint: 3503 ns, Total: 36926 ns
[2021-12-26T05:46:12.420+0000][6036][safepoint   ] Safepoint "ICBufferFull", Time since last: 1060268 ns, Reaching safepoint: 25103 ns, At safepoint: 2943 ns, Total: 28046 ns
[2021-12-26T05:46:12.421+0000][6036][safepoint   ] Safepoint "ICBufferFull", Time since last: 1082878 ns, Reaching safepoint: 20861 ns, At safepoint: 2784 ns, Total: 23645 ns
[2021-12-26T05:46:12.440+0000][6036][safepoint   ] Safepoint "ICBufferFull", Time since last: 19068956 ns, Reaching safepoint: 29472 ns, At safepoint: 3139 ns, Total: 32611 ns
[2021-12-26T05:46:12.441+0000][6036][safepoint   ] Safepoint "ICBufferFull", Time since last: 1037504 ns, Reaching safepoint: 22557 ns, At safepoint: 2934 ns, Total: 25491 ns
[2021-12-26T05:46:12.510+0000][6036][safepoint   ] Safepoint "ICBufferFull", Time since last: 68900954 ns, Reaching safepoint: 45385 ns, At safepoint: 4479 ns, Total: 49864 ns
[2021-12-26T05:46:12.518+0000][6036][safepoint   ] Safepoint "ICBufferFull", Time since last: 7165740 ns, Reaching safepoint: 139299 ns, At safepoint: 5270 ns, Total: 144569 ns
[2021-12-26T05:46:12.547+0000][6036][safepoint   ] Safepoint "ICBufferFull", Time since last: 29344118 ns, Reaching safepoint: 35622 ns, At safepoint: 3948 ns, Total: 39570 ns
[2021-12-26T05:46:12.625+0000][6036][safepoint   ] Safepoint "ICBufferFull", Time since last: 77522642 ns, Reaching safepoint: 163129 ns, At safepoint: 4007 ns, Total: 167136 ns
[2021-12-26T05:46:12.626+0000][6036][safepoint   ] Safepoint "ICBufferFull", Time since last: 990253 ns, Reaching safepoint: 26646 ns, At safepoint: 3018 ns, Total: 29664 ns
[2021-12-26T05:46:12.627+0000][6036][safepoint   ] Safepoint "ICBufferFull", Time since last: 1093578 ns, Reaching safepoint: 23498 ns, At safepoint: 3064 ns, Total: 26562 ns
[2021-12-26T05:46:12.647+0000][6036][safepoint   ] Safepoint "ICBufferFull", Time since last: 20389584 ns, Reaching safepoint: 30878 ns, At safepoint: 3804 ns, Total: 34682 ns
[2021-12-26T05:46:12.648+0000][6036][safepoint   ] Safepoint "ICBufferFull", Time since last: 956416 ns, Reaching safepoint: 26825 ns, At safepoint: 3062 ns, Total: 29887 ns
[2021-12-26T05:46:12.764+0000][6036][safepoint   ] Safepoint "ICBufferFull", Time since last: 115833670 ns, Reaching safepoint: 44831 ns, At safepoint: 3676 ns, Total: 48507 ns
[2021-12-26T05:46:12.766+0000][6036][safepoint   ] Safepoint "ICBufferFull", Time since last: 1558297 ns, Reaching safepoint: 27014 ns, At safepoint: 2892 ns, Total: 29906 ns
[2021-12-26T05:46:12.767+0000][6036][safepoint   ] Safepoint "ICBufferFull", Time since last: 1293019 ns, Reaching safepoint: 25463 ns, At safepoint: 2791 ns, Total: 28254 ns
[2021-12-26T05:46:12.770+0000][6036][safepoint   ] Safepoint "ICBufferFull", Time since last: 3162196 ns, Reaching safepoint: 24234 ns, At safepoint: 2841 ns, Total: 27075 ns
[2021-12-26T05:46:12.772+0000][6036][safepoint   ] Safepoint "ICBufferFull", Time since last: 1786850 ns, Reaching safepoint: 25170 ns, At safepoint: 15987 ns, Total: 41157 ns
[2021-12-26T05:46:12.774+0000][6036][safepoint   ] Safepoint "ICBufferFull", Time since last: 2246277 ns, Reaching safepoint: 24151 ns, At safepoint: 3031 ns, Total: 27182 ns
[2021-12-26T05:46:12.776+0000][6036][safepoint   ] Safepoint "ICBufferFull", Time since last: 1388445 ns, Reaching safepoint: 24032 ns, At safepoint: 2889 ns, Total: 26921 ns
[2021-12-26T05:46:12.777+0000][6036][safepoint   ] Safepoint "ICBufferFull", Time since last: 1610265 ns, Reaching safepoint: 23308 ns, At safepoint: 2786 ns, Total: 26094 ns
[2021-12-26T05:46:12.779+0000][6036][safepoint   ] Safepoint "ICBufferFull", Time since last: 1563369 ns, Reaching safepoint: 234454 ns, At safepoint: 7068 ns, Total: 241522 ns
[2021-12-26T05:46:12.781+0000][6036][safepoint   ] Safepoint "ICBufferFull", Time since last: 1335186 ns, Reaching safepoint: 306691 ns, At safepoint: 8304 ns, Total: 314995 ns
[2021-12-26T05:46:12.782+0000][6036][safepoint   ] Safepoint "ICBufferFull", Time since last: 1375838 ns, Reaching safepoint: 29966 ns, At safepoint: 3697 ns, Total: 33663 ns
[2021-12-26T05:46:12.785+0000][6036][safepoint   ] Safepoint "ICBufferFull", Time since last: 2301960 ns, Reaching safepoint: 39903 ns, At safepoint: 3179 ns, Total: 43082 ns
[2021-12-26T05:46:12.786+0000][6036][safepoint   ] Safepoint "ICBufferFull", Time since last: 1325410 ns, Reaching safepoint: 44543 ns, At safepoint: 3250 ns, Total: 47793 ns
[2021-12-26T05:46:12.787+0000][6036][safepoint   ] Safepoint "ICBufferFull", Time since last: 893918 ns, Reaching safepoint: 136724 ns, At safepoint: 7430 ns, Total: 144154 ns
[2021-12-26T05:46:13.830+0000][6036][safepoint   ] Safepoint "Cleanup", Time since last: 1043075900 ns, Reaching safepoint: 201550 ns, At safepoint: 4914 ns, Total: 206464 ns
[2021-12-26T05:46:14.404+0000][6036][gc,start    ] GC(12) Pause Young (Normal) (G1 Evacuation Pause)
[2021-12-26T05:46:14.404+0000][6036][gc,task     ] GC(12) Using 2 workers of 2 for evacuation
[2021-12-26T05:46:14.404+0000][6036][gc,age      ] GC(12) Desired survivor size 20971520 bytes, new threshold 15 (max threshold 15)
[2021-12-26T05:46:14.450+0000][6036][gc,age      ] GC(12) Age table with threshold 15 (max threshold 15)
[2021-12-26T05:46:14.450+0000][6036][gc,age      ] GC(12) - age   1:   17576432 bytes,   17576432 total
[2021-12-26T05:46:14.450+0000][6036][gc,age      ] GC(12) - age   2:     285952 bytes,   17862384 total
[2021-12-26T05:46:14.450+0000][6036][gc,age      ] GC(12) - age   3:     755664 bytes,   18618048 total
[2021-12-26T05:46:14.450+0000][6036][gc,age      ] GC(12) - age   4:    1702880 bytes,   20320928 total
[2021-12-26T05:46:14.450+0000][6036][gc,age      ] GC(12) - age   5:     592312 bytes,   20913240 total
[2021-12-26T05:46:14.450+0000][6036][gc,age      ] GC(12) - age   6:    3800616 bytes,   24713856 total
[2021-12-26T05:46:14.450+0000][6036][gc,age      ] GC(12) - age   7:    3525368 bytes,   28239224 total
[2021-12-26T05:46:14.450+0000][6036][gc,age      ] GC(12) - age   8:     373544 bytes,   28612768 total
[2021-12-26T05:46:14.450+0000][6036][gc,age      ] GC(12) - age   9:     738888 bytes,   29351656 total
[2021-12-26T05:46:14.450+0000][6036][gc,age      ] GC(12) - age  10:    1154688 bytes,   30506344 total
[2021-12-26T05:46:14.450+0000][6036][gc,phases   ] GC(12)   Pre Evacuate Collection Set: 0.1ms
[2021-12-26T05:46:14.450+0000][6036][gc,phases   ] GC(12)   Merge Heap Roots: 0.1ms
[2021-12-26T05:46:14.450+0000][6036][gc,phases   ] GC(12)   Evacuate Collection Set: 44.2ms
[2021-12-26T05:46:14.450+0000][6036][gc,phases   ] GC(12)   Post Evacuate Collection Set: 1.6ms
[2021-12-26T05:46:14.450+0000][6036][gc,phases   ] GC(12)   Other: 0.3ms
[2021-12-26T05:46:14.450+0000][6036][gc,heap     ] GC(12) Eden regions: 72->0(68)
[2021-12-26T05:46:14.450+0000][6036][gc,heap     ] GC(12) Survivor regions: 4->8(10)
[2021-12-26T05:46:14.450+0000][6036][gc,heap     ] GC(12) Old regions: 2->2
[2021-12-26T05:46:14.450+0000][6036][gc,heap     ] GC(12) Archive regions: 2->2
[2021-12-26T05:46:14.450+0000][6036][gc,heap     ] GC(12) Humongous regions: 0->0
[2021-12-26T05:46:14.450+0000][6036][gc,metaspace] GC(12) Metaspace: 30630K(31552K)->30630K(31552K) NonClass: 26672K(27200K)->26672K(27200K) Class: 3957K(4352K)->3957K(4352K)
[2021-12-26T05:46:14.450+0000][6036][gc          ] GC(12) Pause Young (Normal) (G1 Evacuation Pause) 310M->39M(512M) 46.270ms
[2021-12-26T05:46:14.450+0000][6036][gc,cpu      ] GC(12) User=0.09s Sys=0.00s Real=0.05s
[2021-12-26T05:46:14.450+0000][6036][safepoint   ] Safepoint "G1CollectForAllocation", Time since last: 573590675 ns, Reaching safepoint: 55794 ns, At safepoint: 46349202 ns, Total: 46404996 ns
[2021-12-26T05:46:15.451+0000][6036][safepoint   ] Safepoint "Cleanup", Time since last: 1000793544 ns, Reaching safepoint: 217289 ns, At safepoint: 10333 ns, Total: 227622 ns
[2021-12-26T05:46:15.753+0000][6036][gc,start    ] GC(13) Pause Young (Concurrent Start) (Metadata GC Threshold)
[2021-12-26T05:46:15.753+0000][6036][gc,task     ] GC(13) Using 2 workers of 2 for evacuation
[2021-12-26T05:46:15.753+0000][6036][gc,age      ] GC(13) Desired survivor size 20971520 bytes, new threshold 6 (max threshold 15)
[2021-12-26T05:46:15.810+0000][6036][gc,age      ] GC(13) Age table with threshold 6 (max threshold 15)
[2021-12-26T05:46:15.810+0000][6036][gc,age      ] GC(13) - age   1:   10363376 bytes,   10363376 total
[2021-12-26T05:46:15.810+0000][6036][gc,age      ] GC(13) - age   2:   17137032 bytes,   27500408 total
[2021-12-26T05:46:15.810+0000][6036][gc,age      ] GC(13) - age   3:     285888 bytes,   27786296 total
[2021-12-26T05:46:15.810+0000][6036][gc,age      ] GC(13) - age   4:     755536 bytes,   28541832 total
[2021-12-26T05:46:15.810+0000][6036][gc,age      ] GC(13) - age   5:    1701976 bytes,   30243808 total
[2021-12-26T05:46:15.810+0000][6036][gc,age      ] GC(13) - age   6:     592312 bytes,   30836120 total
[2021-12-26T05:46:15.810+0000][6036][gc,phases   ] GC(13)   Pre Evacuate Collection Set: 0.1ms
[2021-12-26T05:46:15.810+0000][6036][gc,phases   ] GC(13)   Merge Heap Roots: 0.0ms
[2021-12-26T05:46:15.810+0000][6036][gc,phases   ] GC(13)   Evacuate Collection Set: 56.5ms
[2021-12-26T05:46:15.810+0000][6036][gc,phases   ] GC(13)   Post Evacuate Collection Set: 1.1ms
[2021-12-26T05:46:15.810+0000][6036][gc,phases   ] GC(13)   Other: 0.3ms
[2021-12-26T05:46:15.810+0000][6036][gc,heap     ] GC(13) Eden regions: 31->0(68)
[2021-12-26T05:46:15.811+0000][6036][gc,heap     ] GC(13) Survivor regions: 8->8(10)
[2021-12-26T05:46:15.811+0000][6036][gc,heap     ] GC(13) Old regions: 2->4
[2021-12-26T05:46:15.811+0000][6036][gc,heap     ] GC(13) Archive regions: 2->2
[2021-12-26T05:46:15.811+0000][6036][gc,heap     ] GC(13) Humongous regions: 0->0
[2021-12-26T05:46:15.811+0000][6036][gc,metaspace] GC(13) Metaspace: 35024K(35968K)->35024K(35968K) NonClass: 30363K(30912K)->30363K(30912K) Class: 4661K(5056K)->4661K(5056K)
[2021-12-26T05:46:15.811+0000][6036][gc          ] GC(13) Pause Young (Concurrent Start) (Metadata GC Threshold) 161M->48M(512M) 57.985ms
[2021-12-26T05:46:15.811+0000][6036][gc,cpu      ] GC(13) User=0.11s Sys=0.00s Real=0.06s
[2021-12-26T05:46:15.811+0000][6036][gc          ] GC(14) Concurrent Mark Cycle
[2021-12-26T05:46:15.811+0000][6036][gc,marking  ] GC(14) Concurrent Clear Claimed Marks
[2021-12-26T05:46:15.811+0000][6036][safepoint   ] Safepoint "CollectForMetadataAllocation", Time since last: 301199833 ns, Reaching safepoint: 52153 ns, At safepoint: 58142556 ns, Total: 58194709 ns
[2021-12-26T05:46:15.811+0000][6036][gc,marking  ] GC(14) Concurrent Clear Claimed Marks 0.077ms
[2021-12-26T05:46:15.811+0000][6036][gc,marking  ] GC(14) Concurrent Scan Root Regions
[2021-12-26T05:46:15.849+0000][6036][gc,marking  ] GC(14) Concurrent Scan Root Regions 38.260ms
[2021-12-26T05:46:15.849+0000][6036][gc,marking  ] GC(14) Concurrent Mark
[2021-12-26T05:46:15.849+0000][6036][gc,marking  ] GC(14) Concurrent Mark From Roots
[2021-12-26T05:46:15.849+0000][6036][gc,task     ] GC(14) Using 1 workers of 1 for marking
[2021-12-26T05:46:15.851+0000][6036][safepoint   ] Safepoint "CollectForMetadataAllocation", Time since last: 39583893 ns, Reaching safepoint: 844076 ns, At safepoint: 74938 ns, Total: 919014 ns
[2021-12-26T05:46:15.862+0000][6036][gc,marking  ] GC(14) Concurrent Mark From Roots 13.333ms
[2021-12-26T05:46:15.862+0000][6036][gc,marking  ] GC(14) Concurrent Preclean
[2021-12-26T05:46:15.863+0000][6036][gc,marking  ] GC(14) Concurrent Preclean 0.081ms
[2021-12-26T05:46:15.863+0000][6036][gc,start    ] GC(14) Pause Remark
[2021-12-26T05:46:15.868+0000][6036][gc          ] GC(14) Pause Remark 50M->50M(512M) 5.628ms
[2021-12-26T05:46:15.868+0000][6036][gc,cpu      ] GC(14) User=0.01s Sys=0.00s Real=0.01s
[2021-12-26T05:46:15.868+0000][6036][safepoint   ] Safepoint "G1Concurrent", Time since last: 11363093 ns, Reaching safepoint: 124180 ns, At safepoint: 5692614 ns, Total: 5816794 ns
[2021-12-26T05:46:15.879+0000][6036][gc,marking  ] GC(14) Concurrent Mark 30.022ms
[2021-12-26T05:46:15.879+0000][6036][gc,marking  ] GC(14) Concurrent Rebuild Remembered Sets
[2021-12-26T05:46:15.899+0000][6036][gc,marking  ] GC(14) Concurrent Rebuild Remembered Sets 20.031ms
[2021-12-26T05:46:15.899+0000][6036][gc,start    ] GC(14) Pause Cleanup
[2021-12-26T05:46:15.899+0000][6036][gc          ] GC(14) Pause Cleanup 52M->52M(512M) 0.074ms
[2021-12-26T05:46:15.899+0000][6036][gc,cpu      ] GC(14) User=0.00s Sys=0.00s Real=0.00s
[2021-12-26T05:46:15.899+0000][6036][safepoint   ] Safepoint "G1Concurrent", Time since last: 30838248 ns, Reaching safepoint: 135488 ns, At safepoint: 117599 ns, Total: 253087 ns
[2021-12-26T05:46:15.899+0000][6036][gc,marking  ] GC(14) Concurrent Cleanup for Next Mark
[2021-12-26T05:46:15.907+0000][6036][gc,marking  ] GC(14) Concurrent Cleanup for Next Mark 7.582ms
[2021-12-26T05:46:15.907+0000][6036][gc          ] GC(14) Concurrent Mark Cycle 96.484ms
[2021-12-26T05:46:16.812+0000][6036][safepoint   ] Safepoint "ICBufferFull", Time since last: 912434764 ns, Reaching safepoint: 289451 ns, At safepoint: 7279 ns, Total: 296730 ns
[2021-12-26T05:46:18.324+0000][6036][safepoint   ] Safepoint "Cleanup", Time since last: 1511872916 ns, Reaching safepoint: 244875 ns, At safepoint: 5728 ns, Total: 250603 ns
[2021-12-26T05:46:18.895+0000][6036][gc,start    ] GC(15) Pause Young (Concurrent Start) (G1 Evacuation Pause)
[2021-12-26T05:46:18.895+0000][6036][gc,task     ] GC(15) Using 2 workers of 2 for evacuation
[2021-12-26T05:46:18.895+0000][6036][gc,age      ] GC(15) Desired survivor size 20971520 bytes, new threshold 2 (max threshold 15)
[2021-12-26T05:46:19.010+0000][6036][gc,age      ] GC(15) Age table with threshold 2 (max threshold 15)
[2021-12-26T05:46:19.010+0000][6036][gc,age      ] GC(15) - age   1:    6089544 bytes,    6089544 total
[2021-12-26T05:46:19.010+0000][6036][gc,age      ] GC(15) - age   2:   10276792 bytes,   16366336 total
[2021-12-26T05:46:19.010+0000][6036][gc,phases   ] GC(15)   Pre Evacuate Collection Set: 0.1ms
[2021-12-26T05:46:19.010+0000][6036][gc,phases   ] GC(15)   Merge Heap Roots: 0.1ms
[2021-12-26T05:46:19.010+0000][6036][gc,phases   ] GC(15)   Evacuate Collection Set: 112.2ms
[2021-12-26T05:46:19.010+0000][6036][gc,phases   ] GC(15)   Post Evacuate Collection Set: 2.4ms
[2021-12-26T05:46:19.010+0000][6036][gc,phases   ] GC(15)   Other: 0.3ms
[2021-12-26T05:46:19.010+0000][6036][gc,heap     ] GC(15) Eden regions: 68->0(71)
[2021-12-26T05:46:19.010+0000][6036][gc,heap     ] GC(15) Survivor regions: 8->5(10)
[2021-12-26T05:46:19.010+0000][6036][gc,heap     ] GC(15) Old regions: 4->9
[2021-12-26T05:46:19.010+0000][6036][gc,heap     ] GC(15) Archive regions: 2->2
[2021-12-26T05:46:19.010+0000][6036][gc,heap     ] GC(15) Humongous regions: 0->0
[2021-12-26T05:46:19.010+0000][6036][gc,metaspace] GC(15) Metaspace: 52158K(53376K)->52158K(53376K) NonClass: 45066K(45760K)->45066K(45760K) Class: 7092K(7616K)->7092K(7616K)
[2021-12-26T05:46:19.010+0000][6036][gc          ] GC(15) Pause Young (Concurrent Start) (G1 Evacuation Pause) 320M->56M(512M) 115.280ms
[2021-12-26T05:46:19.010+0000][6036][gc,cpu      ] GC(15) User=0.23s Sys=0.00s Real=0.11s
[2021-12-26T05:46:19.010+0000][6036][safepoint   ] Safepoint "G1CollectForAllocation", Time since last: 570651940 ns, Reaching safepoint: 41487 ns, At safepoint: 115399094 ns, Total: 115440581 ns
[2021-12-26T05:46:19.011+0000][6036][gc          ] GC(16) Concurrent Mark Cycle
[2021-12-26T05:46:19.011+0000][6036][gc,marking  ] GC(16) Concurrent Clear Claimed Marks
[2021-12-26T05:46:19.011+0000][6036][gc,marking  ] GC(16) Concurrent Clear Claimed Marks 0.084ms
[2021-12-26T05:46:19.011+0000][6036][gc,marking  ] GC(16) Concurrent Scan Root Regions
[2021-12-26T05:46:19.086+0000][6036][gc,marking  ] GC(16) Concurrent Scan Root Regions 75.048ms
[2021-12-26T05:46:19.086+0000][6036][gc,marking  ] GC(16) Concurrent Mark
[2021-12-26T05:46:19.086+0000][6036][gc,marking  ] GC(16) Concurrent Mark From Roots
[2021-12-26T05:46:19.086+0000][6036][gc,task     ] GC(16) Using 1 workers of 1 for marking
[2021-12-26T05:46:19.158+0000][6036][gc,marking  ] GC(16) Concurrent Mark From Roots 71.857ms
[2021-12-26T05:46:19.158+0000][6036][gc,marking  ] GC(16) Concurrent Preclean
[2021-12-26T05:46:19.158+0000][6036][gc,marking  ] GC(16) Concurrent Preclean 0.146ms
[2021-12-26T05:46:19.159+0000][6036][gc,start    ] GC(16) Pause Remark
[2021-12-26T05:46:19.167+0000][6036][gc          ] GC(16) Pause Remark 72M->72M(512M) 8.664ms
[2021-12-26T05:46:19.167+0000][6036][gc,cpu      ] GC(16) User=0.01s Sys=0.00s Real=0.01s
[2021-12-26T05:46:19.167+0000][6036][safepoint   ] Safepoint "G1Concurrent", Time since last: 148013126 ns, Reaching safepoint: 123910 ns, At safepoint: 8759238 ns, Total: 8883148 ns
[2021-12-26T05:46:19.167+0000][6036][gc,marking  ] GC(16) Concurrent Mark 81.037ms
[2021-12-26T05:46:19.167+0000][6036][gc,marking  ] GC(16) Concurrent Rebuild Remembered Sets
[2021-12-26T05:46:19.215+0000][6036][gc,marking  ] GC(16) Concurrent Rebuild Remembered Sets 47.743ms
[2021-12-26T05:46:19.217+0000][6036][gc,start    ] GC(16) Pause Cleanup
[2021-12-26T05:46:19.217+0000][6036][gc          ] GC(16) Pause Cleanup 76M->76M(512M) 0.106ms
[2021-12-26T05:46:19.217+0000][6036][gc,cpu      ] GC(16) User=0.00s Sys=0.00s Real=0.00s
[2021-12-26T05:46:19.217+0000][6036][safepoint   ] Safepoint "G1Concurrent", Time since last: 47864139 ns, Reaching safepoint: 1595305 ns, At safepoint: 156897 ns, Total: 1752202 ns
[2021-12-26T05:46:19.217+0000][6036][gc,marking  ] GC(16) Concurrent Cleanup for Next Mark
[2021-12-26T05:46:19.218+0000][6036][gc,marking  ] GC(16) Concurrent Cleanup for Next Mark 1.032ms
[2021-12-26T05:46:19.218+0000][6036][gc          ] GC(16) Concurrent Mark Cycle 206.952ms
[2021-12-26T05:46:20.855+0000][6036][safepoint   ] Safepoint "Cleanup", Time since last: 1637144826 ns, Reaching safepoint: 1405089 ns, At safepoint: 8986 ns, Total: 1414075 ns
[2021-12-26T05:46:21.863+0000][6036][safepoint   ] Safepoint "Cleanup", Time since last: 1007588095 ns, Reaching safepoint: 199448 ns, At safepoint: 6017 ns, Total: 205465 ns
[2021-12-26T05:46:23.007+0000][6036][gc,start    ] GC(17) Pause Young (Normal) (G1 Evacuation Pause)
[2021-12-26T05:46:23.007+0000][6036][gc,task     ] GC(17) Using 2 workers of 2 for evacuation
[2021-12-26T05:46:23.007+0000][6036][gc,age      ] GC(17) Desired survivor size 20971520 bytes, new threshold 15 (max threshold 15)
[2021-12-26T05:46:23.050+0000][6036][gc,age      ] GC(17) Age table with threshold 15 (max threshold 15)
[2021-12-26T05:46:23.050+0000][6036][gc,age      ] GC(17) - age   1:    8969496 bytes,    8969496 total
[2021-12-26T05:46:23.050+0000][6036][gc,age      ] GC(17) - age   2:    5922928 bytes,   14892424 total
[2021-12-26T05:46:23.050+0000][6036][gc,age      ] GC(17) - age   3:   10263152 bytes,   25155576 total
[2021-12-26T05:46:23.050+0000][6036][gc,phases   ] GC(17)   Pre Evacuate Collection Set: 0.1ms
[2021-12-26T05:46:23.050+0000][6036][gc,phases   ] GC(17)   Merge Heap Roots: 0.1ms
[2021-12-26T05:46:23.050+0000][6036][gc,phases   ] GC(17)   Evacuate Collection Set: 40.2ms
[2021-12-26T05:46:23.050+0000][6036][gc,phases   ] GC(17)   Post Evacuate Collection Set: 1.8ms
[2021-12-26T05:46:23.050+0000][6036][gc,phases   ] GC(17)   Other: 0.2ms
[2021-12-26T05:46:23.050+0000][6036][gc,heap     ] GC(17) Eden regions: 71->0(69)
[2021-12-26T05:46:23.050+0000][6036][gc,heap     ] GC(17) Survivor regions: 5->7(10)
[2021-12-26T05:46:23.050+0000][6036][gc,heap     ] GC(17) Old regions: 9->9
[2021-12-26T05:46:23.050+0000][6036][gc,heap     ] GC(17) Archive regions: 2->2
[2021-12-26T05:46:23.050+0000][6036][gc,heap     ] GC(17) Humongous regions: 0->0
[2021-12-26T05:46:23.050+0000][6036][gc,metaspace] GC(17) Metaspace: 70933K(72320K)->70933K(72320K) NonClass: 61042K(61888K)->61042K(61888K) Class: 9891K(10432K)->9891K(10432K)
[2021-12-26T05:46:23.050+0000][6036][gc          ] GC(17) Pause Young (Normal) (G1 Evacuation Pause) 340M->64M(512M) 42.447ms
[2021-12-26T05:46:23.050+0000][6036][gc,cpu      ] GC(17) User=0.08s Sys=0.00s Real=0.04s
[2021-12-26T05:46:23.050+0000][6036][safepoint   ] Safepoint "G1CollectForAllocation", Time since last: 1143686546 ns, Reaching safepoint: 299362 ns, At safepoint: 42524110 ns, Total: 42823472 ns
[2021-12-26T05:46:23.759+0000][6036][safepoint   ] Safepoint "ICBufferFull", Time since last: 707833401 ns, Reaching safepoint: 1790056 ns, At safepoint: 9078 ns, Total: 1799134 ns
[2021-12-26T05:46:24.436+0000][6036][safepoint   ] Safepoint "ICBufferFull", Time since last: 676441591 ns, Reaching safepoint: 188640 ns, At safepoint: 13880 ns, Total: 202520 ns
[2021-12-26T05:46:25.026+0000][6036][gc,start    ] GC(18) Pause Young (Concurrent Start) (Metadata GC Threshold)
[2021-12-26T05:46:25.026+0000][6036][gc,task     ] GC(18) Using 2 workers of 2 for evacuation
[2021-12-26T05:46:25.026+0000][6036][gc,age      ] GC(18) Desired survivor size 20971520 bytes, new threshold 3 (max threshold 15)
[2021-12-26T05:46:25.106+0000][6036][gc,age      ] GC(18) Age table with threshold 3 (max threshold 15)
[2021-12-26T05:46:25.107+0000][6036][gc,age      ] GC(18) - age   1:    7183672 bytes,    7183672 total
[2021-12-26T05:46:25.107+0000][6036][gc,age      ] GC(18) - age   2:    8777008 bytes,   15960680 total
[2021-12-26T05:46:25.107+0000][6036][gc,age      ] GC(18) - age   3:    5835240 bytes,   21795920 total
[2021-12-26T05:46:25.107+0000][6036][gc,phases   ] GC(18)   Pre Evacuate Collection Set: 0.1ms
[2021-12-26T05:46:25.107+0000][6036][gc,phases   ] GC(18)   Merge Heap Roots: 0.1ms
[2021-12-26T05:46:25.107+0000][6036][gc,phases   ] GC(18)   Evacuate Collection Set: 75.6ms
[2021-12-26T05:46:25.107+0000][6036][gc,phases   ] GC(18)   Post Evacuate Collection Set: 4.4ms
[2021-12-26T05:46:25.107+0000][6036][gc,phases   ] GC(18)   Other: 0.2ms
[2021-12-26T05:46:25.107+0000][6036][gc,heap     ] GC(18) Eden regions: 29->0(70)
[2021-12-26T05:46:25.107+0000][6036][gc,heap     ] GC(18) Survivor regions: 7->6(10)
[2021-12-26T05:46:25.107+0000][6036][gc,heap     ] GC(18) Old regions: 9->12
[2021-12-26T05:46:25.107+0000][6036][gc,heap     ] GC(18) Archive regions: 2->2
[2021-12-26T05:46:25.107+0000][6036][gc,heap     ] GC(18) Humongous regions: 0->0
[2021-12-26T05:46:25.107+0000][6036][gc,metaspace] GC(18) Metaspace: 87681K(89088K)->87681K(89088K) NonClass: 75485K(76352K)->75485K(76352K) Class: 12196K(12736K)->12196K(12736K)
[2021-12-26T05:46:25.107+0000][6036][gc          ] GC(18) Pause Young (Concurrent Start) (Metadata GC Threshold) 178M->72M(512M) 80.568ms
[2021-12-26T05:46:25.107+0000][6036][gc,cpu      ] GC(18) User=0.16s Sys=0.00s Real=0.08s
[2021-12-26T05:46:25.107+0000][6036][safepoint   ] Safepoint "CollectForMetadataAllocation", Time since last: 589719161 ns, Reaching safepoint: 368474 ns, At safepoint: 80728613 ns, Total: 81097087 ns
[2021-12-26T05:46:25.107+0000][6036][gc          ] GC(19) Concurrent Mark Cycle
[2021-12-26T05:46:25.107+0000][6036][gc,marking  ] GC(19) Concurrent Clear Claimed Marks
[2021-12-26T05:46:25.107+0000][6036][gc,marking  ] GC(19) Concurrent Clear Claimed Marks 0.092ms
[2021-12-26T05:46:25.107+0000][6036][gc,marking  ] GC(19) Concurrent Scan Root Regions
[2021-12-26T05:46:25.144+0000][6036][gc,marking  ] GC(19) Concurrent Scan Root Regions 37.083ms
[2021-12-26T05:46:25.144+0000][6036][gc,marking  ] GC(19) Concurrent Mark
[2021-12-26T05:46:25.144+0000][6036][gc,marking  ] GC(19) Concurrent Mark From Roots
[2021-12-26T05:46:25.144+0000][6036][gc,task     ] GC(19) Using 1 workers of 1 for marking
[2021-12-26T05:46:25.165+0000][6036][safepoint   ] Safepoint "CollectForMetadataAllocation", Time since last: 58181696 ns, Reaching safepoint: 184947 ns, At safepoint: 76261 ns, Total: 261208 ns
[2021-12-26T05:46:25.233+0000][6036][safepoint   ] Safepoint "CollectForMetadataAllocation", Time since last: 67164212 ns, Reaching safepoint: 43952 ns, At safepoint: 70696 ns, Total: 114648 ns
[2021-12-26T05:46:25.284+0000][6036][safepoint   ] Safepoint "CollectForMetadataAllocation", Time since last: 51502623 ns, Reaching safepoint: 180445 ns, At safepoint: 69751 ns, Total: 250196 ns
[2021-12-26T05:46:25.310+0000][6036][gc,marking  ] GC(19) Concurrent Mark From Roots 166.238ms
[2021-12-26T05:46:25.310+0000][6036][gc,marking  ] GC(19) Concurrent Preclean
[2021-12-26T05:46:25.311+0000][6036][gc,marking  ] GC(19) Concurrent Preclean 0.178ms
[2021-12-26T05:46:25.311+0000][6036][gc,start    ] GC(19) Pause Remark
[2021-12-26T05:46:25.324+0000][6036][gc          ] GC(19) Pause Remark 80M->80M(512M) 13.113ms
[2021-12-26T05:46:25.324+0000][6036][gc,cpu      ] GC(19) User=0.03s Sys=0.00s Real=0.01s
[2021-12-26T05:46:25.324+0000][6036][safepoint   ] Safepoint "G1Concurrent", Time since last: 26305798 ns, Reaching safepoint: 42055 ns, At safepoint: 13207267 ns, Total: 13249322 ns
[2021-12-26T05:46:25.324+0000][6036][gc,marking  ] GC(19) Concurrent Mark 179.779ms
[2021-12-26T05:46:25.324+0000][6036][gc,marking  ] GC(19) Concurrent Rebuild Remembered Sets
[2021-12-26T05:46:25.449+0000][6036][gc,marking  ] GC(19) Concurrent Rebuild Remembered Sets 125.391ms
[2021-12-26T05:46:25.449+0000][6036][gc,start    ] GC(19) Pause Cleanup
[2021-12-26T05:46:25.450+0000][6036][gc          ] GC(19) Pause Cleanup 84M->84M(512M) 0.065ms
[2021-12-26T05:46:25.450+0000][6036][gc,cpu      ] GC(19) User=0.00s Sys=0.00s Real=0.00s
[2021-12-26T05:46:25.450+0000][6036][safepoint   ] Safepoint "G1Concurrent", Time since last: 125499590 ns, Reaching safepoint: 67521 ns, At safepoint: 105899 ns, Total: 173420 ns
[2021-12-26T05:46:25.450+0000][6036][gc,marking  ] GC(19) Concurrent Cleanup for Next Mark
[2021-12-26T05:46:25.451+0000][6036][gc,marking  ] GC(19) Concurrent Cleanup for Next Mark 1.040ms
[2021-12-26T05:46:25.451+0000][6036][gc          ] GC(19) Concurrent Mark Cycle 343.770ms
[2021-12-26T05:46:26.450+0000][6036][safepoint   ] Safepoint "Cleanup", Time since last: 1000108647 ns, Reaching safepoint: 123351 ns, At safepoint: 6188 ns, Total: 129539 ns
[2021-12-26T05:46:28.450+0000][6036][safepoint   ] Safepoint "Cleanup", Time since last: 2000234089 ns, Reaching safepoint: 60465 ns, At safepoint: 5395 ns, Total: 65860 ns
[2021-12-26T05:46:29.450+0000][6036][safepoint   ] Safepoint "Cleanup", Time since last: 1000166767 ns, Reaching safepoint: 77354 ns, At safepoint: 5852 ns, Total: 83206 ns
[2021-12-26T05:46:30.451+0000][6036][safepoint   ] Safepoint "Cleanup", Time since last: 1000179057 ns, Reaching safepoint: 66055 ns, At safepoint: 5558 ns, Total: 71613 ns
[2021-12-26T05:46:31.451+0000][6036][safepoint   ] Safepoint "Cleanup", Time since last: 1000176999 ns, Reaching safepoint: 75350 ns, At safepoint: 5283 ns, Total: 80633 ns
[2021-12-26T05:46:32.451+0000][6036][safepoint   ] Safepoint "Cleanup", Time since last: 1000171603 ns, Reaching safepoint: 61412 ns, At safepoint: 5186 ns, Total: 66598 ns
[2021-12-26T05:46:36.452+0000][6036][safepoint   ] Safepoint "Cleanup", Time since last: 4000432321 ns, Reaching safepoint: 92821 ns, At safepoint: 5640 ns, Total: 98461 ns
[2021-12-26T05:46:37.452+0000][6036][safepoint   ] Safepoint "Cleanup", Time since last: 1000160837 ns, Reaching safepoint: 71980 ns, At safepoint: 5725 ns, Total: 77705 ns
[2021-12-26T05:46:38.452+0000][6036][safepoint   ] Safepoint "Cleanup", Time since last: 1000167782 ns, Reaching safepoint: 64812 ns, At safepoint: 4524 ns, Total: 69336 ns
[2021-12-26T05:46:39.452+0000][6036][safepoint   ] Safepoint "Cleanup", Time since last: 1000138060 ns, Reaching safepoint: 63151 ns, At safepoint: 5603 ns, Total: 68754 ns
[2021-12-26T05:46:42.453+0000][6036][safepoint   ] Safepoint "Cleanup", Time since last: 3000356558 ns, Reaching safepoint: 61304 ns, At safepoint: 5377 ns, Total: 66681 ns
[2021-12-26T05:46:43.453+0000][6036][safepoint   ] Safepoint "Cleanup", Time since last: 1000139970 ns, Reaching safepoint: 68002 ns, At safepoint: 5327 ns, Total: 73329 ns
[2021-12-26T05:46:44.453+0000][6036][safepoint   ] Safepoint "Cleanup", Time since last: 1000141793 ns, Reaching safepoint: 62757 ns, At safepoint: 5110 ns, Total: 67867 ns
[2021-12-26T05:46:46.453+0000][6036][safepoint   ] Safepoint "Cleanup", Time since last: 2000219784 ns, Reaching safepoint: 69525 ns, At safepoint: 5500 ns, Total: 75025 ns
[2021-12-26T05:46:47.454+0000][6036][safepoint   ] Safepoint "Cleanup", Time since last: 1000136841 ns, Reaching safepoint: 65102 ns, At safepoint: 4806 ns, Total: 69908 ns
[2021-12-26T05:46:48.454+0000][6036][safepoint   ] Safepoint "Cleanup", Time since last: 1000137078 ns, Reaching safepoint: 107112 ns, At safepoint: 6219 ns, Total: 113331 ns
[2021-12-26T05:46:49.454+0000][6036][safepoint   ] Safepoint "Cleanup", Time since last: 1000140575 ns, Reaching safepoint: 65878 ns, At safepoint: 4947 ns, Total: 70825 ns
[2021-12-26T05:46:50.454+0000][6036][safepoint   ] Safepoint "Cleanup", Time since last: 1000144826 ns, Reaching safepoint: 71703 ns, At safepoint: 6241 ns, Total: 77944 ns
[2021-12-26T05:46:51.455+0000][6036][safepoint   ] Safepoint "Cleanup", Time since last: 1000149708 ns, Reaching safepoint: 59198 ns, At safepoint: 4929 ns, Total: 64127 ns
[2021-12-26T05:46:53.455+0000][6036][safepoint   ] Safepoint "Cleanup", Time since last: 2000226057 ns, Reaching safepoint: 71405 ns, At safepoint: 5115 ns, Total: 76520 ns
[2021-12-26T05:46:54.455+0000][6036][safepoint   ] Safepoint "Cleanup", Time since last: 1000171590 ns, Reaching safepoint: 78842 ns, At safepoint: 5896 ns, Total: 84738 ns
[2021-12-26T05:46:56.455+0000][6036][safepoint   ] Safepoint "Cleanup", Time since last: 2000248692 ns, Reaching safepoint: 103021 ns, At safepoint: 6677 ns, Total: 109698 ns
[2021-12-26T05:46:57.456+0000][6036][safepoint   ] Safepoint "Cleanup", Time since last: 1000154692 ns, Reaching safepoint: 66886 ns, At safepoint: 5536 ns, Total: 72422 ns
[2021-12-26T05:46:58.456+0000][6036][safepoint   ] Safepoint "Cleanup", Time since last: 1000177498 ns, Reaching safepoint: 76053 ns, At safepoint: 5755 ns, Total: 81808 ns
[2021-12-26T05:46:59.456+0000][6036][safepoint   ] Safepoint "Cleanup", Time since last: 1000163912 ns, Reaching safepoint: 87272 ns, At safepoint: 5402 ns, Total: 92674 ns
[2021-12-26T05:47:01.457+0000][6036][safepoint   ] Safepoint "Cleanup", Time since last: 2000256946 ns, Reaching safepoint: 63965 ns, At safepoint: 4969 ns, Total: 68934 ns
[2021-12-26T05:47:03.457+0000][6036][safepoint   ] Safepoint "Cleanup", Time since last: 2000259492 ns, Reaching safepoint: 88719 ns, At safepoint: 6644 ns, Total: 95363 ns
[2021-12-26T05:47:04.457+0000][6036][safepoint   ] Safepoint "Cleanup", Time since last: 1000159376 ns, Reaching safepoint: 79293 ns, At safepoint: 5282 ns, Total: 84575 ns
[2021-12-26T05:47:05.457+0000][6036][safepoint   ] Safepoint "Cleanup", Time since last: 1000197165 ns, Reaching safepoint: 85600 ns, At safepoint: 6143 ns, Total: 91743 ns
[2021-12-26T05:47:06.458+0000][6036][safepoint   ] Safepoint "Cleanup", Time since last: 1000151981 ns, Reaching safepoint: 114474 ns, At safepoint: 6716 ns, Total: 121190 ns
[2021-12-26T05:47:07.458+0000][6036][safepoint   ] Safepoint "Cleanup", Time since last: 1000160031 ns, Reaching safepoint: 68235 ns, At safepoint: 5000 ns, Total: 73235 ns
[2021-12-26T05:47:08.458+0000][6036][safepoint   ] Safepoint "Cleanup", Time since last: 1000150298 ns, Reaching safepoint: 95534 ns, At safepoint: 6454 ns, Total: 101988 ns
[2021-12-26T05:47:09.458+0000][6036][safepoint   ] Safepoint "Cleanup", Time since last: 1000175704 ns, Reaching safepoint: 94944 ns, At safepoint: 8159 ns, Total: 103103 ns
[2021-12-26T05:47:10.459+0000][6036][safepoint   ] Safepoint "Cleanup", Time since last: 1000163359 ns, Reaching safepoint: 107046 ns, At safepoint: 5728 ns, Total: 112774 ns
[2021-12-26T05:47:11.459+0000][6036][safepoint   ] Safepoint "Cleanup", Time since last: 1000147875 ns, Reaching safepoint: 86929 ns, At safepoint: 7066 ns, Total: 93995 ns
[2021-12-26T05:47:12.459+0000][6036][safepoint   ] Safepoint "Cleanup", Time since last: 1000176342 ns, Reaching safepoint: 87311 ns, At safepoint: 6569 ns, Total: 93880 ns
[2021-12-26T05:47:13.460+0000][6036][safepoint   ] Safepoint "Cleanup", Time since last: 1000174748 ns, Reaching safepoint: 70087 ns, At safepoint: 5409 ns, Total: 75496 ns
[2021-12-26T05:47:14.460+0000][6036][safepoint   ] Safepoint "Cleanup", Time since last: 1000158278 ns, Reaching safepoint: 59479 ns, At safepoint: 5558 ns, Total: 65037 ns
[2021-12-26T05:47:15.460+0000][6036][safepoint   ] Safepoint "Cleanup", Time since last: 1000203248 ns, Reaching safepoint: 71901 ns, At safepoint: 5692 ns, Total: 77593 ns
[2021-12-26T05:47:16.460+0000][6036][safepoint   ] Safepoint "Cleanup", Time since last: 1000192677 ns, Reaching safepoint: 72618 ns, At safepoint: 5211 ns, Total: 77829 ns
[2021-12-26T05:47:17.461+0000][6036][safepoint   ] Safepoint "Cleanup", Time since last: 1000165844 ns, Reaching safepoint: 66972 ns, At safepoint: 5185 ns, Total: 72157 ns
[2021-12-26T05:47:18.461+0000][6036][safepoint   ] Safepoint "Cleanup", Time since last: 1000175957 ns, Reaching safepoint: 67849 ns, At safepoint: 5258 ns, Total: 73107 ns
[2021-12-26T05:47:21.461+0000][6036][safepoint   ] Safepoint "Cleanup", Time since last: 3000377769 ns, Reaching safepoint: 65130 ns, At safepoint: 6694 ns, Total: 71824 ns
[2021-12-26T05:47:22.461+0000][6036][safepoint   ] Safepoint "Cleanup", Time since last: 1000143828 ns, Reaching safepoint: 68533 ns, At safepoint: 4876 ns, Total: 73409 ns
[2021-12-26T05:47:23.462+0000][6036][safepoint   ] Safepoint "Cleanup", Time since last: 1000195357 ns, Reaching safepoint: 61658 ns, At safepoint: 5214 ns, Total: 66872 ns
[2021-12-26T05:47:24.462+0000][6036][safepoint   ] Safepoint "Cleanup", Time since last: 1000183955 ns, Reaching safepoint: 76089 ns, At safepoint: 5649 ns, Total: 81738 ns
[2021-12-26T05:47:25.462+0000][6036][safepoint   ] Safepoint "Cleanup", Time since last: 1000193301 ns, Reaching safepoint: 77059 ns, At safepoint: 5608 ns, Total: 82667 ns
[2021-12-26T05:47:26.462+0000][6036][safepoint   ] Safepoint "Cleanup", Time since last: 1000171710 ns, Reaching safepoint: 71984 ns, At safepoint: 6142 ns, Total: 78126 ns
[2021-12-26T05:47:27.463+0000][6036][safepoint   ] Safepoint "Cleanup", Time since last: 1000170122 ns, Reaching safepoint: 82929 ns, At safepoint: 6874 ns, Total: 89803 ns
[2021-12-26T05:47:28.463+0000][6036][safepoint   ] Safepoint "Cleanup", Time since last: 1000169203 ns, Reaching safepoint: 87703 ns, At safepoint: 5471 ns, Total: 93174 ns
[2021-12-26T05:47:29.463+0000][6036][safepoint   ] Safepoint "Cleanup", Time since last: 1000202309 ns, Reaching safepoint: 72150 ns, At safepoint: 5880 ns, Total: 78030 ns
[2021-12-26T05:47:30.464+0000][6036][safepoint   ] Safepoint "Cleanup", Time since last: 1000172085 ns, Reaching safepoint: 87096 ns, At safepoint: 5526 ns, Total: 92622 ns
[2021-12-26T05:47:31.464+0000][6036][safepoint   ] Safepoint "Cleanup", Time since last: 1000176417 ns, Reaching safepoint: 61796 ns, At safepoint: 5108 ns, Total: 66904 ns
[2021-12-26T05:47:32.464+0000][6036][safepoint   ] Safepoint "Cleanup", Time since last: 1000240224 ns, Reaching safepoint: 95624 ns, At safepoint: 6231 ns, Total: 101855 ns
[2021-12-26T05:47:33.464+0000][6036][safepoint   ] Safepoint "Cleanup", Time since last: 1000218101 ns, Reaching safepoint: 82915 ns, At safepoint: 6581 ns, Total: 89496 ns
[2021-12-26T05:47:34.465+0000][6036][safepoint   ] Safepoint "Cleanup", Time since last: 1000193055 ns, Reaching safepoint: 70188 ns, At safepoint: 5300 ns, Total: 75488 ns
[2021-12-26T05:47:35.465+0000][6036][safepoint   ] Safepoint "Cleanup", Time since last: 1000204718 ns, Reaching safepoint: 65840 ns, At safepoint: 6211 ns, Total: 72051 ns
[2021-12-26T05:47:37.465+0000][6036][safepoint   ] Safepoint "Cleanup", Time since last: 2000288537 ns, Reaching safepoint: 63660 ns, At safepoint: 6169 ns, Total: 69829 ns
[2021-12-26T05:47:38.466+0000][6036][safepoint   ] Safepoint "Cleanup", Time since last: 1000161519 ns, Reaching safepoint: 73616 ns, At safepoint: 5513 ns, Total: 79129 ns
[2021-12-26T05:47:39.466+0000][6036][safepoint   ] Safepoint "Cleanup", Time since last: 1000160466 ns, Reaching safepoint: 79323 ns, At safepoint: 6013 ns, Total: 85336 ns
[2021-12-26T05:47:40.466+0000][6036][safepoint   ] Safepoint "Cleanup", Time since last: 1000158989 ns, Reaching safepoint: 110774 ns, At safepoint: 5121 ns, Total: 115895 ns
[2021-12-26T05:47:42.466+0000][6036][safepoint   ] Safepoint "Cleanup", Time since last: 2000276644 ns, Reaching safepoint: 64966 ns, At safepoint: 5086 ns, Total: 70052 ns
[2021-12-26T05:47:43.467+0000][6036][safepoint   ] Safepoint "Cleanup", Time since last: 1000145848 ns, Reaching safepoint: 66941 ns, At safepoint: 5551 ns, Total: 72492 ns
[2021-12-26T05:47:44.467+0000][6036][safepoint   ] Safepoint "Cleanup", Time since last: 1000199219 ns, Reaching safepoint: 64159 ns, At safepoint: 4588 ns, Total: 68747 ns
[2021-12-26T05:47:45.467+0000][6036][safepoint   ] Safepoint "Cleanup", Time since last: 1000173481 ns, Reaching safepoint: 80316 ns, At safepoint: 5145 ns, Total: 85461 ns
[2021-12-26T05:47:46.467+0000][6036][safepoint   ] Safepoint "Cleanup", Time since last: 1000173540 ns, Reaching safepoint: 78944 ns, At safepoint: 6133 ns, Total: 85077 ns
[2021-12-26T05:47:47.468+0000][6036][safepoint   ] Safepoint "Cleanup", Time since last: 1000177645 ns, Reaching safepoint: 65896 ns, At safepoint: 5467 ns, Total: 71363 ns
[2021-12-26T05:47:48.468+0000][6036][safepoint   ] Safepoint "Cleanup", Time since last: 1000179478 ns, Reaching safepoint: 71645 ns, At safepoint: 5039 ns, Total: 76684 ns
[2021-12-26T05:47:50.468+0000][6036][safepoint   ] Safepoint "Cleanup", Time since last: 2000280611 ns, Reaching safepoint: 60102 ns, At safepoint: 5369 ns, Total: 65471 ns
[2021-12-26T05:47:51.469+0000][6036][safepoint   ] Safepoint "Cleanup", Time since last: 1000164139 ns, Reaching safepoint: 67144 ns, At safepoint: 5021 ns, Total: 72165 ns
[2021-12-26T05:47:52.469+0000][6036][safepoint   ] Safepoint "Cleanup", Time since last: 1000152131 ns, Reaching safepoint: 85974 ns, At safepoint: 6660 ns, Total: 92634 ns
[2021-12-26T05:47:54.469+0000][6036][safepoint   ] Safepoint "Cleanup", Time since last: 2000274655 ns, Reaching safepoint: 68164 ns, At safepoint: 5256 ns, Total: 73420 ns
[2021-12-26T05:47:55.469+0000][6036][safepoint   ] Safepoint "Cleanup", Time since last: 1000159842 ns, Reaching safepoint: 69318 ns, At safepoint: 4753 ns, Total: 74071 ns
[2021-12-26T05:47:56.470+0000][6036][safepoint   ] Safepoint "Cleanup", Time since last: 1000150651 ns, Reaching safepoint: 85614 ns, At safepoint: 5508 ns, Total: 91122 ns
[2021-12-26T05:47:57.470+0000][6036][safepoint   ] Safepoint "Cleanup", Time since last: 1000178994 ns, Reaching safepoint: 76329 ns, At safepoint: 5462 ns, Total: 81791 ns
[2021-12-26T05:48:00.470+0000][6036][safepoint   ] Safepoint "Cleanup", Time since last: 3000357565 ns, Reaching safepoint: 59366 ns, At safepoint: 6119 ns, Total: 65485 ns
[2021-12-26T05:48:01.471+0000][6036][safepoint   ] Safepoint "Cleanup", Time since last: 1000136616 ns, Reaching safepoint: 59840 ns, At safepoint: 4507 ns, Total: 64347 ns
[2021-12-26T05:48:02.471+0000][6036][safepoint   ] Safepoint "Cleanup", Time since last: 1000172021 ns, Reaching safepoint: 71507 ns, At safepoint: 5105 ns, Total: 76612 ns
[2021-12-26T05:48:03.545+0000][6036][safepoint   ] Safepoint "Cleanup", Time since last: 1073740682 ns, Reaching safepoint: 235860 ns, At safepoint: 5521 ns, Total: 241381 ns
[2021-12-26T05:48:04.545+0000][6036][safepoint   ] Safepoint "Cleanup", Time since last: 1000138785 ns, Reaching safepoint: 50719 ns, At safepoint: 4448 ns, Total: 55167 ns
[2021-12-26T05:48:06.527+0000][6036][safepoint   ] Safepoint "Cleanup", Time since last: 1982188221 ns, Reaching safepoint: 126490 ns, At safepoint: 9254 ns, Total: 135744 ns
[2021-12-26T05:48:07.535+0000][6036][safepoint   ] Safepoint "Cleanup", Time since last: 1007353777 ns, Reaching safepoint: 42272 ns, At safepoint: 4396 ns, Total: 46668 ns
[2021-12-26T05:48:11.535+0000][6036][safepoint   ] Safepoint "Cleanup", Time since last: 4000399016 ns, Reaching safepoint: 63337 ns, At safepoint: 3913 ns, Total: 67250 ns
[2021-12-26T05:48:12.535+0000][6036][safepoint   ] Safepoint "Cleanup", Time since last: 1000121582 ns, Reaching safepoint: 40508 ns, At safepoint: 4436 ns, Total: 44944 ns
[2021-12-26T05:48:13.537+0000][6036][safepoint   ] Safepoint "Cleanup", Time since last: 1001816483 ns, Reaching safepoint: 36039 ns, At safepoint: 4218 ns, Total: 40257 ns
[2021-12-26T05:48:14.538+0000][6036][safepoint   ] Safepoint "Cleanup", Time since last: 1000547391 ns, Reaching safepoint: 44715 ns, At safepoint: 4690 ns, Total: 49405 ns
[2021-12-26T05:48:15.539+0000][6036][safepoint   ] Safepoint "Cleanup", Time since last: 1001654371 ns, Reaching safepoint: 57485 ns, At safepoint: 3591 ns, Total: 61076 ns
[2021-12-26T05:48:17.540+0000][6036][safepoint   ] Safepoint "Cleanup", Time since last: 2000221222 ns, Reaching safepoint: 37910 ns, At safepoint: 5469 ns, Total: 43379 ns
[2021-12-26T05:48:22.777+0000][6036][gc,heap,exit] Heap
[2021-12-26T05:48:22.777+0000][6036][gc,heap,exit]  garbage-first heap   total 524288K, used 250583K [0x00000000e0000000, 0x0000000100000000)
[2021-12-26T05:48:22.777+0000][6036][gc,heap,exit]   region size 4096K, 49 young (200704K), 6 survivors (24576K)
[2021-12-26T05:48:22.777+0000][6036][gc,heap,exit]  Metaspace       used 93082K, committed 94528K, reserved 1130496K
[2021-12-26T05:48:22.777+0000][6036][gc,heap,exit]   class space    used 12902K, committed 13504K, reserved 1048576K
