[2021-12-26T03:50:19.065+0000][1885][gc] Using G1
[2021-12-26T03:50:19.154+0000][1885][gc,init] Version: 17.0.1+12 (release)
[2021-12-26T03:50:19.154+0000][1885][gc,init] CPUs: 2 total, 2 available
[2021-12-26T03:50:19.154+0000][1885][gc,init] Memory: 3786M
[2021-12-26T03:50:19.154+0000][1885][gc,init] Large Page Support: Disabled
[2021-12-26T03:50:19.154+0000][1885][gc,init] NUMA Support: Disabled
[2021-12-26T03:50:19.154+0000][1885][gc,init] Compressed Oops: Enabled (32-bit)
[2021-12-26T03:50:19.154+0000][1885][gc,init] Heap Region Size: 4M
[2021-12-26T03:50:19.154+0000][1885][gc,init] Heap Min Capacity: 512M
[2021-12-26T03:50:19.154+0000][1885][gc,init] Heap Initial Capacity: 512M
[2021-12-26T03:50:19.154+0000][1885][gc,init] Heap Max Capacity: 512M
[2021-12-26T03:50:19.154+0000][1885][gc,init] Pre-touch: Enabled
[2021-12-26T03:50:19.154+0000][1885][gc,init] Parallel Workers: 2
[2021-12-26T03:50:19.154+0000][1885][gc,init] Concurrent Workers: 1
[2021-12-26T03:50:19.154+0000][1885][gc,init] Concurrent Refinement Workers: 2
[2021-12-26T03:50:19.154+0000][1885][gc,init] Periodic GC: Disabled
[2021-12-26T03:50:19.155+0000][1885][gc,metaspace] CDS archive(s) mapped at: [0x0000000800000000-0x0000000800bd1000-0x0000000800bd1000), size 12390400, SharedBaseAddress: 0x0000000800000000, ArchiveRelocationMode: 0.
[2021-12-26T03:50:19.155+0000][1885][gc,metaspace] Compressed class space mapped at: 0x0000000800c00000-0x0000000840c00000, reserved size: 1073741824
[2021-12-26T03:50:19.155+0000][1885][gc,metaspace] Narrow klass base: 0x0000000800000000, Narrow klass shift: 0, Narrow klass range: 0x100000000
[2021-12-26T03:50:19.794+0000][1885][safepoint   ] Safepoint "ICBufferFull", Time since last: 629766741 ns, Reaching safepoint: 187019 ns, At safepoint: 17842 ns, Total: 204861 ns
[2021-12-26T03:50:20.071+0000][1885][gc,start    ] GC(0) Pause Young (Normal) (G1 Evacuation Pause)
[2021-12-26T03:50:20.071+0000][1885][gc,task     ] GC(0) Using 2 workers of 2 for evacuation
[2021-12-26T03:50:20.071+0000][1885][gc,age      ] GC(0) Desired survivor size 2097152 bytes, new threshold 15 (max threshold 15)
[2021-12-26T03:50:20.079+0000][1885][gc,age      ] GC(0) Age table with threshold 15 (max threshold 15)
[2021-12-26T03:50:20.079+0000][1885][gc,age      ] GC(0) - age   1:    4184504 bytes,    4184504 total
[2021-12-26T03:50:20.079+0000][1885][gc,phases   ] GC(0)   Pre Evacuate Collection Set: 0.1ms
[2021-12-26T03:50:20.079+0000][1885][gc,phases   ] GC(0)   Merge Heap Roots: 0.0ms
[2021-12-26T03:50:20.079+0000][1885][gc,phases   ] GC(0)   Evacuate Collection Set: 6.6ms
[2021-12-26T03:50:20.079+0000][1885][gc,phases   ] GC(0)   Post Evacuate Collection Set: 0.7ms
[2021-12-26T03:50:20.079+0000][1885][gc,phases   ] GC(0)   Other: 0.2ms
[2021-12-26T03:50:20.079+0000][1885][gc,heap     ] GC(0) Eden regions: 6->0(5)
[2021-12-26T03:50:20.079+0000][1885][gc,heap     ] GC(0) Survivor regions: 0->1(1)
[2021-12-26T03:50:20.079+0000][1885][gc,heap     ] GC(0) Old regions: 0->1
[2021-12-26T03:50:20.079+0000][1885][gc,heap     ] GC(0) Archive regions: 2->2
[2021-12-26T03:50:20.079+0000][1885][gc,heap     ] GC(0) Humongous regions: 0->0
[2021-12-26T03:50:20.079+0000][1885][gc,metaspace] GC(0) Metaspace: 7871K(8064K)->7871K(8064K) NonClass: 6973K(7104K)->6973K(7104K) Class: 898K(960K)->898K(960K)
[2021-12-26T03:50:20.079+0000][1885][gc          ] GC(0) Pause Young (Normal) (G1 Evacuation Pause) 27M->8M(512M) 7.805ms
[2021-12-26T03:50:20.079+0000][1885][gc,cpu      ] GC(0) User=0.01s Sys=0.00s Real=0.01s
[2021-12-26T03:50:20.079+0000][1885][safepoint   ] Safepoint "G1CollectForAllocation", Time since last: 275786826 ns, Reaching safepoint: 996161 ns, At safepoint: 7992793 ns, Total: 8988954 ns
[2021-12-26T03:50:20.525+0000][1885][gc,start    ] GC(1) Pause Young (Normal) (G1 Evacuation Pause)
[2021-12-26T03:50:20.525+0000][1885][gc,task     ] GC(1) Using 2 workers of 2 for evacuation
[2021-12-26T03:50:20.525+0000][1885][gc,age      ] GC(1) Desired survivor size 2097152 bytes, new threshold 1 (max threshold 15)
[2021-12-26T03:50:20.538+0000][1885][gc,age      ] GC(1) Age table with threshold 1 (max threshold 15)
[2021-12-26T03:50:20.538+0000][1885][gc,age      ] GC(1) - age   1:    1185248 bytes,    1185248 total
[2021-12-26T03:50:20.538+0000][1885][gc,phases   ] GC(1)   Pre Evacuate Collection Set: 0.0ms
[2021-12-26T03:50:20.538+0000][1885][gc,phases   ] GC(1)   Merge Heap Roots: 0.0ms
[2021-12-26T03:50:20.538+0000][1885][gc,phases   ] GC(1)   Evacuate Collection Set: 12.8ms
[2021-12-26T03:50:20.539+0000][1885][gc,phases   ] GC(1)   Post Evacuate Collection Set: 0.6ms
[2021-12-26T03:50:20.539+0000][1885][gc,phases   ] GC(1)   Other: 0.2ms
[2021-12-26T03:50:20.539+0000][1885][gc,heap     ] GC(1) Eden regions: 5->0(5)
[2021-12-26T03:50:20.539+0000][1885][gc,heap     ] GC(1) Survivor regions: 1->1(1)
[2021-12-26T03:50:20.539+0000][1885][gc,heap     ] GC(1) Old regions: 1->2
[2021-12-26T03:50:20.539+0000][1885][gc,heap     ] GC(1) Archive regions: 2->2
[2021-12-26T03:50:20.539+0000][1885][gc,heap     ] GC(1) Humongous regions: 0->0
[2021-12-26T03:50:20.539+0000][1885][gc,metaspace] GC(1) Metaspace: 12068K(12288K)->12068K(12288K) NonClass: 10555K(10688K)->10555K(10688K) Class: 1512K(1600K)->1512K(1600K)
[2021-12-26T03:50:20.539+0000][1885][gc          ] GC(1) Pause Young (Normal) (G1 Evacuation Pause) 28M->9M(512M) 13.708ms
[2021-12-26T03:50:20.539+0000][1885][gc,cpu      ] GC(1) User=0.02s Sys=0.00s Real=0.01s
[2021-12-26T03:50:20.539+0000][1885][safepoint   ] Safepoint "G1CollectForAllocation", Time since last: 445624841 ns, Reaching safepoint: 91797 ns, At safepoint: 13774663 ns, Total: 13866460 ns
[2021-12-26T03:50:20.892+0000][1885][gc,start    ] GC(2) Pause Young (Normal) (G1 Evacuation Pause)
[2021-12-26T03:50:20.892+0000][1885][gc,task     ] GC(2) Using 2 workers of 2 for evacuation
[2021-12-26T03:50:20.892+0000][1885][gc,age      ] GC(2) Desired survivor size 2097152 bytes, new threshold 15 (max threshold 15)
[2021-12-26T03:50:20.907+0000][1885][gc,age      ] GC(2) Age table with threshold 15 (max threshold 15)
[2021-12-26T03:50:20.907+0000][1885][gc,age      ] GC(2) - age   1:    3013088 bytes,    3013088 total
[2021-12-26T03:50:20.907+0000][1885][gc,age      ] GC(2) - age   2:    1131688 bytes,    4144776 total
[2021-12-26T03:50:20.907+0000][1885][gc,phases   ] GC(2)   Pre Evacuate Collection Set: 0.1ms
[2021-12-26T03:50:20.907+0000][1885][gc,phases   ] GC(2)   Merge Heap Roots: 0.0ms
[2021-12-26T03:50:20.907+0000][1885][gc,phases   ] GC(2)   Evacuate Collection Set: 13.7ms
[2021-12-26T03:50:20.907+0000][1885][gc,phases   ] GC(2)   Post Evacuate Collection Set: 0.8ms
[2021-12-26T03:50:20.907+0000][1885][gc,phases   ] GC(2)   Other: 0.2ms
[2021-12-26T03:50:20.907+0000][1885][gc,heap     ] GC(2) Eden regions: 5->0(6)
[2021-12-26T03:50:20.907+0000][1885][gc,heap     ] GC(2) Survivor regions: 1->1(1)
[2021-12-26T03:50:20.907+0000][1885][gc,heap     ] GC(2) Old regions: 2->2
[2021-12-26T03:50:20.907+0000][1885][gc,heap     ] GC(2) Archive regions: 2->2
[2021-12-26T03:50:20.907+0000][1885][gc,heap     ] GC(2) Humongous regions: 0->0
[2021-12-26T03:50:20.907+0000][1885][gc,metaspace] GC(2) Metaspace: 14042K(14336K)->14042K(14336K) NonClass: 12319K(12480K)->12319K(12480K) Class: 1723K(1856K)->1723K(1856K)
[2021-12-26T03:50:20.907+0000][1885][gc          ] GC(2) Pause Young (Normal) (G1 Evacuation Pause) 29M->12M(512M) 14.929ms
[2021-12-26T03:50:20.907+0000][1885][gc,cpu      ] GC(2) User=0.03s Sys=0.00s Real=0.02s
[2021-12-26T03:50:20.907+0000][1885][safepoint   ] Safepoint "G1CollectForAllocation", Time since last: 353565479 ns, Reaching safepoint: 107314 ns, At safepoint: 15012148 ns, Total: 15119462 ns
[2021-12-26T03:50:21.321+0000][1885][gc,start    ] GC(3) Pause Young (Normal) (G1 Evacuation Pause)
[2021-12-26T03:50:21.321+0000][1885][gc,task     ] GC(3) Using 2 workers of 2 for evacuation
[2021-12-26T03:50:21.321+0000][1885][gc,age      ] GC(3) Desired survivor size 2097152 bytes, new threshold 1 (max threshold 15)
[2021-12-26T03:50:21.328+0000][1885][gc,age      ] GC(3) Age table with threshold 1 (max threshold 15)
[2021-12-26T03:50:21.328+0000][1885][gc,age      ] GC(3) - age   1:     618888 bytes,     618888 total
[2021-12-26T03:50:21.328+0000][1885][gc,phases   ] GC(3)   Pre Evacuate Collection Set: 0.1ms
[2021-12-26T03:50:21.328+0000][1885][gc,phases   ] GC(3)   Merge Heap Roots: 0.1ms
[2021-12-26T03:50:21.328+0000][1885][gc,phases   ] GC(3)   Evacuate Collection Set: 5.8ms
[2021-12-26T03:50:21.328+0000][1885][gc,phases   ] GC(3)   Post Evacuate Collection Set: 0.5ms
[2021-12-26T03:50:21.328+0000][1885][gc,phases   ] GC(3)   Other: 0.2ms
[2021-12-26T03:50:21.328+0000][1885][gc,heap     ] GC(3) Eden regions: 5->0(11)
[2021-12-26T03:50:21.328+0000][1885][gc,heap     ] GC(3) Survivor regions: 1->1(1)
[2021-12-26T03:50:21.328+0000][1885][gc,heap     ] GC(3) Old regions: 2->2
[2021-12-26T03:50:21.328+0000][1885][gc,heap     ] GC(3) Archive regions: 2->2
[2021-12-26T03:50:21.328+0000][1885][gc,heap     ] GC(3) Humongous regions: 0->0
[2021-12-26T03:50:21.328+0000][1885][gc,metaspace] GC(3) Metaspace: 14747K(15040K)->14747K(15040K) NonClass: 12968K(13120K)->12968K(13120K) Class: 1779K(1920K)->1779K(1920K)
[2021-12-26T03:50:21.328+0000][1885][gc          ] GC(3) Pause Young (Normal) (G1 Evacuation Pause) 32M->11M(512M) 6.660ms
[2021-12-26T03:50:21.328+0000][1885][gc,cpu      ] GC(3) User=0.02s Sys=0.00s Real=0.01s
[2021-12-26T03:50:21.328+0000][1885][safepoint   ] Safepoint "G1CollectForAllocation", Time since last: 413764037 ns, Reaching safepoint: 77327 ns, At safepoint: 6729970 ns, Total: 6807297 ns
[2021-12-26T03:50:21.639+0000][1885][gc,start    ] GC(4) Pause Young (Normal) (G1 Evacuation Pause)
[2021-12-26T03:50:21.639+0000][1885][gc,task     ] GC(4) Using 2 workers of 2 for evacuation
[2021-12-26T03:50:21.639+0000][1885][gc,age      ] GC(4) Desired survivor size 4194304 bytes, new threshold 15 (max threshold 15)
[2021-12-26T03:50:21.644+0000][1885][gc,age      ] GC(4) Age table with threshold 15 (max threshold 15)
[2021-12-26T03:50:21.644+0000][1885][gc,age      ] GC(4) - age   1:    1203976 bytes,    1203976 total
[2021-12-26T03:50:21.644+0000][1885][gc,age      ] GC(4) - age   2:     541472 bytes,    1745448 total
[2021-12-26T03:50:21.644+0000][1885][gc,phases   ] GC(4)   Pre Evacuate Collection Set: 0.0ms
[2021-12-26T03:50:21.644+0000][1885][gc,phases   ] GC(4)   Merge Heap Roots: 0.0ms
[2021-12-26T03:50:21.644+0000][1885][gc,phases   ] GC(4)   Evacuate Collection Set: 4.2ms
[2021-12-26T03:50:21.644+0000][1885][gc,phases   ] GC(4)   Post Evacuate Collection Set: 0.5ms
[2021-12-26T03:50:21.644+0000][1885][gc,phases   ] GC(4)   Other: 0.2ms
[2021-12-26T03:50:21.644+0000][1885][gc,heap     ] GC(4) Eden regions: 11->0(67)
[2021-12-26T03:50:21.644+0000][1885][gc,heap     ] GC(4) Survivor regions: 1->1(2)
[2021-12-26T03:50:21.644+0000][1885][gc,heap     ] GC(4) Old regions: 2->2
[2021-12-26T03:50:21.644+0000][1885][gc,heap     ] GC(4) Archive regions: 2->2
[2021-12-26T03:50:21.644+0000][1885][gc,heap     ] GC(4) Humongous regions: 0->0
[2021-12-26T03:50:21.644+0000][1885][gc,metaspace] GC(4) Metaspace: 15163K(15424K)->15163K(15424K) NonClass: 13357K(13504K)->13357K(13504K) Class: 1806K(1920K)->1806K(1920K)
[2021-12-26T03:50:21.644+0000][1885][gc          ] GC(4) Pause Young (Normal) (G1 Evacuation Pause) 55M->12M(512M) 5.024ms
[2021-12-26T03:50:21.644+0000][1885][gc,cpu      ] GC(4) User=0.01s Sys=0.01s Real=0.01s
[2021-12-26T03:50:21.644+0000][1885][safepoint   ] Safepoint "G1CollectForAllocation", Time since last: 310686705 ns, Reaching safepoint: 566618 ns, At safepoint: 5125627 ns, Total: 5692245 ns
[2021-12-26T03:50:21.952+0000][1885][safepoint   ] Safepoint "ICBufferFull", Time since last: 307013906 ns, Reaching safepoint: 596423 ns, At safepoint: 13597 ns, Total: 610020 ns
[2021-12-26T03:50:21.953+0000][1885][safepoint   ] Safepoint "ICBufferFull", Time since last: 1322489 ns, Reaching safepoint: 230804 ns, At safepoint: 7157 ns, Total: 237961 ns
[2021-12-26T03:50:21.957+0000][1885][safepoint   ] Safepoint "ICBufferFull", Time since last: 2522655 ns, Reaching safepoint: 839195 ns, At safepoint: 12026 ns, Total: 851221 ns
[2021-12-26T03:50:21.958+0000][1885][safepoint   ] Safepoint "ICBufferFull", Time since last: 1223393 ns, Reaching safepoint: 155265 ns, At safepoint: 9251 ns, Total: 164516 ns
[2021-12-26T03:50:21.960+0000][1885][safepoint   ] Safepoint "ICBufferFull", Time since last: 1415453 ns, Reaching safepoint: 148136 ns, At safepoint: 9656 ns, Total: 157792 ns
[2021-12-26T03:50:22.346+0000][1885][safepoint   ] Safepoint "ICBufferFull", Time since last: 385762598 ns, Reaching safepoint: 463602 ns, At safepoint: 23274 ns, Total: 486876 ns
[2021-12-26T03:50:22.508+0000][1885][gc,start    ] GC(5) Pause Young (Normal) (G1 Evacuation Pause)
[2021-12-26T03:50:22.508+0000][1885][gc,task     ] GC(5) Using 2 workers of 2 for evacuation
[2021-12-26T03:50:22.508+0000][1885][gc,age      ] GC(5) Desired survivor size 18874368 bytes, new threshold 15 (max threshold 15)
[2021-12-26T03:50:22.518+0000][1885][gc,age      ] GC(5) Age table with threshold 15 (max threshold 15)
[2021-12-26T03:50:22.518+0000][1885][gc,age      ] GC(5) - age   1:    3820264 bytes,    3820264 total
[2021-12-26T03:50:22.518+0000][1885][gc,age      ] GC(5) - age   2:     512432 bytes,    4332696 total
[2021-12-26T03:50:22.518+0000][1885][gc,age      ] GC(5) - age   3:     541264 bytes,    4873960 total
[2021-12-26T03:50:22.518+0000][1885][gc,phases   ] GC(5)   Pre Evacuate Collection Set: 0.1ms
[2021-12-26T03:50:22.518+0000][1885][gc,phases   ] GC(5)   Merge Heap Roots: 0.0ms
[2021-12-26T03:50:22.518+0000][1885][gc,phases   ] GC(5)   Evacuate Collection Set: 8.8ms
[2021-12-26T03:50:22.518+0000][1885][gc,phases   ] GC(5)   Post Evacuate Collection Set: 0.7ms
[2021-12-26T03:50:22.518+0000][1885][gc,phases   ] GC(5)   Other: 0.2ms
[2021-12-26T03:50:22.518+0000][1885][gc,heap     ] GC(5) Eden regions: 67->0(74)
[2021-12-26T03:50:22.518+0000][1885][gc,heap     ] GC(5) Survivor regions: 1->2(9)
[2021-12-26T03:50:22.518+0000][1885][gc,heap     ] GC(5) Old regions: 2->2
[2021-12-26T03:50:22.518+0000][1885][gc,heap     ] GC(5) Archive regions: 2->2
[2021-12-26T03:50:22.518+0000][1885][gc,heap     ] GC(5) Humongous regions: 0->0
[2021-12-26T03:50:22.518+0000][1885][gc,metaspace] GC(5) Metaspace: 17918K(18240K)->17918K(18240K) NonClass: 15727K(15872K)->15727K(15872K) Class: 2190K(2368K)->2190K(2368K)
[2021-12-26T03:50:22.518+0000][1885][gc          ] GC(5) Pause Young (Normal) (G1 Evacuation Pause) 280M->15M(512M) 9.896ms
[2021-12-26T03:50:22.518+0000][1885][gc,cpu      ] GC(5) User=0.02s Sys=0.00s Real=0.01s
[2021-12-26T03:50:22.518+0000][1885][safepoint   ] Safepoint "G1CollectForAllocation", Time since last: 161686502 ns, Reaching safepoint: 385005 ns, At safepoint: 9970083 ns, Total: 10355088 ns
[2021-12-26T03:50:23.210+0000][1885][gc,start    ] GC(6) Pause Young (Normal) (G1 Evacuation Pause)
[2021-12-26T03:50:23.210+0000][1885][gc,task     ] GC(6) Using 2 workers of 2 for evacuation
[2021-12-26T03:50:23.210+0000][1885][gc,age      ] GC(6) Desired survivor size 20971520 bytes, new threshold 15 (max threshold 15)
[2021-12-26T03:50:23.219+0000][1885][gc,age      ] GC(6) Age table with threshold 15 (max threshold 15)
[2021-12-26T03:50:23.219+0000][1885][gc,age      ] GC(6) - age   1:    4131192 bytes,    4131192 total
[2021-12-26T03:50:23.219+0000][1885][gc,age      ] GC(6) - age   2:    3613376 bytes,    7744568 total
[2021-12-26T03:50:23.219+0000][1885][gc,age      ] GC(6) - age   3:     512352 bytes,    8256920 total
[2021-12-26T03:50:23.219+0000][1885][gc,age      ] GC(6) - age   4:     541264 bytes,    8798184 total
[2021-12-26T03:50:23.219+0000][1885][gc,phases   ] GC(6)   Pre Evacuate Collection Set: 0.1ms
[2021-12-26T03:50:23.219+0000][1885][gc,phases   ] GC(6)   Merge Heap Roots: 0.1ms
[2021-12-26T03:50:23.219+0000][1885][gc,phases   ] GC(6)   Evacuate Collection Set: 7.7ms
[2021-12-26T03:50:23.219+0000][1885][gc,phases   ] GC(6)   Post Evacuate Collection Set: 0.7ms
[2021-12-26T03:50:23.219+0000][1885][gc,phases   ] GC(6)   Other: 0.2ms
[2021-12-26T03:50:23.219+0000][1885][gc,heap     ] GC(6) Eden regions: 74->0(73)
[2021-12-26T03:50:23.219+0000][1885][gc,heap     ] GC(6) Survivor regions: 2->3(10)
[2021-12-26T03:50:23.219+0000][1885][gc,heap     ] GC(6) Old regions: 2->2
[2021-12-26T03:50:23.219+0000][1885][gc,heap     ] GC(6) Archive regions: 2->2
[2021-12-26T03:50:23.219+0000][1885][gc,heap     ] GC(6) Humongous regions: 0->0
[2021-12-26T03:50:23.219+0000][1885][gc,metaspace] GC(6) Metaspace: 18803K(19200K)->18803K(19200K) NonClass: 16488K(16704K)->16488K(16704K) Class: 2315K(2496K)->2315K(2496K)
[2021-12-26T03:50:23.219+0000][1885][gc          ] GC(6) Pause Young (Normal) (G1 Evacuation Pause) 311M->19M(512M) 8.867ms
[2021-12-26T03:50:23.219+0000][1885][gc,cpu      ] GC(6) User=0.02s Sys=0.00s Real=0.01s
[2021-12-26T03:50:23.219+0000][1885][safepoint   ] Safepoint "G1CollectForAllocation", Time since last: 691132557 ns, Reaching safepoint: 905021 ns, At safepoint: 8959623 ns, Total: 9864644 ns
[2021-12-26T03:50:23.855+0000][1885][gc,start    ] GC(7) Pause Young (Normal) (G1 Evacuation Pause)
[2021-12-26T03:50:23.855+0000][1885][gc,task     ] GC(7) Using 2 workers of 2 for evacuation
[2021-12-26T03:50:23.855+0000][1885][gc,age      ] GC(7) Desired survivor size 20971520 bytes, new threshold 15 (max threshold 15)
[2021-12-26T03:50:23.864+0000][1885][gc,age      ] GC(7) Age table with threshold 15 (max threshold 15)
[2021-12-26T03:50:23.864+0000][1885][gc,age      ] GC(7) - age   1:    1041576 bytes,    1041576 total
[2021-12-26T03:50:23.864+0000][1885][gc,age      ] GC(7) - age   2:    3819776 bytes,    4861352 total
[2021-12-26T03:50:23.864+0000][1885][gc,age      ] GC(7) - age   3:    3612880 bytes,    8474232 total
[2021-12-26T03:50:23.864+0000][1885][gc,age      ] GC(7) - age   4:     512352 bytes,    8986584 total
[2021-12-26T03:50:23.864+0000][1885][gc,age      ] GC(7) - age   5:     541264 bytes,    9527848 total
[2021-12-26T03:50:23.864+0000][1885][gc,phases   ] GC(7)   Pre Evacuate Collection Set: 0.1ms
[2021-12-26T03:50:23.864+0000][1885][gc,phases   ] GC(7)   Merge Heap Roots: 0.0ms
[2021-12-26T03:50:23.864+0000][1885][gc,phases   ] GC(7)   Evacuate Collection Set: 8.0ms
[2021-12-26T03:50:23.864+0000][1885][gc,phases   ] GC(7)   Post Evacuate Collection Set: 0.8ms
[2021-12-26T03:50:23.864+0000][1885][gc,phases   ] GC(7)   Other: 0.2ms
[2021-12-26T03:50:23.864+0000][1885][gc,heap     ] GC(7) Eden regions: 73->0(73)
[2021-12-26T03:50:23.864+0000][1885][gc,heap     ] GC(7) Survivor regions: 3->3(10)
[2021-12-26T03:50:23.864+0000][1885][gc,heap     ] GC(7) Old regions: 2->2
[2021-12-26T03:50:23.864+0000][1885][gc,heap     ] GC(7) Archive regions: 2->2
[2021-12-26T03:50:23.864+0000][1885][gc,heap     ] GC(7) Humongous regions: 0->0
[2021-12-26T03:50:23.864+0000][1885][gc,metaspace] GC(7) Metaspace: 19719K(20160K)->19719K(20160K) NonClass: 17273K(17536K)->17273K(17536K) Class: 2446K(2624K)->2446K(2624K)
[2021-12-26T03:50:23.864+0000][1885][gc          ] GC(7) Pause Young (Normal) (G1 Evacuation Pause) 311M->20M(512M) 9.231ms
[2021-12-26T03:50:23.864+0000][1885][gc,cpu      ] GC(7) User=0.01s Sys=0.00s Real=0.01s
[2021-12-26T03:50:23.864+0000][1885][safepoint   ] Safepoint "G1CollectForAllocation", Time since last: 635180217 ns, Reaching safepoint: 879884 ns, At safepoint: 9300831 ns, Total: 10180715 ns
[2021-12-26T03:50:24.402+0000][1885][safepoint   ] Safepoint "ICBufferFull", Time since last: 537324693 ns, Reaching safepoint: 435559 ns, At safepoint: 6651 ns, Total: 442210 ns
[2021-12-26T03:50:24.471+0000][1885][gc,start    ] GC(8) Pause Young (Normal) (G1 Evacuation Pause)
[2021-12-26T03:50:24.471+0000][1885][gc,task     ] GC(8) Using 2 workers of 2 for evacuation
[2021-12-26T03:50:24.471+0000][1885][gc,age      ] GC(8) Desired survivor size 20971520 bytes, new threshold 15 (max threshold 15)
[2021-12-26T03:50:24.486+0000][1885][gc,age      ] GC(8) Age table with threshold 15 (max threshold 15)
[2021-12-26T03:50:24.486+0000][1885][gc,age      ] GC(8) - age   1:    2818552 bytes,    2818552 total
[2021-12-26T03:50:24.486+0000][1885][gc,age      ] GC(8) - age   2:     636928 bytes,    3455480 total
[2021-12-26T03:50:24.486+0000][1885][gc,age      ] GC(8) - age   3:    3816000 bytes,    7271480 total
[2021-12-26T03:50:24.486+0000][1885][gc,age      ] GC(8) - age   4:    3611544 bytes,   10883024 total
[2021-12-26T03:50:24.486+0000][1885][gc,age      ] GC(8) - age   5:     512352 bytes,   11395376 total
[2021-12-26T03:50:24.486+0000][1885][gc,age      ] GC(8) - age   6:     541184 bytes,   11936560 total
[2021-12-26T03:50:24.486+0000][1885][gc,phases   ] GC(8)   Pre Evacuate Collection Set: 0.1ms
[2021-12-26T03:50:24.486+0000][1885][gc,phases   ] GC(8)   Merge Heap Roots: 0.0ms
[2021-12-26T03:50:24.486+0000][1885][gc,phases   ] GC(8)   Evacuate Collection Set: 13.3ms
[2021-12-26T03:50:24.486+0000][1885][gc,phases   ] GC(8)   Post Evacuate Collection Set: 0.8ms
[2021-12-26T03:50:24.486+0000][1885][gc,phases   ] GC(8)   Other: 0.2ms
[2021-12-26T03:50:24.486+0000][1885][gc,heap     ] GC(8) Eden regions: 73->0(73)
[2021-12-26T03:50:24.486+0000][1885][gc,heap     ] GC(8) Survivor regions: 3->3(10)
[2021-12-26T03:50:24.486+0000][1885][gc,heap     ] GC(8) Old regions: 2->2
[2021-12-26T03:50:24.486+0000][1885][gc,heap     ] GC(8) Archive regions: 2->2
[2021-12-26T03:50:24.486+0000][1885][gc,heap     ] GC(8) Humongous regions: 0->0
[2021-12-26T03:50:24.486+0000][1885][gc,metaspace] GC(8) Metaspace: 20727K(21184K)->20727K(21184K) NonClass: 18155K(18432K)->18155K(18432K) Class: 2571K(2752K)->2571K(2752K)
[2021-12-26T03:50:24.486+0000][1885][gc          ] GC(8) Pause Young (Normal) (G1 Evacuation Pause) 312M->23M(512M) 14.501ms
[2021-12-26T03:50:24.486+0000][1885][gc,cpu      ] GC(8) User=0.03s Sys=0.01s Real=0.02s
[2021-12-26T03:50:24.486+0000][1885][safepoint   ] Safepoint "G1CollectForAllocation", Time since last: 69100188 ns, Reaching safepoint: 56722 ns, At safepoint: 14574767 ns, Total: 14631489 ns
[2021-12-26T03:50:24.970+0000][1885][gc,start    ] GC(9) Pause Young (Normal) (G1 Evacuation Pause)
[2021-12-26T03:50:24.970+0000][1885][gc,task     ] GC(9) Using 2 workers of 2 for evacuation
[2021-12-26T03:50:24.970+0000][1885][gc,age      ] GC(9) Desired survivor size 20971520 bytes, new threshold 15 (max threshold 15)
[2021-12-26T03:50:24.982+0000][1885][gc,age      ] GC(9) Age table with threshold 15 (max threshold 15)
[2021-12-26T03:50:24.982+0000][1885][gc,age      ] GC(9) - age   1:    1355872 bytes,    1355872 total
[2021-12-26T03:50:24.982+0000][1885][gc,age      ] GC(9) - age   2:    1723896 bytes,    3079768 total
[2021-12-26T03:50:24.982+0000][1885][gc,age      ] GC(9) - age   3:     634848 bytes,    3714616 total
[2021-12-26T03:50:24.982+0000][1885][gc,age      ] GC(9) - age   4:    3815936 bytes,    7530552 total
[2021-12-26T03:50:24.982+0000][1885][gc,age      ] GC(9) - age   5:    3610120 bytes,   11140672 total
[2021-12-26T03:50:24.982+0000][1885][gc,age      ] GC(9) - age   6:     512352 bytes,   11653024 total
[2021-12-26T03:50:24.982+0000][1885][gc,age      ] GC(9) - age   7:     541184 bytes,   12194208 total
[2021-12-26T03:50:24.982+0000][1885][gc,phases   ] GC(9)   Pre Evacuate Collection Set: 0.1ms
[2021-12-26T03:50:24.982+0000][1885][gc,phases   ] GC(9)   Merge Heap Roots: 0.1ms
[2021-12-26T03:50:24.982+0000][1885][gc,phases   ] GC(9)   Evacuate Collection Set: 10.7ms
[2021-12-26T03:50:24.982+0000][1885][gc,phases   ] GC(9)   Post Evacuate Collection Set: 0.8ms
[2021-12-26T03:50:24.982+0000][1885][gc,phases   ] GC(9)   Other: 0.2ms
[2021-12-26T03:50:24.982+0000][1885][gc,heap     ] GC(9) Eden regions: 73->0(72)
[2021-12-26T03:50:24.982+0000][1885][gc,heap     ] GC(9) Survivor regions: 3->4(10)
[2021-12-26T03:50:24.982+0000][1885][gc,heap     ] GC(9) Old regions: 2->2
[2021-12-26T03:50:24.982+0000][1885][gc,heap     ] GC(9) Archive regions: 2->2
[2021-12-26T03:50:24.982+0000][1885][gc,heap     ] GC(9) Humongous regions: 0->0
[2021-12-26T03:50:24.982+0000][1885][gc,metaspace] GC(9) Metaspace: 21001K(21504K)->21001K(21504K) NonClass: 18386K(18688K)->18386K(18688K) Class: 2615K(2816K)->2615K(2816K)
[2021-12-26T03:50:24.982+0000][1885][gc          ] GC(9) Pause Young (Normal) (G1 Evacuation Pause) 315M->23M(512M) 11.877ms
[2021-12-26T03:50:24.982+0000][1885][gc,cpu      ] GC(9) User=0.02s Sys=0.00s Real=0.01s
[2021-12-26T03:50:24.982+0000][1885][safepoint   ] Safepoint "G1CollectForAllocation", Time since last: 483802758 ns, Reaching safepoint: 168840 ns, At safepoint: 11947655 ns, Total: 12116495 ns
[2021-12-26T03:50:25.180+0000][1885][gc,start    ] GC(10) Pause Young (Concurrent Start) (Metadata GC Threshold)
[2021-12-26T03:50:25.180+0000][1885][gc,task     ] GC(10) Using 2 workers of 2 for evacuation
[2021-12-26T03:50:25.180+0000][1885][gc,age      ] GC(10) Desired survivor size 20971520 bytes, new threshold 15 (max threshold 15)
[2021-12-26T03:50:25.191+0000][1885][gc,age      ] GC(10) Age table with threshold 15 (max threshold 15)
[2021-12-26T03:50:25.191+0000][1885][gc,age      ] GC(10) - age   1:     404472 bytes,     404472 total
[2021-12-26T03:50:25.191+0000][1885][gc,age      ] GC(10) - age   2:     745784 bytes,    1150256 total
[2021-12-26T03:50:25.191+0000][1885][gc,age      ] GC(10) - age   3:    1723896 bytes,    2874152 total
[2021-12-26T03:50:25.191+0000][1885][gc,age      ] GC(10) - age   4:     634848 bytes,    3509000 total
[2021-12-26T03:50:25.191+0000][1885][gc,age      ] GC(10) - age   5:    3815696 bytes,    7324696 total
[2021-12-26T03:50:25.191+0000][1885][gc,age      ] GC(10) - age   6:    3610120 bytes,   10934816 total
[2021-12-26T03:50:25.191+0000][1885][gc,age      ] GC(10) - age   7:     512352 bytes,   11447168 total
[2021-12-26T03:50:25.191+0000][1885][gc,age      ] GC(10) - age   8:     541184 bytes,   11988352 total
[2021-12-26T03:50:25.191+0000][1885][gc,phases   ] GC(10)   Pre Evacuate Collection Set: 0.1ms
[2021-12-26T03:50:25.191+0000][1885][gc,phases   ] GC(10)   Merge Heap Roots: 0.0ms
[2021-12-26T03:50:25.191+0000][1885][gc,phases   ] GC(10)   Evacuate Collection Set: 10.0ms
[2021-12-26T03:50:25.191+0000][1885][gc,phases   ] GC(10)   Post Evacuate Collection Set: 0.7ms
[2021-12-26T03:50:25.191+0000][1885][gc,phases   ] GC(10)   Other: 0.2ms
[2021-12-26T03:50:25.191+0000][1885][gc,heap     ] GC(10) Eden regions: 30->0(73)
[2021-12-26T03:50:25.191+0000][1885][gc,heap     ] GC(10) Survivor regions: 4->3(10)
[2021-12-26T03:50:25.191+0000][1885][gc,heap     ] GC(10) Old regions: 2->2
[2021-12-26T03:50:25.191+0000][1885][gc,heap     ] GC(10) Archive regions: 2->2
[2021-12-26T03:50:25.191+0000][1885][gc,heap     ] GC(10) Humongous regions: 0->0
[2021-12-26T03:50:25.191+0000][1885][gc,metaspace] GC(10) Metaspace: 21047K(21504K)->21047K(21504K) NonClass: 18422K(18688K)->18422K(18688K) Class: 2625K(2816K)->2625K(2816K)
[2021-12-26T03:50:25.191+0000][1885][gc          ] GC(10) Pause Young (Concurrent Start) (Metadata GC Threshold) 141M->23M(512M) 11.165ms
[2021-12-26T03:50:25.191+0000][1885][gc,cpu      ] GC(10) User=0.02s Sys=0.00s Real=0.01s
[2021-12-26T03:50:25.191+0000][1885][gc          ] GC(11) Concurrent Mark Cycle
[2021-12-26T03:50:25.191+0000][1885][gc,marking  ] GC(11) Concurrent Clear Claimed Marks
[2021-12-26T03:50:25.191+0000][1885][safepoint   ] Safepoint "CollectForMetadataAllocation", Time since last: 197733570 ns, Reaching safepoint: 40422 ns, At safepoint: 11297970 ns, Total: 11338392 ns
[2021-12-26T03:50:25.191+0000][1885][gc,marking  ] GC(11) Concurrent Clear Claimed Marks 0.035ms
[2021-12-26T03:50:25.191+0000][1885][gc,marking  ] GC(11) Concurrent Scan Root Regions
[2021-12-26T03:50:25.196+0000][1885][gc,marking  ] GC(11) Concurrent Scan Root Regions 4.768ms
[2021-12-26T03:50:25.196+0000][1885][gc,marking  ] GC(11) Concurrent Mark
[2021-12-26T03:50:25.196+0000][1885][gc,marking  ] GC(11) Concurrent Mark From Roots
[2021-12-26T03:50:25.196+0000][1885][gc,task     ] GC(11) Using 1 workers of 1 for marking
[2021-12-26T03:50:25.223+0000][1885][gc,marking  ] GC(11) Concurrent Mark From Roots 27.090ms
[2021-12-26T03:50:25.223+0000][1885][gc,marking  ] GC(11) Concurrent Preclean
[2021-12-26T03:50:25.223+0000][1885][gc,marking  ] GC(11) Concurrent Preclean 0.099ms
[2021-12-26T03:50:25.225+0000][1885][gc,start    ] GC(11) Pause Remark
[2021-12-26T03:50:25.240+0000][1885][gc          ] GC(11) Pause Remark 43M->43M(512M) 15.189ms
[2021-12-26T03:50:25.240+0000][1885][gc,cpu      ] GC(11) User=0.03s Sys=0.00s Real=0.01s
[2021-12-26T03:50:25.240+0000][1885][safepoint   ] Safepoint "G1Concurrent", Time since last: 34178715 ns, Reaching safepoint: 24536 ns, At safepoint: 15267033 ns, Total: 15291569 ns
[2021-12-26T03:50:25.241+0000][1885][gc,marking  ] GC(11) Concurrent Mark 45.328ms
[2021-12-26T03:50:25.241+0000][1885][gc,marking  ] GC(11) Concurrent Rebuild Remembered Sets
[2021-12-26T03:50:25.260+0000][1885][gc,marking  ] GC(11) Concurrent Rebuild Remembered Sets 18.934ms
[2021-12-26T03:50:25.260+0000][1885][gc,start    ] GC(11) Pause Cleanup
[2021-12-26T03:50:25.260+0000][1885][gc          ] GC(11) Pause Cleanup 57M->57M(512M) 0.054ms
[2021-12-26T03:50:25.260+0000][1885][gc,cpu      ] GC(11) User=0.00s Sys=0.00s Real=0.00s
[2021-12-26T03:50:25.260+0000][1885][safepoint   ] Safepoint "G1Concurrent", Time since last: 19708001 ns, Reaching safepoint: 21437 ns, At safepoint: 88352 ns, Total: 109789 ns
[2021-12-26T03:50:25.260+0000][1885][gc,marking  ] GC(11) Concurrent Cleanup for Next Mark
[2021-12-26T03:50:25.271+0000][1885][gc,marking  ] GC(11) Concurrent Cleanup for Next Mark 10.815ms
[2021-12-26T03:50:25.271+0000][1885][gc          ] GC(11) Concurrent Mark Cycle 80.216ms
[2021-12-26T03:50:25.741+0000][1885][safepoint   ] Safepoint "ICBufferFull", Time since last: 480610276 ns, Reaching safepoint: 148876 ns, At safepoint: 3549 ns, Total: 152425 ns
[2021-12-26T03:50:25.759+0000][1885][safepoint   ] Safepoint "ICBufferFull", Time since last: 18097157 ns, Reaching safepoint: 32589 ns, At safepoint: 2943 ns, Total: 35532 ns
[2021-12-26T03:50:25.760+0000][1885][safepoint   ] Safepoint "ICBufferFull", Time since last: 1075351 ns, Reaching safepoint: 24143 ns, At safepoint: 3147 ns, Total: 27290 ns
[2021-12-26T03:50:25.761+0000][1885][safepoint   ] Safepoint "ICBufferFull", Time since last: 1031319 ns, Reaching safepoint: 19515 ns, At safepoint: 2948 ns, Total: 22463 ns
[2021-12-26T03:50:25.780+0000][1885][safepoint   ] Safepoint "ICBufferFull", Time since last: 18830396 ns, Reaching safepoint: 26829 ns, At safepoint: 2998 ns, Total: 29827 ns
[2021-12-26T03:50:25.781+0000][1885][safepoint   ] Safepoint "ICBufferFull", Time since last: 1032179 ns, Reaching safepoint: 19210 ns, At safepoint: 2834 ns, Total: 22044 ns
[2021-12-26T03:50:25.824+0000][1885][safepoint   ] Safepoint "ICBufferFull", Time since last: 42571082 ns, Reaching safepoint: 45274 ns, At safepoint: 4327 ns, Total: 49601 ns
[2021-12-26T03:50:25.831+0000][1885][safepoint   ] Safepoint "ICBufferFull", Time since last: 7158924 ns, Reaching safepoint: 115286 ns, At safepoint: 4563 ns, Total: 119849 ns
[2021-12-26T03:50:25.854+0000][1885][safepoint   ] Safepoint "ICBufferFull", Time since last: 22529476 ns, Reaching safepoint: 31904 ns, At safepoint: 3885 ns, Total: 35789 ns
[2021-12-26T03:50:25.964+0000][1885][safepoint   ] Safepoint "ICBufferFull", Time since last: 109777145 ns, Reaching safepoint: 172983 ns, At safepoint: 4581 ns, Total: 177564 ns
[2021-12-26T03:50:25.965+0000][1885][safepoint   ] Safepoint "ICBufferFull", Time since last: 1265212 ns, Reaching safepoint: 29018 ns, At safepoint: 3151 ns, Total: 32169 ns
[2021-12-26T03:50:25.966+0000][1885][safepoint   ] Safepoint "ICBufferFull", Time since last: 1389296 ns, Reaching safepoint: 24376 ns, At safepoint: 3341 ns, Total: 27717 ns
[2021-12-26T03:50:25.988+0000][1885][safepoint   ] Safepoint "ICBufferFull", Time since last: 21566656 ns, Reaching safepoint: 33357 ns, At safepoint: 3387 ns, Total: 36744 ns
[2021-12-26T03:50:25.989+0000][1885][safepoint   ] Safepoint "ICBufferFull", Time since last: 1297300 ns, Reaching safepoint: 24239 ns, At safepoint: 3206 ns, Total: 27445 ns
[2021-12-26T03:50:26.118+0000][1885][safepoint   ] Safepoint "ICBufferFull", Time since last: 128331723 ns, Reaching safepoint: 53408 ns, At safepoint: 3949 ns, Total: 57357 ns
[2021-12-26T03:50:26.119+0000][1885][safepoint   ] Safepoint "ICBufferFull", Time since last: 1762118 ns, Reaching safepoint: 29305 ns, At safepoint: 3813 ns, Total: 33118 ns
[2021-12-26T03:50:26.121+0000][1885][safepoint   ] Safepoint "ICBufferFull", Time since last: 1583069 ns, Reaching safepoint: 39337 ns, At safepoint: 3318 ns, Total: 42655 ns
[2021-12-26T03:50:26.125+0000][1885][safepoint   ] Safepoint "ICBufferFull", Time since last: 3592313 ns, Reaching safepoint: 24558 ns, At safepoint: 3229 ns, Total: 27787 ns
[2021-12-26T03:50:26.127+0000][1885][safepoint   ] Safepoint "ICBufferFull", Time since last: 2093608 ns, Reaching safepoint: 23460 ns, At safepoint: 3287 ns, Total: 26747 ns
[2021-12-26T03:50:26.129+0000][1885][safepoint   ] Safepoint "ICBufferFull", Time since last: 2557020 ns, Reaching safepoint: 24397 ns, At safepoint: 3122 ns, Total: 27519 ns
[2021-12-26T03:50:26.131+0000][1885][safepoint   ] Safepoint "ICBufferFull", Time since last: 1629327 ns, Reaching safepoint: 40009 ns, At safepoint: 3188 ns, Total: 43197 ns
[2021-12-26T03:50:26.133+0000][1885][safepoint   ] Safepoint "ICBufferFull", Time since last: 1906282 ns, Reaching safepoint: 21757 ns, At safepoint: 3065 ns, Total: 24822 ns
[2021-12-26T03:50:26.135+0000][1885][safepoint   ] Safepoint "ICBufferFull", Time since last: 1874364 ns, Reaching safepoint: 24913 ns, At safepoint: 3350 ns, Total: 28263 ns
[2021-12-26T03:50:26.137+0000][1885][safepoint   ] Safepoint "ICBufferFull", Time since last: 1652533 ns, Reaching safepoint: 22578 ns, At safepoint: 3079 ns, Total: 25657 ns
[2021-12-26T03:50:26.138+0000][1885][safepoint   ] Safepoint "ICBufferFull", Time since last: 1624280 ns, Reaching safepoint: 22668 ns, At safepoint: 3038 ns, Total: 25706 ns
[2021-12-26T03:50:26.142+0000][1885][safepoint   ] Safepoint "ICBufferFull", Time since last: 3685323 ns, Reaching safepoint: 24363 ns, At safepoint: 3212 ns, Total: 27575 ns
[2021-12-26T03:50:26.144+0000][1885][safepoint   ] Safepoint "ICBufferFull", Time since last: 2336728 ns, Reaching safepoint: 25512 ns, At safepoint: 3243 ns, Total: 28755 ns
[2021-12-26T03:50:26.146+0000][1885][safepoint   ] Safepoint "ICBufferFull", Time since last: 1522247 ns, Reaching safepoint: 27448 ns, At safepoint: 3209 ns, Total: 30657 ns
[2021-12-26T03:50:26.148+0000][1885][safepoint   ] Safepoint "ICBufferFull", Time since last: 1762760 ns, Reaching safepoint: 25705 ns, At safepoint: 3189 ns, Total: 28894 ns
[2021-12-26T03:50:26.149+0000][1885][safepoint   ] Safepoint "ICBufferFull", Time since last: 1480047 ns, Reaching safepoint: 26736 ns, At safepoint: 3173 ns, Total: 29909 ns
[2021-12-26T03:50:26.151+0000][1885][safepoint   ] Safepoint "ICBufferFull", Time since last: 1481795 ns, Reaching safepoint: 26330 ns, At safepoint: 3122 ns, Total: 29452 ns
[2021-12-26T03:50:26.153+0000][1885][safepoint   ] Safepoint "ICBufferFull", Time since last: 1890647 ns, Reaching safepoint: 25901 ns, At safepoint: 3113 ns, Total: 29014 ns
[2021-12-26T03:50:26.154+0000][1885][safepoint   ] Safepoint "ICBufferFull", Time since last: 1332111 ns, Reaching safepoint: 25423 ns, At safepoint: 3088 ns, Total: 28511 ns
[2021-12-26T03:50:26.155+0000][1885][safepoint   ] Safepoint "ICBufferFull", Time since last: 1340807 ns, Reaching safepoint: 26544 ns, At safepoint: 3302 ns, Total: 29846 ns
[2021-12-26T03:50:26.159+0000][1885][safepoint   ] Safepoint "ICBufferFull", Time since last: 4023183 ns, Reaching safepoint: 26661 ns, At safepoint: 3230 ns, Total: 29891 ns
[2021-12-26T03:50:26.161+0000][1885][safepoint   ] Safepoint "ICBufferFull", Time since last: 1384098 ns, Reaching safepoint: 25997 ns, At safepoint: 3084 ns, Total: 29081 ns
[2021-12-26T03:50:26.162+0000][1885][safepoint   ] Safepoint "ICBufferFull", Time since last: 1370646 ns, Reaching safepoint: 25621 ns, At safepoint: 3078 ns, Total: 28699 ns
[2021-12-26T03:50:26.164+0000][1885][safepoint   ] Safepoint "ICBufferFull", Time since last: 1392746 ns, Reaching safepoint: 25977 ns, At safepoint: 3028 ns, Total: 29005 ns
[2021-12-26T03:50:26.168+0000][1885][safepoint   ] Safepoint "ICBufferFull", Time since last: 4521477 ns, Reaching safepoint: 26084 ns, At safepoint: 3120 ns, Total: 29204 ns
[2021-12-26T03:50:26.170+0000][1885][safepoint   ] Safepoint "ICBufferFull", Time since last: 1370165 ns, Reaching safepoint: 25602 ns, At safepoint: 2998 ns, Total: 28600 ns
[2021-12-26T03:50:26.171+0000][1885][safepoint   ] Safepoint "ICBufferFull", Time since last: 1300650 ns, Reaching safepoint: 26173 ns, At safepoint: 3048 ns, Total: 29221 ns
[2021-12-26T03:50:26.172+0000][1885][safepoint   ] Safepoint "ICBufferFull", Time since last: 1570175 ns, Reaching safepoint: 26130 ns, At safepoint: 3196 ns, Total: 29326 ns
[2021-12-26T03:50:26.174+0000][1885][safepoint   ] Safepoint "ICBufferFull", Time since last: 1262011 ns, Reaching safepoint: 26093 ns, At safepoint: 2882 ns, Total: 28975 ns
[2021-12-26T03:50:26.175+0000][1885][safepoint   ] Safepoint "ICBufferFull", Time since last: 1497996 ns, Reaching safepoint: 26826 ns, At safepoint: 2985 ns, Total: 29811 ns
[2021-12-26T03:50:26.553+0000][1885][safepoint   ] Safepoint "ICBufferFull", Time since last: 377544801 ns, Reaching safepoint: 81696 ns, At safepoint: 3819 ns, Total: 85515 ns
[2021-12-26T03:50:27.559+0000][1885][safepoint   ] Safepoint "Cleanup", Time since last: 1006137637 ns, Reaching safepoint: 94656 ns, At safepoint: 4577 ns, Total: 99233 ns
[2021-12-26T03:50:28.514+0000][1885][gc,start    ] GC(12) Pause Young (Normal) (G1 Evacuation Pause)
[2021-12-26T03:50:28.514+0000][1885][gc,task     ] GC(12) Using 2 workers of 2 for evacuation
[2021-12-26T03:50:28.514+0000][1885][gc,age      ] GC(12) Desired survivor size 20971520 bytes, new threshold 15 (max threshold 15)
[2021-12-26T03:50:28.571+0000][1885][gc,age      ] GC(12) Age table with threshold 15 (max threshold 15)
[2021-12-26T03:50:28.571+0000][1885][gc,age      ] GC(12) - age   1:   23629840 bytes,   23629840 total
[2021-12-26T03:50:28.571+0000][1885][gc,age      ] GC(12) - age   2:     389480 bytes,   24019320 total
[2021-12-26T03:50:28.571+0000][1885][gc,age      ] GC(12) - age   3:     727320 bytes,   24746640 total
[2021-12-26T03:50:28.571+0000][1885][gc,age      ] GC(12) - age   4:    1703776 bytes,   26450416 total
[2021-12-26T03:50:28.571+0000][1885][gc,age      ] GC(12) - age   5:     623096 bytes,   27073512 total
[2021-12-26T03:50:28.571+0000][1885][gc,age      ] GC(12) - age   6:    3799080 bytes,   30872592 total
[2021-12-26T03:50:28.571+0000][1885][gc,age      ] GC(12) - age   7:    3562128 bytes,   34434720 total
[2021-12-26T03:50:28.571+0000][1885][gc,age      ] GC(12) - age   8:     468200 bytes,   34902920 total
[2021-12-26T03:50:28.571+0000][1885][gc,age      ] GC(12) - age   9:     516952 bytes,   35419872 total
[2021-12-26T03:50:28.571+0000][1885][gc,phases   ] GC(12)   Pre Evacuate Collection Set: 0.1ms
[2021-12-26T03:50:28.571+0000][1885][gc,phases   ] GC(12)   Merge Heap Roots: 0.1ms
[2021-12-26T03:50:28.571+0000][1885][gc,phases   ] GC(12)   Evacuate Collection Set: 55.1ms
[2021-12-26T03:50:28.571+0000][1885][gc,phases   ] GC(12)   Post Evacuate Collection Set: 1.2ms
[2021-12-26T03:50:28.571+0000][1885][gc,phases   ] GC(12)   Other: 0.3ms
[2021-12-26T03:50:28.571+0000][1885][gc,heap     ] GC(12) Eden regions: 73->0(67)
[2021-12-26T03:50:28.571+0000][1885][gc,heap     ] GC(12) Survivor regions: 3->9(10)
[2021-12-26T03:50:28.571+0000][1885][gc,heap     ] GC(12) Old regions: 2->2
[2021-12-26T03:50:28.571+0000][1885][gc,heap     ] GC(12) Archive regions: 2->2
[2021-12-26T03:50:28.571+0000][1885][gc,heap     ] GC(12) Humongous regions: 0->0
[2021-12-26T03:50:28.571+0000][1885][gc,metaspace] GC(12) Metaspace: 30738K(31680K)->30738K(31680K) NonClass: 26776K(27328K)->26776K(27328K) Class: 3961K(4352K)->3961K(4352K)
[2021-12-26T03:50:28.571+0000][1885][gc          ] GC(12) Pause Young (Normal) (G1 Evacuation Pause) 315M->45M(512M) 56.760ms
[2021-12-26T03:50:28.571+0000][1885][gc,cpu      ] GC(12) User=0.11s Sys=0.00s Real=0.05s
[2021-12-26T03:50:28.571+0000][1885][safepoint   ] Safepoint "G1CollectForAllocation", Time since last: 955152921 ns, Reaching safepoint: 81419 ns, At safepoint: 56837236 ns, Total: 56918655 ns
[2021-12-26T03:50:29.183+0000][1885][gc,start    ] GC(13) Pause Young (Concurrent Start) (Metadata GC Threshold)
[2021-12-26T03:50:29.183+0000][1885][gc,task     ] GC(13) Using 2 workers of 2 for evacuation
[2021-12-26T03:50:29.183+0000][1885][gc,age      ] GC(13) Desired survivor size 20971520 bytes, new threshold 1 (max threshold 15)
[2021-12-26T03:50:29.266+0000][1885][gc,age      ] GC(13) Age table with threshold 1 (max threshold 15)
[2021-12-26T03:50:29.266+0000][1885][gc,age      ] GC(13) - age   1:    4047248 bytes,    4047248 total
[2021-12-26T03:50:29.266+0000][1885][gc,phases   ] GC(13)   Pre Evacuate Collection Set: 0.1ms
[2021-12-26T03:50:29.266+0000][1885][gc,phases   ] GC(13)   Merge Heap Roots: 0.1ms
[2021-12-26T03:50:29.266+0000][1885][gc,phases   ] GC(13)   Evacuate Collection Set: 81.5ms
[2021-12-26T03:50:29.266+0000][1885][gc,phases   ] GC(13)   Post Evacuate Collection Set: 1.2ms
[2021-12-26T03:50:29.266+0000][1885][gc,phases   ] GC(13)   Other: 0.2ms
[2021-12-26T03:50:29.266+0000][1885][gc,heap     ] GC(13) Eden regions: 14->0(75)
[2021-12-26T03:50:29.266+0000][1885][gc,heap     ] GC(13) Survivor regions: 9->1(10)
[2021-12-26T03:50:29.266+0000][1885][gc,heap     ] GC(13) Old regions: 2->11
[2021-12-26T03:50:29.266+0000][1885][gc,heap     ] GC(13) Archive regions: 2->2
[2021-12-26T03:50:29.266+0000][1885][gc,heap     ] GC(13) Humongous regions: 0->0
[2021-12-26T03:50:29.266+0000][1885][gc,metaspace] GC(13) Metaspace: 35048K(35968K)->35048K(35968K) NonClass: 30392K(30912K)->30392K(30912K) Class: 4656K(5056K)->4656K(5056K)
[2021-12-26T03:50:29.266+0000][1885][gc          ] GC(13) Pause Young (Concurrent Start) (Metadata GC Threshold) 99M->48M(512M) 83.242ms
[2021-12-26T03:50:29.266+0000][1885][gc,cpu      ] GC(13) User=0.16s Sys=0.00s Real=0.09s
[2021-12-26T03:50:29.267+0000][1885][gc          ] GC(14) Concurrent Mark Cycle
[2021-12-26T03:50:29.267+0000][1885][gc,marking  ] GC(14) Concurrent Clear Claimed Marks
[2021-12-26T03:50:29.267+0000][1885][safepoint   ] Safepoint "CollectForMetadataAllocation", Time since last: 611430457 ns, Reaching safepoint: 547213 ns, At safepoint: 83397746 ns, Total: 83944959 ns
[2021-12-26T03:50:29.267+0000][1885][gc,marking  ] GC(14) Concurrent Clear Claimed Marks 0.079ms
[2021-12-26T03:50:29.267+0000][1885][gc,marking  ] GC(14) Concurrent Scan Root Regions
[2021-12-26T03:50:29.320+0000][1885][gc,marking  ] GC(14) Concurrent Scan Root Regions 53.270ms
[2021-12-26T03:50:29.320+0000][1885][gc,marking  ] GC(14) Concurrent Mark
[2021-12-26T03:50:29.320+0000][1885][gc,marking  ] GC(14) Concurrent Mark From Roots
[2021-12-26T03:50:29.320+0000][1885][gc,task     ] GC(14) Using 1 workers of 1 for marking
[2021-12-26T03:50:29.320+0000][1885][safepoint   ] Safepoint "CollectForMetadataAllocation", Time since last: 47444570 ns, Reaching safepoint: 6020185 ns, At safepoint: 81038 ns, Total: 6101223 ns
[2021-12-26T03:50:29.336+0000][1885][gc,marking  ] GC(14) Concurrent Mark From Roots 15.793ms
[2021-12-26T03:50:29.336+0000][1885][gc,marking  ] GC(14) Concurrent Preclean
[2021-12-26T03:50:29.336+0000][1885][gc,marking  ] GC(14) Concurrent Preclean 0.090ms
[2021-12-26T03:50:29.336+0000][1885][gc,start    ] GC(14) Pause Remark
[2021-12-26T03:50:29.342+0000][1885][gc          ] GC(14) Pause Remark 52M->52M(512M) 5.884ms
[2021-12-26T03:50:29.342+0000][1885][gc,cpu      ] GC(14) User=0.01s Sys=0.00s Real=0.00s
[2021-12-26T03:50:29.342+0000][1885][safepoint   ] Safepoint "G1Concurrent", Time since last: 15791728 ns, Reaching safepoint: 30723 ns, At safepoint: 5957052 ns, Total: 5987775 ns
[2021-12-26T03:50:29.342+0000][1885][gc,marking  ] GC(14) Concurrent Mark 21.980ms
[2021-12-26T03:50:29.342+0000][1885][gc,marking  ] GC(14) Concurrent Rebuild Remembered Sets
[2021-12-26T03:50:29.393+0000][1885][gc,marking  ] GC(14) Concurrent Rebuild Remembered Sets 51.396ms
[2021-12-26T03:50:29.394+0000][1885][gc,start    ] GC(14) Pause Cleanup
[2021-12-26T03:50:29.394+0000][1885][gc          ] GC(14) Pause Cleanup 52M->52M(512M) 0.082ms
[2021-12-26T03:50:29.394+0000][1885][gc,cpu      ] GC(14) User=0.00s Sys=0.00s Real=0.00s
[2021-12-26T03:50:29.394+0000][1885][safepoint   ] Safepoint "G1Concurrent", Time since last: 51502463 ns, Reaching safepoint: 678921 ns, At safepoint: 125486 ns, Total: 804407 ns
[2021-12-26T03:50:29.394+0000][1885][gc,marking  ] GC(14) Concurrent Cleanup for Next Mark
[2021-12-26T03:50:29.395+0000][1885][gc,marking  ] GC(14) Concurrent Cleanup for Next Mark 1.108ms
[2021-12-26T03:50:29.395+0000][1885][gc          ] GC(14) Concurrent Mark Cycle 128.866ms
[2021-12-26T03:50:30.577+0000][1885][safepoint   ] Safepoint "Cleanup", Time since last: 1182141938 ns, Reaching safepoint: 338852 ns, At safepoint: 12624 ns, Total: 351476 ns
[2021-12-26T03:50:31.886+0000][1885][safepoint   ] Safepoint "Cleanup", Time since last: 1309324214 ns, Reaching safepoint: 257880 ns, At safepoint: 8933 ns, Total: 266813 ns
[2021-12-26T03:50:32.361+0000][1885][gc,start    ] GC(15) Pause Young (Concurrent Start) (G1 Evacuation Pause)
[2021-12-26T03:50:32.361+0000][1885][gc,task     ] GC(15) Using 2 workers of 2 for evacuation
[2021-12-26T03:50:32.361+0000][1885][gc,age      ] GC(15) Desired survivor size 20971520 bytes, new threshold 15 (max threshold 15)
[2021-12-26T03:50:32.398+0000][1885][gc,age      ] GC(15) Age table with threshold 15 (max threshold 15)
[2021-12-26T03:50:32.398+0000][1885][gc,age      ] GC(15) - age   1:    6138488 bytes,    6138488 total
[2021-12-26T03:50:32.398+0000][1885][gc,age      ] GC(15) - age   2:    3958624 bytes,   10097112 total
[2021-12-26T03:50:32.399+0000][1885][gc,phases   ] GC(15)   Pre Evacuate Collection Set: 0.1ms
[2021-12-26T03:50:32.399+0000][1885][gc,phases   ] GC(15)   Merge Heap Roots: 0.1ms
[2021-12-26T03:50:32.399+0000][1885][gc,phases   ] GC(15)   Evacuate Collection Set: 25.2ms
[2021-12-26T03:50:32.399+0000][1885][gc,phases   ] GC(15)   Post Evacuate Collection Set: 12.1ms
[2021-12-26T03:50:32.399+0000][1885][gc,phases   ] GC(15)   Other: 0.3ms
[2021-12-26T03:50:32.399+0000][1885][gc,heap     ] GC(15) Eden regions: 75->0(73)
[2021-12-26T03:50:32.399+0000][1885][gc,heap     ] GC(15) Survivor regions: 1->3(10)
[2021-12-26T03:50:32.399+0000][1885][gc,heap     ] GC(15) Old regions: 11->11
[2021-12-26T03:50:32.399+0000][1885][gc,heap     ] GC(15) Archive regions: 2->2
[2021-12-26T03:50:32.399+0000][1885][gc,heap     ] GC(15) Humongous regions: 0->0
[2021-12-26T03:50:32.399+0000][1885][gc,metaspace] GC(15) Metaspace: 52219K(53376K)->52219K(53376K) NonClass: 45124K(45824K)->45124K(45824K) Class: 7095K(7552K)->7095K(7552K)
[2021-12-26T03:50:32.399+0000][1885][gc          ] GC(15) Pause Young (Concurrent Start) (G1 Evacuation Pause) 348M->54M(512M) 37.959ms
[2021-12-26T03:50:32.399+0000][1885][gc,cpu      ] GC(15) User=0.07s Sys=0.00s Real=0.04s
[2021-12-26T03:50:32.399+0000][1885][safepoint   ] Safepoint "G1CollectForAllocation", Time since last: 474324007 ns, Reaching safepoint: 34834 ns, At safepoint: 38055419 ns, Total: 38090253 ns
[2021-12-26T03:50:32.399+0000][1885][gc          ] GC(16) Concurrent Mark Cycle
[2021-12-26T03:50:32.399+0000][1885][gc,marking  ] GC(16) Concurrent Clear Claimed Marks
[2021-12-26T03:50:32.399+0000][1885][gc,marking  ] GC(16) Concurrent Clear Claimed Marks 0.087ms
[2021-12-26T03:50:32.399+0000][1885][gc,marking  ] GC(16) Concurrent Scan Root Regions
[2021-12-26T03:50:32.432+0000][1885][gc,marking  ] GC(16) Concurrent Scan Root Regions 32.782ms
[2021-12-26T03:50:32.432+0000][1885][gc,marking  ] GC(16) Concurrent Mark
[2021-12-26T03:50:32.432+0000][1885][gc,marking  ] GC(16) Concurrent Mark From Roots
[2021-12-26T03:50:32.432+0000][1885][gc,task     ] GC(16) Using 1 workers of 1 for marking
[2021-12-26T03:50:32.611+0000][1885][gc,marking  ] GC(16) Concurrent Mark From Roots 179.365ms
[2021-12-26T03:50:32.611+0000][1885][gc,marking  ] GC(16) Concurrent Preclean
[2021-12-26T03:50:32.611+0000][1885][gc,marking  ] GC(16) Concurrent Preclean 0.203ms
[2021-12-26T03:50:32.612+0000][1885][gc,start    ] GC(16) Pause Remark
[2021-12-26T03:50:32.618+0000][1885][gc          ] GC(16) Pause Remark 72M->72M(512M) 6.179ms
[2021-12-26T03:50:32.618+0000][1885][gc,cpu      ] GC(16) User=0.01s Sys=0.00s Real=0.01s
[2021-12-26T03:50:32.618+0000][1885][safepoint   ] Safepoint "G1Concurrent", Time since last: 213323283 ns, Reaching safepoint: 138239 ns, At safepoint: 6270085 ns, Total: 6408324 ns
[2021-12-26T03:50:32.618+0000][1885][gc,marking  ] GC(16) Concurrent Mark 186.783ms
[2021-12-26T03:50:32.619+0000][1885][gc,marking  ] GC(16) Concurrent Rebuild Remembered Sets
[2021-12-26T03:50:32.742+0000][1885][gc,marking  ] GC(16) Concurrent Rebuild Remembered Sets 123.514ms
[2021-12-26T03:50:32.742+0000][1885][gc,start    ] GC(16) Pause Cleanup
[2021-12-26T03:50:32.742+0000][1885][gc          ] GC(16) Pause Cleanup 88M->88M(512M) 0.074ms
[2021-12-26T03:50:32.742+0000][1885][gc,cpu      ] GC(16) User=0.00s Sys=0.00s Real=0.00s
[2021-12-26T03:50:32.742+0000][1885][safepoint   ] Safepoint "G1Concurrent", Time since last: 123655424 ns, Reaching safepoint: 154813 ns, At safepoint: 112676 ns, Total: 267489 ns
[2021-12-26T03:50:32.742+0000][1885][gc,marking  ] GC(16) Concurrent Cleanup for Next Mark
[2021-12-26T03:50:32.756+0000][1885][gc,marking  ] GC(16) Concurrent Cleanup for Next Mark 13.298ms
[2021-12-26T03:50:32.756+0000][1885][gc          ] GC(16) Concurrent Mark Cycle 357.002ms
[2021-12-26T03:50:34.189+0000][1885][safepoint   ] Safepoint "Cleanup", Time since last: 1445662255 ns, Reaching safepoint: 1312526 ns, At safepoint: 9768 ns, Total: 1322294 ns
[2021-12-26T03:50:35.983+0000][1885][safepoint   ] Safepoint "Cleanup", Time since last: 1792687137 ns, Reaching safepoint: 509096 ns, At safepoint: 15644 ns, Total: 524740 ns
[2021-12-26T03:50:36.832+0000][1885][safepoint   ] Safepoint "ICBufferFull", Time since last: 849105440 ns, Reaching safepoint: 355665 ns, At safepoint: 5787 ns, Total: 361452 ns
[2021-12-26T03:50:36.907+0000][1885][gc,start    ] GC(17) Pause Young (Prepare Mixed) (G1 Evacuation Pause)
[2021-12-26T03:50:36.907+0000][1885][gc,task     ] GC(17) Using 2 workers of 2 for evacuation
[2021-12-26T03:50:36.907+0000][1885][gc,age      ] GC(17) Desired survivor size 20971520 bytes, new threshold 15 (max threshold 15)
[2021-12-26T03:50:36.951+0000][1885][gc,age      ] GC(17) Age table with threshold 15 (max threshold 15)
[2021-12-26T03:50:36.951+0000][1885][gc,age      ] GC(17) - age   1:   12479744 bytes,   12479744 total
[2021-12-26T03:50:36.951+0000][1885][gc,age      ] GC(17) - age   2:    5917784 bytes,   18397528 total
[2021-12-26T03:50:36.951+0000][1885][gc,age      ] GC(17) - age   3:    3943512 bytes,   22341040 total
[2021-12-26T03:50:36.951+0000][1885][gc,phases   ] GC(17)   Pre Evacuate Collection Set: 0.1ms
[2021-12-26T03:50:36.951+0000][1885][gc,phases   ] GC(17)   Merge Heap Roots: 0.2ms
[2021-12-26T03:50:36.951+0000][1885][gc,phases   ] GC(17)   Evacuate Collection Set: 41.7ms
[2021-12-26T03:50:36.951+0000][1885][gc,phases   ] GC(17)   Post Evacuate Collection Set: 2.1ms
[2021-12-26T03:50:36.951+0000][1885][gc,phases   ] GC(17)   Other: 0.2ms
[2021-12-26T03:50:36.951+0000][1885][gc,heap     ] GC(17) Eden regions: 73->0(1)
[2021-12-26T03:50:36.951+0000][1885][gc,heap     ] GC(17) Survivor regions: 3->6(10)
[2021-12-26T03:50:36.951+0000][1885][gc,heap     ] GC(17) Old regions: 11->11
[2021-12-26T03:50:36.951+0000][1885][gc,heap     ] GC(17) Archive regions: 2->2
[2021-12-26T03:50:36.951+0000][1885][gc,heap     ] GC(17) Humongous regions: 0->0
[2021-12-26T03:50:36.951+0000][1885][gc,metaspace] GC(17) Metaspace: 78187K(79552K)->78187K(79552K) NonClass: 67404K(68224K)->67404K(68224K) Class: 10782K(11328K)->10782K(11328K)
[2021-12-26T03:50:36.951+0000][1885][gc          ] GC(17) Pause Young (Prepare Mixed) (G1 Evacuation Pause) 346M->66M(512M) 44.328ms
[2021-12-26T03:50:36.951+0000][1885][gc,cpu      ] GC(17) User=0.09s Sys=0.00s Real=0.04s
[2021-12-26T03:50:36.951+0000][1885][safepoint   ] Safepoint "G1CollectForAllocation", Time since last: 74933706 ns, Reaching safepoint: 52316 ns, At safepoint: 44405016 ns, Total: 44457332 ns
[2021-12-26T03:50:37.052+0000][1885][gc,start    ] GC(18) Pause Young (Mixed) (G1 Evacuation Pause)
[2021-12-26T03:50:37.052+0000][1885][gc,task     ] GC(18) Using 2 workers of 2 for evacuation
[2021-12-26T03:50:37.052+0000][1885][gc,age      ] GC(18) Desired survivor size 2097152 bytes, new threshold 1 (max threshold 15)
[2021-12-26T03:50:37.109+0000][1885][gc,age      ] GC(18) Age table with threshold 1 (max threshold 15)
[2021-12-26T03:50:37.109+0000][1885][gc,age      ] GC(18) - age   1:     554104 bytes,     554104 total
[2021-12-26T03:50:37.109+0000][1885][gc,phases   ] GC(18)   Pre Evacuate Collection Set: 0.1ms
[2021-12-26T03:50:37.109+0000][1885][gc,phases   ] GC(18)   Merge Heap Roots: 0.2ms
[2021-12-26T03:50:37.109+0000][1885][gc,phases   ] GC(18)   Evacuate Collection Set: 54.6ms
[2021-12-26T03:50:37.109+0000][1885][gc,phases   ] GC(18)   Post Evacuate Collection Set: 1.4ms
[2021-12-26T03:50:37.109+0000][1885][gc,phases   ] GC(18)   Other: 0.2ms
[2021-12-26T03:50:37.109+0000][1885][gc,heap     ] GC(18) Eden regions: 1->0(75)
[2021-12-26T03:50:37.109+0000][1885][gc,heap     ] GC(18) Survivor regions: 6->1(1)
[2021-12-26T03:50:37.109+0000][1885][gc,heap     ] GC(18) Old regions: 11->16
[2021-12-26T03:50:37.109+0000][1885][gc,heap     ] GC(18) Archive regions: 2->2
[2021-12-26T03:50:37.109+0000][1885][gc,heap     ] GC(18) Humongous regions: 0->0
[2021-12-26T03:50:37.109+0000][1885][gc,metaspace] GC(18) Metaspace: 78790K(80128K)->78790K(80128K) NonClass: 67927K(68736K)->67927K(68736K) Class: 10862K(11392K)->10862K(11392K)
[2021-12-26T03:50:37.109+0000][1885][gc          ] GC(18) Pause Young (Mixed) (G1 Evacuation Pause) 70M->69M(512M) 56.572ms
[2021-12-26T03:50:37.109+0000][1885][gc,cpu      ] GC(18) User=0.12s Sys=0.00s Real=0.06s
[2021-12-26T03:50:37.109+0000][1885][safepoint   ] Safepoint "G1CollectForAllocation", Time since last: 100509401 ns, Reaching safepoint: 140648 ns, At safepoint: 56653794 ns, Total: 56794442 ns
[2021-12-26T03:50:37.750+0000][1885][safepoint   ] Safepoint "ICBufferFull", Time since last: 641343870 ns, Reaching safepoint: 210444 ns, At safepoint: 8584 ns, Total: 219028 ns
[2021-12-26T03:50:38.168+0000][1885][safepoint   ] Safepoint "ICBufferFull", Time since last: 417346398 ns, Reaching safepoint: 402849 ns, At safepoint: 6247 ns, Total: 409096 ns
[2021-12-26T03:50:38.182+0000][1885][gc,start    ] GC(19) Pause Young (Concurrent Start) (Metadata GC Threshold)
[2021-12-26T03:50:38.182+0000][1885][gc,task     ] GC(19) Using 2 workers of 2 for evacuation
[2021-12-26T03:50:38.182+0000][1885][gc,age      ] GC(19) Desired survivor size 20971520 bytes, new threshold 15 (max threshold 15)
[2021-12-26T03:50:38.198+0000][1885][gc,age      ] GC(19) Age table with threshold 15 (max threshold 15)
[2021-12-26T03:50:38.198+0000][1885][gc,age      ] GC(19) - age   1:    3580736 bytes,    3580736 total
[2021-12-26T03:50:38.198+0000][1885][gc,age      ] GC(19) - age   2:     540936 bytes,    4121672 total
[2021-12-26T03:50:38.198+0000][1885][gc,phases   ] GC(19)   Pre Evacuate Collection Set: 0.1ms
[2021-12-26T03:50:38.198+0000][1885][gc,phases   ] GC(19)   Merge Heap Roots: 0.2ms
[2021-12-26T03:50:38.198+0000][1885][gc,phases   ] GC(19)   Evacuate Collection Set: 14.4ms
[2021-12-26T03:50:38.198+0000][1885][gc,phases   ] GC(19)   Post Evacuate Collection Set: 1.1ms
[2021-12-26T03:50:38.198+0000][1885][gc,phases   ] GC(19)   Other: 0.2ms
[2021-12-26T03:50:38.198+0000][1885][gc,heap     ] GC(19) Eden regions: 18->0(74)
[2021-12-26T03:50:38.198+0000][1885][gc,heap     ] GC(19) Survivor regions: 1->2(10)
[2021-12-26T03:50:38.198+0000][1885][gc,heap     ] GC(19) Old regions: 16->16
[2021-12-26T03:50:38.198+0000][1885][gc,heap     ] GC(19) Archive regions: 2->2
[2021-12-26T03:50:38.198+0000][1885][gc,heap     ] GC(19) Humongous regions: 0->0
[2021-12-26T03:50:38.198+0000][1885][gc,metaspace] GC(19) Metaspace: 87558K(88960K)->87558K(88960K) NonClass: 75378K(76224K)->75378K(76224K) Class: 12180K(12736K)->12180K(12736K)
[2021-12-26T03:50:38.198+0000][1885][gc          ] GC(19) Pause Young (Concurrent Start) (Metadata GC Threshold) 139M->70M(512M) 16.192ms
[2021-12-26T03:50:38.198+0000][1885][gc,cpu      ] GC(19) User=0.03s Sys=0.00s Real=0.02s
[2021-12-26T03:50:38.198+0000][1885][gc          ] GC(20) Concurrent Mark Cycle
[2021-12-26T03:50:38.198+0000][1885][gc,marking  ] GC(20) Concurrent Clear Claimed Marks
[2021-12-26T03:50:38.198+0000][1885][safepoint   ] Safepoint "CollectForMetadataAllocation", Time since last: 14047965 ns, Reaching safepoint: 50260 ns, At safepoint: 16333030 ns, Total: 16383290 ns
[2021-12-26T03:50:38.199+0000][1885][gc,marking  ] GC(20) Concurrent Clear Claimed Marks 0.060ms
[2021-12-26T03:50:38.199+0000][1885][gc,marking  ] GC(20) Concurrent Scan Root Regions
[2021-12-26T03:50:38.212+0000][1885][safepoint   ] Safepoint "CollectForMetadataAllocation", Time since last: 12979646 ns, Reaching safepoint: 600062 ns, At safepoint: 8230 ns, Total: 608292 ns
[2021-12-26T03:50:38.221+0000][1885][gc,marking  ] GC(20) Concurrent Scan Root Regions 22.504ms
[2021-12-26T03:50:38.221+0000][1885][gc,marking  ] GC(20) Concurrent Mark
[2021-12-26T03:50:38.221+0000][1885][gc,marking  ] GC(20) Concurrent Mark From Roots
[2021-12-26T03:50:38.221+0000][1885][gc,task     ] GC(20) Using 1 workers of 1 for marking
[2021-12-26T03:50:38.257+0000][1885][safepoint   ] Safepoint "CollectForMetadataAllocation", Time since last: 44711892 ns, Reaching safepoint: 173251 ns, At safepoint: 80418 ns, Total: 253669 ns
[2021-12-26T03:50:38.307+0000][1885][safepoint   ] Safepoint "CollectForMetadataAllocation", Time since last: 49055629 ns, Reaching safepoint: 1000913 ns, At safepoint: 71665 ns, Total: 1072578 ns
[2021-12-26T03:50:38.389+0000][1885][safepoint   ] Safepoint "CollectForMetadataAllocation", Time since last: 81874225 ns, Reaching safepoint: 64438 ns, At safepoint: 70588 ns, Total: 135026 ns
[2021-12-26T03:50:38.416+0000][1885][gc,marking  ] GC(20) Concurrent Mark From Roots 195.276ms
[2021-12-26T03:50:38.416+0000][1885][gc,marking  ] GC(20) Concurrent Preclean
[2021-12-26T03:50:38.417+0000][1885][gc,marking  ] GC(20) Concurrent Preclean 0.161ms
[2021-12-26T03:50:38.417+0000][1885][gc,start    ] GC(20) Pause Remark
[2021-12-26T03:50:38.437+0000][1885][gc          ] GC(20) Pause Remark 76M->76M(512M) 20.832ms
[2021-12-26T03:50:38.438+0000][1885][gc,cpu      ] GC(20) User=0.04s Sys=0.00s Real=0.02s
[2021-12-26T03:50:38.438+0000][1885][safepoint   ] Safepoint "G1Concurrent", Time since last: 27416813 ns, Reaching safepoint: 42019 ns, At safepoint: 20922697 ns, Total: 20964716 ns
[2021-12-26T03:50:38.438+0000][1885][gc,marking  ] GC(20) Concurrent Mark 216.514ms
[2021-12-26T03:50:38.438+0000][1885][gc,marking  ] GC(20) Concurrent Rebuild Remembered Sets
[2021-12-26T03:50:38.571+0000][1885][gc,marking  ] GC(20) Concurrent Rebuild Remembered Sets 133.834ms
[2021-12-26T03:50:38.572+0000][1885][gc,start    ] GC(20) Pause Cleanup
[2021-12-26T03:50:38.572+0000][1885][gc          ] GC(20) Pause Cleanup 80M->80M(512M) 0.090ms
[2021-12-26T03:50:38.572+0000][1885][gc,cpu      ] GC(20) User=0.00s Sys=0.00s Real=0.00s
[2021-12-26T03:50:38.572+0000][1885][safepoint   ] Safepoint "G1Concurrent", Time since last: 133929643 ns, Reaching safepoint: 244807 ns, At safepoint: 136496 ns, Total: 381303 ns
[2021-12-26T03:50:38.572+0000][1885][gc,marking  ] GC(20) Concurrent Cleanup for Next Mark
[2021-12-26T03:50:38.573+0000][1885][gc,marking  ] GC(20) Concurrent Cleanup for Next Mark 1.066ms
[2021-12-26T03:50:38.573+0000][1885][gc          ] GC(20) Concurrent Mark Cycle 374.588ms
[2021-12-26T03:50:39.276+0000][1885][safepoint   ] Safepoint "ICBufferFull", Time since last: 704187912 ns, Reaching safepoint: 174613 ns, At safepoint: 13668 ns, Total: 188281 ns
[2021-12-26T03:50:39.944+0000][1885][safepoint   ] Safepoint "ICBufferFull", Time since last: 663701082 ns, Reaching safepoint: 4302786 ns, At safepoint: 16411 ns, Total: 4319197 ns
[2021-12-26T03:50:41.007+0000][1885][safepoint   ] Safepoint "ICBufferFull", Time since last: 1062048686 ns, Reaching safepoint: 288219 ns, At safepoint: 11368 ns, Total: 299587 ns
[2021-12-26T03:50:41.377+0000][1885][safepoint   ] Safepoint "ICBufferFull", Time since last: 370190709 ns, Reaching safepoint: 274110 ns, At safepoint: 12882 ns, Total: 286992 ns
[2021-12-26T03:50:41.394+0000][1885][safepoint   ] Safepoint "ICBufferFull", Time since last: 17037487 ns, Reaching safepoint: 147069 ns, At safepoint: 12265 ns, Total: 159334 ns
[2021-12-26T03:50:42.435+0000][1885][safepoint   ] Safepoint "Cleanup", Time since last: 1040866075 ns, Reaching safepoint: 183614 ns, At safepoint: 8283 ns, Total: 191897 ns
[2021-12-26T03:50:43.436+0000][1885][safepoint   ] Safepoint "Cleanup", Time since last: 1000181039 ns, Reaching safepoint: 70826 ns, At safepoint: 4973 ns, Total: 75799 ns
[2021-12-26T03:50:45.436+0000][1885][safepoint   ] Safepoint "Cleanup", Time since last: 2000285817 ns, Reaching safepoint: 79013 ns, At safepoint: 5504 ns, Total: 84517 ns
[2021-12-26T03:50:46.436+0000][1885][safepoint   ] Safepoint "Cleanup", Time since last: 1000188604 ns, Reaching safepoint: 67242 ns, At safepoint: 5040 ns, Total: 72282 ns
[2021-12-26T03:50:47.436+0000][1885][safepoint   ] Safepoint "Cleanup", Time since last: 1000169035 ns, Reaching safepoint: 68496 ns, At safepoint: 5377 ns, Total: 73873 ns
[2021-12-26T03:50:48.437+0000][1885][safepoint   ] Safepoint "Cleanup", Time since last: 1000173427 ns, Reaching safepoint: 69778 ns, At safepoint: 4890 ns, Total: 74668 ns
[2021-12-26T03:50:50.437+0000][1885][safepoint   ] Safepoint "Cleanup", Time since last: 2000327136 ns, Reaching safepoint: 65810 ns, At safepoint: 5429 ns, Total: 71239 ns
[2021-12-26T03:50:52.437+0000][1885][safepoint   ] Safepoint "Cleanup", Time since last: 2000244320 ns, Reaching safepoint: 94516 ns, At safepoint: 4960 ns, Total: 99476 ns
[2021-12-26T03:50:54.438+0000][1885][safepoint   ] Safepoint "Cleanup", Time since last: 2000298614 ns, Reaching safepoint: 85643 ns, At safepoint: 6001 ns, Total: 91644 ns
[2021-12-26T03:50:57.438+0000][1885][safepoint   ] Safepoint "Cleanup", Time since last: 3000401432 ns, Reaching safepoint: 59157 ns, At safepoint: 4810 ns, Total: 63967 ns
[2021-12-26T03:50:58.439+0000][1885][safepoint   ] Safepoint "Cleanup", Time since last: 1000154754 ns, Reaching safepoint: 70219 ns, At safepoint: 5074 ns, Total: 75293 ns
[2021-12-26T03:51:03.439+0000][1885][safepoint   ] Safepoint "Cleanup", Time since last: 5000620972 ns, Reaching safepoint: 72408 ns, At safepoint: 4469 ns, Total: 76877 ns
[2021-12-26T03:51:04.440+0000][1885][safepoint   ] Safepoint "Cleanup", Time since last: 1000176313 ns, Reaching safepoint: 64921 ns, At safepoint: 5105 ns, Total: 70026 ns
[2021-12-26T03:51:05.440+0000][1885][safepoint   ] Safepoint "Cleanup", Time since last: 1000171696 ns, Reaching safepoint: 65491 ns, At safepoint: 5824 ns, Total: 71315 ns
[2021-12-26T03:51:06.440+0000][1885][safepoint   ] Safepoint "Cleanup", Time since last: 1000203857 ns, Reaching safepoint: 72557 ns, At safepoint: 7118 ns, Total: 79675 ns
[2021-12-26T03:51:08.440+0000][1885][safepoint   ] Safepoint "Cleanup", Time since last: 2000293185 ns, Reaching safepoint: 68214 ns, At safepoint: 4823 ns, Total: 73037 ns
[2021-12-26T03:51:09.441+0000][1885][safepoint   ] Safepoint "Cleanup", Time since last: 1000153593 ns, Reaching safepoint: 69903 ns, At safepoint: 5175 ns, Total: 75078 ns
[2021-12-26T03:51:10.441+0000][1885][safepoint   ] Safepoint "Cleanup", Time since last: 1000207726 ns, Reaching safepoint: 99384 ns, At safepoint: 8448 ns, Total: 107832 ns
[2021-12-26T03:51:13.441+0000][1885][safepoint   ] Safepoint "Cleanup", Time since last: 3000472217 ns, Reaching safepoint: 69530 ns, At safepoint: 6298 ns, Total: 75828 ns
[2021-12-26T03:51:14.442+0000][1885][safepoint   ] Safepoint "Cleanup", Time since last: 1000165844 ns, Reaching safepoint: 70821 ns, At safepoint: 5648 ns, Total: 76469 ns
[2021-12-26T03:51:15.442+0000][1885][safepoint   ] Safepoint "Cleanup", Time since last: 1000178407 ns, Reaching safepoint: 58619 ns, At safepoint: 5527 ns, Total: 64146 ns
[2021-12-26T03:51:16.442+0000][1885][safepoint   ] Safepoint "Cleanup", Time since last: 1000196162 ns, Reaching safepoint: 65426 ns, At safepoint: 4463 ns, Total: 69889 ns
[2021-12-26T03:51:18.443+0000][1885][safepoint   ] Safepoint "Cleanup", Time since last: 2000277239 ns, Reaching safepoint: 61488 ns, At safepoint: 5070 ns, Total: 66558 ns
[2021-12-26T03:51:19.443+0000][1885][safepoint   ] Safepoint "Cleanup", Time since last: 1000232870 ns, Reaching safepoint: 62691 ns, At safepoint: 5669 ns, Total: 68360 ns
[2021-12-26T03:51:21.443+0000][1885][safepoint   ] Safepoint "Cleanup", Time since last: 2000268790 ns, Reaching safepoint: 65428 ns, At safepoint: 4693 ns, Total: 70121 ns
[2021-12-26T03:51:23.444+0000][1885][safepoint   ] Safepoint "Cleanup", Time since last: 2000285272 ns, Reaching safepoint: 106369 ns, At safepoint: 5180 ns, Total: 111549 ns
[2021-12-26T03:51:24.444+0000][1885][safepoint   ] Safepoint "Cleanup", Time since last: 1000149104 ns, Reaching safepoint: 74086 ns, At safepoint: 5636 ns, Total: 79722 ns
[2021-12-26T03:51:25.444+0000][1885][safepoint   ] Safepoint "Cleanup", Time since last: 1000154476 ns, Reaching safepoint: 83877 ns, At safepoint: 6081 ns, Total: 89958 ns
[2021-12-26T03:51:27.444+0000][1885][safepoint   ] Safepoint "Cleanup", Time since last: 2000280956 ns, Reaching safepoint: 65827 ns, At safepoint: 5678 ns, Total: 71505 ns
[2021-12-26T03:51:28.445+0000][1885][safepoint   ] Safepoint "Cleanup", Time since last: 1000165535 ns, Reaching safepoint: 82468 ns, At safepoint: 5787 ns, Total: 88255 ns
[2021-12-26T03:51:30.445+0000][1885][safepoint   ] Safepoint "Cleanup", Time since last: 2000236698 ns, Reaching safepoint: 63054 ns, At safepoint: 4601 ns, Total: 67655 ns
[2021-12-26T03:51:31.445+0000][1885][safepoint   ] Safepoint "Cleanup", Time since last: 1000163162 ns, Reaching safepoint: 69531 ns, At safepoint: 5528 ns, Total: 75059 ns
[2021-12-26T03:51:32.445+0000][1885][safepoint   ] Safepoint "Cleanup", Time since last: 1000179697 ns, Reaching safepoint: 67150 ns, At safepoint: 5553 ns, Total: 72703 ns
[2021-12-26T03:51:35.446+0000][1885][safepoint   ] Safepoint "Cleanup", Time since last: 3000387551 ns, Reaching safepoint: 65874 ns, At safepoint: 5453 ns, Total: 71327 ns
[2021-12-26T03:51:36.446+0000][1885][safepoint   ] Safepoint "Cleanup", Time since last: 1000168688 ns, Reaching safepoint: 64732 ns, At safepoint: 5459 ns, Total: 70191 ns
[2021-12-26T03:51:37.446+0000][1885][safepoint   ] Safepoint "Cleanup", Time since last: 1000175782 ns, Reaching safepoint: 98754 ns, At safepoint: 6345 ns, Total: 105099 ns
[2021-12-26T03:51:38.447+0000][1885][safepoint   ] Safepoint "Cleanup", Time since last: 1000161135 ns, Reaching safepoint: 64532 ns, At safepoint: 5923 ns, Total: 70455 ns
[2021-12-26T03:51:38.878+0000][1885][gc,start    ] GC(21) Pause Young (Concurrent Start) (G1 Evacuation Pause)
[2021-12-26T03:51:38.878+0000][1885][gc,task     ] GC(21) Using 2 workers of 2 for evacuation
[2021-12-26T03:51:38.878+0000][1885][gc,age      ] GC(21) Desired survivor size 20971520 bytes, new threshold 15 (max threshold 15)
[2021-12-26T03:51:38.906+0000][1885][gc,age      ] GC(21) Age table with threshold 15 (max threshold 15)
[2021-12-26T03:51:38.906+0000][1885][gc,age      ] GC(21) - age   1:    7270584 bytes,    7270584 total
[2021-12-26T03:51:38.906+0000][1885][gc,age      ] GC(21) - age   2:    3390272 bytes,   10660856 total
[2021-12-26T03:51:38.906+0000][1885][gc,age      ] GC(21) - age   3:     443928 bytes,   11104784 total
[2021-12-26T03:51:38.906+0000][1885][gc,phases   ] GC(21)   Pre Evacuate Collection Set: 0.2ms
[2021-12-26T03:51:38.906+0000][1885][gc,phases   ] GC(21)   Merge Heap Roots: 0.3ms
[2021-12-26T03:51:38.906+0000][1885][gc,phases   ] GC(21)   Evacuate Collection Set: 24.2ms
[2021-12-26T03:51:38.906+0000][1885][gc,phases   ] GC(21)   Post Evacuate Collection Set: 2.7ms
[2021-12-26T03:51:38.906+0000][1885][gc,phases   ] GC(21)   Other: 0.2ms
[2021-12-26T03:51:38.906+0000][1885][gc,heap     ] GC(21) Eden regions: 74->0(73)
[2021-12-26T03:51:38.906+0000][1885][gc,heap     ] GC(21) Survivor regions: 2->3(10)
[2021-12-26T03:51:38.906+0000][1885][gc,heap     ] GC(21) Old regions: 16->16
[2021-12-26T03:51:38.906+0000][1885][gc,heap     ] GC(21) Archive regions: 2->2
[2021-12-26T03:51:38.906+0000][1885][gc,heap     ] GC(21) Humongous regions: 2->2
[2021-12-26T03:51:38.906+0000][1885][gc,metaspace] GC(21) Metaspace: 101888K(103424K)->101888K(103424K) NonClass: 87529K(88448K)->87529K(88448K) Class: 14359K(14976K)->14359K(14976K)
[2021-12-26T03:51:38.906+0000][1885][gc          ] GC(21) Pause Young (Concurrent Start) (G1 Evacuation Pause) 374M->84M(512M) 27.584ms
[2021-12-26T03:51:38.906+0000][1885][gc,cpu      ] GC(21) User=0.05s Sys=0.00s Real=0.03s
[2021-12-26T03:51:38.906+0000][1885][gc          ] GC(22) Concurrent Mark Cycle
[2021-12-26T03:51:38.906+0000][1885][gc,marking  ] GC(22) Concurrent Clear Claimed Marks
[2021-12-26T03:51:38.906+0000][1885][gc,marking  ] GC(22) Concurrent Clear Claimed Marks 0.093ms
[2021-12-26T03:51:38.906+0000][1885][gc,marking  ] GC(22) Concurrent Scan Root Regions
[2021-12-26T03:51:38.906+0000][1885][safepoint   ] Safepoint "G1CollectForAllocation", Time since last: 431409940 ns, Reaching safepoint: 221273 ns, At safepoint: 27710296 ns, Total: 27931569 ns
[2021-12-26T03:51:38.932+0000][1885][gc,marking  ] GC(22) Concurrent Scan Root Regions 25.568ms
[2021-12-26T03:51:38.932+0000][1885][gc,marking  ] GC(22) Concurrent Mark
[2021-12-26T03:51:38.932+0000][1885][gc,marking  ] GC(22) Concurrent Mark From Roots
[2021-12-26T03:51:38.932+0000][1885][gc,task     ] GC(22) Using 1 workers of 1 for marking
[2021-12-26T03:51:39.095+0000][1885][gc,marking  ] GC(22) Concurrent Mark From Roots 163.004ms
[2021-12-26T03:51:39.095+0000][1885][gc,marking  ] GC(22) Concurrent Preclean
[2021-12-26T03:51:39.095+0000][1885][gc,marking  ] GC(22) Concurrent Preclean 0.117ms
[2021-12-26T03:51:39.095+0000][1885][gc,start    ] GC(22) Pause Remark
[2021-12-26T03:51:39.104+0000][1885][gc          ] GC(22) Pause Remark 106M->106M(512M) 9.041ms
[2021-12-26T03:51:39.104+0000][1885][gc,cpu      ] GC(22) User=0.02s Sys=0.00s Real=0.01s
[2021-12-26T03:51:39.104+0000][1885][safepoint   ] Safepoint "G1Concurrent", Time since last: 188980041 ns, Reaching safepoint: 101341 ns, At safepoint: 9103310 ns, Total: 9204651 ns
[2021-12-26T03:51:39.104+0000][1885][gc,marking  ] GC(22) Concurrent Mark 172.497ms
[2021-12-26T03:51:39.104+0000][1885][gc,marking  ] GC(22) Concurrent Rebuild Remembered Sets
[2021-12-26T03:51:39.162+0000][1885][gc,marking  ] GC(22) Concurrent Rebuild Remembered Sets 57.395ms
[2021-12-26T03:51:39.162+0000][1885][gc,start    ] GC(22) Pause Cleanup
[2021-12-26T03:51:39.162+0000][1885][gc          ] GC(22) Pause Cleanup 106M->106M(512M) 0.097ms
[2021-12-26T03:51:39.162+0000][1885][gc,cpu      ] GC(22) User=0.01s Sys=0.00s Real=0.00s
[2021-12-26T03:51:39.162+0000][1885][safepoint   ] Safepoint "G1Concurrent", Time since last: 57555159 ns, Reaching safepoint: 99060 ns, At safepoint: 155304 ns, Total: 254364 ns
[2021-12-26T03:51:39.162+0000][1885][gc,marking  ] GC(22) Concurrent Cleanup for Next Mark
[2021-12-26T03:51:39.163+0000][1885][gc,marking  ] GC(22) Concurrent Cleanup for Next Mark 0.998ms
[2021-12-26T03:51:39.163+0000][1885][gc          ] GC(22) Concurrent Mark Cycle 257.082ms
[2021-12-26T03:51:39.163+0000][1885][gc,heap,exit] Heap
[2021-12-26T03:51:39.163+0000][1885][gc,heap,exit]  garbage-first heap   total 524288K, used 108930K [0x00000000e0000000, 0x0000000100000000)
[2021-12-26T03:51:39.163+0000][1885][gc,heap,exit]   region size 4096K, 9 young (36864K), 3 survivors (12288K)
[2021-12-26T03:51:39.163+0000][1885][gc,heap,exit]  Metaspace       used 102016K, committed 103488K, reserved 1138688K
[2021-12-26T03:51:39.163+0000][1885][gc,heap,exit]   class space    used 14386K, committed 14976K, reserved 1048576K
