[2021-12-27T03:16:30.516+0000][1446][gc] Using G1
[2021-12-27T03:16:30.644+0000][1446][gc,init] Version: 17.0.1+12 (release)
[2021-12-27T03:16:30.644+0000][1446][gc,init] CPUs: 2 total, 2 available
[2021-12-27T03:16:30.644+0000][1446][gc,init] Memory: 3786M
[2021-12-27T03:16:30.644+0000][1446][gc,init] Large Page Support: Disabled
[2021-12-27T03:16:30.644+0000][1446][gc,init] NUMA Support: Disabled
[2021-12-27T03:16:30.644+0000][1446][gc,init] Compressed Oops: Enabled (32-bit)
[2021-12-27T03:16:30.644+0000][1446][gc,init] Heap Region Size: 4M
[2021-12-27T03:16:30.644+0000][1446][gc,init] Heap Min Capacity: 512M
[2021-12-27T03:16:30.644+0000][1446][gc,init] Heap Initial Capacity: 512M
[2021-12-27T03:16:30.644+0000][1446][gc,init] Heap Max Capacity: 512M
[2021-12-27T03:16:30.644+0000][1446][gc,init] Pre-touch: Enabled
[2021-12-27T03:16:30.644+0000][1446][gc,init] Parallel Workers: 2
[2021-12-27T03:16:30.644+0000][1446][gc,init] Concurrent Workers: 1
[2021-12-27T03:16:30.644+0000][1446][gc,init] Concurrent Refinement Workers: 2
[2021-12-27T03:16:30.644+0000][1446][gc,init] Periodic GC: Disabled
[2021-12-27T03:16:30.645+0000][1446][gc,metaspace] CDS archive(s) mapped at: [0x0000000800000000-0x0000000800bd1000-0x0000000800bd1000), size 12390400, SharedBaseAddress: 0x0000000800000000, ArchiveRelocationMode: 0.
[2021-12-27T03:16:30.645+0000][1446][gc,metaspace] Compressed class space mapped at: 0x0000000800c00000-0x0000000840c00000, reserved size: 1073741824
[2021-12-27T03:16:30.645+0000][1446][gc,metaspace] Narrow klass base: 0x0000000800000000, Narrow klass shift: 0, Narrow klass range: 0x100000000
[2021-12-27T03:16:31.455+0000][1446][safepoint   ] Safepoint "ICBufferFull", Time since last: 800862194 ns, Reaching safepoint: 122104 ns, At safepoint: 3838 ns, Total: 125942 ns
[2021-12-27T03:16:31.605+0000][1446][gc,start    ] GC(0) Pause Young (Normal) (G1 Evacuation Pause)
[2021-12-27T03:16:31.605+0000][1446][gc,task     ] GC(0) Using 2 workers of 2 for evacuation
[2021-12-27T03:16:31.605+0000][1446][gc,age      ] GC(0) Desired survivor size 2097152 bytes, new threshold 15 (max threshold 15)
[2021-12-27T03:16:31.610+0000][1446][gc,age      ] GC(0) Age table with threshold 15 (max threshold 15)
[2021-12-27T03:16:31.610+0000][1446][gc,age      ] GC(0) - age   1:    4028560 bytes,    4028560 total
[2021-12-27T03:16:31.610+0000][1446][gc,phases   ] GC(0)   Pre Evacuate Collection Set: 0.1ms
[2021-12-27T03:16:31.610+0000][1446][gc,phases   ] GC(0)   Merge Heap Roots: 0.0ms
[2021-12-27T03:16:31.610+0000][1446][gc,phases   ] GC(0)   Evacuate Collection Set: 4.6ms
[2021-12-27T03:16:31.610+0000][1446][gc,phases   ] GC(0)   Post Evacuate Collection Set: 0.6ms
[2021-12-27T03:16:31.610+0000][1446][gc,phases   ] GC(0)   Other: 0.2ms
[2021-12-27T03:16:31.610+0000][1446][gc,heap     ] GC(0) Eden regions: 6->0(5)
[2021-12-27T03:16:31.610+0000][1446][gc,heap     ] GC(0) Survivor regions: 0->1(1)
[2021-12-27T03:16:31.610+0000][1446][gc,heap     ] GC(0) Old regions: 0->0
[2021-12-27T03:16:31.610+0000][1446][gc,heap     ] GC(0) Archive regions: 2->2
[2021-12-27T03:16:31.610+0000][1446][gc,heap     ] GC(0) Humongous regions: 0->0
[2021-12-27T03:16:31.610+0000][1446][gc,metaspace] GC(0) Metaspace: 7502K(7616K)->7502K(7616K) NonClass: 6635K(6720K)->6635K(6720K) Class: 867K(896K)->867K(896K)
[2021-12-27T03:16:31.610+0000][1446][gc          ] GC(0) Pause Young (Normal) (G1 Evacuation Pause) 27M->7M(512M) 5.525ms
[2021-12-27T03:16:31.610+0000][1446][gc,cpu      ] GC(0) User=0.01s Sys=0.00s Real=0.01s
[2021-12-27T03:16:31.610+0000][1446][safepoint   ] Safepoint "G1CollectForAllocation", Time since last: 149745124 ns, Reaching safepoint: 46320 ns, At safepoint: 5675130 ns, Total: 5721450 ns
[2021-12-27T03:16:32.105+0000][1446][gc,start    ] GC(1) Pause Young (Normal) (G1 Evacuation Pause)
[2021-12-27T03:16:32.105+0000][1446][gc,task     ] GC(1) Using 2 workers of 2 for evacuation
[2021-12-27T03:16:32.105+0000][1446][gc,age      ] GC(1) Desired survivor size 2097152 bytes, new threshold 1 (max threshold 15)
[2021-12-27T03:16:32.114+0000][1446][gc,age      ] GC(1) Age table with threshold 1 (max threshold 15)
[2021-12-27T03:16:32.114+0000][1446][gc,age      ] GC(1) - age   1:    1596624 bytes,    1596624 total
[2021-12-27T03:16:32.114+0000][1446][gc,phases   ] GC(1)   Pre Evacuate Collection Set: 0.0ms
[2021-12-27T03:16:32.114+0000][1446][gc,phases   ] GC(1)   Merge Heap Roots: 0.0ms
[2021-12-27T03:16:32.114+0000][1446][gc,phases   ] GC(1)   Evacuate Collection Set: 8.2ms
[2021-12-27T03:16:32.114+0000][1446][gc,phases   ] GC(1)   Post Evacuate Collection Set: 0.6ms
[2021-12-27T03:16:32.114+0000][1446][gc,phases   ] GC(1)   Other: 0.2ms
[2021-12-27T03:16:32.114+0000][1446][gc,heap     ] GC(1) Eden regions: 5->0(5)
[2021-12-27T03:16:32.114+0000][1446][gc,heap     ] GC(1) Survivor regions: 1->1(1)
[2021-12-27T03:16:32.114+0000][1446][gc,heap     ] GC(1) Old regions: 0->1
[2021-12-27T03:16:32.114+0000][1446][gc,heap     ] GC(1) Archive regions: 2->2
[2021-12-27T03:16:32.114+0000][1446][gc,heap     ] GC(1) Humongous regions: 0->0
[2021-12-27T03:16:32.114+0000][1446][gc,metaspace] GC(1) Metaspace: 11069K(11200K)->11069K(11200K) NonClass: 9668K(9728K)->9668K(9728K) Class: 1400K(1472K)->1400K(1472K)
[2021-12-27T03:16:32.114+0000][1446][gc          ] GC(1) Pause Young (Normal) (G1 Evacuation Pause) 27M->9M(512M) 9.077ms
[2021-12-27T03:16:32.114+0000][1446][gc,cpu      ] GC(1) User=0.02s Sys=0.01s Real=0.01s
[2021-12-27T03:16:32.114+0000][1446][safepoint   ] Safepoint "G1CollectForAllocation", Time since last: 494225396 ns, Reaching safepoint: 130412 ns, At safepoint: 9142533 ns, Total: 9272945 ns
[2021-12-27T03:16:32.525+0000][1446][gc,start    ] GC(2) Pause Young (Normal) (G1 Evacuation Pause)
[2021-12-27T03:16:32.525+0000][1446][gc,task     ] GC(2) Using 2 workers of 2 for evacuation
[2021-12-27T03:16:32.525+0000][1446][gc,age      ] GC(2) Desired survivor size 2097152 bytes, new threshold 15 (max threshold 15)
[2021-12-27T03:16:32.530+0000][1446][gc,age      ] GC(2) Age table with threshold 15 (max threshold 15)
[2021-12-27T03:16:32.530+0000][1446][gc,age      ] GC(2) - age   1:    1174816 bytes,    1174816 total
[2021-12-27T03:16:32.530+0000][1446][gc,age      ] GC(2) - age   2:    1528328 bytes,    2703144 total
[2021-12-27T03:16:32.530+0000][1446][gc,phases   ] GC(2)   Pre Evacuate Collection Set: 0.1ms
[2021-12-27T03:16:32.530+0000][1446][gc,phases   ] GC(2)   Merge Heap Roots: 0.0ms
[2021-12-27T03:16:32.530+0000][1446][gc,phases   ] GC(2)   Evacuate Collection Set: 4.8ms
[2021-12-27T03:16:32.530+0000][1446][gc,phases   ] GC(2)   Post Evacuate Collection Set: 0.8ms
[2021-12-27T03:16:32.530+0000][1446][gc,phases   ] GC(2)   Other: 0.2ms
[2021-12-27T03:16:32.530+0000][1446][gc,heap     ] GC(2) Eden regions: 5->0(6)
[2021-12-27T03:16:32.530+0000][1446][gc,heap     ] GC(2) Survivor regions: 1->1(1)
[2021-12-27T03:16:32.530+0000][1446][gc,heap     ] GC(2) Old regions: 1->1
[2021-12-27T03:16:32.530+0000][1446][gc,heap     ] GC(2) Archive regions: 2->2
[2021-12-27T03:16:32.530+0000][1446][gc,heap     ] GC(2) Humongous regions: 0->0
[2021-12-27T03:16:32.530+0000][1446][gc,metaspace] GC(2) Metaspace: 13169K(13440K)->13169K(13440K) NonClass: 11546K(11712K)->11546K(11712K) Class: 1622K(1728K)->1622K(1728K)
[2021-12-27T03:16:32.530+0000][1446][gc          ] GC(2) Pause Young (Normal) (G1 Evacuation Pause) 29M->10M(512M) 5.912ms
[2021-12-27T03:16:32.530+0000][1446][gc,cpu      ] GC(2) User=0.01s Sys=0.00s Real=0.01s
[2021-12-27T03:16:32.531+0000][1446][safepoint   ] Safepoint "G1CollectForAllocation", Time since last: 410622780 ns, Reaching safepoint: 152505 ns, At safepoint: 5994622 ns, Total: 6147127 ns
[2021-12-27T03:16:33.183+0000][1446][gc,start    ] GC(3) Pause Young (Normal) (G1 Evacuation Pause)
[2021-12-27T03:16:33.183+0000][1446][gc,task     ] GC(3) Using 2 workers of 2 for evacuation
[2021-12-27T03:16:33.183+0000][1446][gc,age      ] GC(3) Desired survivor size 2097152 bytes, new threshold 2 (max threshold 15)
[2021-12-27T03:16:33.195+0000][1446][gc,age      ] GC(3) Age table with threshold 2 (max threshold 15)
[2021-12-27T03:16:33.195+0000][1446][gc,age      ] GC(3) - age   1:     813104 bytes,     813104 total
[2021-12-27T03:16:33.195+0000][1446][gc,age      ] GC(3) - age   2:    1160168 bytes,    1973272 total
[2021-12-27T03:16:33.195+0000][1446][gc,phases   ] GC(3)   Pre Evacuate Collection Set: 0.0ms
[2021-12-27T03:16:33.195+0000][1446][gc,phases   ] GC(3)   Merge Heap Roots: 0.0ms
[2021-12-27T03:16:33.195+0000][1446][gc,phases   ] GC(3)   Evacuate Collection Set: 11.0ms
[2021-12-27T03:16:33.195+0000][1446][gc,phases   ] GC(3)   Post Evacuate Collection Set: 0.6ms
[2021-12-27T03:16:33.195+0000][1446][gc,phases   ] GC(3)   Other: 0.2ms
[2021-12-27T03:16:33.195+0000][1446][gc,heap     ] GC(3) Eden regions: 6->0(11)
[2021-12-27T03:16:33.195+0000][1446][gc,heap     ] GC(3) Survivor regions: 1->1(1)
[2021-12-27T03:16:33.195+0000][1446][gc,heap     ] GC(3) Old regions: 1->2
[2021-12-27T03:16:33.195+0000][1446][gc,heap     ] GC(3) Archive regions: 2->2
[2021-12-27T03:16:33.195+0000][1446][gc,heap     ] GC(3) Humongous regions: 0->0
[2021-12-27T03:16:33.195+0000][1446][gc,metaspace] GC(3) Metaspace: 14811K(15104K)->14811K(15104K) NonClass: 13034K(13184K)->13034K(13184K) Class: 1777K(1920K)->1777K(1920K)
[2021-12-27T03:16:33.195+0000][1446][gc          ] GC(3) Pause Young (Normal) (G1 Evacuation Pause) 34M->11M(512M) 11.985ms
[2021-12-27T03:16:33.195+0000][1446][gc,cpu      ] GC(3) User=0.02s Sys=0.00s Real=0.01s
[2021-12-27T03:16:33.195+0000][1446][safepoint   ] Safepoint "G1CollectForAllocation", Time since last: 652129638 ns, Reaching safepoint: 96665 ns, At safepoint: 12066251 ns, Total: 12162916 ns
[2021-12-27T03:16:33.492+0000][1446][gc,start    ] GC(4) Pause Young (Normal) (G1 Evacuation Pause)
[2021-12-27T03:16:33.493+0000][1446][gc,task     ] GC(4) Using 2 workers of 2 for evacuation
[2021-12-27T03:16:33.493+0000][1446][gc,age      ] GC(4) Desired survivor size 4194304 bytes, new threshold 15 (max threshold 15)
[2021-12-27T03:16:33.499+0000][1446][gc,age      ] GC(4) Age table with threshold 15 (max threshold 15)
[2021-12-27T03:16:33.500+0000][1446][gc,age      ] GC(4) - age   1:    1741800 bytes,    1741800 total
[2021-12-27T03:16:33.500+0000][1446][gc,age      ] GC(4) - age   2:     759720 bytes,    2501520 total
[2021-12-27T03:16:33.500+0000][1446][gc,age      ] GC(4) - age   3:    1151648 bytes,    3653168 total
[2021-12-27T03:16:33.500+0000][1446][gc,phases   ] GC(4)   Pre Evacuate Collection Set: 0.1ms
[2021-12-27T03:16:33.500+0000][1446][gc,phases   ] GC(4)   Merge Heap Roots: 0.0ms
[2021-12-27T03:16:33.500+0000][1446][gc,phases   ] GC(4)   Evacuate Collection Set: 6.3ms
[2021-12-27T03:16:33.500+0000][1446][gc,phases   ] GC(4)   Post Evacuate Collection Set: 0.5ms
[2021-12-27T03:16:33.500+0000][1446][gc,phases   ] GC(4)   Other: 0.2ms
[2021-12-27T03:16:33.500+0000][1446][gc,heap     ] GC(4) Eden regions: 11->0(60)
[2021-12-27T03:16:33.500+0000][1446][gc,heap     ] GC(4) Survivor regions: 1->1(2)
[2021-12-27T03:16:33.500+0000][1446][gc,heap     ] GC(4) Old regions: 2->2
[2021-12-27T03:16:33.500+0000][1446][gc,heap     ] GC(4) Archive regions: 2->2
[2021-12-27T03:16:33.500+0000][1446][gc,heap     ] GC(4) Humongous regions: 0->0
[2021-12-27T03:16:33.500+0000][1446][gc,metaspace] GC(4) Metaspace: 15164K(15424K)->15164K(15424K) NonClass: 13360K(13504K)->13360K(13504K) Class: 1804K(1920K)->1804K(1920K)
[2021-12-27T03:16:33.500+0000][1446][gc          ] GC(4) Pause Young (Normal) (G1 Evacuation Pause) 55M->13M(512M) 7.149ms
[2021-12-27T03:16:33.500+0000][1446][gc,cpu      ] GC(4) User=0.02s Sys=0.00s Real=0.01s
[2021-12-27T03:16:33.500+0000][1446][safepoint   ] Safepoint "G1CollectForAllocation", Time since last: 297540914 ns, Reaching safepoint: 74703 ns, At safepoint: 7234629 ns, Total: 7309332 ns
[2021-12-27T03:16:33.972+0000][1446][safepoint   ] Safepoint "ICBufferFull", Time since last: 471729189 ns, Reaching safepoint: 136252 ns, At safepoint: 5066 ns, Total: 141318 ns
[2021-12-27T03:16:33.973+0000][1446][safepoint   ] Safepoint "ICBufferFull", Time since last: 1382462 ns, Reaching safepoint: 36933 ns, At safepoint: 20351 ns, Total: 57284 ns
[2021-12-27T03:16:33.975+0000][1446][safepoint   ] Safepoint "ICBufferFull", Time since last: 2392747 ns, Reaching safepoint: 27141 ns, At safepoint: 2869 ns, Total: 30010 ns
[2021-12-27T03:16:33.977+0000][1446][safepoint   ] Safepoint "ICBufferFull", Time since last: 1233765 ns, Reaching safepoint: 24756 ns, At safepoint: 3141 ns, Total: 27897 ns
[2021-12-27T03:16:33.977+0000][1446][safepoint   ] Safepoint "ICBufferFull", Time since last: 664115 ns, Reaching safepoint: 29667 ns, At safepoint: 3189 ns, Total: 32856 ns
[2021-12-27T03:16:34.102+0000][1446][safepoint   ] Safepoint "ICBufferFull", Time since last: 124153872 ns, Reaching safepoint: 85226 ns, At safepoint: 8459 ns, Total: 93685 ns
[2021-12-27T03:16:34.551+0000][1446][gc,start    ] GC(5) Pause Young (Normal) (G1 Evacuation Pause)
[2021-12-27T03:16:34.551+0000][1446][gc,task     ] GC(5) Using 2 workers of 2 for evacuation
[2021-12-27T03:16:34.551+0000][1446][gc,age      ] GC(5) Desired survivor size 16777216 bytes, new threshold 15 (max threshold 15)
[2021-12-27T03:16:34.563+0000][1446][gc,age      ] GC(5) Age table with threshold 15 (max threshold 15)
[2021-12-27T03:16:34.563+0000][1446][gc,age      ] GC(5) - age   1:    5285984 bytes,    5285984 total
[2021-12-27T03:16:34.563+0000][1446][gc,age      ] GC(5) - age   2:     400632 bytes,    5686616 total
[2021-12-27T03:16:34.563+0000][1446][gc,age      ] GC(5) - age   3:     758968 bytes,    6445584 total
[2021-12-27T03:16:34.563+0000][1446][gc,age      ] GC(5) - age   4:    1150968 bytes,    7596552 total
[2021-12-27T03:16:34.563+0000][1446][gc,phases   ] GC(5)   Pre Evacuate Collection Set: 0.1ms
[2021-12-27T03:16:34.563+0000][1446][gc,phases   ] GC(5)   Merge Heap Roots: 0.1ms
[2021-12-27T03:16:34.563+0000][1446][gc,phases   ] GC(5)   Evacuate Collection Set: 10.6ms
[2021-12-27T03:16:34.563+0000][1446][gc,phases   ] GC(5)   Post Evacuate Collection Set: 0.8ms
[2021-12-27T03:16:34.563+0000][1446][gc,phases   ] GC(5)   Other: 0.2ms
[2021-12-27T03:16:34.563+0000][1446][gc,heap     ] GC(5) Eden regions: 60->0(74)
[2021-12-27T03:16:34.563+0000][1446][gc,heap     ] GC(5) Survivor regions: 1->2(8)
[2021-12-27T03:16:34.563+0000][1446][gc,heap     ] GC(5) Old regions: 2->2
[2021-12-27T03:16:34.563+0000][1446][gc,heap     ] GC(5) Archive regions: 2->2
[2021-12-27T03:16:34.563+0000][1446][gc,heap     ] GC(5) Humongous regions: 0->0
[2021-12-27T03:16:34.563+0000][1446][gc,metaspace] GC(5) Metaspace: 17913K(18240K)->17913K(18240K) NonClass: 15730K(15936K)->15730K(15936K) Class: 2183K(2304K)->2183K(2304K)
[2021-12-27T03:16:34.563+0000][1446][gc          ] GC(5) Pause Young (Normal) (G1 Evacuation Pause) 253M->17M(512M) 11.846ms
[2021-12-27T03:16:34.563+0000][1446][gc,cpu      ] GC(5) User=0.02s Sys=0.00s Real=0.01s
[2021-12-27T03:16:34.563+0000][1446][safepoint   ] Safepoint "G1CollectForAllocation", Time since last: 448953007 ns, Reaching safepoint: 387973 ns, At safepoint: 11925138 ns, Total: 12313111 ns
[2021-12-27T03:16:35.390+0000][1446][gc,start    ] GC(6) Pause Young (Normal) (G1 Evacuation Pause)
[2021-12-27T03:16:35.390+0000][1446][gc,task     ] GC(6) Using 2 workers of 2 for evacuation
[2021-12-27T03:16:35.390+0000][1446][gc,age      ] GC(6) Desired survivor size 20971520 bytes, new threshold 15 (max threshold 15)
[2021-12-27T03:16:35.401+0000][1446][gc,age      ] GC(6) Age table with threshold 15 (max threshold 15)
[2021-12-27T03:16:35.401+0000][1446][gc,age      ] GC(6) - age   1:    5524888 bytes,    5524888 total
[2021-12-27T03:16:35.401+0000][1446][gc,age      ] GC(6) - age   2:    3576960 bytes,    9101848 total
[2021-12-27T03:16:35.401+0000][1446][gc,age      ] GC(6) - age   3:     400552 bytes,    9502400 total
[2021-12-27T03:16:35.401+0000][1446][gc,age      ] GC(6) - age   4:     758968 bytes,   10261368 total
[2021-12-27T03:16:35.401+0000][1446][gc,age      ] GC(6) - age   5:    1150968 bytes,   11412336 total
[2021-12-27T03:16:35.401+0000][1446][gc,phases   ] GC(6)   Pre Evacuate Collection Set: 0.1ms
[2021-12-27T03:16:35.401+0000][1446][gc,phases   ] GC(6)   Merge Heap Roots: 0.1ms
[2021-12-27T03:16:35.401+0000][1446][gc,phases   ] GC(6)   Evacuate Collection Set: 10.7ms
[2021-12-27T03:16:35.401+0000][1446][gc,phases   ] GC(6)   Post Evacuate Collection Set: 0.7ms
[2021-12-27T03:16:35.401+0000][1446][gc,phases   ] GC(6)   Other: 0.2ms
[2021-12-27T03:16:35.401+0000][1446][gc,heap     ] GC(6) Eden regions: 74->0(73)
[2021-12-27T03:16:35.401+0000][1446][gc,heap     ] GC(6) Survivor regions: 2->3(10)
[2021-12-27T03:16:35.401+0000][1446][gc,heap     ] GC(6) Old regions: 2->2
[2021-12-27T03:16:35.401+0000][1446][gc,heap     ] GC(6) Archive regions: 2->2
[2021-12-27T03:16:35.401+0000][1446][gc,heap     ] GC(6) Humongous regions: 0->0
[2021-12-27T03:16:35.401+0000][1446][gc,metaspace] GC(6) Metaspace: 18807K(19200K)->18807K(19200K) NonClass: 16498K(16768K)->16498K(16768K) Class: 2309K(2432K)->2309K(2432K)
[2021-12-27T03:16:35.401+0000][1446][gc          ] GC(6) Pause Young (Normal) (G1 Evacuation Pause) 313M->20M(512M) 11.866ms
[2021-12-27T03:16:35.401+0000][1446][gc,cpu      ] GC(6) User=0.02s Sys=0.00s Real=0.01s
[2021-12-27T03:16:35.401+0000][1446][safepoint   ] Safepoint "G1CollectForAllocation", Time since last: 826506786 ns, Reaching safepoint: 93945 ns, At safepoint: 11934771 ns, Total: 12028716 ns
[2021-12-27T03:16:36.064+0000][1446][gc,start    ] GC(7) Pause Young (Normal) (G1 Evacuation Pause)
[2021-12-27T03:16:36.064+0000][1446][gc,task     ] GC(7) Using 2 workers of 2 for evacuation
[2021-12-27T03:16:36.064+0000][1446][gc,age      ] GC(7) Desired survivor size 20971520 bytes, new threshold 15 (max threshold 15)
[2021-12-27T03:16:36.077+0000][1446][gc,age      ] GC(7) Age table with threshold 15 (max threshold 15)
[2021-12-27T03:16:36.077+0000][1446][gc,age      ] GC(7) - age   1:    1010824 bytes,    1010824 total
[2021-12-27T03:16:36.077+0000][1446][gc,age      ] GC(7) - age   2:    3820928 bytes,    4831752 total
[2021-12-27T03:16:36.077+0000][1446][gc,age      ] GC(7) - age   3:    3576592 bytes,    8408344 total
[2021-12-27T03:16:36.077+0000][1446][gc,age      ] GC(7) - age   4:     400552 bytes,    8808896 total
[2021-12-27T03:16:36.077+0000][1446][gc,age      ] GC(7) - age   5:     758968 bytes,    9567864 total
[2021-12-27T03:16:36.077+0000][1446][gc,age      ] GC(7) - age   6:    1150792 bytes,   10718656 total
[2021-12-27T03:16:36.077+0000][1446][gc,phases   ] GC(7)   Pre Evacuate Collection Set: 0.1ms
[2021-12-27T03:16:36.077+0000][1446][gc,phases   ] GC(7)   Merge Heap Roots: 0.1ms
[2021-12-27T03:16:36.077+0000][1446][gc,phases   ] GC(7)   Evacuate Collection Set: 11.9ms
[2021-12-27T03:16:36.077+0000][1446][gc,phases   ] GC(7)   Post Evacuate Collection Set: 0.7ms
[2021-12-27T03:16:36.077+0000][1446][gc,phases   ] GC(7)   Other: 0.2ms
[2021-12-27T03:16:36.077+0000][1446][gc,heap     ] GC(7) Eden regions: 73->0(73)
[2021-12-27T03:16:36.077+0000][1446][gc,heap     ] GC(7) Survivor regions: 3->3(10)
[2021-12-27T03:16:36.077+0000][1446][gc,heap     ] GC(7) Old regions: 2->2
[2021-12-27T03:16:36.077+0000][1446][gc,heap     ] GC(7) Archive regions: 2->2
[2021-12-27T03:16:36.077+0000][1446][gc,heap     ] GC(7) Humongous regions: 0->0
[2021-12-27T03:16:36.077+0000][1446][gc,metaspace] GC(7) Metaspace: 19566K(20032K)->19566K(20032K) NonClass: 17145K(17408K)->17145K(17408K) Class: 2420K(2624K)->2420K(2624K)
[2021-12-27T03:16:36.077+0000][1446][gc          ] GC(7) Pause Young (Normal) (G1 Evacuation Pause) 312M->20M(512M) 13.021ms
[2021-12-27T03:16:36.077+0000][1446][gc,cpu      ] GC(7) User=0.02s Sys=0.01s Real=0.01s
[2021-12-27T03:16:36.077+0000][1446][safepoint   ] Safepoint "G1CollectForAllocation", Time since last: 662646670 ns, Reaching safepoint: 136910 ns, At safepoint: 13096079 ns, Total: 13232989 ns
[2021-12-27T03:16:36.763+0000][1446][gc,start    ] GC(8) Pause Young (Normal) (G1 Evacuation Pause)
[2021-12-27T03:16:36.763+0000][1446][gc,task     ] GC(8) Using 2 workers of 2 for evacuation
[2021-12-27T03:16:36.763+0000][1446][gc,age      ] GC(8) Desired survivor size 20971520 bytes, new threshold 15 (max threshold 15)
[2021-12-27T03:16:36.780+0000][1446][gc,age      ] GC(8) Age table with threshold 15 (max threshold 15)
[2021-12-27T03:16:36.780+0000][1446][gc,age      ] GC(8) - age   1:    3843464 bytes,    3843464 total
[2021-12-27T03:16:36.780+0000][1446][gc,age      ] GC(8) - age   2:     606496 bytes,    4449960 total
[2021-12-27T03:16:36.780+0000][1446][gc,age      ] GC(8) - age   3:    3816816 bytes,    8266776 total
[2021-12-27T03:16:36.780+0000][1446][gc,age      ] GC(8) - age   4:    3575160 bytes,   11841936 total
[2021-12-27T03:16:36.780+0000][1446][gc,age      ] GC(8) - age   5:     400552 bytes,   12242488 total
[2021-12-27T03:16:36.780+0000][1446][gc,age      ] GC(8) - age   6:     758256 bytes,   13000744 total
[2021-12-27T03:16:36.780+0000][1446][gc,age      ] GC(8) - age   7:    1150760 bytes,   14151504 total
[2021-12-27T03:16:36.780+0000][1446][gc,phases   ] GC(8)   Pre Evacuate Collection Set: 0.0ms
[2021-12-27T03:16:36.780+0000][1446][gc,phases   ] GC(8)   Merge Heap Roots: 0.0ms
[2021-12-27T03:16:36.780+0000][1446][gc,phases   ] GC(8)   Evacuate Collection Set: 15.8ms
[2021-12-27T03:16:36.780+0000][1446][gc,phases   ] GC(8)   Post Evacuate Collection Set: 1.0ms
[2021-12-27T03:16:36.780+0000][1446][gc,phases   ] GC(8)   Other: 0.3ms
[2021-12-27T03:16:36.780+0000][1446][gc,heap     ] GC(8) Eden regions: 73->0(72)
[2021-12-27T03:16:36.780+0000][1446][gc,heap     ] GC(8) Survivor regions: 3->4(10)
[2021-12-27T03:16:36.780+0000][1446][gc,heap     ] GC(8) Old regions: 2->2
[2021-12-27T03:16:36.780+0000][1446][gc,heap     ] GC(8) Archive regions: 2->2
[2021-12-27T03:16:36.780+0000][1446][gc,heap     ] GC(8) Humongous regions: 0->0
[2021-12-27T03:16:36.780+0000][1446][gc,metaspace] GC(8) Metaspace: 20629K(21120K)->20629K(21120K) NonClass: 18070K(18368K)->18070K(18368K) Class: 2559K(2752K)->2559K(2752K)
[2021-12-27T03:16:36.780+0000][1446][gc          ] GC(8) Pause Young (Normal) (G1 Evacuation Pause) 312M->23M(512M) 17.211ms
[2021-12-27T03:16:36.780+0000][1446][gc,cpu      ] GC(8) User=0.03s Sys=0.00s Real=0.02s
[2021-12-27T03:16:36.780+0000][1446][safepoint   ] Safepoint "G1CollectForAllocation", Time since last: 685201138 ns, Reaching safepoint: 108740 ns, At safepoint: 17287776 ns, Total: 17396516 ns
[2021-12-27T03:16:37.204+0000][1446][gc,start    ] GC(9) Pause Young (Concurrent Start) (Metadata GC Threshold)
[2021-12-27T03:16:37.204+0000][1446][gc,task     ] GC(9) Using 2 workers of 2 for evacuation
[2021-12-27T03:16:37.204+0000][1446][gc,age      ] GC(9) Desired survivor size 20971520 bytes, new threshold 15 (max threshold 15)
[2021-12-27T03:16:37.215+0000][1446][gc,age      ] GC(9) Age table with threshold 15 (max threshold 15)
[2021-12-27T03:16:37.215+0000][1446][gc,age      ] GC(9) - age   1:     793016 bytes,     793016 total
[2021-12-27T03:16:37.215+0000][1446][gc,age      ] GC(9) - age   2:    1723040 bytes,    2516056 total
[2021-12-27T03:16:37.215+0000][1446][gc,age      ] GC(9) - age   3:     604416 bytes,    3120472 total
[2021-12-27T03:16:37.215+0000][1446][gc,age      ] GC(9) - age   4:    3816752 bytes,    6937224 total
[2021-12-27T03:16:37.215+0000][1446][gc,age      ] GC(9) - age   5:    3573736 bytes,   10510960 total
[2021-12-27T03:16:37.215+0000][1446][gc,age      ] GC(9) - age   6:     400552 bytes,   10911512 total
[2021-12-27T03:16:37.215+0000][1446][gc,age      ] GC(9) - age   7:     758256 bytes,   11669768 total
[2021-12-27T03:16:37.215+0000][1446][gc,age      ] GC(9) - age   8:    1150760 bytes,   12820528 total
[2021-12-27T03:16:37.215+0000][1446][gc,phases   ] GC(9)   Pre Evacuate Collection Set: 0.1ms
[2021-12-27T03:16:37.216+0000][1446][gc,phases   ] GC(9)   Merge Heap Roots: 0.1ms
[2021-12-27T03:16:37.216+0000][1446][gc,phases   ] GC(9)   Evacuate Collection Set: 10.6ms
[2021-12-27T03:16:37.216+0000][1446][gc,phases   ] GC(9)   Post Evacuate Collection Set: 0.8ms
[2021-12-27T03:16:37.216+0000][1446][gc,phases   ] GC(9)   Other: 0.3ms
[2021-12-27T03:16:37.216+0000][1446][gc,heap     ] GC(9) Eden regions: 59->0(72)
[2021-12-27T03:16:37.216+0000][1446][gc,heap     ] GC(9) Survivor regions: 4->4(10)
[2021-12-27T03:16:37.216+0000][1446][gc,heap     ] GC(9) Old regions: 2->2
[2021-12-27T03:16:37.216+0000][1446][gc,heap     ] GC(9) Archive regions: 2->2
[2021-12-27T03:16:37.216+0000][1446][gc,heap     ] GC(9) Humongous regions: 0->0
[2021-12-27T03:16:37.216+0000][1446][gc,metaspace] GC(9) Metaspace: 20954K(21504K)->20954K(21504K) NonClass: 18347K(18688K)->18347K(18688K) Class: 2606K(2816K)->2606K(2816K)
[2021-12-27T03:16:37.216+0000][1446][gc          ] GC(9) Pause Young (Concurrent Start) (Metadata GC Threshold) 259M->23M(512M) 11.961ms
[2021-12-27T03:16:37.216+0000][1446][gc,cpu      ] GC(9) User=0.02s Sys=0.00s Real=0.01s
[2021-12-27T03:16:37.216+0000][1446][gc          ] GC(10) Concurrent Mark Cycle
[2021-12-27T03:16:37.216+0000][1446][gc,marking  ] GC(10) Concurrent Clear Claimed Marks
[2021-12-27T03:16:37.216+0000][1446][safepoint   ] Safepoint "CollectForMetadataAllocation", Time since last: 423691002 ns, Reaching safepoint: 39307 ns, At safepoint: 12097858 ns, Total: 12137165 ns
[2021-12-27T03:16:37.216+0000][1446][gc,marking  ] GC(10) Concurrent Clear Claimed Marks 0.035ms
[2021-12-27T03:16:37.216+0000][1446][gc,marking  ] GC(10) Concurrent Scan Root Regions
[2021-12-27T03:16:37.237+0000][1446][gc,marking  ] GC(10) Concurrent Scan Root Regions 21.740ms
[2021-12-27T03:16:37.238+0000][1446][gc,marking  ] GC(10) Concurrent Mark
[2021-12-27T03:16:37.238+0000][1446][gc,marking  ] GC(10) Concurrent Mark From Roots
[2021-12-27T03:16:37.238+0000][1446][gc,task     ] GC(10) Using 1 workers of 1 for marking
[2021-12-27T03:16:37.259+0000][1446][gc,marking  ] GC(10) Concurrent Mark From Roots 21.787ms
[2021-12-27T03:16:37.259+0000][1446][gc,marking  ] GC(10) Concurrent Preclean
[2021-12-27T03:16:37.259+0000][1446][gc,marking  ] GC(10) Concurrent Preclean 0.113ms
[2021-12-27T03:16:37.260+0000][1446][gc,start    ] GC(10) Pause Remark
[2021-12-27T03:16:37.265+0000][1446][gc          ] GC(10) Pause Remark 51M->51M(512M) 5.184ms
[2021-12-27T03:16:37.265+0000][1446][gc,cpu      ] GC(10) User=0.00s Sys=0.00s Real=0.00s
[2021-12-27T03:16:37.265+0000][1446][safepoint   ] Safepoint "G1Concurrent", Time since last: 43817459 ns, Reaching safepoint: 133112 ns, At safepoint: 5253079 ns, Total: 5386191 ns
[2021-12-27T03:16:37.265+0000][1446][gc,marking  ] GC(10) Concurrent Mark 27.406ms
[2021-12-27T03:16:37.265+0000][1446][gc,marking  ] GC(10) Concurrent Rebuild Remembered Sets
[2021-12-27T03:16:37.271+0000][1446][gc,marking  ] GC(10) Concurrent Rebuild Remembered Sets 6.486ms
[2021-12-27T03:16:37.272+0000][1446][gc,start    ] GC(10) Pause Cleanup
[2021-12-27T03:16:37.272+0000][1446][gc          ] GC(10) Pause Cleanup 53M->53M(512M) 0.205ms
[2021-12-27T03:16:37.272+0000][1446][gc,cpu      ] GC(10) User=0.00s Sys=0.00s Real=0.00s
[2021-12-27T03:16:37.272+0000][1446][safepoint   ] Safepoint "G1Concurrent", Time since last: 6601016 ns, Reaching safepoint: 199400 ns, At safepoint: 274160 ns, Total: 473560 ns
[2021-12-27T03:16:37.272+0000][1446][gc,marking  ] GC(10) Concurrent Cleanup for Next Mark
[2021-12-27T03:16:37.284+0000][1446][gc,marking  ] GC(10) Concurrent Cleanup for Next Mark 11.526ms
[2021-12-27T03:16:37.284+0000][1446][gc          ] GC(10) Concurrent Mark Cycle 67.938ms
[2021-12-27T03:16:37.863+0000][1446][gc,start    ] GC(11) Pause Young (Normal) (G1 Evacuation Pause)
[2021-12-27T03:16:37.863+0000][1446][gc,task     ] GC(11) Using 2 workers of 2 for evacuation
[2021-12-27T03:16:37.863+0000][1446][gc,age      ] GC(11) Desired survivor size 20971520 bytes, new threshold 15 (max threshold 15)
[2021-12-27T03:16:37.877+0000][1446][gc,age      ] GC(11) Age table with threshold 15 (max threshold 15)
[2021-12-27T03:16:37.877+0000][1446][gc,age      ] GC(11) - age   1:     894376 bytes,     894376 total
[2021-12-27T03:16:37.877+0000][1446][gc,age      ] GC(11) - age   2:     745704 bytes,    1640080 total
[2021-12-27T03:16:37.877+0000][1446][gc,age      ] GC(11) - age   3:    1712952 bytes,    3353032 total
[2021-12-27T03:16:37.877+0000][1446][gc,age      ] GC(11) - age   4:     594288 bytes,    3947320 total
[2021-12-27T03:16:37.877+0000][1446][gc,age      ] GC(11) - age   5:    3806064 bytes,    7753384 total
[2021-12-27T03:16:37.877+0000][1446][gc,age      ] GC(11) - age   6:    3565152 bytes,   11318536 total
[2021-12-27T03:16:37.877+0000][1446][gc,age      ] GC(11) - age   7:     356800 bytes,   11675336 total
[2021-12-27T03:16:37.877+0000][1446][gc,age      ] GC(11) - age   8:     750640 bytes,   12425976 total
[2021-12-27T03:16:37.877+0000][1446][gc,age      ] GC(11) - age   9:    1150168 bytes,   13576144 total
[2021-12-27T03:16:37.877+0000][1446][gc,phases   ] GC(11)   Pre Evacuate Collection Set: 0.1ms
[2021-12-27T03:16:37.877+0000][1446][gc,phases   ] GC(11)   Merge Heap Roots: 0.1ms
[2021-12-27T03:16:37.877+0000][1446][gc,phases   ] GC(11)   Evacuate Collection Set: 12.8ms
[2021-12-27T03:16:37.877+0000][1446][gc,phases   ] GC(11)   Post Evacuate Collection Set: 1.0ms
[2021-12-27T03:16:37.877+0000][1446][gc,phases   ] GC(11)   Other: 0.2ms
[2021-12-27T03:16:37.877+0000][1446][gc,heap     ] GC(11) Eden regions: 72->0(72)
[2021-12-27T03:16:37.877+0000][1446][gc,heap     ] GC(11) Survivor regions: 4->4(10)
[2021-12-27T03:16:37.877+0000][1446][gc,heap     ] GC(11) Old regions: 2->2
[2021-12-27T03:16:37.877+0000][1446][gc,heap     ] GC(11) Archive regions: 2->2
[2021-12-27T03:16:37.877+0000][1446][gc,heap     ] GC(11) Humongous regions: 0->0
[2021-12-27T03:16:37.877+0000][1446][gc,metaspace] GC(11) Metaspace: 21628K(22208K)->21628K(22208K) NonClass: 18907K(19264K)->18907K(19264K) Class: 2720K(2944K)->2720K(2944K)
[2021-12-27T03:16:37.877+0000][1446][gc          ] GC(11) Pause Young (Normal) (G1 Evacuation Pause) 311M->23M(512M) 14.146ms
[2021-12-27T03:16:37.877+0000][1446][gc,cpu      ] GC(11) User=0.03s Sys=0.00s Real=0.01s
[2021-12-27T03:16:37.877+0000][1446][safepoint   ] Safepoint "G1CollectForAllocation", Time since last: 590494430 ns, Reaching safepoint: 89408 ns, At safepoint: 14214754 ns, Total: 14304162 ns
[2021-12-27T03:16:38.217+0000][1446][safepoint   ] Safepoint "ICBufferFull", Time since last: 339200330 ns, Reaching safepoint: 604753 ns, At safepoint: 5424 ns, Total: 610177 ns
[2021-12-27T03:16:38.218+0000][1446][safepoint   ] Safepoint "ICBufferFull", Time since last: 1023376 ns, Reaching safepoint: 26433 ns, At safepoint: 2844 ns, Total: 29277 ns
[2021-12-27T03:16:38.219+0000][1446][safepoint   ] Safepoint "ICBufferFull", Time since last: 1074677 ns, Reaching safepoint: 23071 ns, At safepoint: 2823 ns, Total: 25894 ns
[2021-12-27T03:16:38.235+0000][1446][safepoint   ] Safepoint "ICBufferFull", Time since last: 16252130 ns, Reaching safepoint: 35681 ns, At safepoint: 3554 ns, Total: 39235 ns
[2021-12-27T03:16:38.250+0000][1446][safepoint   ] Safepoint "ICBufferFull", Time since last: 14438858 ns, Reaching safepoint: 41878 ns, At safepoint: 3823 ns, Total: 45701 ns
[2021-12-27T03:16:38.293+0000][1446][safepoint   ] Safepoint "ICBufferFull", Time since last: 43022230 ns, Reaching safepoint: 69934 ns, At safepoint: 9100 ns, Total: 79034 ns
[2021-12-27T03:16:38.308+0000][1446][safepoint   ] Safepoint "ICBufferFull", Time since last: 15467455 ns, Reaching safepoint: 67425 ns, At safepoint: 3838 ns, Total: 71263 ns
[2021-12-27T03:16:38.309+0000][1446][safepoint   ] Safepoint "ICBufferFull", Time since last: 1231301 ns, Reaching safepoint: 33395 ns, At safepoint: 3193 ns, Total: 36588 ns
[2021-12-27T03:16:38.354+0000][1446][safepoint   ] Safepoint "ICBufferFull", Time since last: 42052322 ns, Reaching safepoint: 2007215 ns, At safepoint: 8098 ns, Total: 2015313 ns
[2021-12-27T03:16:38.428+0000][1446][safepoint   ] Safepoint "ICBufferFull", Time since last: 73973872 ns, Reaching safepoint: 184876 ns, At safepoint: 4827 ns, Total: 189703 ns
[2021-12-27T03:16:38.429+0000][1446][safepoint   ] Safepoint "ICBufferFull", Time since last: 1099451 ns, Reaching safepoint: 26898 ns, At safepoint: 3149 ns, Total: 30047 ns
[2021-12-27T03:16:38.430+0000][1446][safepoint   ] Safepoint "ICBufferFull", Time since last: 1170052 ns, Reaching safepoint: 26730 ns, At safepoint: 2724 ns, Total: 29454 ns
[2021-12-27T03:16:38.458+0000][1446][safepoint   ] Safepoint "ICBufferFull", Time since last: 27949343 ns, Reaching safepoint: 33747 ns, At safepoint: 3844 ns, Total: 37591 ns
[2021-12-27T03:16:38.459+0000][1446][safepoint   ] Safepoint "ICBufferFull", Time since last: 1147426 ns, Reaching safepoint: 26299 ns, At safepoint: 3162 ns, Total: 29461 ns
[2021-12-27T03:16:38.578+0000][1446][safepoint   ] Safepoint "ICBufferFull", Time since last: 119228128 ns, Reaching safepoint: 85129 ns, At safepoint: 9779 ns, Total: 94908 ns
[2021-12-27T03:16:38.581+0000][1446][safepoint   ] Safepoint "ICBufferFull", Time since last: 2537447 ns, Reaching safepoint: 27399 ns, At safepoint: 4373 ns, Total: 31772 ns
[2021-12-27T03:16:38.583+0000][1446][safepoint   ] Safepoint "ICBufferFull", Time since last: 2378869 ns, Reaching safepoint: 36785 ns, At safepoint: 3276 ns, Total: 40061 ns
[2021-12-27T03:16:38.586+0000][1446][safepoint   ] Safepoint "ICBufferFull", Time since last: 2620352 ns, Reaching safepoint: 21353 ns, At safepoint: 3175 ns, Total: 24528 ns
[2021-12-27T03:16:38.588+0000][1446][safepoint   ] Safepoint "ICBufferFull", Time since last: 2162483 ns, Reaching safepoint: 23214 ns, At safepoint: 3159 ns, Total: 26373 ns
[2021-12-27T03:16:38.591+0000][1446][safepoint   ] Safepoint "ICBufferFull", Time since last: 2444591 ns, Reaching safepoint: 24594 ns, At safepoint: 2838 ns, Total: 27432 ns
[2021-12-27T03:16:38.592+0000][1446][safepoint   ] Safepoint "ICBufferFull", Time since last: 1403644 ns, Reaching safepoint: 19913 ns, At safepoint: 2954 ns, Total: 22867 ns
[2021-12-27T03:16:38.594+0000][1446][safepoint   ] Safepoint "ICBufferFull", Time since last: 1635645 ns, Reaching safepoint: 22167 ns, At safepoint: 3409 ns, Total: 25576 ns
[2021-12-27T03:16:38.596+0000][1446][safepoint   ] Safepoint "ICBufferFull", Time since last: 1623291 ns, Reaching safepoint: 19574 ns, At safepoint: 2961 ns, Total: 22535 ns
[2021-12-27T03:16:38.597+0000][1446][safepoint   ] Safepoint "ICBufferFull", Time since last: 1808948 ns, Reaching safepoint: 21147 ns, At safepoint: 2957 ns, Total: 24104 ns
[2021-12-27T03:16:38.598+0000][1446][safepoint   ] Safepoint "ICBufferFull", Time since last: 971327 ns, Reaching safepoint: 19971 ns, At safepoint: 2690 ns, Total: 22661 ns
[2021-12-27T03:16:39.646+0000][1446][safepoint   ] Safepoint "Cleanup", Time since last: 1047182596 ns, Reaching safepoint: 192996 ns, At safepoint: 4906 ns, Total: 197902 ns
[2021-12-27T03:16:41.030+0000][1446][safepoint   ] Safepoint "Cleanup", Time since last: 1383766981 ns, Reaching safepoint: 211962 ns, At safepoint: 5109 ns, Total: 217071 ns
[2021-12-27T03:16:41.512+0000][1446][gc,start    ] GC(12) Pause Young (Concurrent Start) (Metadata GC Threshold)
[2021-12-27T03:16:41.512+0000][1446][gc,task     ] GC(12) Using 2 workers of 2 for evacuation
[2021-12-27T03:16:41.512+0000][1446][gc,age      ] GC(12) Desired survivor size 20971520 bytes, new threshold 15 (max threshold 15)
[2021-12-27T03:16:41.573+0000][1446][gc,age      ] GC(12) Age table with threshold 15 (max threshold 15)
[2021-12-27T03:16:41.573+0000][1446][gc,age      ] GC(12) - age   1:   26984040 bytes,   26984040 total
[2021-12-27T03:16:41.573+0000][1446][gc,age      ] GC(12) - age   2:     870144 bytes,   27854184 total
[2021-12-27T03:16:41.573+0000][1446][gc,age      ] GC(12) - age   3:     739288 bytes,   28593472 total
[2021-12-27T03:16:41.573+0000][1446][gc,age      ] GC(12) - age   4:    1702656 bytes,   30296128 total
[2021-12-27T03:16:41.573+0000][1446][gc,age      ] GC(12) - age   5:     592656 bytes,   30888784 total
[2021-12-27T03:16:41.573+0000][1446][gc,age      ] GC(12) - age   6:    3798400 bytes,   34687184 total
[2021-12-27T03:16:41.573+0000][1446][gc,age      ] GC(12) - age   7:    3523576 bytes,   38210760 total
[2021-12-27T03:16:41.573+0000][1446][gc,age      ] GC(12) - age   8:     356264 bytes,   38567024 total
[2021-12-27T03:16:41.573+0000][1446][gc,age      ] GC(12) - age   9:     748952 bytes,   39315976 total
[2021-12-27T03:16:41.573+0000][1446][gc,age      ] GC(12) - age  10:    1128048 bytes,   40444024 total
[2021-12-27T03:16:41.573+0000][1446][gc,phases   ] GC(12)   Pre Evacuate Collection Set: 0.1ms
[2021-12-27T03:16:41.573+0000][1446][gc,phases   ] GC(12)   Merge Heap Roots: 0.1ms
[2021-12-27T03:16:41.573+0000][1446][gc,phases   ] GC(12)   Evacuate Collection Set: 58.8ms
[2021-12-27T03:16:41.573+0000][1446][gc,phases   ] GC(12)   Post Evacuate Collection Set: 1.7ms
[2021-12-27T03:16:41.573+0000][1446][gc,phases   ] GC(12)   Other: 0.3ms
[2021-12-27T03:16:41.573+0000][1446][gc,heap     ] GC(12) Eden regions: 71->0(66)
[2021-12-27T03:16:41.573+0000][1446][gc,heap     ] GC(12) Survivor regions: 4->10(10)
[2021-12-27T03:16:41.573+0000][1446][gc,heap     ] GC(12) Old regions: 2->2
[2021-12-27T03:16:41.573+0000][1446][gc,heap     ] GC(12) Archive regions: 2->2
[2021-12-27T03:16:41.573+0000][1446][gc,heap     ] GC(12) Humongous regions: 0->0
[2021-12-27T03:16:41.573+0000][1446][gc,metaspace] GC(12) Metaspace: 34973K(35968K)->34973K(35968K) NonClass: 30327K(30848K)->30327K(30848K) Class: 4645K(5120K)->4645K(5120K)
[2021-12-27T03:16:41.573+0000][1446][gc          ] GC(12) Pause Young (Concurrent Start) (Metadata GC Threshold) 305M->48M(512M) 61.027ms
[2021-12-27T03:16:41.573+0000][1446][gc,cpu      ] GC(12) User=0.12s Sys=0.00s Real=0.06s
[2021-12-27T03:16:41.573+0000][1446][gc          ] GC(13) Concurrent Mark Cycle
[2021-12-27T03:16:41.573+0000][1446][gc,marking  ] GC(13) Concurrent Clear Claimed Marks
[2021-12-27T03:16:41.573+0000][1446][safepoint   ] Safepoint "CollectForMetadataAllocation", Time since last: 482087922 ns, Reaching safepoint: 128511 ns, At safepoint: 61179215 ns, Total: 61307726 ns
[2021-12-27T03:16:41.573+0000][1446][gc,marking  ] GC(13) Concurrent Clear Claimed Marks 0.075ms
[2021-12-27T03:16:41.573+0000][1446][gc,marking  ] GC(13) Concurrent Scan Root Regions
[2021-12-27T03:16:41.625+0000][1446][safepoint   ] Safepoint "CollectForMetadataAllocation", Time since last: 49387277 ns, Reaching safepoint: 2039292 ns, At safepoint: 84934 ns, Total: 2124226 ns
[2021-12-27T03:16:41.648+0000][1446][gc,marking  ] GC(13) Concurrent Scan Root Regions 74.433ms
[2021-12-27T03:16:41.648+0000][1446][gc,marking  ] GC(13) Concurrent Mark
[2021-12-27T03:16:41.648+0000][1446][gc,marking  ] GC(13) Concurrent Mark From Roots
[2021-12-27T03:16:41.648+0000][1446][gc,task     ] GC(13) Using 1 workers of 1 for marking
[2021-12-27T03:16:41.671+0000][1446][gc,marking  ] GC(13) Concurrent Mark From Roots 23.835ms
[2021-12-27T03:16:41.672+0000][1446][gc,marking  ] GC(13) Concurrent Preclean
[2021-12-27T03:16:41.672+0000][1446][gc,marking  ] GC(13) Concurrent Preclean 0.094ms
[2021-12-27T03:16:41.674+0000][1446][gc,start    ] GC(13) Pause Remark
[2021-12-27T03:16:41.679+0000][1446][gc          ] GC(13) Pause Remark 52M->52M(512M) 5.383ms
[2021-12-27T03:16:41.679+0000][1446][gc,cpu      ] GC(13) User=0.00s Sys=0.00s Real=0.00s
[2021-12-27T03:16:41.679+0000][1446][safepoint   ] Safepoint "G1Concurrent", Time since last: 48873163 ns, Reaching safepoint: 434826 ns, At safepoint: 5457759 ns, Total: 5892585 ns
[2021-12-27T03:16:41.679+0000][1446][gc,marking  ] GC(13) Concurrent Mark 31.762ms
[2021-12-27T03:16:41.679+0000][1446][gc,marking  ] GC(13) Concurrent Rebuild Remembered Sets
[2021-12-27T03:16:41.697+0000][1446][gc,marking  ] GC(13) Concurrent Rebuild Remembered Sets 17.386ms
[2021-12-27T03:16:41.709+0000][1446][gc,start    ] GC(13) Pause Cleanup
[2021-12-27T03:16:41.710+0000][1446][gc          ] GC(13) Pause Cleanup 52M->52M(512M) 0.116ms
[2021-12-27T03:16:41.710+0000][1446][gc,cpu      ] GC(13) User=0.00s Sys=0.00s Real=0.01s
[2021-12-27T03:16:41.710+0000][1446][safepoint   ] Safepoint "G1Concurrent", Time since last: 28112208 ns, Reaching safepoint: 1920798 ns, At safepoint: 167179 ns, Total: 2087977 ns
[2021-12-27T03:16:41.711+0000][1446][gc,marking  ] GC(13) Concurrent Cleanup for Next Mark
[2021-12-27T03:16:41.712+0000][1446][gc,marking  ] GC(13) Concurrent Cleanup for Next Mark 1.047ms
[2021-12-27T03:16:41.712+0000][1446][gc          ] GC(13) Concurrent Mark Cycle 138.668ms
[2021-12-27T03:16:42.712+0000][1446][safepoint   ] Safepoint "Cleanup", Time since last: 1000908798 ns, Reaching safepoint: 1153844 ns, At safepoint: 8278 ns, Total: 1162122 ns
[2021-12-27T03:16:44.301+0000][1446][safepoint   ] Safepoint "Cleanup", Time since last: 1588840524 ns, Reaching safepoint: 241361 ns, At safepoint: 6974 ns, Total: 248335 ns
[2021-12-27T03:16:44.452+0000][1446][gc,start    ] GC(14) Pause Young (Concurrent Start) (G1 Evacuation Pause)
[2021-12-27T03:16:44.452+0000][1446][gc,task     ] GC(14) Using 2 workers of 2 for evacuation
[2021-12-27T03:16:44.452+0000][1446][gc,age      ] GC(14) Desired survivor size 20971520 bytes, new threshold 1 (max threshold 15)
[2021-12-27T03:16:44.523+0000][1446][gc,age      ] GC(14) Age table with threshold 1 (max threshold 15)
[2021-12-27T03:16:44.523+0000][1446][gc,age      ] GC(14) - age   1:    6091104 bytes,    6091104 total
[2021-12-27T03:16:44.523+0000][1446][gc,phases   ] GC(14)   Pre Evacuate Collection Set: 0.1ms
[2021-12-27T03:16:44.523+0000][1446][gc,phases   ] GC(14)   Merge Heap Roots: 0.1ms
[2021-12-27T03:16:44.523+0000][1446][gc,phases   ] GC(14)   Evacuate Collection Set: 68.8ms
[2021-12-27T03:16:44.523+0000][1446][gc,phases   ] GC(14)   Post Evacuate Collection Set: 1.9ms
[2021-12-27T03:16:44.523+0000][1446][gc,phases   ] GC(14)   Other: 0.2ms
[2021-12-27T03:16:44.523+0000][1446][gc,heap     ] GC(14) Eden regions: 66->0(74)
[2021-12-27T03:16:44.523+0000][1446][gc,heap     ] GC(14) Survivor regions: 10->2(10)
[2021-12-27T03:16:44.523+0000][1446][gc,heap     ] GC(14) Old regions: 2->12
[2021-12-27T03:16:44.523+0000][1446][gc,heap     ] GC(14) Archive regions: 2->2
[2021-12-27T03:16:44.523+0000][1446][gc,heap     ] GC(14) Humongous regions: 0->0
[2021-12-27T03:16:44.523+0000][1446][gc,metaspace] GC(14) Metaspace: 52192K(53440K)->52192K(53440K) NonClass: 45102K(45824K)->45102K(45824K) Class: 7090K(7616K)->7090K(7616K)
[2021-12-27T03:16:44.523+0000][1446][gc          ] GC(14) Pause Young (Concurrent Start) (G1 Evacuation Pause) 312M->56M(512M) 71.215ms
[2021-12-27T03:16:44.523+0000][1446][gc,cpu      ] GC(14) User=0.14s Sys=0.00s Real=0.07s
[2021-12-27T03:16:44.523+0000][1446][gc          ] GC(15) Concurrent Mark Cycle
[2021-12-27T03:16:44.523+0000][1446][gc,marking  ] GC(15) Concurrent Clear Claimed Marks
[2021-12-27T03:16:44.523+0000][1446][safepoint   ] Safepoint "G1CollectForAllocation", Time since last: 151182757 ns, Reaching safepoint: 31423 ns, At safepoint: 71307079 ns, Total: 71338502 ns
[2021-12-27T03:16:44.523+0000][1446][gc,marking  ] GC(15) Concurrent Clear Claimed Marks 0.087ms
[2021-12-27T03:16:44.523+0000][1446][gc,marking  ] GC(15) Concurrent Scan Root Regions
[2021-12-27T03:16:44.575+0000][1446][gc,marking  ] GC(15) Concurrent Scan Root Regions 51.135ms
[2021-12-27T03:16:44.575+0000][1446][gc,marking  ] GC(15) Concurrent Mark
[2021-12-27T03:16:44.575+0000][1446][gc,marking  ] GC(15) Concurrent Mark From Roots
[2021-12-27T03:16:44.575+0000][1446][gc,task     ] GC(15) Using 1 workers of 1 for marking
[2021-12-27T03:16:44.606+0000][1446][gc,marking  ] GC(15) Concurrent Mark From Roots 31.580ms
[2021-12-27T03:16:44.606+0000][1446][gc,marking  ] GC(15) Concurrent Preclean
[2021-12-27T03:16:44.606+0000][1446][gc,marking  ] GC(15) Concurrent Preclean 0.100ms
[2021-12-27T03:16:44.607+0000][1446][gc,start    ] GC(15) Pause Remark
[2021-12-27T03:16:44.614+0000][1446][gc          ] GC(15) Pause Remark 66M->66M(512M) 7.040ms
[2021-12-27T03:16:44.614+0000][1446][gc,cpu      ] GC(15) User=0.01s Sys=0.00s Real=0.01s
[2021-12-27T03:16:44.614+0000][1446][safepoint   ] Safepoint "G1Concurrent", Time since last: 83094273 ns, Reaching safepoint: 144967 ns, At safepoint: 7118771 ns, Total: 7263738 ns
[2021-12-27T03:16:44.614+0000][1446][gc,marking  ] GC(15) Concurrent Mark 39.072ms
[2021-12-27T03:16:44.614+0000][1446][gc,marking  ] GC(15) Concurrent Rebuild Remembered Sets
[2021-12-27T03:16:44.675+0000][1446][gc,marking  ] GC(15) Concurrent Rebuild Remembered Sets 60.841ms
[2021-12-27T03:16:44.675+0000][1446][gc,start    ] GC(15) Pause Cleanup
[2021-12-27T03:16:44.675+0000][1446][gc          ] GC(15) Pause Cleanup 72M->72M(512M) 0.096ms
[2021-12-27T03:16:44.675+0000][1446][gc,cpu      ] GC(15) User=0.00s Sys=0.00s Real=0.00s
[2021-12-27T03:16:44.675+0000][1446][safepoint   ] Safepoint "G1Concurrent", Time since last: 60958909 ns, Reaching safepoint: 476740 ns, At safepoint: 147454 ns, Total: 624194 ns
[2021-12-27T03:16:44.675+0000][1446][gc,marking  ] GC(15) Concurrent Cleanup for Next Mark
[2021-12-27T03:16:44.676+0000][1446][gc,marking  ] GC(15) Concurrent Cleanup for Next Mark 1.032ms
[2021-12-27T03:16:44.676+0000][1446][gc          ] GC(15) Concurrent Mark Cycle 153.054ms
[2021-12-27T03:16:46.341+0000][1446][safepoint   ] Safepoint "ICBufferFull", Time since last: 1664959166 ns, Reaching safepoint: 1125062 ns, At safepoint: 12997 ns, Total: 1138059 ns
[2021-12-27T03:16:47.170+0000][1446][safepoint   ] Safepoint "ICBufferFull", Time since last: 828329993 ns, Reaching safepoint: 173320 ns, At safepoint: 3304 ns, Total: 176624 ns
[2021-12-27T03:16:48.175+0000][1446][safepoint   ] Safepoint "Cleanup", Time since last: 1004737855 ns, Reaching safepoint: 552955 ns, At safepoint: 14872 ns, Total: 567827 ns
[2021-12-27T03:16:48.454+0000][1446][gc,start    ] GC(16) Pause Young (Normal) (G1 Evacuation Pause)
[2021-12-27T03:16:48.454+0000][1446][gc,task     ] GC(16) Using 2 workers of 2 for evacuation
[2021-12-27T03:16:48.454+0000][1446][gc,age      ] GC(16) Desired survivor size 20971520 bytes, new threshold 15 (max threshold 15)
[2021-12-27T03:16:48.497+0000][1446][gc,age      ] GC(16) Age table with threshold 15 (max threshold 15)
[2021-12-27T03:16:48.497+0000][1446][gc,age      ] GC(16) - age   1:    9302448 bytes,    9302448 total
[2021-12-27T03:16:48.497+0000][1446][gc,age      ] GC(16) - age   2:    5924992 bytes,   15227440 total
[2021-12-27T03:16:48.497+0000][1446][gc,phases   ] GC(16)   Pre Evacuate Collection Set: 0.1ms
[2021-12-27T03:16:48.497+0000][1446][gc,phases   ] GC(16)   Merge Heap Roots: 0.2ms
[2021-12-27T03:16:48.497+0000][1446][gc,phases   ] GC(16)   Evacuate Collection Set: 40.0ms
[2021-12-27T03:16:48.497+0000][1446][gc,phases   ] GC(16)   Post Evacuate Collection Set: 2.2ms
[2021-12-27T03:16:48.497+0000][1446][gc,phases   ] GC(16)   Other: 0.2ms
[2021-12-27T03:16:48.497+0000][1446][gc,heap     ] GC(16) Eden regions: 74->0(72)
[2021-12-27T03:16:48.497+0000][1446][gc,heap     ] GC(16) Survivor regions: 2->4(10)
[2021-12-27T03:16:48.497+0000][1446][gc,heap     ] GC(16) Old regions: 12->12
[2021-12-27T03:16:48.497+0000][1446][gc,heap     ] GC(16) Archive regions: 2->2
[2021-12-27T03:16:48.497+0000][1446][gc,heap     ] GC(16) Humongous regions: 0->0
[2021-12-27T03:16:48.497+0000][1446][gc,metaspace] GC(16) Metaspace: 72857K(74176K)->72857K(74176K) NonClass: 62724K(63488K)->62724K(63488K) Class: 10132K(10688K)->10132K(10688K)
[2021-12-27T03:16:48.497+0000][1446][gc          ] GC(16) Pause Young (Normal) (G1 Evacuation Pause) 352M->64M(512M) 42.748ms
[2021-12-27T03:16:48.497+0000][1446][gc,cpu      ] GC(16) User=0.08s Sys=0.00s Real=0.04s
[2021-12-27T03:16:48.497+0000][1446][safepoint   ] Safepoint "G1CollectForAllocation", Time since last: 278700128 ns, Reaching safepoint: 237028 ns, At safepoint: 42834441 ns, Total: 43071469 ns
[2021-12-27T03:16:49.300+0000][1446][safepoint   ] Safepoint "ICBufferFull", Time since last: 802560405 ns, Reaching safepoint: 178282 ns, At safepoint: 5025 ns, Total: 183307 ns
[2021-12-27T03:16:50.208+0000][1446][safepoint   ] Safepoint "ICBufferFull", Time since last: 907745329 ns, Reaching safepoint: 261093 ns, At safepoint: 11838 ns, Total: 272931 ns
[2021-12-27T03:16:50.312+0000][1446][gc,start    ] GC(17) Pause Young (Concurrent Start) (Metadata GC Threshold)
[2021-12-27T03:16:50.312+0000][1446][gc,task     ] GC(17) Using 2 workers of 2 for evacuation
[2021-12-27T03:16:50.312+0000][1446][gc,age      ] GC(17) Desired survivor size 20971520 bytes, new threshold 15 (max threshold 15)
[2021-12-27T03:16:50.356+0000][1446][gc,age      ] GC(17) Age table with threshold 15 (max threshold 15)
[2021-12-27T03:16:50.356+0000][1446][gc,age      ] GC(17) - age   1:    6825800 bytes,    6825800 total
[2021-12-27T03:16:50.356+0000][1446][gc,age      ] GC(17) - age   2:    9104544 bytes,   15930344 total
[2021-12-27T03:16:50.356+0000][1446][gc,age      ] GC(17) - age   3:    5904608 bytes,   21834952 total
[2021-12-27T03:16:50.356+0000][1446][gc,phases   ] GC(17)   Pre Evacuate Collection Set: 0.1ms
[2021-12-27T03:16:50.356+0000][1446][gc,phases   ] GC(17)   Merge Heap Roots: 0.1ms
[2021-12-27T03:16:50.356+0000][1446][gc,phases   ] GC(17)   Evacuate Collection Set: 41.8ms
[2021-12-27T03:16:50.356+0000][1446][gc,phases   ] GC(17)   Post Evacuate Collection Set: 2.2ms
[2021-12-27T03:16:50.356+0000][1446][gc,phases   ] GC(17)   Other: 0.2ms
[2021-12-27T03:16:50.356+0000][1446][gc,heap     ] GC(17) Eden regions: 26->0(70)
[2021-12-27T03:16:50.356+0000][1446][gc,heap     ] GC(17) Survivor regions: 4->6(10)
[2021-12-27T03:16:50.356+0000][1446][gc,heap     ] GC(17) Old regions: 12->12
[2021-12-27T03:16:50.356+0000][1446][gc,heap     ] GC(17) Archive regions: 2->2
[2021-12-27T03:16:50.357+0000][1446][gc,heap     ] GC(17) Humongous regions: 0->0
[2021-12-27T03:16:50.357+0000][1446][gc,metaspace] GC(17) Metaspace: 87748K(89088K)->87748K(89088K) NonClass: 75546K(76352K)->75546K(76352K) Class: 12202K(12736K)->12202K(12736K)
[2021-12-27T03:16:50.357+0000][1446][gc          ] GC(17) Pause Young (Concurrent Start) (Metadata GC Threshold) 168M->71M(512M) 44.490ms
[2021-12-27T03:16:50.357+0000][1446][gc,cpu      ] GC(17) User=0.09s Sys=0.00s Real=0.04s
[2021-12-27T03:16:50.357+0000][1446][gc          ] GC(18) Concurrent Mark Cycle
[2021-12-27T03:16:50.357+0000][1446][gc,marking  ] GC(18) Concurrent Clear Claimed Marks
[2021-12-27T03:16:50.357+0000][1446][safepoint   ] Safepoint "CollectForMetadataAllocation", Time since last: 104311819 ns, Reaching safepoint: 48793 ns, At safepoint: 44645158 ns, Total: 44693951 ns
[2021-12-27T03:16:50.357+0000][1446][gc,marking  ] GC(18) Concurrent Clear Claimed Marks 0.096ms
[2021-12-27T03:16:50.357+0000][1446][gc,marking  ] GC(18) Concurrent Scan Root Regions
[2021-12-27T03:16:50.389+0000][1446][gc,marking  ] GC(18) Concurrent Scan Root Regions 32.689ms
[2021-12-27T03:16:50.389+0000][1446][gc,marking  ] GC(18) Concurrent Mark
[2021-12-27T03:16:50.389+0000][1446][gc,marking  ] GC(18) Concurrent Mark From Roots
[2021-12-27T03:16:50.389+0000][1446][gc,task     ] GC(18) Using 1 workers of 1 for marking
[2021-12-27T03:16:50.452+0000][1446][safepoint   ] Safepoint "CollectForMetadataAllocation", Time since last: 94835853 ns, Reaching safepoint: 66379 ns, At safepoint: 97084 ns, Total: 163463 ns
[2021-12-27T03:16:50.485+0000][1446][safepoint   ] Safepoint "CollectForMetadataAllocation", Time since last: 31898050 ns, Reaching safepoint: 1060026 ns, At safepoint: 58048 ns, Total: 1118074 ns
[2021-12-27T03:16:50.491+0000][1446][safepoint   ] Safepoint "CollectForMetadataAllocation", Time since last: 6622305 ns, Reaching safepoint: 28733 ns, At safepoint: 4626 ns, Total: 33359 ns
[2021-12-27T03:16:50.491+0000][1446][safepoint   ] Safepoint "CollectForMetadataAllocation", Time since last: 68850 ns, Reaching safepoint: 15602 ns, At safepoint: 3159 ns, Total: 18761 ns
[2021-12-27T03:16:50.521+0000][1446][gc,marking  ] GC(18) Concurrent Mark From Roots 131.419ms
[2021-12-27T03:16:50.521+0000][1446][gc,marking  ] GC(18) Concurrent Preclean
[2021-12-27T03:16:50.521+0000][1446][gc,marking  ] GC(18) Concurrent Preclean 0.182ms
[2021-12-27T03:16:50.521+0000][1446][gc,start    ] GC(18) Pause Remark
[2021-12-27T03:16:50.528+0000][1446][gc          ] GC(18) Pause Remark 85M->85M(512M) 7.126ms
[2021-12-27T03:16:50.528+0000][1446][gc,cpu      ] GC(18) User=0.01s Sys=0.00s Real=0.00s
[2021-12-27T03:16:50.528+0000][1446][safepoint   ] Safepoint "G1Concurrent", Time since last: 29750652 ns, Reaching safepoint: 37053 ns, At safepoint: 7211740 ns, Total: 7248793 ns
[2021-12-27T03:16:50.528+0000][1446][gc,marking  ] GC(18) Concurrent Mark 138.982ms
[2021-12-27T03:16:50.528+0000][1446][gc,marking  ] GC(18) Concurrent Rebuild Remembered Sets
[2021-12-27T03:16:50.665+0000][1446][gc,marking  ] GC(18) Concurrent Rebuild Remembered Sets 136.480ms
[2021-12-27T03:16:50.665+0000][1446][gc,start    ] GC(18) Pause Cleanup
[2021-12-27T03:16:50.665+0000][1446][gc          ] GC(18) Pause Cleanup 93M->93M(512M) 0.072ms
[2021-12-27T03:16:50.665+0000][1446][gc,cpu      ] GC(18) User=0.00s Sys=0.00s Real=0.00s
[2021-12-27T03:16:50.665+0000][1446][safepoint   ] Safepoint "G1Concurrent", Time since last: 136582522 ns, Reaching safepoint: 156592 ns, At safepoint: 139382 ns, Total: 295974 ns
[2021-12-27T03:16:50.671+0000][1446][gc,marking  ] GC(18) Concurrent Cleanup for Next Mark
[2021-12-27T03:16:50.672+0000][1446][gc,marking  ] GC(18) Concurrent Cleanup for Next Mark 1.067ms
[2021-12-27T03:16:50.672+0000][1446][gc          ] GC(18) Concurrent Mark Cycle 315.656ms
[2021-12-27T03:16:51.630+0000][1446][safepoint   ] Safepoint "ICBufferFull", Time since last: 964863456 ns, Reaching safepoint: 171225 ns, At safepoint: 14295 ns, Total: 185520 ns
[2021-12-27T03:16:52.326+0000][1446][safepoint   ] Safepoint "ICBufferFull", Time since last: 695245713 ns, Reaching safepoint: 186884 ns, At safepoint: 4241 ns, Total: 191125 ns
[2021-12-27T03:16:52.331+0000][1446][safepoint   ] Safepoint "ICBufferFull", Time since last: 5643081 ns, Reaching safepoint: 36146 ns, At safepoint: 4041 ns, Total: 40187 ns
[2021-12-27T03:16:52.832+0000][1446][safepoint   ] Safepoint "ICBufferFull", Time since last: 500443780 ns, Reaching safepoint: 166401 ns, At safepoint: 10091 ns, Total: 176492 ns
[2021-12-27T03:16:53.178+0000][1446][safepoint   ] Safepoint "G1CollectForAllocation", Time since last: 345413821 ns, Reaching safepoint: 130977 ns, At safepoint: 10006 ns, Total: 140983 ns
[2021-12-27T03:16:53.179+0000][1446][gc,start    ] GC(19) Pause Young (Concurrent Start) (GCLocker Initiated GC)
[2021-12-27T03:16:53.179+0000][1446][gc,task     ] GC(19) Using 2 workers of 2 for evacuation
[2021-12-27T03:16:53.179+0000][1446][gc,age      ] GC(19) Desired survivor size 20971520 bytes, new threshold 3 (max threshold 15)
[2021-12-27T03:16:53.225+0000][1446][gc,age      ] GC(19) Age table with threshold 3 (max threshold 15)
[2021-12-27T03:16:53.225+0000][1446][gc,age      ] GC(19) - age   1:    5499432 bytes,    5499432 total
[2021-12-27T03:16:53.225+0000][1446][gc,age      ] GC(19) - age   2:    6558120 bytes,   12057552 total
[2021-12-27T03:16:53.225+0000][1446][gc,age      ] GC(19) - age   3:    8981024 bytes,   21038576 total
[2021-12-27T03:16:53.225+0000][1446][gc,phases   ] GC(19)   Pre Evacuate Collection Set: 0.2ms
[2021-12-27T03:16:53.225+0000][1446][gc,phases   ] GC(19)   Merge Heap Roots: 0.2ms
[2021-12-27T03:16:53.225+0000][1446][gc,phases   ] GC(19)   Evacuate Collection Set: 43.8ms
[2021-12-27T03:16:53.225+0000][1446][gc,phases   ] GC(19)   Post Evacuate Collection Set: 2.1ms
[2021-12-27T03:16:53.225+0000][1446][gc,phases   ] GC(19)   Other: 0.2ms
[2021-12-27T03:16:53.225+0000][1446][gc,heap     ] GC(19) Eden regions: 70->0(70)
[2021-12-27T03:16:53.225+0000][1446][gc,heap     ] GC(19) Survivor regions: 6->6(10)
[2021-12-27T03:16:53.225+0000][1446][gc,heap     ] GC(19) Old regions: 12->13
[2021-12-27T03:16:53.225+0000][1446][gc,heap     ] GC(19) Archive regions: 2->2
[2021-12-27T03:16:53.225+0000][1446][gc,heap     ] GC(19) Humongous regions: 2->2
[2021-12-27T03:16:53.225+0000][1446][gc,metaspace] GC(19) Metaspace: 97336K(98944K)->97336K(98944K) NonClass: 83659K(84608K)->83659K(84608K) Class: 13677K(14336K)->13677K(14336K)
[2021-12-27T03:16:53.225+0000][1446][gc          ] GC(19) Pause Young (Concurrent Start) (GCLocker Initiated GC) 359M->83M(512M) 46.552ms
[2021-12-27T03:16:53.225+0000][1446][gc,cpu      ] GC(19) User=0.09s Sys=0.00s Real=0.05s
[2021-12-27T03:16:53.225+0000][1446][safepoint   ] Safepoint "G1CollectForAllocation", Time since last: 912732 ns, Reaching safepoint: 27056 ns, At safepoint: 46653794 ns, Total: 46680850 ns
[2021-12-27T03:16:53.225+0000][1446][gc          ] GC(20) Concurrent Mark Cycle
[2021-12-27T03:16:53.235+0000][1446][gc,marking  ] GC(20) Concurrent Clear Claimed Marks
[2021-12-27T03:16:53.235+0000][1446][gc,marking  ] GC(20) Concurrent Clear Claimed Marks 0.111ms
[2021-12-27T03:16:53.235+0000][1446][gc,marking  ] GC(20) Concurrent Scan Root Regions
[2021-12-27T03:16:53.280+0000][1446][gc,marking  ] GC(20) Concurrent Scan Root Regions 45.384ms
[2021-12-27T03:16:53.280+0000][1446][gc,marking  ] GC(20) Concurrent Mark
[2021-12-27T03:16:53.280+0000][1446][gc,marking  ] GC(20) Concurrent Mark From Roots
[2021-12-27T03:16:53.280+0000][1446][gc,task     ] GC(20) Using 1 workers of 1 for marking
[2021-12-27T03:16:53.573+0000][1446][gc,marking  ] GC(20) Concurrent Mark From Roots 292.706ms
[2021-12-27T03:16:53.573+0000][1446][gc,marking  ] GC(20) Concurrent Preclean
[2021-12-27T03:16:53.573+0000][1446][gc,marking  ] GC(20) Concurrent Preclean 0.204ms
[2021-12-27T03:16:53.579+0000][1446][gc,start    ] GC(20) Pause Remark
[2021-12-27T03:16:53.587+0000][1446][gc          ] GC(20) Pause Remark 97M->97M(512M) 8.611ms
[2021-12-27T03:16:53.587+0000][1446][gc,cpu      ] GC(20) User=0.02s Sys=0.00s Real=0.01s
[2021-12-27T03:16:53.587+0000][1446][safepoint   ] Safepoint "G1Concurrent", Time since last: 353285822 ns, Reaching safepoint: 106224 ns, At safepoint: 8711735 ns, Total: 8817959 ns
[2021-12-27T03:16:53.587+0000][1446][gc,marking  ] GC(20) Concurrent Mark 307.069ms
[2021-12-27T03:16:53.587+0000][1446][gc,marking  ] GC(20) Concurrent Rebuild Remembered Sets
[2021-12-27T03:16:53.683+0000][1446][gc,marking  ] GC(20) Concurrent Rebuild Remembered Sets 95.371ms
[2021-12-27T03:16:53.683+0000][1446][gc,start    ] GC(20) Pause Cleanup
[2021-12-27T03:16:53.683+0000][1446][gc          ] GC(20) Pause Cleanup 100M->100M(512M) 0.094ms
[2021-12-27T03:16:53.683+0000][1446][gc,cpu      ] GC(20) User=0.00s Sys=0.00s Real=0.00s
[2021-12-27T03:16:53.683+0000][1446][safepoint   ] Safepoint "G1Concurrent", Time since last: 95497533 ns, Reaching safepoint: 181045 ns, At safepoint: 171205 ns, Total: 352250 ns
[2021-12-27T03:16:53.683+0000][1446][gc,marking  ] GC(20) Concurrent Cleanup for Next Mark
[2021-12-27T03:16:53.695+0000][1446][gc,marking  ] GC(20) Concurrent Cleanup for Next Mark 11.305ms
[2021-12-27T03:16:53.695+0000][1446][gc          ] GC(20) Concurrent Mark Cycle 469.327ms
[2021-12-27T03:16:54.896+0000][1446][safepoint   ] Safepoint "Cleanup", Time since last: 1212373488 ns, Reaching safepoint: 188524 ns, At safepoint: 6016 ns, Total: 194540 ns
[2021-12-27T03:16:55.896+0000][1446][safepoint   ] Safepoint "Cleanup", Time since last: 1000180501 ns, Reaching safepoint: 66970 ns, At safepoint: 5197 ns, Total: 72167 ns
[2021-12-27T03:16:56.896+0000][1446][safepoint   ] Safepoint "Cleanup", Time since last: 1000176640 ns, Reaching safepoint: 78979 ns, At safepoint: 5463 ns, Total: 84442 ns
[2021-12-27T03:16:57.897+0000][1446][safepoint   ] Safepoint "Cleanup", Time since last: 1000172549 ns, Reaching safepoint: 72996 ns, At safepoint: 4839 ns, Total: 77835 ns
[2021-12-27T03:16:58.897+0000][1446][safepoint   ] Safepoint "Cleanup", Time since last: 1000163646 ns, Reaching safepoint: 70707 ns, At safepoint: 5677 ns, Total: 76384 ns
[2021-12-27T03:16:59.897+0000][1446][safepoint   ] Safepoint "Cleanup", Time since last: 1000174077 ns, Reaching safepoint: 74570 ns, At safepoint: 6755 ns, Total: 81325 ns
[2021-12-27T03:17:00.897+0000][1446][safepoint   ] Safepoint "Cleanup", Time since last: 1000159244 ns, Reaching safepoint: 72065 ns, At safepoint: 5254 ns, Total: 77319 ns
[2021-12-27T03:17:01.898+0000][1446][safepoint   ] Safepoint "Cleanup", Time since last: 1000179095 ns, Reaching safepoint: 75556 ns, At safepoint: 5708 ns, Total: 81264 ns
[2021-12-27T03:17:03.898+0000][1446][safepoint   ] Safepoint "Cleanup", Time since last: 2000268009 ns, Reaching safepoint: 87396 ns, At safepoint: 5292 ns, Total: 92688 ns
[2021-12-27T03:17:04.898+0000][1446][safepoint   ] Safepoint "Cleanup", Time since last: 1000167439 ns, Reaching safepoint: 61250 ns, At safepoint: 5161 ns, Total: 66411 ns
[2021-12-27T03:17:07.898+0000][1446][safepoint   ] Safepoint "Cleanup", Time since last: 3000299815 ns, Reaching safepoint: 71690 ns, At safepoint: 5198 ns, Total: 76888 ns
[2021-12-27T03:17:08.899+0000][1446][safepoint   ] Safepoint "Cleanup", Time since last: 1000136076 ns, Reaching safepoint: 64826 ns, At safepoint: 5556 ns, Total: 70382 ns
[2021-12-27T03:17:09.899+0000][1446][safepoint   ] Safepoint "Cleanup", Time since last: 1000162070 ns, Reaching safepoint: 63877 ns, At safepoint: 5067 ns, Total: 68944 ns
[2021-12-27T03:17:10.899+0000][1446][safepoint   ] Safepoint "Cleanup", Time since last: 1000223533 ns, Reaching safepoint: 66640 ns, At safepoint: 4552 ns, Total: 71192 ns
[2021-12-27T03:17:12.900+0000][1446][safepoint   ] Safepoint "Cleanup", Time since last: 2000230176 ns, Reaching safepoint: 69433 ns, At safepoint: 4929 ns, Total: 74362 ns
[2021-12-27T03:17:16.900+0000][1446][safepoint   ] Safepoint "Cleanup", Time since last: 4000445208 ns, Reaching safepoint: 47806 ns, At safepoint: 15742 ns, Total: 63548 ns
[2021-12-27T03:17:18.900+0000][1446][safepoint   ] Safepoint "Cleanup", Time since last: 2000237255 ns, Reaching safepoint: 85568 ns, At safepoint: 4786 ns, Total: 90354 ns
[2021-12-27T03:17:19.901+0000][1446][safepoint   ] Safepoint "Cleanup", Time since last: 1000138163 ns, Reaching safepoint: 74995 ns, At safepoint: 4989 ns, Total: 79984 ns
[2021-12-27T03:17:20.901+0000][1446][safepoint   ] Safepoint "Cleanup", Time since last: 1000129059 ns, Reaching safepoint: 76717 ns, At safepoint: 5290 ns, Total: 82007 ns
[2021-12-27T03:17:21.901+0000][1446][safepoint   ] Safepoint "Cleanup", Time since last: 1000168525 ns, Reaching safepoint: 55268 ns, At safepoint: 4758 ns, Total: 60026 ns
[2021-12-27T03:17:23.234+0000][1446][safepoint   ] Safepoint "Cleanup", Time since last: 1332530296 ns, Reaching safepoint: 89310 ns, At safepoint: 5511 ns, Total: 94821 ns
[2021-12-27T03:17:28.082+0000][1446][safepoint   ] Safepoint "Cleanup", Time since last: 4847870819 ns, Reaching safepoint: 45233 ns, At safepoint: 3449 ns, Total: 48682 ns
[2021-12-27T03:17:29.082+0000][1446][safepoint   ] Safepoint "Cleanup", Time since last: 1000133471 ns, Reaching safepoint: 80850 ns, At safepoint: 6128 ns, Total: 86978 ns
[2021-12-27T03:17:31.085+0000][1446][safepoint   ] Safepoint "Cleanup", Time since last: 2002956769 ns, Reaching safepoint: 44936 ns, At safepoint: 4873 ns, Total: 49809 ns
[2021-12-27T03:17:32.918+0000][1446][safepoint   ] Safepoint "Cleanup", Time since last: 1833273409 ns, Reaching safepoint: 54978 ns, At safepoint: 6358 ns, Total: 61336 ns
[2021-12-27T03:17:34.885+0000][1446][safepoint   ] Safepoint "Cleanup", Time since last: 1966436672 ns, Reaching safepoint: 52933 ns, At safepoint: 3937 ns, Total: 56870 ns
[2021-12-27T03:17:35.991+0000][1446][safepoint   ] Safepoint "Cleanup", Time since last: 1106250228 ns, Reaching safepoint: 80542 ns, At safepoint: 5116 ns, Total: 85658 ns
[2021-12-27T03:17:36.992+0000][1446][safepoint   ] Safepoint "Cleanup", Time since last: 1000553705 ns, Reaching safepoint: 75529 ns, At safepoint: 5094 ns, Total: 80623 ns
[2021-12-27T03:17:38.723+0000][1446][safepoint   ] Safepoint "ICBufferFull", Time since last: 1731319792 ns, Reaching safepoint: 229574 ns, At safepoint: 14945 ns, Total: 244519 ns
[2021-12-27T03:17:39.723+0000][1446][safepoint   ] Safepoint "Cleanup", Time since last: 1000169225 ns, Reaching safepoint: 64824 ns, At safepoint: 5284 ns, Total: 70108 ns
[2021-12-27T03:17:40.724+0000][1446][safepoint   ] Safepoint "Cleanup", Time since last: 1000145277 ns, Reaching safepoint: 52778 ns, At safepoint: 5475 ns, Total: 58253 ns
[2021-12-27T03:17:42.724+0000][1446][safepoint   ] Safepoint "Cleanup", Time since last: 2000305130 ns, Reaching safepoint: 108678 ns, At safepoint: 6437 ns, Total: 115115 ns
[2021-12-27T03:17:43.859+0000][1446][safepoint   ] Safepoint "Cleanup", Time since last: 1125490044 ns, Reaching safepoint: 9751040 ns, At safepoint: 20240 ns, Total: 9771280 ns
[2021-12-27T03:17:44.174+0000][1446][safepoint   ] Safepoint "ICBufferFull", Time since last: 314263234 ns, Reaching safepoint: 357332 ns, At safepoint: 11990 ns, Total: 369322 ns
[2021-12-27T03:17:45.189+0000][1446][safepoint   ] Safepoint "Cleanup", Time since last: 1003953645 ns, Reaching safepoint: 10940193 ns, At safepoint: 16433 ns, Total: 10956626 ns
[2021-12-27T03:17:46.278+0000][1446][safepoint   ] Safepoint "ICBufferFull", Time since last: 1089169880 ns, Reaching safepoint: 195605 ns, At safepoint: 4586 ns, Total: 200191 ns
[2021-12-27T03:17:46.925+0000][1446][safepoint   ] Safepoint "ICBufferFull", Time since last: 646148792 ns, Reaching safepoint: 299494 ns, At safepoint: 12903 ns, Total: 312397 ns
[2021-12-27T03:17:47.317+0000][1446][gc,start    ] GC(21) Pause Young (Normal) (G1 Evacuation Pause)
[2021-12-27T03:17:47.317+0000][1446][gc,task     ] GC(21) Using 2 workers of 2 for evacuation
[2021-12-27T03:17:47.317+0000][1446][gc,age      ] GC(21) Desired survivor size 20971520 bytes, new threshold 3 (max threshold 15)
[2021-12-27T03:17:47.366+0000][1446][gc,age      ] GC(21) Age table with threshold 3 (max threshold 15)
[2021-12-27T03:17:47.366+0000][1446][gc,age      ] GC(21) - age   1:    7994200 bytes,    7994200 total
[2021-12-27T03:17:47.366+0000][1446][gc,age      ] GC(21) - age   2:    4633456 bytes,   12627656 total
[2021-12-27T03:17:47.366+0000][1446][gc,age      ] GC(21) - age   3:    6539016 bytes,   19166672 total
[2021-12-27T03:17:47.366+0000][1446][gc,phases   ] GC(21)   Pre Evacuate Collection Set: 0.1ms
[2021-12-27T03:17:47.366+0000][1446][gc,phases   ] GC(21)   Merge Heap Roots: 0.2ms
[2021-12-27T03:17:47.366+0000][1446][gc,phases   ] GC(21)   Evacuate Collection Set: 46.1ms
[2021-12-27T03:17:47.366+0000][1446][gc,phases   ] GC(21)   Post Evacuate Collection Set: 2.5ms
[2021-12-27T03:17:47.366+0000][1446][gc,phases   ] GC(21)   Other: 0.2ms
[2021-12-27T03:17:47.366+0000][1446][gc,heap     ] GC(21) Eden regions: 70->0(71)
[2021-12-27T03:17:47.366+0000][1446][gc,heap     ] GC(21) Survivor regions: 6->5(10)
[2021-12-27T03:17:47.366+0000][1446][gc,heap     ] GC(21) Old regions: 13->15
[2021-12-27T03:17:47.366+0000][1446][gc,heap     ] GC(21) Archive regions: 2->2
[2021-12-27T03:17:47.366+0000][1446][gc,heap     ] GC(21) Humongous regions: 2->2
[2021-12-27T03:17:47.366+0000][1446][gc,metaspace] GC(21) Metaspace: 104613K(106368K)->104613K(106368K) NonClass: 89884K(90944K)->89884K(90944K) Class: 14729K(15424K)->14729K(15424K)
[2021-12-27T03:17:47.366+0000][1446][gc          ] GC(21) Pause Young (Normal) (G1 Evacuation Pause) 363M->91M(512M) 49.204ms
[2021-12-27T03:17:47.366+0000][1446][gc,cpu      ] GC(21) User=0.09s Sys=0.01s Real=0.05s
[2021-12-27T03:17:47.366+0000][1446][safepoint   ] Safepoint "G1CollectForAllocation", Time since last: 391864390 ns, Reaching safepoint: 143775 ns, At safepoint: 49300149 ns, Total: 49443924 ns
[2021-12-27T03:17:48.371+0000][1446][safepoint   ] Safepoint "ICBufferFull", Time since last: 992562794 ns, Reaching safepoint: 12254660 ns, At safepoint: 12322 ns, Total: 12266982 ns
[2021-12-27T03:17:48.384+0000][1446][safepoint   ] Safepoint "ICBufferFull", Time since last: 12595273 ns, Reaching safepoint: 128651 ns, At safepoint: 6879 ns, Total: 135530 ns
[2021-12-27T03:17:49.384+0000][1446][safepoint   ] Safepoint "Cleanup", Time since last: 1000145190 ns, Reaching safepoint: 174211 ns, At safepoint: 12505 ns, Total: 186716 ns
[2021-12-27T03:17:50.355+0000][1446][safepoint   ] Safepoint "ICBufferFull", Time since last: 970865611 ns, Reaching safepoint: 172193 ns, At safepoint: 5285 ns, Total: 177478 ns
[2021-12-27T03:17:51.355+0000][1446][safepoint   ] Safepoint "Cleanup", Time since last: 1000136653 ns, Reaching safepoint: 148814 ns, At safepoint: 6679 ns, Total: 155493 ns
[2021-12-27T03:17:52.355+0000][1446][safepoint   ] Safepoint "Cleanup", Time since last: 1000139895 ns, Reaching safepoint: 73790 ns, At safepoint: 5037 ns, Total: 78827 ns
[2021-12-27T03:17:53.356+0000][1446][safepoint   ] Safepoint "Cleanup", Time since last: 1000143317 ns, Reaching safepoint: 194168 ns, At safepoint: 10595 ns, Total: 204763 ns
[2021-12-27T03:17:54.356+0000][1446][safepoint   ] Safepoint "Cleanup", Time since last: 1000146976 ns, Reaching safepoint: 123243 ns, At safepoint: 6598 ns, Total: 129841 ns
[2021-12-27T03:17:55.356+0000][1446][safepoint   ] Safepoint "Cleanup", Time since last: 1000181321 ns, Reaching safepoint: 66761 ns, At safepoint: 5595 ns, Total: 72356 ns
[2021-12-27T03:17:56.357+0000][1446][safepoint   ] Safepoint "Cleanup", Time since last: 1000169726 ns, Reaching safepoint: 125227 ns, At safepoint: 6911 ns, Total: 132138 ns
[2021-12-27T03:17:57.357+0000][1446][safepoint   ] Safepoint "Cleanup", Time since last: 1000167430 ns, Reaching safepoint: 67087 ns, At safepoint: 5578 ns, Total: 72665 ns
[2021-12-27T03:17:59.357+0000][1446][safepoint   ] Safepoint "Cleanup", Time since last: 2000276280 ns, Reaching safepoint: 136245 ns, At safepoint: 7780 ns, Total: 144025 ns
[2021-12-27T03:18:00.357+0000][1446][safepoint   ] Safepoint "Cleanup", Time since last: 1000179507 ns, Reaching safepoint: 76819 ns, At safepoint: 5634 ns, Total: 82453 ns
[2021-12-27T03:18:01.358+0000][1446][safepoint   ] Safepoint "Cleanup", Time since last: 1000170174 ns, Reaching safepoint: 69844 ns, At safepoint: 6232 ns, Total: 76076 ns
[2021-12-27T03:18:02.358+0000][1446][safepoint   ] Safepoint "Cleanup", Time since last: 1000175124 ns, Reaching safepoint: 113805 ns, At safepoint: 6138 ns, Total: 119943 ns
[2021-12-27T03:18:03.358+0000][1446][safepoint   ] Safepoint "Cleanup", Time since last: 1000166016 ns, Reaching safepoint: 80566 ns, At safepoint: 5493 ns, Total: 86059 ns
[2021-12-27T03:18:04.359+0000][1446][safepoint   ] Safepoint "Cleanup", Time since last: 1000165439 ns, Reaching safepoint: 104901 ns, At safepoint: 5233 ns, Total: 110134 ns
[2021-12-27T03:18:05.359+0000][1446][safepoint   ] Safepoint "Cleanup", Time since last: 1000151525 ns, Reaching safepoint: 112565 ns, At safepoint: 7601 ns, Total: 120166 ns
[2021-12-27T03:18:07.000+0000][1446][safepoint   ] Safepoint "Cleanup", Time since last: 1640811257 ns, Reaching safepoint: 201111 ns, At safepoint: 7049 ns, Total: 208160 ns
[2021-12-27T03:18:08.916+0000][1446][safepoint   ] Safepoint "Cleanup", Time since last: 1916321302 ns, Reaching safepoint: 129265 ns, At safepoint: 7337 ns, Total: 136602 ns
[2021-12-27T03:18:09.917+0000][1446][safepoint   ] Safepoint "Cleanup", Time since last: 1000173232 ns, Reaching safepoint: 78294 ns, At safepoint: 4922 ns, Total: 83216 ns
[2021-12-27T03:18:10.917+0000][1446][safepoint   ] Safepoint "Cleanup", Time since last: 1000167008 ns, Reaching safepoint: 79557 ns, At safepoint: 5672 ns, Total: 85229 ns
[2021-12-27T03:18:11.917+0000][1446][safepoint   ] Safepoint "Cleanup", Time since last: 1000152563 ns, Reaching safepoint: 83349 ns, At safepoint: 5429 ns, Total: 88778 ns
[2021-12-27T03:18:13.923+0000][1446][safepoint   ] Safepoint "Cleanup", Time since last: 2004428905 ns, Reaching safepoint: 1017286 ns, At safepoint: 17980 ns, Total: 1035266 ns
[2021-12-27T03:18:14.923+0000][1446][safepoint   ] Safepoint "Cleanup", Time since last: 1000169564 ns, Reaching safepoint: 56803 ns, At safepoint: 5534 ns, Total: 62337 ns
[2021-12-27T03:18:15.923+0000][1446][safepoint   ] Safepoint "Cleanup", Time since last: 1000144706 ns, Reaching safepoint: 56441 ns, At safepoint: 6012 ns, Total: 62453 ns
[2021-12-27T03:18:16.923+0000][1446][safepoint   ] Safepoint "Cleanup", Time since last: 1000198507 ns, Reaching safepoint: 64809 ns, At safepoint: 5324 ns, Total: 70133 ns
[2021-12-27T03:18:17.923+0000][1446][safepoint   ] Safepoint "Cleanup", Time since last: 1000162903 ns, Reaching safepoint: 78728 ns, At safepoint: 5562 ns, Total: 84290 ns
[2021-12-27T03:18:18.924+0000][1446][safepoint   ] Safepoint "Cleanup", Time since last: 1000149474 ns, Reaching safepoint: 71263 ns, At safepoint: 6185 ns, Total: 77448 ns
[2021-12-27T03:18:19.924+0000][1446][safepoint   ] Safepoint "Cleanup", Time since last: 1000175158 ns, Reaching safepoint: 116923 ns, At safepoint: 6032 ns, Total: 122955 ns
[2021-12-27T03:18:21.924+0000][1446][safepoint   ] Safepoint "Cleanup", Time since last: 2000268073 ns, Reaching safepoint: 79529 ns, At safepoint: 5025 ns, Total: 84554 ns
[2021-12-27T03:18:22.925+0000][1446][safepoint   ] Safepoint "Cleanup", Time since last: 1000164929 ns, Reaching safepoint: 100385 ns, At safepoint: 7125 ns, Total: 107510 ns
[2021-12-27T03:18:23.925+0000][1446][safepoint   ] Safepoint "Cleanup", Time since last: 1000151217 ns, Reaching safepoint: 80953 ns, At safepoint: 5968 ns, Total: 86921 ns
[2021-12-27T03:18:24.925+0000][1446][safepoint   ] Safepoint "Cleanup", Time since last: 1000150744 ns, Reaching safepoint: 68125 ns, At safepoint: 6598 ns, Total: 74723 ns
[2021-12-27T03:18:25.925+0000][1446][safepoint   ] Safepoint "Cleanup", Time since last: 1000188122 ns, Reaching safepoint: 67008 ns, At safepoint: 5635 ns, Total: 72643 ns
[2021-12-27T03:18:26.926+0000][1446][safepoint   ] Safepoint "Cleanup", Time since last: 1000169089 ns, Reaching safepoint: 59279 ns, At safepoint: 4940 ns, Total: 64219 ns
[2021-12-27T03:18:28.926+0000][1446][safepoint   ] Safepoint "Cleanup", Time since last: 2000281320 ns, Reaching safepoint: 88889 ns, At safepoint: 6946 ns, Total: 95835 ns
[2021-12-27T03:18:31.926+0000][1446][safepoint   ] Safepoint "Cleanup", Time since last: 3000384922 ns, Reaching safepoint: 85083 ns, At safepoint: 6203 ns, Total: 91286 ns
[2021-12-27T03:18:33.927+0000][1446][safepoint   ] Safepoint "Cleanup", Time since last: 2000250158 ns, Reaching safepoint: 90119 ns, At safepoint: 10468 ns, Total: 100587 ns
[2021-12-27T03:18:34.927+0000][1446][safepoint   ] Safepoint "Cleanup", Time since last: 1000143631 ns, Reaching safepoint: 73745 ns, At safepoint: 6004 ns, Total: 79749 ns
[2021-12-27T03:18:35.927+0000][1446][safepoint   ] Safepoint "Cleanup", Time since last: 1000186039 ns, Reaching safepoint: 90687 ns, At safepoint: 8274 ns, Total: 98961 ns
[2021-12-27T03:18:36.928+0000][1446][safepoint   ] Safepoint "Cleanup", Time since last: 1000182464 ns, Reaching safepoint: 65616 ns, At safepoint: 5542 ns, Total: 71158 ns
[2021-12-27T03:18:37.928+0000][1446][safepoint   ] Safepoint "Cleanup", Time since last: 1000162638 ns, Reaching safepoint: 72273 ns, At safepoint: 6346 ns, Total: 78619 ns
[2021-12-27T03:18:38.928+0000][1446][safepoint   ] Safepoint "Cleanup", Time since last: 1000145135 ns, Reaching safepoint: 69979 ns, At safepoint: 6185 ns, Total: 76164 ns
[2021-12-27T03:18:39.928+0000][1446][safepoint   ] Safepoint "Cleanup", Time since last: 1000155587 ns, Reaching safepoint: 72638 ns, At safepoint: 5702 ns, Total: 78340 ns
[2021-12-27T03:18:40.929+0000][1446][safepoint   ] Safepoint "Cleanup", Time since last: 1000154537 ns, Reaching safepoint: 95621 ns, At safepoint: 7820 ns, Total: 103441 ns
[2021-12-27T03:18:41.929+0000][1446][safepoint   ] Safepoint "Cleanup", Time since last: 1000171964 ns, Reaching safepoint: 62401 ns, At safepoint: 5601 ns, Total: 68002 ns
[2021-12-27T03:18:43.929+0000][1446][safepoint   ] Safepoint "Cleanup", Time since last: 2000277512 ns, Reaching safepoint: 100483 ns, At safepoint: 7325 ns, Total: 107808 ns
[2021-12-27T03:18:46.930+0000][1446][safepoint   ] Safepoint "Cleanup", Time since last: 3000350397 ns, Reaching safepoint: 89543 ns, At safepoint: 6641 ns, Total: 96184 ns
[2021-12-27T03:18:48.930+0000][1446][safepoint   ] Safepoint "Cleanup", Time since last: 2000296957 ns, Reaching safepoint: 52642 ns, At safepoint: 5583 ns, Total: 58225 ns
[2021-12-27T03:18:49.930+0000][1446][safepoint   ] Safepoint "Cleanup", Time since last: 1000143286 ns, Reaching safepoint: 91533 ns, At safepoint: 9674 ns, Total: 101207 ns
[2021-12-27T03:18:50.930+0000][1446][safepoint   ] Safepoint "Cleanup", Time since last: 1000155203 ns, Reaching safepoint: 69754 ns, At safepoint: 5231 ns, Total: 74985 ns
[2021-12-27T03:18:51.931+0000][1446][safepoint   ] Safepoint "Cleanup", Time since last: 1000154244 ns, Reaching safepoint: 71344 ns, At safepoint: 5607 ns, Total: 76951 ns
[2021-12-27T03:18:52.931+0000][1446][safepoint   ] Safepoint "Cleanup", Time since last: 1000184408 ns, Reaching safepoint: 106455 ns, At safepoint: 7159 ns, Total: 113614 ns
[2021-12-27T03:18:53.909+0000][1446][safepoint   ] Safepoint "ICBufferFull", Time since last: 973442028 ns, Reaching safepoint: 4692830 ns, At safepoint: 17952 ns, Total: 4710782 ns
[2021-12-27T03:18:54.387+0000][1446][safepoint   ] Safepoint "ICBufferFull", Time since last: 477796254 ns, Reaching safepoint: 296217 ns, At safepoint: 7072 ns, Total: 303289 ns
[2021-12-27T03:18:54.394+0000][1446][safepoint   ] Safepoint "ICBufferFull", Time since last: 7206046 ns, Reaching safepoint: 36993 ns, At safepoint: 3607 ns, Total: 40600 ns
[2021-12-27T03:18:54.413+0000][1446][safepoint   ] Safepoint "ICBufferFull", Time since last: 18653406 ns, Reaching safepoint: 138369 ns, At safepoint: 5874 ns, Total: 144243 ns
[2021-12-27T03:18:54.504+0000][1446][gc,start    ] GC(22) Pause Young (Normal) (G1 Evacuation Pause)
[2021-12-27T03:18:54.504+0000][1446][gc,task     ] GC(22) Using 2 workers of 2 for evacuation
[2021-12-27T03:18:54.504+0000][1446][gc,age      ] GC(22) Desired survivor size 20971520 bytes, new threshold 15 (max threshold 15)
[2021-12-27T03:18:54.550+0000][1446][gc,age      ] GC(22) Age table with threshold 15 (max threshold 15)
[2021-12-27T03:18:54.550+0000][1446][gc,age      ] GC(22) - age   1:    4164984 bytes,    4164984 total
[2021-12-27T03:18:54.550+0000][1446][gc,age      ] GC(22) - age   2:    7176120 bytes,   11341104 total
[2021-12-27T03:18:54.550+0000][1446][gc,age      ] GC(22) - age   3:    4625568 bytes,   15966672 total
[2021-12-27T03:18:54.550+0000][1446][gc,age      ] GC(22) - age   4:    6534728 bytes,   22501400 total
[2021-12-27T03:18:54.550+0000][1446][gc,phases   ] GC(22)   Pre Evacuate Collection Set: 0.1ms
[2021-12-27T03:18:54.550+0000][1446][gc,phases   ] GC(22)   Merge Heap Roots: 0.2ms
[2021-12-27T03:18:54.550+0000][1446][gc,phases   ] GC(22)   Evacuate Collection Set: 43.9ms
[2021-12-27T03:18:54.550+0000][1446][gc,phases   ] GC(22)   Post Evacuate Collection Set: 2.1ms
[2021-12-27T03:18:54.550+0000][1446][gc,phases   ] GC(22)   Other: 0.2ms
[2021-12-27T03:18:54.550+0000][1446][gc,heap     ] GC(22) Eden regions: 71->0(70)
[2021-12-27T03:18:54.550+0000][1446][gc,heap     ] GC(22) Survivor regions: 5->6(10)
[2021-12-27T03:18:54.550+0000][1446][gc,heap     ] GC(22) Old regions: 15->15
[2021-12-27T03:18:54.550+0000][1446][gc,heap     ] GC(22) Archive regions: 2->2
[2021-12-27T03:18:54.550+0000][1446][gc,heap     ] GC(22) Humongous regions: 2->2
[2021-12-27T03:18:54.550+0000][1446][gc,metaspace] GC(22) Metaspace: 109128K(110976K)->109128K(110976K) NonClass: 93832K(94912K)->93832K(94912K) Class: 15296K(16064K)->15296K(16064K)
[2021-12-27T03:18:54.550+0000][1446][gc          ] GC(22) Pause Young (Normal) (G1 Evacuation Pause) 375M->94M(512M) 46.508ms
[2021-12-27T03:18:54.550+0000][1446][gc,cpu      ] GC(22) User=0.09s Sys=0.00s Real=0.05s
[2021-12-27T03:18:54.550+0000][1446][safepoint   ] Safepoint "G1CollectForAllocation", Time since last: 90292585 ns, Reaching safepoint: 172731 ns, At safepoint: 46604555 ns, Total: 46777286 ns
[2021-12-27T03:18:55.551+0000][1446][safepoint   ] Safepoint "Cleanup", Time since last: 1000113869 ns, Reaching safepoint: 107446 ns, At safepoint: 10427 ns, Total: 117873 ns
[2021-12-27T03:18:56.551+0000][1446][safepoint   ] Safepoint "Cleanup", Time since last: 1000165748 ns, Reaching safepoint: 156168 ns, At safepoint: 8394 ns, Total: 164562 ns
[2021-12-27T03:18:58.551+0000][1446][safepoint   ] Safepoint "Cleanup", Time since last: 2000250616 ns, Reaching safepoint: 81582 ns, At safepoint: 7348 ns, Total: 88930 ns
[2021-12-27T03:18:59.551+0000][1446][safepoint   ] Safepoint "Cleanup", Time since last: 1000144589 ns, Reaching safepoint: 76333 ns, At safepoint: 5371 ns, Total: 81704 ns
[2021-12-27T03:19:00.552+0000][1446][safepoint   ] Safepoint "Cleanup", Time since last: 1000191317 ns, Reaching safepoint: 62291 ns, At safepoint: 5398 ns, Total: 67689 ns
[2021-12-27T03:19:01.552+0000][1446][safepoint   ] Safepoint "Cleanup", Time since last: 1000197350 ns, Reaching safepoint: 109947 ns, At safepoint: 6769 ns, Total: 116716 ns
[2021-12-27T03:19:02.552+0000][1446][safepoint   ] Safepoint "Cleanup", Time since last: 1000152505 ns, Reaching safepoint: 119230 ns, At safepoint: 7598 ns, Total: 126828 ns
[2021-12-27T03:19:03.553+0000][1446][safepoint   ] Safepoint "Cleanup", Time since last: 1000164537 ns, Reaching safepoint: 127811 ns, At safepoint: 7464 ns, Total: 135275 ns
[2021-12-27T03:19:05.553+0000][1446][safepoint   ] Safepoint "Cleanup", Time since last: 2000277177 ns, Reaching safepoint: 141291 ns, At safepoint: 6602 ns, Total: 147893 ns
[2021-12-27T03:19:06.570+0000][1446][safepoint   ] Safepoint "Cleanup", Time since last: 1017039170 ns, Reaching safepoint: 58270 ns, At safepoint: 6144 ns, Total: 64414 ns
[2021-12-27T03:19:08.571+0000][1446][safepoint   ] Safepoint "Cleanup", Time since last: 2000293444 ns, Reaching safepoint: 115820 ns, At safepoint: 7609 ns, Total: 123429 ns
[2021-12-27T03:19:11.571+0000][1446][safepoint   ] Safepoint "Cleanup", Time since last: 3000379241 ns, Reaching safepoint: 132363 ns, At safepoint: 7804 ns, Total: 140167 ns
[2021-12-27T03:19:13.571+0000][1446][safepoint   ] Safepoint "Cleanup", Time since last: 2000304337 ns, Reaching safepoint: 80282 ns, At safepoint: 6797 ns, Total: 87079 ns
[2021-12-27T03:19:14.572+0000][1446][safepoint   ] Safepoint "Cleanup", Time since last: 1000164814 ns, Reaching safepoint: 98250 ns, At safepoint: 6352 ns, Total: 104602 ns
[2021-12-27T03:19:16.572+0000][1446][safepoint   ] Safepoint "Cleanup", Time since last: 2000279307 ns, Reaching safepoint: 72918 ns, At safepoint: 5873 ns, Total: 78791 ns
[2021-12-27T03:19:17.572+0000][1446][safepoint   ] Safepoint "Cleanup", Time since last: 1000174275 ns, Reaching safepoint: 59915 ns, At safepoint: 5175 ns, Total: 65090 ns
[2021-12-27T03:19:18.573+0000][1446][safepoint   ] Safepoint "Cleanup", Time since last: 1000176109 ns, Reaching safepoint: 50033 ns, At safepoint: 4762 ns, Total: 54795 ns
[2021-12-27T03:19:20.573+0000][1446][safepoint   ] Safepoint "Cleanup", Time since last: 2000243666 ns, Reaching safepoint: 85540 ns, At safepoint: 6096 ns, Total: 91636 ns
[2021-12-27T03:19:21.573+0000][1446][safepoint   ] Safepoint "Cleanup", Time since last: 1000176457 ns, Reaching safepoint: 63724 ns, At safepoint: 4902 ns, Total: 68626 ns
[2021-12-27T03:19:23.574+0000][1446][safepoint   ] Safepoint "Cleanup", Time since last: 2000297519 ns, Reaching safepoint: 132151 ns, At safepoint: 6876 ns, Total: 139027 ns
[2021-12-27T03:19:24.574+0000][1446][safepoint   ] Safepoint "Cleanup", Time since last: 1000153598 ns, Reaching safepoint: 71466 ns, At safepoint: 5050 ns, Total: 76516 ns
[2021-12-27T03:19:26.510+0000][1446][safepoint   ] Safepoint "Cleanup", Time since last: 1936565738 ns, Reaching safepoint: 125975 ns, At safepoint: 4884 ns, Total: 130859 ns
[2021-12-27T03:19:28.511+0000][1446][safepoint   ] Safepoint "Cleanup", Time since last: 2000248713 ns, Reaching safepoint: 53893 ns, At safepoint: 4144 ns, Total: 58037 ns
[2021-12-27T03:19:29.511+0000][1446][safepoint   ] Safepoint "Cleanup", Time since last: 1000160139 ns, Reaching safepoint: 67949 ns, At safepoint: 5380 ns, Total: 73329 ns
[2021-12-27T03:19:30.511+0000][1446][safepoint   ] Safepoint "Cleanup", Time since last: 1000177396 ns, Reaching safepoint: 67830 ns, At safepoint: 5609 ns, Total: 73439 ns
[2021-12-27T03:19:31.512+0000][1446][safepoint   ] Safepoint "Cleanup", Time since last: 1000201051 ns, Reaching safepoint: 67055 ns, At safepoint: 5938 ns, Total: 72993 ns
[2021-12-27T03:19:32.512+0000][1446][safepoint   ] Safepoint "Cleanup", Time since last: 1000155295 ns, Reaching safepoint: 69786 ns, At safepoint: 5838 ns, Total: 75624 ns
[2021-12-27T03:19:33.512+0000][1446][safepoint   ] Safepoint "Cleanup", Time since last: 1000162345 ns, Reaching safepoint: 48557 ns, At safepoint: 4949 ns, Total: 53506 ns
[2021-12-27T03:19:35.512+0000][1446][safepoint   ] Safepoint "Cleanup", Time since last: 2000230132 ns, Reaching safepoint: 60554 ns, At safepoint: 6344 ns, Total: 66898 ns
[2021-12-27T03:19:36.513+0000][1446][safepoint   ] Safepoint "Cleanup", Time since last: 1000148754 ns, Reaching safepoint: 67973 ns, At safepoint: 5623 ns, Total: 73596 ns
[2021-12-27T03:19:38.513+0000][1446][safepoint   ] Safepoint "Cleanup", Time since last: 2000261017 ns, Reaching safepoint: 58662 ns, At safepoint: 4697 ns, Total: 63359 ns
[2021-12-27T03:19:41.513+0000][1446][safepoint   ] Safepoint "Cleanup", Time since last: 3000369186 ns, Reaching safepoint: 92637 ns, At safepoint: 5840 ns, Total: 98477 ns
[2021-12-27T03:19:43.514+0000][1446][safepoint   ] Safepoint "Cleanup", Time since last: 2000511648 ns, Reaching safepoint: 46159 ns, At safepoint: 5128 ns, Total: 51287 ns
[2021-12-27T03:19:44.514+0000][1446][safepoint   ] Safepoint "Cleanup", Time since last: 1000157941 ns, Reaching safepoint: 74202 ns, At safepoint: 5095 ns, Total: 79297 ns
[2021-12-27T03:19:45.514+0000][1446][safepoint   ] Safepoint "Cleanup", Time since last: 1000161213 ns, Reaching safepoint: 61782 ns, At safepoint: 5989 ns, Total: 67771 ns
[2021-12-27T03:19:46.515+0000][1446][safepoint   ] Safepoint "Cleanup", Time since last: 1000151053 ns, Reaching safepoint: 70428 ns, At safepoint: 6503 ns, Total: 76931 ns
[2021-12-27T03:19:47.515+0000][1446][safepoint   ] Safepoint "Cleanup", Time since last: 1000162780 ns, Reaching safepoint: 72684 ns, At safepoint: 5500 ns, Total: 78184 ns
[2021-12-27T03:19:49.515+0000][1446][safepoint   ] Safepoint "Cleanup", Time since last: 2000231253 ns, Reaching safepoint: 60356 ns, At safepoint: 5636 ns, Total: 65992 ns
[2021-12-27T03:19:50.515+0000][1446][safepoint   ] Safepoint "Cleanup", Time since last: 1000166589 ns, Reaching safepoint: 137459 ns, At safepoint: 14234 ns, Total: 151693 ns
[2021-12-27T03:19:51.516+0000][1446][safepoint   ] Safepoint "Cleanup", Time since last: 1000145261 ns, Reaching safepoint: 54814 ns, At safepoint: 5145 ns, Total: 59959 ns
[2021-12-27T03:19:52.516+0000][1446][safepoint   ] Safepoint "Cleanup", Time since last: 1000154137 ns, Reaching safepoint: 60287 ns, At safepoint: 5352 ns, Total: 65639 ns
[2021-12-27T03:19:53.516+0000][1446][safepoint   ] Safepoint "Cleanup", Time since last: 1000161210 ns, Reaching safepoint: 73283 ns, At safepoint: 5214 ns, Total: 78497 ns
[2021-12-27T03:19:54.516+0000][1446][safepoint   ] Safepoint "Cleanup", Time since last: 1000166094 ns, Reaching safepoint: 61855 ns, At safepoint: 5534 ns, Total: 67389 ns
[2021-12-27T03:19:55.517+0000][1446][safepoint   ] Safepoint "Cleanup", Time since last: 1000166987 ns, Reaching safepoint: 56796 ns, At safepoint: 11430 ns, Total: 68226 ns
[2021-12-27T03:19:56.517+0000][1446][safepoint   ] Safepoint "Cleanup", Time since last: 1000173401 ns, Reaching safepoint: 103318 ns, At safepoint: 7086 ns, Total: 110404 ns
[2021-12-27T03:19:58.517+0000][1446][safepoint   ] Safepoint "Cleanup", Time since last: 2000254819 ns, Reaching safepoint: 74831 ns, At safepoint: 5625 ns, Total: 80456 ns
[2021-12-27T03:19:59.517+0000][1446][safepoint   ] Safepoint "Cleanup", Time since last: 1000161455 ns, Reaching safepoint: 73388 ns, At safepoint: 7534 ns, Total: 80922 ns
[2021-12-27T03:20:01.518+0000][1446][safepoint   ] Safepoint "Cleanup", Time since last: 2000268973 ns, Reaching safepoint: 74093 ns, At safepoint: 7474 ns, Total: 81567 ns
[2021-12-27T03:20:02.518+0000][1446][safepoint   ] Safepoint "Cleanup", Time since last: 1000165752 ns, Reaching safepoint: 73051 ns, At safepoint: 5929 ns, Total: 78980 ns
[2021-12-27T03:20:04.518+0000][1446][safepoint   ] Safepoint "Cleanup", Time since last: 2000265055 ns, Reaching safepoint: 57971 ns, At safepoint: 5205 ns, Total: 63176 ns
[2021-12-27T03:20:05.519+0000][1446][safepoint   ] Safepoint "Cleanup", Time since last: 1000134864 ns, Reaching safepoint: 52276 ns, At safepoint: 4960 ns, Total: 57236 ns
[2021-12-27T03:20:06.519+0000][1446][safepoint   ] Safepoint "Cleanup", Time since last: 1000145696 ns, Reaching safepoint: 52700 ns, At safepoint: 6360 ns, Total: 59060 ns
[2021-12-27T03:20:08.519+0000][1446][safepoint   ] Safepoint "Cleanup", Time since last: 2000225350 ns, Reaching safepoint: 87714 ns, At safepoint: 6327 ns, Total: 94041 ns
[2021-12-27T03:20:09.519+0000][1446][safepoint   ] Safepoint "Cleanup", Time since last: 1000144818 ns, Reaching safepoint: 104333 ns, At safepoint: 7766 ns, Total: 112099 ns
[2021-12-27T03:20:10.520+0000][1446][safepoint   ] Safepoint "Cleanup", Time since last: 1000194183 ns, Reaching safepoint: 56724 ns, At safepoint: 5518 ns, Total: 62242 ns
[2021-12-27T03:20:11.520+0000][1446][safepoint   ] Safepoint "Cleanup", Time since last: 1000148610 ns, Reaching safepoint: 53210 ns, At safepoint: 5207 ns, Total: 58417 ns
[2021-12-27T03:20:14.520+0000][1446][safepoint   ] Safepoint "Cleanup", Time since last: 3000340111 ns, Reaching safepoint: 60818 ns, At safepoint: 5317 ns, Total: 66135 ns
[2021-12-27T03:20:15.520+0000][1446][safepoint   ] Safepoint "Cleanup", Time since last: 1000151262 ns, Reaching safepoint: 53384 ns, At safepoint: 5354 ns, Total: 58738 ns
[2021-12-27T03:20:16.521+0000][1446][safepoint   ] Safepoint "Cleanup", Time since last: 1000141142 ns, Reaching safepoint: 69889 ns, At safepoint: 5859 ns, Total: 75748 ns
[2021-12-27T03:20:17.521+0000][1446][safepoint   ] Safepoint "Cleanup", Time since last: 1000150211 ns, Reaching safepoint: 56358 ns, At safepoint: 5440 ns, Total: 61798 ns
[2021-12-27T03:20:19.521+0000][1446][safepoint   ] Safepoint "Cleanup", Time since last: 2000266464 ns, Reaching safepoint: 73600 ns, At safepoint: 5709 ns, Total: 79309 ns
[2021-12-27T03:20:20.521+0000][1446][safepoint   ] Safepoint "Cleanup", Time since last: 1000154215 ns, Reaching safepoint: 71415 ns, At safepoint: 6817 ns, Total: 78232 ns
[2021-12-27T03:20:21.522+0000][1446][safepoint   ] Safepoint "Cleanup", Time since last: 1000149138 ns, Reaching safepoint: 63344 ns, At safepoint: 5637 ns, Total: 68981 ns
[2021-12-27T03:20:23.522+0000][1446][safepoint   ] Safepoint "Cleanup", Time since last: 2000275445 ns, Reaching safepoint: 52679 ns, At safepoint: 5194 ns, Total: 57873 ns
[2021-12-27T03:20:24.522+0000][1446][safepoint   ] Safepoint "Cleanup", Time since last: 1000147141 ns, Reaching safepoint: 53083 ns, At safepoint: 5024 ns, Total: 58107 ns
[2021-12-27T03:20:25.522+0000][1446][safepoint   ] Safepoint "Cleanup", Time since last: 1000143892 ns, Reaching safepoint: 50104 ns, At safepoint: 4682 ns, Total: 54786 ns
[2021-12-27T03:20:26.523+0000][1446][safepoint   ] Safepoint "Cleanup", Time since last: 1000148998 ns, Reaching safepoint: 74040 ns, At safepoint: 6860 ns, Total: 80900 ns
[2021-12-27T03:20:29.523+0000][1446][safepoint   ] Safepoint "Cleanup", Time since last: 3000369033 ns, Reaching safepoint: 67455 ns, At safepoint: 4858 ns, Total: 72313 ns
[2021-12-27T03:20:31.523+0000][1446][safepoint   ] Safepoint "Cleanup", Time since last: 2000245047 ns, Reaching safepoint: 58998 ns, At safepoint: 4736 ns, Total: 63734 ns
[2021-12-27T03:20:32.524+0000][1446][safepoint   ] Safepoint "Cleanup", Time since last: 1000148572 ns, Reaching safepoint: 56562 ns, At safepoint: 5001 ns, Total: 61563 ns
[2021-12-27T03:20:34.524+0000][1446][safepoint   ] Safepoint "Cleanup", Time since last: 2000239913 ns, Reaching safepoint: 76799 ns, At safepoint: 6485 ns, Total: 83284 ns
[2021-12-27T03:20:35.524+0000][1446][safepoint   ] Safepoint "Cleanup", Time since last: 1000131889 ns, Reaching safepoint: 74648 ns, At safepoint: 7182 ns, Total: 81830 ns
[2021-12-27T03:20:36.524+0000][1446][safepoint   ] Safepoint "Cleanup", Time since last: 1000137289 ns, Reaching safepoint: 52170 ns, At safepoint: 6025 ns, Total: 58195 ns
[2021-12-27T03:20:38.525+0000][1446][safepoint   ] Safepoint "Cleanup", Time since last: 2000304449 ns, Reaching safepoint: 82200 ns, At safepoint: 13760 ns, Total: 95960 ns
[2021-12-27T03:20:39.525+0000][1446][safepoint   ] Safepoint "Cleanup", Time since last: 1000146631 ns, Reaching safepoint: 81491 ns, At safepoint: 12848 ns, Total: 94339 ns
[2021-12-27T03:20:41.525+0000][1446][safepoint   ] Safepoint "Cleanup", Time since last: 2000227232 ns, Reaching safepoint: 159044 ns, At safepoint: 12198 ns, Total: 171242 ns
[2021-12-27T03:20:43.526+0000][1446][safepoint   ] Safepoint "Cleanup", Time since last: 2000247420 ns, Reaching safepoint: 73583 ns, At safepoint: 6499 ns, Total: 80082 ns
[2021-12-27T03:20:44.526+0000][1446][safepoint   ] Safepoint "Cleanup", Time since last: 1000135213 ns, Reaching safepoint: 95430 ns, At safepoint: 6344 ns, Total: 101774 ns
[2021-12-27T03:20:45.526+0000][1446][safepoint   ] Safepoint "Cleanup", Time since last: 1000180818 ns, Reaching safepoint: 72101 ns, At safepoint: 6061 ns, Total: 78162 ns
[2021-12-27T03:20:46.526+0000][1446][safepoint   ] Safepoint "Cleanup", Time since last: 1000157106 ns, Reaching safepoint: 67367 ns, At safepoint: 7259 ns, Total: 74626 ns
[2021-12-27T03:20:47.527+0000][1446][safepoint   ] Safepoint "Cleanup", Time since last: 1000218641 ns, Reaching safepoint: 69218 ns, At safepoint: 6012 ns, Total: 75230 ns
[2021-12-27T03:20:48.527+0000][1446][safepoint   ] Safepoint "Cleanup", Time since last: 1000156701 ns, Reaching safepoint: 163433 ns, At safepoint: 13234 ns, Total: 176667 ns
[2021-12-27T03:20:49.527+0000][1446][safepoint   ] Safepoint "Cleanup", Time since last: 1000168957 ns, Reaching safepoint: 70064 ns, At safepoint: 5926 ns, Total: 75990 ns
[2021-12-27T03:20:50.528+0000][1446][safepoint   ] Safepoint "Cleanup", Time since last: 1000179450 ns, Reaching safepoint: 120858 ns, At safepoint: 6841 ns, Total: 127699 ns
[2021-12-27T03:20:51.528+0000][1446][safepoint   ] Safepoint "Cleanup", Time since last: 1000163048 ns, Reaching safepoint: 65888 ns, At safepoint: 5021 ns, Total: 70909 ns
[2021-12-27T03:20:53.528+0000][1446][safepoint   ] Safepoint "Cleanup", Time since last: 2000271553 ns, Reaching safepoint: 134295 ns, At safepoint: 9897 ns, Total: 144192 ns
[2021-12-27T03:20:54.528+0000][1446][safepoint   ] Safepoint "Cleanup", Time since last: 1000174236 ns, Reaching safepoint: 70252 ns, At safepoint: 5461 ns, Total: 75713 ns
[2021-12-27T03:20:55.529+0000][1446][safepoint   ] Safepoint "Cleanup", Time since last: 1000163329 ns, Reaching safepoint: 67841 ns, At safepoint: 5754 ns, Total: 73595 ns
[2021-12-27T03:20:56.529+0000][1446][safepoint   ] Safepoint "Cleanup", Time since last: 1000161602 ns, Reaching safepoint: 91296 ns, At safepoint: 6454 ns, Total: 97750 ns
[2021-12-27T03:20:59.529+0000][1446][safepoint   ] Safepoint "Cleanup", Time since last: 3000369059 ns, Reaching safepoint: 95206 ns, At safepoint: 6334 ns, Total: 101540 ns
[2021-12-27T03:21:00.530+0000][1446][safepoint   ] Safepoint "Cleanup", Time since last: 1000163408 ns, Reaching safepoint: 67767 ns, At safepoint: 5243 ns, Total: 73010 ns
[2021-12-27T03:21:01.530+0000][1446][safepoint   ] Safepoint "Cleanup", Time since last: 1000226499 ns, Reaching safepoint: 65176 ns, At safepoint: 6169 ns, Total: 71345 ns
[2021-12-27T03:21:02.530+0000][1446][safepoint   ] Safepoint "Cleanup", Time since last: 1000174621 ns, Reaching safepoint: 88365 ns, At safepoint: 6921 ns, Total: 95286 ns
[2021-12-27T03:21:03.531+0000][1446][safepoint   ] Safepoint "Cleanup", Time since last: 1000868847 ns, Reaching safepoint: 140020 ns, At safepoint: 8757 ns, Total: 148777 ns
[2021-12-27T03:21:05.532+0000][1446][safepoint   ] Safepoint "Cleanup", Time since last: 2000250334 ns, Reaching safepoint: 73584 ns, At safepoint: 8063 ns, Total: 81647 ns
[2021-12-27T03:21:06.532+0000][1446][safepoint   ] Safepoint "Cleanup", Time since last: 1000173908 ns, Reaching safepoint: 90199 ns, At safepoint: 8261 ns, Total: 98460 ns
[2021-12-27T03:21:08.532+0000][1446][safepoint   ] Safepoint "Cleanup", Time since last: 2000243220 ns, Reaching safepoint: 63976 ns, At safepoint: 5420 ns, Total: 69396 ns
[2021-12-27T03:21:09.532+0000][1446][safepoint   ] Safepoint "Cleanup", Time since last: 1000161826 ns, Reaching safepoint: 97552 ns, At safepoint: 6283 ns, Total: 103835 ns
[2021-12-27T03:21:10.533+0000][1446][safepoint   ] Safepoint "Cleanup", Time since last: 1000161479 ns, Reaching safepoint: 66546 ns, At safepoint: 5572 ns, Total: 72118 ns
[2021-12-27T03:21:11.533+0000][1446][safepoint   ] Safepoint "Cleanup", Time since last: 1000175542 ns, Reaching safepoint: 72395 ns, At safepoint: 9247 ns, Total: 81642 ns
[2021-12-27T03:21:13.533+0000][1446][safepoint   ] Safepoint "Cleanup", Time since last: 2000249404 ns, Reaching safepoint: 56787 ns, At safepoint: 5762 ns, Total: 62549 ns
[2021-12-27T03:21:14.534+0000][1446][safepoint   ] Safepoint "Cleanup", Time since last: 1000179066 ns, Reaching safepoint: 106099 ns, At safepoint: 6700 ns, Total: 112799 ns
[2021-12-27T03:21:15.534+0000][1446][safepoint   ] Safepoint "Cleanup", Time since last: 1000173153 ns, Reaching safepoint: 69978 ns, At safepoint: 5282 ns, Total: 75260 ns
[2021-12-27T03:21:16.534+0000][1446][safepoint   ] Safepoint "Cleanup", Time since last: 1000170593 ns, Reaching safepoint: 70768 ns, At safepoint: 4952 ns, Total: 75720 ns
[2021-12-27T03:21:17.534+0000][1446][safepoint   ] Safepoint "Cleanup", Time since last: 1000177773 ns, Reaching safepoint: 68911 ns, At safepoint: 5803 ns, Total: 74714 ns
[2021-12-27T03:21:18.534+0000][1446][safepoint   ] Safepoint "Cleanup", Time since last: 1000160720 ns, Reaching safepoint: 60935 ns, At safepoint: 5094 ns, Total: 66029 ns
[2021-12-27T03:21:20.535+0000][1446][safepoint   ] Safepoint "Cleanup", Time since last: 2000277981 ns, Reaching safepoint: 72481 ns, At safepoint: 7786 ns, Total: 80267 ns
[2021-12-27T03:21:21.535+0000][1446][safepoint   ] Safepoint "Cleanup", Time since last: 1000156998 ns, Reaching safepoint: 64876 ns, At safepoint: 4612 ns, Total: 69488 ns
[2021-12-27T03:21:23.535+0000][1446][safepoint   ] Safepoint "Cleanup", Time since last: 2000258575 ns, Reaching safepoint: 84421 ns, At safepoint: 5866 ns, Total: 90287 ns
[2021-12-27T03:21:25.536+0000][1446][safepoint   ] Safepoint "Cleanup", Time since last: 2000259277 ns, Reaching safepoint: 70968 ns, At safepoint: 5456 ns, Total: 76424 ns
[2021-12-27T03:21:26.536+0000][1446][safepoint   ] Safepoint "Cleanup", Time since last: 1000162971 ns, Reaching safepoint: 67453 ns, At safepoint: 5502 ns, Total: 72955 ns
[2021-12-27T03:21:29.536+0000][1446][safepoint   ] Safepoint "Cleanup", Time since last: 3000341472 ns, Reaching safepoint: 77634 ns, At safepoint: 6259 ns, Total: 83893 ns
[2021-12-27T03:21:31.030+0000][1446][safepoint   ] Safepoint "Cleanup", Time since last: 1493153533 ns, Reaching safepoint: 142113 ns, At safepoint: 11839 ns, Total: 153952 ns
[2021-12-27T03:21:32.030+0000][1446][safepoint   ] Safepoint "Cleanup", Time since last: 1000162729 ns, Reaching safepoint: 166932 ns, At safepoint: 7054 ns, Total: 173986 ns
[2021-12-27T03:21:33.298+0000][1446][gc,start    ] GC(23) Pause Young (Normal) (G1 Evacuation Pause)
[2021-12-27T03:21:33.298+0000][1446][gc,task     ] GC(23) Using 2 workers of 2 for evacuation
[2021-12-27T03:21:33.298+0000][1446][gc,age      ] GC(23) Desired survivor size 20971520 bytes, new threshold 4 (max threshold 15)
[2021-12-27T03:21:33.335+0000][1446][gc,age      ] GC(23) Age table with threshold 4 (max threshold 15)
[2021-12-27T03:21:33.335+0000][1446][gc,age      ] GC(23) - age   1:     411336 bytes,     411336 total
[2021-12-27T03:21:33.335+0000][1446][gc,age      ] GC(23) - age   2:    2909048 bytes,    3320384 total
[2021-12-27T03:21:33.335+0000][1446][gc,age      ] GC(23) - age   3:    6990064 bytes,   10310448 total
[2021-12-27T03:21:33.335+0000][1446][gc,age      ] GC(23) - age   4:    4625568 bytes,   14936016 total
[2021-12-27T03:21:33.335+0000][1446][gc,phases   ] GC(23)   Pre Evacuate Collection Set: 0.1ms
[2021-12-27T03:21:33.335+0000][1446][gc,phases   ] GC(23)   Merge Heap Roots: 0.1ms
[2021-12-27T03:21:33.335+0000][1446][gc,phases   ] GC(23)   Evacuate Collection Set: 34.5ms
[2021-12-27T03:21:33.335+0000][1446][gc,phases   ] GC(23)   Post Evacuate Collection Set: 2.0ms
[2021-12-27T03:21:33.335+0000][1446][gc,phases   ] GC(23)   Other: 0.2ms
[2021-12-27T03:21:33.335+0000][1446][gc,heap     ] GC(23) Eden regions: 70->0(72)
[2021-12-27T03:21:33.335+0000][1446][gc,heap     ] GC(23) Survivor regions: 6->4(10)
[2021-12-27T03:21:33.335+0000][1446][gc,heap     ] GC(23) Old regions: 15->17
[2021-12-27T03:21:33.335+0000][1446][gc,heap     ] GC(23) Archive regions: 2->2
[2021-12-27T03:21:33.335+0000][1446][gc,heap     ] GC(23) Humongous regions: 2->2
[2021-12-27T03:21:33.335+0000][1446][gc,metaspace] GC(23) Metaspace: 110333K(112128K)->110333K(112128K) NonClass: 94973K(96064K)->94973K(96064K) Class: 15359K(16064K)->15359K(16064K)
[2021-12-27T03:21:33.335+0000][1446][gc          ] GC(23) Pause Young (Normal) (G1 Evacuation Pause) 374M->93M(512M) 37.006ms
[2021-12-27T03:21:33.335+0000][1446][gc,cpu      ] GC(23) User=0.07s Sys=0.00s Real=0.04s
[2021-12-27T03:21:33.335+0000][1446][safepoint   ] Safepoint "G1CollectForAllocation", Time since last: 1268037469 ns, Reaching safepoint: 39629 ns, At safepoint: 37098040 ns, Total: 37137669 ns
[2021-12-27T03:21:34.336+0000][1446][safepoint   ] Safepoint "Cleanup", Time since last: 1000177513 ns, Reaching safepoint: 83201 ns, At safepoint: 7259 ns, Total: 90460 ns
[2021-12-27T03:21:35.336+0000][1446][safepoint   ] Safepoint "Cleanup", Time since last: 1000148962 ns, Reaching safepoint: 73468 ns, At safepoint: 5625 ns, Total: 79093 ns
[2021-12-27T03:21:36.336+0000][1446][safepoint   ] Safepoint "Cleanup", Time since last: 1000202826 ns, Reaching safepoint: 64209 ns, At safepoint: 5102 ns, Total: 69311 ns
[2021-12-27T03:21:38.336+0000][1446][safepoint   ] Safepoint "Cleanup", Time since last: 2000245583 ns, Reaching safepoint: 72757 ns, At safepoint: 6013 ns, Total: 78770 ns
[2021-12-27T03:21:39.337+0000][1446][safepoint   ] Safepoint "Cleanup", Time since last: 1000186598 ns, Reaching safepoint: 103030 ns, At safepoint: 9887 ns, Total: 112917 ns
[2021-12-27T03:21:41.337+0000][1446][safepoint   ] Safepoint "Cleanup", Time since last: 2000266752 ns, Reaching safepoint: 77611 ns, At safepoint: 5571 ns, Total: 83182 ns
[2021-12-27T03:21:44.337+0000][1446][safepoint   ] Safepoint "Cleanup", Time since last: 3000358293 ns, Reaching safepoint: 93996 ns, At safepoint: 6870 ns, Total: 100866 ns
[2021-12-27T03:21:45.338+0000][1446][safepoint   ] Safepoint "Cleanup", Time since last: 1000173700 ns, Reaching safepoint: 110028 ns, At safepoint: 5055 ns, Total: 115083 ns
[2021-12-27T03:21:46.338+0000][1446][safepoint   ] Safepoint "Cleanup", Time since last: 1000160061 ns, Reaching safepoint: 60105 ns, At safepoint: 5440 ns, Total: 65545 ns
[2021-12-27T03:21:47.338+0000][1446][safepoint   ] Safepoint "Cleanup", Time since last: 1000190956 ns, Reaching safepoint: 69326 ns, At safepoint: 4771 ns, Total: 74097 ns
[2021-12-27T03:21:49.339+0000][1446][safepoint   ] Safepoint "Cleanup", Time since last: 2000295711 ns, Reaching safepoint: 68745 ns, At safepoint: 5450 ns, Total: 74195 ns
[2021-12-27T03:21:50.339+0000][1446][safepoint   ] Safepoint "Cleanup", Time since last: 1000184630 ns, Reaching safepoint: 103008 ns, At safepoint: 7665 ns, Total: 110673 ns
[2021-12-27T03:21:51.339+0000][1446][safepoint   ] Safepoint "Cleanup", Time since last: 1000152286 ns, Reaching safepoint: 107864 ns, At safepoint: 6603 ns, Total: 114467 ns
[2021-12-27T03:21:53.340+0000][1446][safepoint   ] Safepoint "Cleanup", Time since last: 2000288662 ns, Reaching safepoint: 79476 ns, At safepoint: 5660 ns, Total: 85136 ns
[2021-12-27T03:21:54.340+0000][1446][safepoint   ] Safepoint "Cleanup", Time since last: 1000151387 ns, Reaching safepoint: 62382 ns, At safepoint: 4648 ns, Total: 67030 ns
[2021-12-27T03:21:55.340+0000][1446][safepoint   ] Safepoint "Cleanup", Time since last: 1000176364 ns, Reaching safepoint: 74977 ns, At safepoint: 5574 ns, Total: 80551 ns
[2021-12-27T03:21:56.340+0000][1446][safepoint   ] Safepoint "Cleanup", Time since last: 1000160580 ns, Reaching safepoint: 67840 ns, At safepoint: 5297 ns, Total: 73137 ns
[2021-12-27T03:21:59.341+0000][1446][safepoint   ] Safepoint "Cleanup", Time since last: 3000377246 ns, Reaching safepoint: 74197 ns, At safepoint: 5019 ns, Total: 79216 ns
[2021-12-27T03:22:01.341+0000][1446][safepoint   ] Safepoint "Cleanup", Time since last: 2000247732 ns, Reaching safepoint: 61115 ns, At safepoint: 5194 ns, Total: 66309 ns
[2021-12-27T03:22:02.341+0000][1446][safepoint   ] Safepoint "Cleanup", Time since last: 1000177502 ns, Reaching safepoint: 64556 ns, At safepoint: 5622 ns, Total: 70178 ns
[2021-12-27T03:22:04.342+0000][1446][safepoint   ] Safepoint "Cleanup", Time since last: 2000259277 ns, Reaching safepoint: 62644 ns, At safepoint: 5492 ns, Total: 68136 ns
[2021-12-27T03:22:05.342+0000][1446][safepoint   ] Safepoint "Cleanup", Time since last: 1000182687 ns, Reaching safepoint: 68111 ns, At safepoint: 5562 ns, Total: 73673 ns
[2021-12-27T03:22:06.342+0000][1446][safepoint   ] Safepoint "Cleanup", Time since last: 1000171877 ns, Reaching safepoint: 64458 ns, At safepoint: 5787 ns, Total: 70245 ns
[2021-12-27T03:22:08.342+0000][1446][safepoint   ] Safepoint "Cleanup", Time since last: 2000292671 ns, Reaching safepoint: 73661 ns, At safepoint: 5902 ns, Total: 79563 ns
[2021-12-27T03:22:09.343+0000][1446][safepoint   ] Safepoint "Cleanup", Time since last: 1000199144 ns, Reaching safepoint: 97669 ns, At safepoint: 9930 ns, Total: 107599 ns
[2021-12-27T03:22:11.343+0000][1446][safepoint   ] Safepoint "Cleanup", Time since last: 2000277096 ns, Reaching safepoint: 71874 ns, At safepoint: 5983 ns, Total: 77857 ns
[2021-12-27T03:22:14.344+0000][1446][safepoint   ] Safepoint "Cleanup", Time since last: 3000419729 ns, Reaching safepoint: 74683 ns, At safepoint: 4835 ns, Total: 79518 ns
[2021-12-27T03:22:15.344+0000][1446][safepoint   ] Safepoint "Cleanup", Time since last: 1000163153 ns, Reaching safepoint: 67174 ns, At safepoint: 5152 ns, Total: 72326 ns
[2021-12-27T03:22:16.344+0000][1446][safepoint   ] Safepoint "Cleanup", Time since last: 1000150125 ns, Reaching safepoint: 67182 ns, At safepoint: 5344 ns, Total: 72526 ns
[2021-12-27T03:22:17.344+0000][1446][safepoint   ] Safepoint "Cleanup", Time since last: 1000185318 ns, Reaching safepoint: 69366 ns, At safepoint: 4781 ns, Total: 74147 ns
[2021-12-27T03:22:19.345+0000][1446][safepoint   ] Safepoint "Cleanup", Time since last: 2000269440 ns, Reaching safepoint: 64601 ns, At safepoint: 5418 ns, Total: 70019 ns
[2021-12-27T03:22:20.345+0000][1446][safepoint   ] Safepoint "Cleanup", Time since last: 1000163660 ns, Reaching safepoint: 73054 ns, At safepoint: 5159 ns, Total: 78213 ns
[2021-12-27T03:22:21.345+0000][1446][safepoint   ] Safepoint "Cleanup", Time since last: 1000140078 ns, Reaching safepoint: 61891 ns, At safepoint: 5135 ns, Total: 67026 ns
[2021-12-27T03:22:23.345+0000][1446][safepoint   ] Safepoint "Cleanup", Time since last: 2000256599 ns, Reaching safepoint: 74845 ns, At safepoint: 18292 ns, Total: 93137 ns
[2021-12-27T03:22:24.346+0000][1446][safepoint   ] Safepoint "Cleanup", Time since last: 1000166512 ns, Reaching safepoint: 69258 ns, At safepoint: 5246 ns, Total: 74504 ns
[2021-12-27T03:22:25.346+0000][1446][safepoint   ] Safepoint "Cleanup", Time since last: 1000172380 ns, Reaching safepoint: 75393 ns, At safepoint: 5223 ns, Total: 80616 ns
[2021-12-27T03:22:26.346+0000][1446][safepoint   ] Safepoint "Cleanup", Time since last: 1000171568 ns, Reaching safepoint: 71830 ns, At safepoint: 5039 ns, Total: 76869 ns
[2021-12-27T03:22:29.347+0000][1446][safepoint   ] Safepoint "Cleanup", Time since last: 3000408574 ns, Reaching safepoint: 104893 ns, At safepoint: 6578 ns, Total: 111471 ns
[2021-12-27T03:22:31.347+0000][1446][safepoint   ] Safepoint "Cleanup", Time since last: 2000249724 ns, Reaching safepoint: 71455 ns, At safepoint: 4814 ns, Total: 76269 ns
[2021-12-27T03:22:32.347+0000][1446][safepoint   ] Safepoint "Cleanup", Time since last: 1000178010 ns, Reaching safepoint: 86936 ns, At safepoint: 7034 ns, Total: 93970 ns
[2021-12-27T03:22:34.348+0000][1446][safepoint   ] Safepoint "Cleanup", Time since last: 2000284493 ns, Reaching safepoint: 70595 ns, At safepoint: 13060 ns, Total: 83655 ns
[2021-12-27T03:22:35.348+0000][1446][safepoint   ] Safepoint "Cleanup", Time since last: 1000182247 ns, Reaching safepoint: 68849 ns, At safepoint: 5432 ns, Total: 74281 ns
[2021-12-27T03:22:36.348+0000][1446][safepoint   ] Safepoint "Cleanup", Time since last: 1000174059 ns, Reaching safepoint: 70505 ns, At safepoint: 5011 ns, Total: 75516 ns
[2021-12-27T03:22:38.349+0000][1446][safepoint   ] Safepoint "Cleanup", Time since last: 2000289698 ns, Reaching safepoint: 71699 ns, At safepoint: 5475 ns, Total: 77174 ns
[2021-12-27T03:22:39.349+0000][1446][safepoint   ] Safepoint "Cleanup", Time since last: 1000174542 ns, Reaching safepoint: 91653 ns, At safepoint: 10208 ns, Total: 101861 ns
[2021-12-27T03:22:41.349+0000][1446][safepoint   ] Safepoint "Cleanup", Time since last: 2000256163 ns, Reaching safepoint: 74287 ns, At safepoint: 6102 ns, Total: 80389 ns
[2021-12-27T03:22:42.349+0000][1446][safepoint   ] Safepoint "Cleanup", Time since last: 1000165231 ns, Reaching safepoint: 75832 ns, At safepoint: 6551 ns, Total: 82383 ns
[2021-12-27T03:22:44.350+0000][1446][safepoint   ] Safepoint "Cleanup", Time since last: 2000263669 ns, Reaching safepoint: 116026 ns, At safepoint: 6368 ns, Total: 122394 ns
[2021-12-27T03:22:46.350+0000][1446][safepoint   ] Safepoint "Cleanup", Time since last: 2000263292 ns, Reaching safepoint: 96060 ns, At safepoint: 6535 ns, Total: 102595 ns
[2021-12-27T03:22:48.351+0000][1446][safepoint   ] Safepoint "Cleanup", Time since last: 2000234176 ns, Reaching safepoint: 132080 ns, At safepoint: 7525 ns, Total: 139605 ns
[2021-12-27T03:22:49.351+0000][1446][safepoint   ] Safepoint "Cleanup", Time since last: 1000172288 ns, Reaching safepoint: 102397 ns, At safepoint: 7294 ns, Total: 109691 ns
[2021-12-27T03:22:50.351+0000][1446][safepoint   ] Safepoint "Cleanup", Time since last: 1000151246 ns, Reaching safepoint: 101805 ns, At safepoint: 6618 ns, Total: 108423 ns
[2021-12-27T03:22:51.351+0000][1446][safepoint   ] Safepoint "Cleanup", Time since last: 1000166445 ns, Reaching safepoint: 72671 ns, At safepoint: 5453 ns, Total: 78124 ns
[2021-12-27T03:22:53.352+0000][1446][safepoint   ] Safepoint "Cleanup", Time since last: 2000263302 ns, Reaching safepoint: 80699 ns, At safepoint: 6341 ns, Total: 87040 ns
[2021-12-27T03:22:54.352+0000][1446][safepoint   ] Safepoint "Cleanup", Time since last: 1000164015 ns, Reaching safepoint: 67598 ns, At safepoint: 5037 ns, Total: 72635 ns
[2021-12-27T03:22:55.352+0000][1446][safepoint   ] Safepoint "Cleanup", Time since last: 1000156487 ns, Reaching safepoint: 56018 ns, At safepoint: 5217 ns, Total: 61235 ns
[2021-12-27T03:22:56.352+0000][1446][safepoint   ] Safepoint "Cleanup", Time since last: 1000154218 ns, Reaching safepoint: 58030 ns, At safepoint: 4974 ns, Total: 63004 ns
[2021-12-27T03:22:59.353+0000][1446][safepoint   ] Safepoint "Cleanup", Time since last: 3000405617 ns, Reaching safepoint: 67108 ns, At safepoint: 6109 ns, Total: 73217 ns
[2021-12-27T03:23:01.353+0000][1446][safepoint   ] Safepoint "Cleanup", Time since last: 2000301742 ns, Reaching safepoint: 71964 ns, At safepoint: 5374 ns, Total: 77338 ns
[2021-12-27T03:23:02.354+0000][1446][safepoint   ] Safepoint "Cleanup", Time since last: 1000160254 ns, Reaching safepoint: 126947 ns, At safepoint: 7026 ns, Total: 133973 ns
[2021-12-27T03:23:04.354+0000][1446][safepoint   ] Safepoint "Cleanup", Time since last: 2000243329 ns, Reaching safepoint: 71976 ns, At safepoint: 5931 ns, Total: 77907 ns
[2021-12-27T03:23:05.354+0000][1446][safepoint   ] Safepoint "Cleanup", Time since last: 1000174539 ns, Reaching safepoint: 75351 ns, At safepoint: 5370 ns, Total: 80721 ns
[2021-12-27T03:23:06.354+0000][1446][safepoint   ] Safepoint "Cleanup", Time since last: 1000152319 ns, Reaching safepoint: 65470 ns, At safepoint: 5219 ns, Total: 70689 ns
[2021-12-27T03:23:08.355+0000][1446][safepoint   ] Safepoint "Cleanup", Time since last: 2000254054 ns, Reaching safepoint: 70863 ns, At safepoint: 5856 ns, Total: 76719 ns
[2021-12-27T03:23:09.355+0000][1446][safepoint   ] Safepoint "Cleanup", Time since last: 1000189936 ns, Reaching safepoint: 85755 ns, At safepoint: 10011 ns, Total: 95766 ns
[2021-12-27T03:23:11.355+0000][1446][safepoint   ] Safepoint "Cleanup", Time since last: 2000242666 ns, Reaching safepoint: 69080 ns, At safepoint: 5756 ns, Total: 74836 ns
[2021-12-27T03:23:14.356+0000][1446][safepoint   ] Safepoint "Cleanup", Time since last: 3000347119 ns, Reaching safepoint: 74009 ns, At safepoint: 5240 ns, Total: 79249 ns
[2021-12-27T03:23:15.356+0000][1446][safepoint   ] Safepoint "Cleanup", Time since last: 1000154746 ns, Reaching safepoint: 77306 ns, At safepoint: 5177 ns, Total: 82483 ns
[2021-12-27T03:23:16.356+0000][1446][safepoint   ] Safepoint "Cleanup", Time since last: 1000160076 ns, Reaching safepoint: 66025 ns, At safepoint: 5516 ns, Total: 71541 ns
[2021-12-27T03:23:17.356+0000][1446][safepoint   ] Safepoint "Cleanup", Time since last: 1000160233 ns, Reaching safepoint: 73375 ns, At safepoint: 5525 ns, Total: 78900 ns
[2021-12-27T03:23:18.357+0000][1446][safepoint   ] Safepoint "Cleanup", Time since last: 1000156902 ns, Reaching safepoint: 70859 ns, At safepoint: 5457 ns, Total: 76316 ns
[2021-12-27T03:23:19.357+0000][1446][safepoint   ] Safepoint "Cleanup", Time since last: 1000165305 ns, Reaching safepoint: 71195 ns, At safepoint: 5257 ns, Total: 76452 ns
[2021-12-27T03:23:20.357+0000][1446][safepoint   ] Safepoint "Cleanup", Time since last: 1000164080 ns, Reaching safepoint: 66796 ns, At safepoint: 5846 ns, Total: 72642 ns
[2021-12-27T03:23:21.357+0000][1446][safepoint   ] Safepoint "Cleanup", Time since last: 1000186294 ns, Reaching safepoint: 117047 ns, At safepoint: 8807 ns, Total: 125854 ns
[2021-12-27T03:23:23.358+0000][1446][safepoint   ] Safepoint "Cleanup", Time since last: 2000355666 ns, Reaching safepoint: 68979 ns, At safepoint: 4795 ns, Total: 73774 ns
[2021-12-27T03:23:24.358+0000][1446][safepoint   ] Safepoint "Cleanup", Time since last: 1000173233 ns, Reaching safepoint: 72754 ns, At safepoint: 5500 ns, Total: 78254 ns
[2021-12-27T03:23:25.358+0000][1446][safepoint   ] Safepoint "Cleanup", Time since last: 1000197656 ns, Reaching safepoint: 119016 ns, At safepoint: 7100 ns, Total: 126116 ns
[2021-12-27T03:23:26.359+0000][1446][safepoint   ] Safepoint "Cleanup", Time since last: 1000213779 ns, Reaching safepoint: 79944 ns, At safepoint: 7692 ns, Total: 87636 ns
[2021-12-27T03:23:29.359+0000][1446][safepoint   ] Safepoint "Cleanup", Time since last: 3000328730 ns, Reaching safepoint: 100810 ns, At safepoint: 9758 ns, Total: 110568 ns
[2021-12-27T03:23:31.360+0000][1446][safepoint   ] Safepoint "Cleanup", Time since last: 2000268730 ns, Reaching safepoint: 76578 ns, At safepoint: 6039 ns, Total: 82617 ns
[2021-12-27T03:23:32.360+0000][1446][safepoint   ] Safepoint "Cleanup", Time since last: 1000182868 ns, Reaching safepoint: 67520 ns, At safepoint: 5456 ns, Total: 72976 ns
[2021-12-27T03:23:34.360+0000][1446][safepoint   ] Safepoint "Cleanup", Time since last: 2000269269 ns, Reaching safepoint: 67014 ns, At safepoint: 5423 ns, Total: 72437 ns
[2021-12-27T03:23:35.360+0000][1446][safepoint   ] Safepoint "Cleanup", Time since last: 1000164753 ns, Reaching safepoint: 76668 ns, At safepoint: 6174 ns, Total: 82842 ns
[2021-12-27T03:23:36.361+0000][1446][safepoint   ] Safepoint "Cleanup", Time since last: 1000166483 ns, Reaching safepoint: 65566 ns, At safepoint: 5092 ns, Total: 70658 ns
[2021-12-27T03:23:38.361+0000][1446][safepoint   ] Safepoint "Cleanup", Time since last: 2000263903 ns, Reaching safepoint: 74456 ns, At safepoint: 5637 ns, Total: 80093 ns
[2021-12-27T03:23:39.361+0000][1446][safepoint   ] Safepoint "Cleanup", Time since last: 1000160009 ns, Reaching safepoint: 68613 ns, At safepoint: 5223 ns, Total: 73836 ns
[2021-12-27T03:23:40.361+0000][1446][safepoint   ] Safepoint "Cleanup", Time since last: 1000232660 ns, Reaching safepoint: 82682 ns, At safepoint: 5783 ns, Total: 88465 ns
[2021-12-27T03:23:41.362+0000][1446][safepoint   ] Safepoint "Cleanup", Time since last: 1000194440 ns, Reaching safepoint: 71753 ns, At safepoint: 5358 ns, Total: 77111 ns
[2021-12-27T03:23:44.362+0000][1446][safepoint   ] Safepoint "Cleanup", Time since last: 3000379608 ns, Reaching safepoint: 116975 ns, At safepoint: 6083 ns, Total: 123058 ns
[2021-12-27T03:23:45.363+0000][1446][safepoint   ] Safepoint "Cleanup", Time since last: 1000169513 ns, Reaching safepoint: 86779 ns, At safepoint: 5887 ns, Total: 92666 ns
[2021-12-27T03:23:46.363+0000][1446][safepoint   ] Safepoint "Cleanup", Time since last: 1000158768 ns, Reaching safepoint: 66357 ns, At safepoint: 5235 ns, Total: 71592 ns
[2021-12-27T03:23:47.363+0000][1446][safepoint   ] Safepoint "Cleanup", Time since last: 1000175977 ns, Reaching safepoint: 63995 ns, At safepoint: 6028 ns, Total: 70023 ns
[2021-12-27T03:23:49.363+0000][1446][safepoint   ] Safepoint "Cleanup", Time since last: 2000287923 ns, Reaching safepoint: 62443 ns, At safepoint: 5335 ns, Total: 67778 ns
[2021-12-27T03:23:50.364+0000][1446][safepoint   ] Safepoint "Cleanup", Time since last: 1000166726 ns, Reaching safepoint: 72718 ns, At safepoint: 5317 ns, Total: 78035 ns
[2021-12-27T03:23:51.364+0000][1446][safepoint   ] Safepoint "Cleanup", Time since last: 1000154902 ns, Reaching safepoint: 65934 ns, At safepoint: 5561 ns, Total: 71495 ns
[2021-12-27T03:23:53.364+0000][1446][safepoint   ] Safepoint "Cleanup", Time since last: 2000271015 ns, Reaching safepoint: 75148 ns, At safepoint: 5372 ns, Total: 80520 ns
[2021-12-27T03:23:54.364+0000][1446][safepoint   ] Safepoint "Cleanup", Time since last: 1000146488 ns, Reaching safepoint: 61067 ns, At safepoint: 4967 ns, Total: 66034 ns
[2021-12-27T03:23:55.365+0000][1446][safepoint   ] Safepoint "Cleanup", Time since last: 1000170692 ns, Reaching safepoint: 68705 ns, At safepoint: 5238 ns, Total: 73943 ns
[2021-12-27T03:23:56.365+0000][1446][safepoint   ] Safepoint "Cleanup", Time since last: 1000144645 ns, Reaching safepoint: 68023 ns, At safepoint: 5824 ns, Total: 73847 ns
[2021-12-27T03:23:59.365+0000][1446][safepoint   ] Safepoint "Cleanup", Time since last: 3000365521 ns, Reaching safepoint: 91772 ns, At safepoint: 10108 ns, Total: 101880 ns
[2021-12-27T03:24:01.366+0000][1446][safepoint   ] Safepoint "Cleanup", Time since last: 2000289011 ns, Reaching safepoint: 63824 ns, At safepoint: 5534 ns, Total: 69358 ns
[2021-12-27T03:24:02.366+0000][1446][safepoint   ] Safepoint "Cleanup", Time since last: 1000190415 ns, Reaching safepoint: 71651 ns, At safepoint: 6641 ns, Total: 78292 ns
[2021-12-27T03:24:04.366+0000][1446][safepoint   ] Safepoint "Cleanup", Time since last: 2000253190 ns, Reaching safepoint: 61978 ns, At safepoint: 4997 ns, Total: 66975 ns
[2021-12-27T03:24:05.367+0000][1446][safepoint   ] Safepoint "Cleanup", Time since last: 1000168199 ns, Reaching safepoint: 89952 ns, At safepoint: 5566 ns, Total: 95518 ns
[2021-12-27T03:24:06.367+0000][1446][safepoint   ] Safepoint "Cleanup", Time since last: 1000164706 ns, Reaching safepoint: 69413 ns, At safepoint: 5362 ns, Total: 74775 ns
[2021-12-27T03:24:08.367+0000][1446][safepoint   ] Safepoint "Cleanup", Time since last: 2000271621 ns, Reaching safepoint: 90988 ns, At safepoint: 7220 ns, Total: 98208 ns
[2021-12-27T03:24:09.367+0000][1446][safepoint   ] Safepoint "Cleanup", Time since last: 1000169667 ns, Reaching safepoint: 65737 ns, At safepoint: 4759 ns, Total: 70496 ns
[2021-12-27T03:24:10.368+0000][1446][safepoint   ] Safepoint "Cleanup", Time since last: 1000153849 ns, Reaching safepoint: 67284 ns, At safepoint: 5786 ns, Total: 73070 ns
[2021-12-27T03:24:11.368+0000][1446][safepoint   ] Safepoint "Cleanup", Time since last: 1000150801 ns, Reaching safepoint: 73656 ns, At safepoint: 4928 ns, Total: 78584 ns
[2021-12-27T03:24:14.368+0000][1446][safepoint   ] Safepoint "Cleanup", Time since last: 3000397117 ns, Reaching safepoint: 69484 ns, At safepoint: 6306 ns, Total: 75790 ns
[2021-12-27T03:24:16.369+0000][1446][safepoint   ] Safepoint "Cleanup", Time since last: 2000286195 ns, Reaching safepoint: 71455 ns, At safepoint: 5133 ns, Total: 76588 ns
[2021-12-27T03:24:17.369+0000][1446][safepoint   ] Safepoint "Cleanup", Time since last: 1000207127 ns, Reaching safepoint: 68044 ns, At safepoint: 5507 ns, Total: 73551 ns
[2021-12-27T03:24:19.369+0000][1446][safepoint   ] Safepoint "Cleanup", Time since last: 2000264695 ns, Reaching safepoint: 61415 ns, At safepoint: 5355 ns, Total: 66770 ns
[2021-12-27T03:24:20.370+0000][1446][safepoint   ] Safepoint "Cleanup", Time since last: 1000158736 ns, Reaching safepoint: 79838 ns, At safepoint: 5457 ns, Total: 85295 ns
[2021-12-27T03:24:21.370+0000][1446][safepoint   ] Safepoint "Cleanup", Time since last: 1000139079 ns, Reaching safepoint: 68654 ns, At safepoint: 5400 ns, Total: 74054 ns
[2021-12-27T03:24:22.370+0000][1446][safepoint   ] Safepoint "Cleanup", Time since last: 1000169814 ns, Reaching safepoint: 72456 ns, At safepoint: 5423 ns, Total: 77879 ns
[2021-12-27T03:24:23.370+0000][1446][safepoint   ] Safepoint "Cleanup", Time since last: 1000203951 ns, Reaching safepoint: 65685 ns, At safepoint: 6313 ns, Total: 71998 ns
[2021-12-27T03:24:24.371+0000][1446][safepoint   ] Safepoint "Cleanup", Time since last: 1000178717 ns, Reaching safepoint: 75930 ns, At safepoint: 4494 ns, Total: 80424 ns
[2021-12-27T03:24:25.371+0000][1446][safepoint   ] Safepoint "Cleanup", Time since last: 1000176768 ns, Reaching safepoint: 71580 ns, At safepoint: 6343 ns, Total: 77923 ns
[2021-12-27T03:24:26.371+0000][1446][safepoint   ] Safepoint "Cleanup", Time since last: 1000180113 ns, Reaching safepoint: 75215 ns, At safepoint: 5507 ns, Total: 80722 ns
[2021-12-27T03:24:27.371+0000][1446][safepoint   ] Safepoint "Cleanup", Time since last: 1000172603 ns, Reaching safepoint: 65767 ns, At safepoint: 5502 ns, Total: 71269 ns
[2021-12-27T03:24:29.372+0000][1446][safepoint   ] Safepoint "Cleanup", Time since last: 2000247529 ns, Reaching safepoint: 95187 ns, At safepoint: 9453 ns, Total: 104640 ns
[2021-12-27T03:24:31.041+0000][1446][gc,start    ] GC(24) Pause Young (Normal) (G1 Evacuation Pause)
[2021-12-27T03:24:31.041+0000][1446][gc,task     ] GC(24) Using 2 workers of 2 for evacuation
[2021-12-27T03:24:31.041+0000][1446][gc,age      ] GC(24) Desired survivor size 20971520 bytes, new threshold 15 (max threshold 15)
[2021-12-27T03:24:31.074+0000][1446][gc,age      ] GC(24) Age table with threshold 15 (max threshold 15)
[2021-12-27T03:24:31.074+0000][1446][gc,age      ] GC(24) - age   1:     544376 bytes,     544376 total
[2021-12-27T03:24:31.074+0000][1446][gc,age      ] GC(24) - age   2:     261408 bytes,     805784 total
[2021-12-27T03:24:31.074+0000][1446][gc,age      ] GC(24) - age   3:    2901816 bytes,    3707600 total
[2021-12-27T03:24:31.074+0000][1446][gc,age      ] GC(24) - age   4:    6989936 bytes,   10697536 total
[2021-12-27T03:24:31.074+0000][1446][gc,age      ] GC(24) - age   5:    4625568 bytes,   15323104 total
[2021-12-27T03:24:31.074+0000][1446][gc,phases   ] GC(24)   Pre Evacuate Collection Set: 0.1ms
[2021-12-27T03:24:31.074+0000][1446][gc,phases   ] GC(24)   Merge Heap Roots: 0.2ms
[2021-12-27T03:24:31.074+0000][1446][gc,phases   ] GC(24)   Evacuate Collection Set: 30.0ms
[2021-12-27T03:24:31.074+0000][1446][gc,phases   ] GC(24)   Post Evacuate Collection Set: 2.3ms
[2021-12-27T03:24:31.074+0000][1446][gc,phases   ] GC(24)   Other: 0.3ms
[2021-12-27T03:24:31.074+0000][1446][gc,heap     ] GC(24) Eden regions: 72->0(72)
[2021-12-27T03:24:31.074+0000][1446][gc,heap     ] GC(24) Survivor regions: 4->4(10)
[2021-12-27T03:24:31.074+0000][1446][gc,heap     ] GC(24) Old regions: 17->17
[2021-12-27T03:24:31.074+0000][1446][gc,heap     ] GC(24) Archive regions: 2->2
[2021-12-27T03:24:31.074+0000][1446][gc,heap     ] GC(24) Humongous regions: 2->2
[2021-12-27T03:24:31.074+0000][1446][gc,metaspace] GC(24) Metaspace: 110815K(112640K)->110815K(112640K) NonClass: 95450K(96576K)->95450K(96576K) Class: 15365K(16064K)->15365K(16064K)
[2021-12-27T03:24:31.074+0000][1446][gc          ] GC(24) Pause Young (Normal) (G1 Evacuation Pause) 381M->92M(512M) 32.885ms
[2021-12-27T03:24:31.074+0000][1446][gc,cpu      ] GC(24) User=0.06s Sys=0.00s Real=0.03s
[2021-12-27T03:24:31.074+0000][1446][safepoint   ] Safepoint "G1CollectForAllocation", Time since last: 1669214348 ns, Reaching safepoint: 57203 ns, At safepoint: 32989740 ns, Total: 33046943 ns
[2021-12-27T03:24:32.074+0000][1446][safepoint   ] Safepoint "Cleanup", Time since last: 1000123935 ns, Reaching safepoint: 65989 ns, At safepoint: 4776 ns, Total: 70765 ns
[2021-12-27T03:24:34.074+0000][1446][safepoint   ] Safepoint "Cleanup", Time since last: 2000259537 ns, Reaching safepoint: 81497 ns, At safepoint: 6700 ns, Total: 88197 ns
[2021-12-27T03:24:35.075+0000][1446][safepoint   ] Safepoint "Cleanup", Time since last: 1000184228 ns, Reaching safepoint: 53696 ns, At safepoint: 8128 ns, Total: 61824 ns
[2021-12-27T03:24:36.075+0000][1446][safepoint   ] Safepoint "Cleanup", Time since last: 1000150209 ns, Reaching safepoint: 61103 ns, At safepoint: 5038 ns, Total: 66141 ns
[2021-12-27T03:24:38.075+0000][1446][safepoint   ] Safepoint "Cleanup", Time since last: 2000277742 ns, Reaching safepoint: 62554 ns, At safepoint: 5939 ns, Total: 68493 ns
[2021-12-27T03:24:39.076+0000][1446][safepoint   ] Safepoint "Cleanup", Time since last: 1000191376 ns, Reaching safepoint: 140363 ns, At safepoint: 9381 ns, Total: 149744 ns
[2021-12-27T03:24:41.076+0000][1446][safepoint   ] Safepoint "Cleanup", Time since last: 2000250839 ns, Reaching safepoint: 85031 ns, At safepoint: 5611 ns, Total: 90642 ns
[2021-12-27T03:24:44.076+0000][1446][safepoint   ] Safepoint "Cleanup", Time since last: 3000332566 ns, Reaching safepoint: 79778 ns, At safepoint: 6888 ns, Total: 86666 ns
[2021-12-27T03:24:46.077+0000][1446][safepoint   ] Safepoint "Cleanup", Time since last: 2000335794 ns, Reaching safepoint: 60936 ns, At safepoint: 5255 ns, Total: 66191 ns
[2021-12-27T03:24:47.077+0000][1446][safepoint   ] Safepoint "Cleanup", Time since last: 1000140888 ns, Reaching safepoint: 73249 ns, At safepoint: 5742 ns, Total: 78991 ns
[2021-12-27T03:24:49.077+0000][1446][safepoint   ] Safepoint "Cleanup", Time since last: 2000237114 ns, Reaching safepoint: 54559 ns, At safepoint: 5621 ns, Total: 60180 ns
[2021-12-27T03:24:50.078+0000][1446][safepoint   ] Safepoint "Cleanup", Time since last: 1000168328 ns, Reaching safepoint: 136993 ns, At safepoint: 6008 ns, Total: 143001 ns
[2021-12-27T03:24:51.078+0000][1446][safepoint   ] Safepoint "Cleanup", Time since last: 1000155770 ns, Reaching safepoint: 95612 ns, At safepoint: 7730 ns, Total: 103342 ns
[2021-12-27T03:24:53.078+0000][1446][safepoint   ] Safepoint "Cleanup", Time since last: 2000257091 ns, Reaching safepoint: 63953 ns, At safepoint: 5316 ns, Total: 69269 ns
[2021-12-27T03:24:54.078+0000][1446][safepoint   ] Safepoint "Cleanup", Time since last: 1000148252 ns, Reaching safepoint: 106358 ns, At safepoint: 6913 ns, Total: 113271 ns
[2021-12-27T03:24:55.079+0000][1446][safepoint   ] Safepoint "Cleanup", Time since last: 1000166975 ns, Reaching safepoint: 66020 ns, At safepoint: 5291 ns, Total: 71311 ns
[2021-12-27T03:24:56.079+0000][1446][safepoint   ] Safepoint "Cleanup", Time since last: 1000169747 ns, Reaching safepoint: 49853 ns, At safepoint: 5206 ns, Total: 55059 ns
[2021-12-27T03:24:57.079+0000][1446][safepoint   ] Safepoint "Cleanup", Time since last: 1000158884 ns, Reaching safepoint: 71883 ns, At safepoint: 6088 ns, Total: 77971 ns
[2021-12-27T03:24:58.079+0000][1446][safepoint   ] Safepoint "Cleanup", Time since last: 1000164690 ns, Reaching safepoint: 118123 ns, At safepoint: 7241 ns, Total: 125364 ns
[2021-12-27T03:24:59.080+0000][1446][safepoint   ] Safepoint "Cleanup", Time since last: 1000168904 ns, Reaching safepoint: 72760 ns, At safepoint: 5509 ns, Total: 78269 ns
[2021-12-27T03:25:00.080+0000][1446][safepoint   ] Safepoint "Cleanup", Time since last: 1000141505 ns, Reaching safepoint: 60788 ns, At safepoint: 4755 ns, Total: 65543 ns
[2021-12-27T03:25:01.080+0000][1446][safepoint   ] Safepoint "Cleanup", Time since last: 1000145127 ns, Reaching safepoint: 66075 ns, At safepoint: 7630 ns, Total: 73705 ns
[2021-12-27T03:25:02.080+0000][1446][safepoint   ] Safepoint "Cleanup", Time since last: 1000143006 ns, Reaching safepoint: 60157 ns, At safepoint: 5721 ns, Total: 65878 ns
[2021-12-27T03:25:03.081+0000][1446][safepoint   ] Safepoint "Cleanup", Time since last: 1000174714 ns, Reaching safepoint: 77631 ns, At safepoint: 5245 ns, Total: 82876 ns
[2021-12-27T03:25:04.081+0000][1446][safepoint   ] Safepoint "Cleanup", Time since last: 1000138255 ns, Reaching safepoint: 63896 ns, At safepoint: 4681 ns, Total: 68577 ns
[2021-12-27T03:25:05.081+0000][1446][safepoint   ] Safepoint "Cleanup", Time since last: 1000120543 ns, Reaching safepoint: 60269 ns, At safepoint: 4401 ns, Total: 64670 ns
[2021-12-27T03:25:06.081+0000][1446][safepoint   ] Safepoint "Cleanup", Time since last: 1000142514 ns, Reaching safepoint: 57292 ns, At safepoint: 5517 ns, Total: 62809 ns
[2021-12-27T03:25:08.082+0000][1446][safepoint   ] Safepoint "Cleanup", Time since last: 2000237814 ns, Reaching safepoint: 108062 ns, At safepoint: 7112 ns, Total: 115174 ns
[2021-12-27T03:25:09.082+0000][1446][safepoint   ] Safepoint "Cleanup", Time since last: 1000147682 ns, Reaching safepoint: 58804 ns, At safepoint: 5720 ns, Total: 64524 ns
[2021-12-27T03:25:11.082+0000][1446][safepoint   ] Safepoint "Cleanup", Time since last: 2000292694 ns, Reaching safepoint: 93056 ns, At safepoint: 5949 ns, Total: 99005 ns
[2021-12-27T03:25:14.083+0000][1446][safepoint   ] Safepoint "Cleanup", Time since last: 3000326045 ns, Reaching safepoint: 69392 ns, At safepoint: 5436 ns, Total: 74828 ns
[2021-12-27T03:25:15.083+0000][1446][safepoint   ] Safepoint "Cleanup", Time since last: 1000141367 ns, Reaching safepoint: 73361 ns, At safepoint: 5754 ns, Total: 79115 ns
[2021-12-27T03:25:17.083+0000][1446][safepoint   ] Safepoint "Cleanup", Time since last: 2000276825 ns, Reaching safepoint: 60801 ns, At safepoint: 5169 ns, Total: 65970 ns
[2021-12-27T03:25:25.084+0000][1446][safepoint   ] Safepoint "Cleanup", Time since last: 8000785750 ns, Reaching safepoint: 141129 ns, At safepoint: 11050 ns, Total: 152179 ns
[2021-12-27T03:25:26.089+0000][1446][safepoint   ] Safepoint "Cleanup", Time since last: 1001502116 ns, Reaching safepoint: 3466915 ns, At safepoint: 15736 ns, Total: 3482651 ns
[2021-12-27T03:25:27.089+0000][1446][safepoint   ] Safepoint "Cleanup", Time since last: 1000155062 ns, Reaching safepoint: 111496 ns, At safepoint: 11095 ns, Total: 122591 ns
[2021-12-27T03:25:28.090+0000][1446][safepoint   ] Safepoint "Cleanup", Time since last: 1000141433 ns, Reaching safepoint: 80700 ns, At safepoint: 6509 ns, Total: 87209 ns
[2021-12-27T03:25:32.090+0000][1446][safepoint   ] Safepoint "Cleanup", Time since last: 4000432763 ns, Reaching safepoint: 70186 ns, At safepoint: 5547 ns, Total: 75733 ns
[2021-12-27T03:25:35.090+0000][1446][safepoint   ] Safepoint "Cleanup", Time since last: 3000329441 ns, Reaching safepoint: 88770 ns, At safepoint: 5239 ns, Total: 94009 ns
[2021-12-27T03:25:38.091+0000][1446][safepoint   ] Safepoint "Cleanup", Time since last: 3000345615 ns, Reaching safepoint: 68187 ns, At safepoint: 5436 ns, Total: 73623 ns
[2021-12-27T03:25:44.092+0000][1446][safepoint   ] Safepoint "Cleanup", Time since last: 6000700421 ns, Reaching safepoint: 77320 ns, At safepoint: 6194 ns, Total: 83514 ns
[2021-12-27T03:25:45.092+0000][1446][safepoint   ] Safepoint "Cleanup", Time since last: 1000156391 ns, Reaching safepoint: 73809 ns, At safepoint: 22018 ns, Total: 95827 ns
[2021-12-27T03:25:50.093+0000][1446][safepoint   ] Safepoint "Cleanup", Time since last: 5000580905 ns, Reaching safepoint: 65506 ns, At safepoint: 6072 ns, Total: 71578 ns
[2021-12-27T03:25:53.093+0000][1446][safepoint   ] Safepoint "Cleanup", Time since last: 3000315667 ns, Reaching safepoint: 56573 ns, At safepoint: 5047 ns, Total: 61620 ns
[2021-12-27T03:25:55.093+0000][1446][safepoint   ] Safepoint "Cleanup", Time since last: 2000224554 ns, Reaching safepoint: 58539 ns, At safepoint: 6150 ns, Total: 64689 ns
[2021-12-27T03:25:56.093+0000][1446][safepoint   ] Safepoint "Cleanup", Time since last: 1000144648 ns, Reaching safepoint: 72914 ns, At safepoint: 6070 ns, Total: 78984 ns
[2021-12-27T03:26:02.094+0000][1446][safepoint   ] Safepoint "Cleanup", Time since last: 6000909392 ns, Reaching safepoint: 81186 ns, At safepoint: 6880 ns, Total: 88066 ns
[2021-12-27T03:26:04.095+0000][1446][safepoint   ] Safepoint "Cleanup", Time since last: 2000275013 ns, Reaching safepoint: 58508 ns, At safepoint: 5989 ns, Total: 64497 ns
[2021-12-27T03:26:05.095+0000][1446][safepoint   ] Safepoint "Cleanup", Time since last: 1000133314 ns, Reaching safepoint: 128246 ns, At safepoint: 6103 ns, Total: 134349 ns
[2021-12-27T03:26:08.096+0000][1446][safepoint   ] Safepoint "Cleanup", Time since last: 3000335400 ns, Reaching safepoint: 73501 ns, At safepoint: 47446 ns, Total: 120947 ns
[2021-12-27T03:26:14.096+0000][1446][safepoint   ] Safepoint "Cleanup", Time since last: 6000591954 ns, Reaching safepoint: 83411 ns, At safepoint: 5162 ns, Total: 88573 ns
[2021-12-27T03:26:20.097+0000][1446][safepoint   ] Safepoint "Cleanup", Time since last: 6000607892 ns, Reaching safepoint: 67773 ns, At safepoint: 5389 ns, Total: 73162 ns
[2021-12-27T03:26:23.097+0000][1446][safepoint   ] Safepoint "Cleanup", Time since last: 3000327662 ns, Reaching safepoint: 64730 ns, At safepoint: 6104 ns, Total: 70834 ns
[2021-12-27T03:26:34.099+0000][1446][safepoint   ] Safepoint "Cleanup", Time since last: 11001162625 ns, Reaching safepoint: 78707 ns, At safepoint: 7656 ns, Total: 86363 ns
[2021-12-27T03:27:09.102+0000][1446][safepoint   ] Safepoint "Cleanup", Time since last: 35003778212 ns, Reaching safepoint: 136655 ns, At safepoint: 5386 ns, Total: 142041 ns
[2021-12-27T03:27:18.624+0000][1446][gc,start    ] GC(25) Pause Young (Normal) (G1 Evacuation Pause)
[2021-12-27T03:27:18.624+0000][1446][gc,task     ] GC(25) Using 2 workers of 2 for evacuation
[2021-12-27T03:27:18.624+0000][1446][gc,age      ] GC(25) Desired survivor size 20971520 bytes, new threshold 15 (max threshold 15)
[2021-12-27T03:27:18.653+0000][1446][gc,age      ] GC(25) Age table with threshold 15 (max threshold 15)
[2021-12-27T03:27:18.654+0000][1446][gc,age      ] GC(25) - age   1:    1599296 bytes,    1599296 total
[2021-12-27T03:27:18.654+0000][1446][gc,age      ] GC(25) - age   2:     257112 bytes,    1856408 total
[2021-12-27T03:27:18.654+0000][1446][gc,age      ] GC(25) - age   3:     257464 bytes,    2113872 total
[2021-12-27T03:27:18.654+0000][1446][gc,age      ] GC(25) - age   4:    2848424 bytes,    4962296 total
[2021-12-27T03:27:18.654+0000][1446][gc,age      ] GC(25) - age   5:    6855792 bytes,   11818088 total
[2021-12-27T03:27:18.654+0000][1446][gc,age      ] GC(25) - age   6:    4397864 bytes,   16215952 total
[2021-12-27T03:27:18.654+0000][1446][gc,phases   ] GC(25)   Pre Evacuate Collection Set: 0.1ms
[2021-12-27T03:27:18.654+0000][1446][gc,phases   ] GC(25)   Merge Heap Roots: 0.2ms
[2021-12-27T03:27:18.654+0000][1446][gc,phases   ] GC(25)   Evacuate Collection Set: 27.0ms
[2021-12-27T03:27:18.654+0000][1446][gc,phases   ] GC(25)   Post Evacuate Collection Set: 1.8ms
[2021-12-27T03:27:18.654+0000][1446][gc,phases   ] GC(25)   Other: 0.2ms
[2021-12-27T03:27:18.654+0000][1446][gc,heap     ] GC(25) Eden regions: 72->0(71)
[2021-12-27T03:27:18.654+0000][1446][gc,heap     ] GC(25) Survivor regions: 4->5(10)
[2021-12-27T03:27:18.654+0000][1446][gc,heap     ] GC(25) Old regions: 17->17
[2021-12-27T03:27:18.654+0000][1446][gc,heap     ] GC(25) Archive regions: 2->2
[2021-12-27T03:27:18.654+0000][1446][gc,heap     ] GC(25) Humongous regions: 2->2
[2021-12-27T03:27:18.654+0000][1446][gc,metaspace] GC(25) Metaspace: 111671K(113536K)->111671K(113536K) NonClass: 96300K(97408K)->96300K(97408K) Class: 15371K(16128K)->15371K(16128K)
[2021-12-27T03:27:18.654+0000][1446][gc          ] GC(25) Pause Young (Normal) (G1 Evacuation Pause) 380M->94M(512M) 29.410ms
[2021-12-27T03:27:18.654+0000][1446][gc,cpu      ] GC(25) User=0.06s Sys=0.00s Real=0.03s
[2021-12-27T03:27:18.654+0000][1446][safepoint   ] Safepoint "G1CollectForAllocation", Time since last: 9521737813 ns, Reaching safepoint: 69852 ns, At safepoint: 29503228 ns, Total: 29573080 ns
[2021-12-27T03:27:46.657+0000][1446][safepoint   ] Safepoint "Cleanup", Time since last: 28002911427 ns, Reaching safepoint: 88351 ns, At safepoint: 5770 ns, Total: 94121 ns
[2021-12-27T03:28:02.660+0000][1446][safepoint   ] Safepoint "Cleanup", Time since last: 16003198869 ns, Reaching safepoint: 58979 ns, At safepoint: 6380 ns, Total: 65359 ns
[2021-12-27T03:28:12.661+0000][1446][safepoint   ] Safepoint "Cleanup", Time since last: 10001300555 ns, Reaching safepoint: 106673 ns, At safepoint: 6076 ns, Total: 112749 ns
[2021-12-27T03:28:58.667+0000][1446][safepoint   ] Safepoint "Cleanup", Time since last: 46005067457 ns, Reaching safepoint: 90534 ns, At safepoint: 5504 ns, Total: 96038 ns
[2021-12-27T03:29:19.669+0000][1446][safepoint   ] Safepoint "Cleanup", Time since last: 21002525027 ns, Reaching safepoint: 89907 ns, At safepoint: 5281 ns, Total: 95188 ns
[2021-12-27T03:29:20.669+0000][1446][safepoint   ] Safepoint "Cleanup", Time since last: 1000184291 ns, Reaching safepoint: 81521 ns, At safepoint: 5673 ns, Total: 87194 ns
[2021-12-27T03:29:22.670+0000][1446][safepoint   ] Safepoint "Cleanup", Time since last: 2000294520 ns, Reaching safepoint: 76998 ns, At safepoint: 6066 ns, Total: 83064 ns
[2021-12-27T03:29:30.671+0000][1446][safepoint   ] Safepoint "Cleanup", Time since last: 8001033289 ns, Reaching safepoint: 68161 ns, At safepoint: 5567 ns, Total: 73728 ns
[2021-12-27T03:29:40.672+0000][1446][safepoint   ] Safepoint "Cleanup", Time since last: 10001189662 ns, Reaching safepoint: 93986 ns, At safepoint: 9667 ns, Total: 103653 ns
[2021-12-27T03:29:50.674+0000][1446][safepoint   ] Safepoint "Cleanup", Time since last: 10001308207 ns, Reaching safepoint: 65453 ns, At safepoint: 5743 ns, Total: 71196 ns
[2021-12-27T03:30:08.676+0000][1446][safepoint   ] Safepoint "Cleanup", Time since last: 18001992599 ns, Reaching safepoint: 60317 ns, At safepoint: 5339 ns, Total: 65656 ns
[2021-12-27T03:30:14.677+0000][1446][safepoint   ] Safepoint "Cleanup", Time since last: 6000800587 ns, Reaching safepoint: 85197 ns, At safepoint: 10616 ns, Total: 95813 ns
[2021-12-27T03:30:21.677+0000][1446][safepoint   ] Safepoint "Cleanup", Time since last: 7000731298 ns, Reaching safepoint: 84305 ns, At safepoint: 5831 ns, Total: 90136 ns
[2021-12-27T03:30:22.678+0000][1446][safepoint   ] Safepoint "Cleanup", Time since last: 1000161219 ns, Reaching safepoint: 60605 ns, At safepoint: 5173 ns, Total: 65778 ns
[2021-12-27T03:30:24.678+0000][1446][safepoint   ] Safepoint "Cleanup", Time since last: 2000287814 ns, Reaching safepoint: 62134 ns, At safepoint: 5374 ns, Total: 67508 ns
[2021-12-27T03:30:26.678+0000][1446][safepoint   ] Safepoint "Cleanup", Time since last: 2000264579 ns, Reaching safepoint: 94112 ns, At safepoint: 6723 ns, Total: 100835 ns
[2021-12-27T03:30:30.679+0000][1446][safepoint   ] Safepoint "Cleanup", Time since last: 4000531979 ns, Reaching safepoint: 104258 ns, At safepoint: 5346 ns, Total: 109604 ns
[2021-12-27T03:30:31.680+0000][1446][safepoint   ] Safepoint "Cleanup", Time since last: 1000662647 ns, Reaching safepoint: 62728 ns, At safepoint: 5156 ns, Total: 67884 ns
[2021-12-27T03:30:36.028+0000][1446][safepoint   ] Safepoint "Cleanup", Time since last: 4347882923 ns, Reaching safepoint: 47962 ns, At safepoint: 6331 ns, Total: 54293 ns
[2021-12-27T03:30:37.028+0000][1446][safepoint   ] Safepoint "Cleanup", Time since last: 1000135959 ns, Reaching safepoint: 162897 ns, At safepoint: 5616 ns, Total: 168513 ns
[2021-12-27T03:30:38.028+0000][1446][safepoint   ] Safepoint "Cleanup", Time since last: 1000141233 ns, Reaching safepoint: 61857 ns, At safepoint: 5914 ns, Total: 67771 ns
[2021-12-27T03:30:45.866+0000][1446][safepoint   ] Safepoint "Cleanup", Time since last: 7837326421 ns, Reaching safepoint: 106437 ns, At safepoint: 6532 ns, Total: 112969 ns
[2021-12-27T03:30:47.866+0000][1446][safepoint   ] Safepoint "Cleanup", Time since last: 2000256599 ns, Reaching safepoint: 54729 ns, At safepoint: 5598 ns, Total: 60327 ns
[2021-12-27T03:30:48.866+0000][1446][safepoint   ] Safepoint "Cleanup", Time since last: 1000163859 ns, Reaching safepoint: 61885 ns, At safepoint: 5652 ns, Total: 67537 ns
[2021-12-27T03:30:52.867+0000][1446][safepoint   ] Safepoint "Cleanup", Time since last: 4000573332 ns, Reaching safepoint: 62682 ns, At safepoint: 5540 ns, Total: 68222 ns
[2021-12-27T03:31:04.871+0000][1446][safepoint   ] Safepoint "Cleanup", Time since last: 12004029855 ns, Reaching safepoint: 65787 ns, At safepoint: 7109 ns, Total: 72896 ns
[2021-12-27T03:31:05.881+0000][1446][safepoint   ] Safepoint "Cleanup", Time since last: 1004586610 ns, Reaching safepoint: 5279096 ns, At safepoint: 13006 ns, Total: 5292102 ns
[2021-12-27T03:31:06.881+0000][1446][safepoint   ] Safepoint "Cleanup", Time since last: 1000202658 ns, Reaching safepoint: 51618 ns, At safepoint: 5357 ns, Total: 56975 ns
[2021-12-27T03:31:07.884+0000][1446][safepoint   ] Safepoint "Cleanup", Time since last: 1002437534 ns, Reaching safepoint: 232211 ns, At safepoint: 12456 ns, Total: 244667 ns
[2021-12-27T03:31:08.413+0000][1446][safepoint   ] Safepoint "ICBufferFull", Time since last: 529468140 ns, Reaching safepoint: 171878 ns, At safepoint: 11628 ns, Total: 183506 ns
[2021-12-27T03:31:09.414+0000][1446][safepoint   ] Safepoint "Cleanup", Time since last: 1000147503 ns, Reaching safepoint: 88581 ns, At safepoint: 5094 ns, Total: 93675 ns
[2021-12-27T03:31:11.421+0000][1446][safepoint   ] Safepoint "Cleanup", Time since last: 2007216980 ns, Reaching safepoint: 256038 ns, At safepoint: 8577 ns, Total: 264615 ns
[2021-12-27T03:31:12.421+0000][1446][safepoint   ] Safepoint "Cleanup", Time since last: 1000166496 ns, Reaching safepoint: 52216 ns, At safepoint: 5806 ns, Total: 58022 ns
[2021-12-27T03:31:14.402+0000][1446][safepoint   ] Safepoint "Cleanup", Time since last: 1980097974 ns, Reaching safepoint: 205975 ns, At safepoint: 5525 ns, Total: 211500 ns
[2021-12-27T03:31:15.402+0000][1446][safepoint   ] Safepoint "Cleanup", Time since last: 1000183128 ns, Reaching safepoint: 85942 ns, At safepoint: 7198 ns, Total: 93140 ns
[2021-12-27T03:31:16.402+0000][1446][safepoint   ] Safepoint "Cleanup", Time since last: 1000193380 ns, Reaching safepoint: 87494 ns, At safepoint: 6978 ns, Total: 94472 ns
[2021-12-27T03:31:17.402+0000][1446][safepoint   ] Safepoint "Cleanup", Time since last: 1000161905 ns, Reaching safepoint: 61094 ns, At safepoint: 4862 ns, Total: 65956 ns
[2021-12-27T03:31:21.403+0000][1446][safepoint   ] Safepoint "Cleanup", Time since last: 4000508747 ns, Reaching safepoint: 111085 ns, At safepoint: 9618 ns, Total: 120703 ns
[2021-12-27T03:31:22.403+0000][1446][safepoint   ] Safepoint "Cleanup", Time since last: 1000181919 ns, Reaching safepoint: 59694 ns, At safepoint: 6491 ns, Total: 66185 ns
[2021-12-27T03:31:23.857+0000][1446][gc,start    ] GC(26) Pause Young (Normal) (G1 Evacuation Pause)
[2021-12-27T03:31:23.857+0000][1446][gc,task     ] GC(26) Using 2 workers of 2 for evacuation
[2021-12-27T03:31:23.857+0000][1446][gc,age      ] GC(26) Desired survivor size 20971520 bytes, new threshold 15 (max threshold 15)
[2021-12-27T03:31:23.885+0000][1446][gc,age      ] GC(26) Age table with threshold 15 (max threshold 15)
[2021-12-27T03:31:23.885+0000][1446][gc,age      ] GC(26) - age   1:    1237344 bytes,    1237344 total
[2021-12-27T03:31:23.885+0000][1446][gc,age      ] GC(26) - age   2:     402600 bytes,    1639944 total
[2021-12-27T03:31:23.885+0000][1446][gc,age      ] GC(26) - age   3:      65712 bytes,    1705656 total
[2021-12-27T03:31:23.885+0000][1446][gc,age      ] GC(26) - age   4:     102768 bytes,    1808424 total
[2021-12-27T03:31:23.885+0000][1446][gc,age      ] GC(26) - age   5:    2561480 bytes,    4369904 total
[2021-12-27T03:31:23.885+0000][1446][gc,age      ] GC(26) - age   6:    6634848 bytes,   11004752 total
[2021-12-27T03:31:23.885+0000][1446][gc,age      ] GC(26) - age   7:    4392480 bytes,   15397232 total
[2021-12-27T03:31:23.885+0000][1446][gc,phases   ] GC(26)   Pre Evacuate Collection Set: 0.1ms
[2021-12-27T03:31:23.885+0000][1446][gc,phases   ] GC(26)   Merge Heap Roots: 0.1ms
[2021-12-27T03:31:23.885+0000][1446][gc,phases   ] GC(26)   Evacuate Collection Set: 25.4ms
[2021-12-27T03:31:23.885+0000][1446][gc,phases   ] GC(26)   Post Evacuate Collection Set: 2.4ms
[2021-12-27T03:31:23.885+0000][1446][gc,phases   ] GC(26)   Other: 0.3ms
[2021-12-27T03:31:23.885+0000][1446][gc,heap     ] GC(26) Eden regions: 71->0(72)
[2021-12-27T03:31:23.885+0000][1446][gc,heap     ] GC(26) Survivor regions: 5->4(10)
[2021-12-27T03:31:23.885+0000][1446][gc,heap     ] GC(26) Old regions: 17->17
[2021-12-27T03:31:23.885+0000][1446][gc,heap     ] GC(26) Archive regions: 2->2
[2021-12-27T03:31:23.885+0000][1446][gc,heap     ] GC(26) Humongous regions: 2->2
[2021-12-27T03:31:23.885+0000][1446][gc,metaspace] GC(26) Metaspace: 112195K(114048K)->112195K(114048K) NonClass: 96792K(97920K)->96792K(97920K) Class: 15402K(16128K)->15402K(16128K)
[2021-12-27T03:31:23.885+0000][1446][gc          ] GC(26) Pause Young (Normal) (G1 Evacuation Pause) 378M->92M(512M) 28.242ms
[2021-12-27T03:31:23.885+0000][1446][gc,cpu      ] GC(26) User=0.05s Sys=0.00s Real=0.03s
[2021-12-27T03:31:23.885+0000][1446][safepoint   ] Safepoint "G1CollectForAllocation", Time since last: 1453377908 ns, Reaching safepoint: 36594 ns, At safepoint: 28333563 ns, Total: 28370157 ns
[2021-12-27T03:31:26.885+0000][1446][safepoint   ] Safepoint "Cleanup", Time since last: 3000309969 ns, Reaching safepoint: 64612 ns, At safepoint: 5568 ns, Total: 70180 ns
[2021-12-27T03:31:29.886+0000][1446][safepoint   ] Safepoint "Cleanup", Time since last: 3000432586 ns, Reaching safepoint: 67153 ns, At safepoint: 5844 ns, Total: 72997 ns
[2021-12-27T03:31:32.886+0000][1446][safepoint   ] Safepoint "Cleanup", Time since last: 3000435416 ns, Reaching safepoint: 59405 ns, At safepoint: 5628 ns, Total: 65033 ns
[2021-12-27T03:31:33.887+0000][1446][safepoint   ] Safepoint "Cleanup", Time since last: 1000184011 ns, Reaching safepoint: 59243 ns, At safepoint: 4753 ns, Total: 63996 ns
[2021-12-27T03:31:35.887+0000][1446][safepoint   ] Safepoint "Cleanup", Time since last: 2000295639 ns, Reaching safepoint: 65403 ns, At safepoint: 6371 ns, Total: 71774 ns
[2021-12-27T03:31:38.898+0000][1446][safepoint   ] Safepoint "Cleanup", Time since last: 3010437793 ns, Reaching safepoint: 84942 ns, At safepoint: 9387 ns, Total: 94329 ns
[2021-12-27T03:31:43.898+0000][1446][safepoint   ] Safepoint "Cleanup", Time since last: 5000657115 ns, Reaching safepoint: 76678 ns, At safepoint: 6035 ns, Total: 82713 ns
[2021-12-27T03:31:45.899+0000][1446][safepoint   ] Safepoint "Cleanup", Time since last: 2000310878 ns, Reaching safepoint: 62724 ns, At safepoint: 5192 ns, Total: 67916 ns
[2021-12-27T03:32:06.901+0000][1446][safepoint   ] Safepoint "Cleanup", Time since last: 21002361214 ns, Reaching safepoint: 82469 ns, At safepoint: 5729 ns, Total: 88198 ns
[2021-12-27T03:32:22.903+0000][1446][safepoint   ] Safepoint "Cleanup", Time since last: 16001798330 ns, Reaching safepoint: 66513 ns, At safepoint: 5708 ns, Total: 72221 ns
[2021-12-27T03:33:04.908+0000][1446][safepoint   ] Safepoint "Cleanup", Time since last: 42005293819 ns, Reaching safepoint: 89090 ns, At safepoint: 5487 ns, Total: 94577 ns
[2021-12-27T03:33:44.913+0000][1446][safepoint   ] Safepoint "Cleanup", Time since last: 40004882508 ns, Reaching safepoint: 90364 ns, At safepoint: 5431 ns, Total: 95795 ns
[2021-12-27T03:33:58.919+0000][1446][safepoint   ] Safepoint "Cleanup", Time since last: 14005326645 ns, Reaching safepoint: 65657 ns, At safepoint: 5816 ns, Total: 71473 ns
[2021-12-27T03:34:00.920+0000][1446][safepoint   ] Safepoint "Cleanup", Time since last: 2001057277 ns, Reaching safepoint: 110709 ns, At safepoint: 6790 ns, Total: 117499 ns
[2021-12-27T03:34:01.924+0000][1446][safepoint   ] Safepoint "Cleanup", Time since last: 1004109834 ns, Reaching safepoint: 139931 ns, At safepoint: 5949 ns, Total: 145880 ns
[2021-12-27T03:34:04.925+0000][1446][safepoint   ] Safepoint "Cleanup", Time since last: 3000999478 ns, Reaching safepoint: 85656 ns, At safepoint: 4982 ns, Total: 90638 ns
[2021-12-27T03:34:05.926+0000][1446][safepoint   ] Safepoint "Cleanup", Time since last: 1000166495 ns, Reaching safepoint: 71097 ns, At safepoint: 6508 ns, Total: 77605 ns
[2021-12-27T03:34:07.926+0000][1446][safepoint   ] Safepoint "Cleanup", Time since last: 2000216082 ns, Reaching safepoint: 47426 ns, At safepoint: 5177 ns, Total: 52603 ns
[2021-12-27T03:34:08.926+0000][1446][safepoint   ] Safepoint "Cleanup", Time since last: 1000146778 ns, Reaching safepoint: 56640 ns, At safepoint: 5462 ns, Total: 62102 ns
[2021-12-27T03:34:09.926+0000][1446][safepoint   ] Safepoint "Cleanup", Time since last: 1000144196 ns, Reaching safepoint: 75746 ns, At safepoint: 5744 ns, Total: 81490 ns
[2021-12-27T03:34:10.927+0000][1446][safepoint   ] Safepoint "Cleanup", Time since last: 1000168819 ns, Reaching safepoint: 87316 ns, At safepoint: 6297 ns, Total: 93613 ns
[2021-12-27T03:34:13.927+0000][1446][safepoint   ] Safepoint "Cleanup", Time since last: 3000343928 ns, Reaching safepoint: 64068 ns, At safepoint: 6046 ns, Total: 70114 ns
[2021-12-27T03:34:14.927+0000][1446][safepoint   ] Safepoint "Cleanup", Time since last: 1000153286 ns, Reaching safepoint: 66344 ns, At safepoint: 5234 ns, Total: 71578 ns
[2021-12-27T03:34:19.928+0000][1446][safepoint   ] Safepoint "Cleanup", Time since last: 5000559406 ns, Reaching safepoint: 58288 ns, At safepoint: 4882 ns, Total: 63170 ns
[2021-12-27T03:34:23.928+0000][1446][safepoint   ] Safepoint "Cleanup", Time since last: 4000413200 ns, Reaching safepoint: 63742 ns, At safepoint: 5318 ns, Total: 69060 ns
[2021-12-27T03:34:27.929+0000][1446][safepoint   ] Safepoint "Cleanup", Time since last: 4000473337 ns, Reaching safepoint: 54318 ns, At safepoint: 4681 ns, Total: 58999 ns
[2021-12-27T03:34:28.929+0000][1446][safepoint   ] Safepoint "Cleanup", Time since last: 1000159657 ns, Reaching safepoint: 59601 ns, At safepoint: 5228 ns, Total: 64829 ns
[2021-12-27T03:34:29.929+0000][1446][safepoint   ] Safepoint "Cleanup", Time since last: 1000162633 ns, Reaching safepoint: 58493 ns, At safepoint: 5741 ns, Total: 64234 ns
[2021-12-27T03:34:30.930+0000][1446][safepoint   ] Safepoint "Cleanup", Time since last: 1000161043 ns, Reaching safepoint: 124767 ns, At safepoint: 6060 ns, Total: 130827 ns
[2021-12-27T03:34:31.930+0000][1446][safepoint   ] Safepoint "Cleanup", Time since last: 1000139185 ns, Reaching safepoint: 73260 ns, At safepoint: 6136 ns, Total: 79396 ns
[2021-12-27T03:34:35.930+0000][1446][safepoint   ] Safepoint "Cleanup", Time since last: 4000455769 ns, Reaching safepoint: 92763 ns, At safepoint: 6073 ns, Total: 98836 ns
[2021-12-27T03:34:43.931+0000][1446][safepoint   ] Safepoint "Cleanup", Time since last: 8000807002 ns, Reaching safepoint: 56365 ns, At safepoint: 5500 ns, Total: 61865 ns
[2021-12-27T03:34:50.932+0000][1446][safepoint   ] Safepoint "Cleanup", Time since last: 7000714888 ns, Reaching safepoint: 69797 ns, At safepoint: 5618 ns, Total: 75415 ns
[2021-12-27T03:34:51.932+0000][1446][safepoint   ] Safepoint "Cleanup", Time since last: 1000168417 ns, Reaching safepoint: 61822 ns, At safepoint: 6008 ns, Total: 67830 ns
[2021-12-27T03:34:57.933+0000][1446][safepoint   ] Safepoint "Cleanup", Time since last: 6000627557 ns, Reaching safepoint: 56047 ns, At safepoint: 6602 ns, Total: 62649 ns
[2021-12-27T03:34:59.027+0000][1446][gc,start    ] GC(27) Pause Young (Normal) (G1 Evacuation Pause)
[2021-12-27T03:34:59.027+0000][1446][gc,task     ] GC(27) Using 2 workers of 2 for evacuation
[2021-12-27T03:34:59.027+0000][1446][gc,age      ] GC(27) Desired survivor size 20971520 bytes, new threshold 15 (max threshold 15)
[2021-12-27T03:34:59.056+0000][1446][gc,age      ] GC(27) Age table with threshold 15 (max threshold 15)
[2021-12-27T03:34:59.056+0000][1446][gc,age      ] GC(27) - age   1:     617152 bytes,     617152 total
[2021-12-27T03:34:59.056+0000][1446][gc,age      ] GC(27) - age   2:     945360 bytes,    1562512 total
[2021-12-27T03:34:59.056+0000][1446][gc,age      ] GC(27) - age   3:     401544 bytes,    1964056 total
[2021-12-27T03:34:59.056+0000][1446][gc,age      ] GC(27) - age   4:      65584 bytes,    2029640 total
[2021-12-27T03:34:59.056+0000][1446][gc,age      ] GC(27) - age   5:     102704 bytes,    2132344 total
[2021-12-27T03:34:59.056+0000][1446][gc,age      ] GC(27) - age   6:    2560400 bytes,    4692744 total
[2021-12-27T03:34:59.056+0000][1446][gc,age      ] GC(27) - age   7:    6634760 bytes,   11327504 total
[2021-12-27T03:34:59.056+0000][1446][gc,age      ] GC(27) - age   8:    4392480 bytes,   15719984 total
[2021-12-27T03:34:59.057+0000][1446][gc,phases   ] GC(27)   Pre Evacuate Collection Set: 0.1ms
[2021-12-27T03:34:59.057+0000][1446][gc,phases   ] GC(27)   Merge Heap Roots: 0.2ms
[2021-12-27T03:34:59.057+0000][1446][gc,phases   ] GC(27)   Evacuate Collection Set: 26.5ms
[2021-12-27T03:34:59.057+0000][1446][gc,phases   ] GC(27)   Post Evacuate Collection Set: 2.5ms
[2021-12-27T03:34:59.057+0000][1446][gc,phases   ] GC(27)   Other: 0.3ms
[2021-12-27T03:34:59.057+0000][1446][gc,heap     ] GC(27) Eden regions: 72->0(72)
[2021-12-27T03:34:59.057+0000][1446][gc,heap     ] GC(27) Survivor regions: 4->4(10)
[2021-12-27T03:34:59.057+0000][1446][gc,heap     ] GC(27) Old regions: 17->17
[2021-12-27T03:34:59.057+0000][1446][gc,heap     ] GC(27) Archive regions: 2->2
[2021-12-27T03:34:59.057+0000][1446][gc,heap     ] GC(27) Humongous regions: 2->2
[2021-12-27T03:34:59.057+0000][1446][gc,metaspace] GC(27) Metaspace: 112559K(114368K)->112559K(114368K) NonClass: 97156K(98240K)->97156K(98240K) Class: 15403K(16128K)->15403K(16128K)
[2021-12-27T03:34:59.057+0000][1446][gc          ] GC(27) Pause Young (Normal) (G1 Evacuation Pause) 380M->93M(512M) 29.589ms
[2021-12-27T03:34:59.057+0000][1446][gc,cpu      ] GC(27) User=0.06s Sys=0.01s Real=0.03s
[2021-12-27T03:34:59.057+0000][1446][safepoint   ] Safepoint "G1CollectForAllocation", Time since last: 1094087905 ns, Reaching safepoint: 42395 ns, At safepoint: 29686520 ns, Total: 29728915 ns
[2021-12-27T03:35:05.057+0000][1446][safepoint   ] Safepoint "Cleanup", Time since last: 6000652135 ns, Reaching safepoint: 63821 ns, At safepoint: 5832 ns, Total: 69653 ns
[2021-12-27T03:35:12.058+0000][1446][safepoint   ] Safepoint "Cleanup", Time since last: 7000875673 ns, Reaching safepoint: 93464 ns, At safepoint: 5816 ns, Total: 99280 ns
[2021-12-27T03:35:43.071+0000][1446][safepoint   ] Safepoint "Cleanup", Time since last: 31012893359 ns, Reaching safepoint: 76529 ns, At safepoint: 5007 ns, Total: 81536 ns
[2021-12-27T03:35:45.076+0000][1446][safepoint   ] Safepoint "Cleanup", Time since last: 2004595950 ns, Reaching safepoint: 58685 ns, At safepoint: 4974 ns, Total: 63659 ns
[2021-12-27T03:35:46.076+0000][1446][safepoint   ] Safepoint "Cleanup", Time since last: 1000163361 ns, Reaching safepoint: 119675 ns, At safepoint: 5837 ns, Total: 125512 ns
[2021-12-27T03:35:49.077+0000][1446][safepoint   ] Safepoint "Cleanup", Time since last: 3000370842 ns, Reaching safepoint: 60130 ns, At safepoint: 5960 ns, Total: 66090 ns
[2021-12-27T03:35:50.077+0000][1446][safepoint   ] Safepoint "Cleanup", Time since last: 1000163683 ns, Reaching safepoint: 91638 ns, At safepoint: 5161 ns, Total: 96799 ns
[2021-12-27T03:35:51.077+0000][1446][safepoint   ] Safepoint "Cleanup", Time since last: 1000154226 ns, Reaching safepoint: 61135 ns, At safepoint: 5391 ns, Total: 66526 ns
[2021-12-27T03:35:52.078+0000][1446][safepoint   ] Safepoint "Cleanup", Time since last: 1000171752 ns, Reaching safepoint: 73722 ns, At safepoint: 5466 ns, Total: 79188 ns
[2021-12-27T03:35:58.078+0000][1446][safepoint   ] Safepoint "Cleanup", Time since last: 6000755088 ns, Reaching safepoint: 68493 ns, At safepoint: 5411 ns, Total: 73904 ns
[2021-12-27T03:35:59.079+0000][1446][safepoint   ] Safepoint "Cleanup", Time since last: 1000160507 ns, Reaching safepoint: 69562 ns, At safepoint: 5600 ns, Total: 75162 ns
[2021-12-27T03:36:00.080+0000][1446][safepoint   ] Safepoint "Cleanup", Time since last: 1000909192 ns, Reaching safepoint: 146724 ns, At safepoint: 8164 ns, Total: 154888 ns
[2021-12-27T03:36:01.081+0000][1446][safepoint   ] Safepoint "Cleanup", Time since last: 1001400166 ns, Reaching safepoint: 227990 ns, At safepoint: 8876 ns, Total: 236866 ns
[2021-12-27T03:36:02.082+0000][1446][safepoint   ] Safepoint "Cleanup", Time since last: 1000123874 ns, Reaching safepoint: 128805 ns, At safepoint: 5513 ns, Total: 134318 ns
[2021-12-27T03:36:02.908+0000][1446][gc,start    ] GC(28) Pause Young (Normal) (G1 Evacuation Pause)
[2021-12-27T03:36:02.908+0000][1446][gc,task     ] GC(28) Using 2 workers of 2 for evacuation
[2021-12-27T03:36:02.908+0000][1446][gc,age      ] GC(28) Desired survivor size 20971520 bytes, new threshold 15 (max threshold 15)
[2021-12-27T03:36:02.941+0000][1446][gc,age      ] GC(28) Age table with threshold 15 (max threshold 15)
[2021-12-27T03:36:02.942+0000][1446][gc,age      ] GC(28) - age   1:    7727280 bytes,    7727280 total
[2021-12-27T03:36:02.942+0000][1446][gc,age      ] GC(28) - age   2:     449656 bytes,    8176936 total
[2021-12-27T03:36:02.942+0000][1446][gc,age      ] GC(28) - age   3:     940576 bytes,    9117512 total
[2021-12-27T03:36:02.942+0000][1446][gc,age      ] GC(28) - age   4:     392936 bytes,    9510448 total
[2021-12-27T03:36:02.942+0000][1446][gc,age      ] GC(28) - age   5:      65584 bytes,    9576032 total
[2021-12-27T03:36:02.942+0000][1446][gc,age      ] GC(28) - age   6:     102176 bytes,    9678208 total
[2021-12-27T03:36:02.942+0000][1446][gc,age      ] GC(28) - age   7:    2559792 bytes,   12238000 total
[2021-12-27T03:36:02.942+0000][1446][gc,age      ] GC(28) - age   8:    6633392 bytes,   18871392 total
[2021-12-27T03:36:02.942+0000][1446][gc,age      ] GC(28) - age   9:    4383600 bytes,   23254992 total
[2021-12-27T03:36:02.942+0000][1446][gc,phases   ] GC(28)   Pre Evacuate Collection Set: 0.1ms
[2021-12-27T03:36:02.942+0000][1446][gc,phases   ] GC(28)   Merge Heap Roots: 0.2ms
[2021-12-27T03:36:02.942+0000][1446][gc,phases   ] GC(28)   Evacuate Collection Set: 30.8ms
[2021-12-27T03:36:02.942+0000][1446][gc,phases   ] GC(28)   Post Evacuate Collection Set: 2.5ms
[2021-12-27T03:36:02.942+0000][1446][gc,phases   ] GC(28)   Other: 0.3ms
[2021-12-27T03:36:02.942+0000][1446][gc,heap     ] GC(28) Eden regions: 72->0(70)
[2021-12-27T03:36:02.942+0000][1446][gc,heap     ] GC(28) Survivor regions: 4->6(10)
[2021-12-27T03:36:02.942+0000][1446][gc,heap     ] GC(28) Old regions: 17->17
[2021-12-27T03:36:02.942+0000][1446][gc,heap     ] GC(28) Archive regions: 2->2
[2021-12-27T03:36:02.942+0000][1446][gc,heap     ] GC(28) Humongous regions: 2->2
[2021-12-27T03:36:02.942+0000][1446][gc,metaspace] GC(28) Metaspace: 113225K(115072K)->113225K(115072K) NonClass: 97810K(98880K)->97810K(98880K) Class: 15414K(16192K)->15414K(16192K)
[2021-12-27T03:36:02.942+0000][1446][gc          ] GC(28) Pause Young (Normal) (G1 Evacuation Pause) 381M->101M(512M) 33.786ms
[2021-12-27T03:36:02.942+0000][1446][gc,cpu      ] GC(28) User=0.07s Sys=0.00s Real=0.04s
[2021-12-27T03:36:02.942+0000][1446][safepoint   ] Safepoint "G1CollectForAllocation", Time since last: 826273172 ns, Reaching safepoint: 112461 ns, At safepoint: 33877401 ns, Total: 33989862 ns
[2021-12-27T03:36:03.942+0000][1446][safepoint   ] Safepoint "Cleanup", Time since last: 1000119382 ns, Reaching safepoint: 205477 ns, At safepoint: 11064 ns, Total: 216541 ns
[2021-12-27T03:36:04.942+0000][1446][safepoint   ] Safepoint "Cleanup", Time since last: 1000172785 ns, Reaching safepoint: 115152 ns, At safepoint: 6099 ns, Total: 121251 ns
[2021-12-27T03:36:05.943+0000][1446][safepoint   ] Safepoint "Cleanup", Time since last: 1000205789 ns, Reaching safepoint: 92396 ns, At safepoint: 10460 ns, Total: 102856 ns
[2021-12-27T03:36:07.943+0000][1446][safepoint   ] Safepoint "Cleanup", Time since last: 2000214529 ns, Reaching safepoint: 53860 ns, At safepoint: 4680 ns, Total: 58540 ns
[2021-12-27T03:36:08.943+0000][1446][safepoint   ] Safepoint "Cleanup", Time since last: 1000132145 ns, Reaching safepoint: 49327 ns, At safepoint: 5460 ns, Total: 54787 ns
[2021-12-27T03:36:10.080+0000][1446][safepoint   ] Safepoint "Cleanup", Time since last: 1136360623 ns, Reaching safepoint: 139618 ns, At safepoint: 6212 ns, Total: 145830 ns
[2021-12-27T03:36:11.080+0000][1446][safepoint   ] Safepoint "Cleanup", Time since last: 1000164968 ns, Reaching safepoint: 77654 ns, At safepoint: 5538 ns, Total: 83192 ns
[2021-12-27T03:36:13.080+0000][1446][safepoint   ] Safepoint "Cleanup", Time since last: 2000234663 ns, Reaching safepoint: 61690 ns, At safepoint: 6064 ns, Total: 67754 ns
[2021-12-27T03:36:14.081+0000][1446][safepoint   ] Safepoint "Cleanup", Time since last: 1000160263 ns, Reaching safepoint: 100790 ns, At safepoint: 6028 ns, Total: 106818 ns
[2021-12-27T03:36:16.081+0000][1446][safepoint   ] Safepoint "Cleanup", Time since last: 2000281653 ns, Reaching safepoint: 68345 ns, At safepoint: 5544 ns, Total: 73889 ns
[2021-12-27T03:36:26.083+0000][1446][safepoint   ] Safepoint "Cleanup", Time since last: 10001609863 ns, Reaching safepoint: 65565 ns, At safepoint: 5218 ns, Total: 70783 ns
[2021-12-27T03:36:36.084+0000][1446][safepoint   ] Safepoint "Cleanup", Time since last: 10001100308 ns, Reaching safepoint: 97281 ns, At safepoint: 10388 ns, Total: 107669 ns
[2021-12-27T03:38:18.095+0000][1446][safepoint   ] Safepoint "Cleanup", Time since last: 102011526806 ns, Reaching safepoint: 91073 ns, At safepoint: 5842 ns, Total: 96915 ns
[2021-12-27T03:38:23.096+0000][1446][safepoint   ] Safepoint "Cleanup", Time since last: 5000629937 ns, Reaching safepoint: 67334 ns, At safepoint: 5387 ns, Total: 72721 ns
[2021-12-27T03:39:52.106+0000][1446][safepoint   ] Safepoint "Cleanup", Time since last: 89009876004 ns, Reaching safepoint: 96457 ns, At safepoint: 4703 ns, Total: 101160 ns
[2021-12-27T03:41:11.115+0000][1446][safepoint   ] Safepoint "Cleanup", Time since last: 79008515194 ns, Reaching safepoint: 111516 ns, At safepoint: 5612 ns, Total: 117128 ns
[2021-12-27T03:41:16.115+0000][1446][safepoint   ] Safepoint "Cleanup", Time since last: 5000548049 ns, Reaching safepoint: 74864 ns, At safepoint: 5337 ns, Total: 80201 ns
[2021-12-27T03:41:20.116+0000][1446][safepoint   ] Safepoint "Cleanup", Time since last: 4000485604 ns, Reaching safepoint: 51971 ns, At safepoint: 5203 ns, Total: 57174 ns
[2021-12-27T03:41:29.371+0000][1446][gc,start    ] GC(29) Pause Young (Normal) (G1 Evacuation Pause)
[2021-12-27T03:41:29.371+0000][1446][gc,task     ] GC(29) Using 2 workers of 2 for evacuation
[2021-12-27T03:41:29.371+0000][1446][gc,age      ] GC(29) Desired survivor size 20971520 bytes, new threshold 9 (max threshold 15)
[2021-12-27T03:41:29.400+0000][1446][gc,age      ] GC(29) Age table with threshold 9 (max threshold 15)
[2021-12-27T03:41:29.400+0000][1446][gc,age      ] GC(29) - age   1:     537584 bytes,     537584 total
[2021-12-27T03:41:29.400+0000][1446][gc,age      ] GC(29) - age   2:     604608 bytes,    1142192 total
[2021-12-27T03:41:29.400+0000][1446][gc,age      ] GC(29) - age   3:      55488 bytes,    1197680 total
[2021-12-27T03:41:29.400+0000][1446][gc,age      ] GC(29) - age   4:     333416 bytes,    1531096 total
[2021-12-27T03:41:29.400+0000][1446][gc,age      ] GC(29) - age   5:     385656 bytes,    1916752 total
[2021-12-27T03:41:29.400+0000][1446][gc,age      ] GC(29) - age   6:      64000 bytes,    1980752 total
[2021-12-27T03:41:29.400+0000][1446][gc,age      ] GC(29) - age   7:      98280 bytes,    2079032 total
[2021-12-27T03:41:29.400+0000][1446][gc,age      ] GC(29) - age   8:    2548440 bytes,    4627472 total
[2021-12-27T03:41:29.400+0000][1446][gc,age      ] GC(29) - age   9:    6631840 bytes,   11259312 total
[2021-12-27T03:41:29.400+0000][1446][gc,phases   ] GC(29)   Pre Evacuate Collection Set: 0.1ms
[2021-12-27T03:41:29.400+0000][1446][gc,phases   ] GC(29)   Merge Heap Roots: 0.1ms
[2021-12-27T03:41:29.400+0000][1446][gc,phases   ] GC(29)   Evacuate Collection Set: 26.7ms
[2021-12-27T03:41:29.400+0000][1446][gc,phases   ] GC(29)   Post Evacuate Collection Set: 2.1ms
[2021-12-27T03:41:29.400+0000][1446][gc,phases   ] GC(29)   Other: 0.3ms
[2021-12-27T03:41:29.400+0000][1446][gc,heap     ] GC(29) Eden regions: 70->0(73)
[2021-12-27T03:41:29.400+0000][1446][gc,heap     ] GC(29) Survivor regions: 6->3(10)
[2021-12-27T03:41:29.400+0000][1446][gc,heap     ] GC(29) Old regions: 17->18
[2021-12-27T03:41:29.400+0000][1446][gc,heap     ] GC(29) Archive regions: 2->2
[2021-12-27T03:41:29.400+0000][1446][gc,heap     ] GC(29) Humongous regions: 2->2
[2021-12-27T03:41:29.400+0000][1446][gc,metaspace] GC(29) Metaspace: 113372K(115200K)->113372K(115200K) NonClass: 97958K(99008K)->97958K(99008K) Class: 15414K(16192K)->15414K(16192K)
[2021-12-27T03:41:29.400+0000][1446][gc          ] GC(29) Pause Young (Normal) (G1 Evacuation Pause) 381M->93M(512M) 29.433ms
[2021-12-27T03:41:29.400+0000][1446][gc,cpu      ] GC(29) User=0.05s Sys=0.00s Real=0.03s
[2021-12-27T03:41:29.400+0000][1446][safepoint   ] Safepoint "G1CollectForAllocation", Time since last: 9254923844 ns, Reaching safepoint: 66001 ns, At safepoint: 29525204 ns, Total: 29591205 ns
[2021-12-27T03:41:38.401+0000][1446][safepoint   ] Safepoint "Cleanup", Time since last: 9001014842 ns, Reaching safepoint: 79827 ns, At safepoint: 5723 ns, Total: 85550 ns
[2021-12-27T03:42:51.410+0000][1446][safepoint   ] Safepoint "Cleanup", Time since last: 73008148345 ns, Reaching safepoint: 87924 ns, At safepoint: 8855 ns, Total: 96779 ns
[2021-12-27T03:43:01.411+0000][1446][safepoint   ] Safepoint "Cleanup", Time since last: 10001121784 ns, Reaching safepoint: 66842 ns, At safepoint: 5468 ns, Total: 72310 ns
[2021-12-27T03:43:45.416+0000][1446][safepoint   ] Safepoint "Cleanup", Time since last: 44004706882 ns, Reaching safepoint: 97820 ns, At safepoint: 5633 ns, Total: 103453 ns
[2021-12-27T03:44:10.419+0000][1446][safepoint   ] Safepoint "Cleanup", Time since last: 25002749269 ns, Reaching safepoint: 83891 ns, At safepoint: 5526 ns, Total: 89417 ns
[2021-12-27T03:45:05.425+0000][1446][safepoint   ] Safepoint "Cleanup", Time since last: 55005916088 ns, Reaching safepoint: 91565 ns, At safepoint: 5955 ns, Total: 97520 ns
[2021-12-27T03:45:55.430+0000][1446][safepoint   ] Safepoint "Cleanup", Time since last: 50005564980 ns, Reaching safepoint: 94715 ns, At safepoint: 5472 ns, Total: 100187 ns
[2021-12-27T03:46:05.431+0000][1446][safepoint   ] Safepoint "Cleanup", Time since last: 10001081868 ns, Reaching safepoint: 83247 ns, At safepoint: 5881 ns, Total: 89128 ns
[2021-12-27T03:46:15.433+0000][1446][safepoint   ] Safepoint "Cleanup", Time since last: 10001247673 ns, Reaching safepoint: 68164 ns, At safepoint: 6126 ns, Total: 74290 ns
[2021-12-27T03:46:35.435+0000][1446][safepoint   ] Safepoint "Cleanup", Time since last: 20002294295 ns, Reaching safepoint: 88096 ns, At safepoint: 5407 ns, Total: 93503 ns
[2021-12-27T03:47:21.441+0000][1446][safepoint   ] Safepoint "Cleanup", Time since last: 46005367138 ns, Reaching safepoint: 97359 ns, At safepoint: 7954 ns, Total: 105313 ns
[2021-12-27T03:48:40.449+0000][1446][safepoint   ] Safepoint "Cleanup", Time since last: 79008391261 ns, Reaching safepoint: 90221 ns, At safepoint: 6210 ns, Total: 96431 ns
[2021-12-27T03:48:44.728+0000][1446][gc,start    ] GC(30) Pause Young (Normal) (G1 Evacuation Pause)
[2021-12-27T03:48:44.728+0000][1446][gc,task     ] GC(30) Using 2 workers of 2 for evacuation
[2021-12-27T03:48:44.728+0000][1446][gc,age      ] GC(30) Desired survivor size 20971520 bytes, new threshold 15 (max threshold 15)
[2021-12-27T03:48:44.750+0000][1446][gc,age      ] GC(30) Age table with threshold 15 (max threshold 15)
[2021-12-27T03:48:44.750+0000][1446][gc,age      ] GC(30) - age   1:      18288 bytes,      18288 total
[2021-12-27T03:48:44.750+0000][1446][gc,age      ] GC(30) - age   2:     525712 bytes,     544000 total
[2021-12-27T03:48:44.750+0000][1446][gc,age      ] GC(30) - age   3:     604608 bytes,    1148608 total
[2021-12-27T03:48:44.750+0000][1446][gc,age      ] GC(30) - age   4:      55072 bytes,    1203680 total
[2021-12-27T03:48:44.750+0000][1446][gc,age      ] GC(30) - age   5:     333416 bytes,    1537096 total
[2021-12-27T03:48:44.750+0000][1446][gc,age      ] GC(30) - age   6:     385656 bytes,    1922752 total
[2021-12-27T03:48:44.750+0000][1446][gc,age      ] GC(30) - age   7:      64000 bytes,    1986752 total
[2021-12-27T03:48:44.750+0000][1446][gc,age      ] GC(30) - age   8:      98280 bytes,    2085032 total
[2021-12-27T03:48:44.750+0000][1446][gc,age      ] GC(30) - age   9:    2548216 bytes,    4633248 total
[2021-12-27T03:48:44.750+0000][1446][gc,age      ] GC(30) - age  10:    6631392 bytes,   11264640 total
[2021-12-27T03:48:44.750+0000][1446][gc,phases   ] GC(30)   Pre Evacuate Collection Set: 0.1ms
[2021-12-27T03:48:44.750+0000][1446][gc,phases   ] GC(30)   Merge Heap Roots: 0.1ms
[2021-12-27T03:48:44.750+0000][1446][gc,phases   ] GC(30)   Evacuate Collection Set: 19.4ms
[2021-12-27T03:48:44.750+0000][1446][gc,phases   ] GC(30)   Post Evacuate Collection Set: 1.7ms
[2021-12-27T03:48:44.750+0000][1446][gc,phases   ] GC(30)   Other: 0.3ms
[2021-12-27T03:48:44.750+0000][1446][gc,heap     ] GC(30) Eden regions: 73->0(73)
[2021-12-27T03:48:44.750+0000][1446][gc,heap     ] GC(30) Survivor regions: 3->3(10)
[2021-12-27T03:48:44.750+0000][1446][gc,heap     ] GC(30) Old regions: 18->18
[2021-12-27T03:48:44.750+0000][1446][gc,heap     ] GC(30) Archive regions: 2->2
[2021-12-27T03:48:44.750+0000][1446][gc,heap     ] GC(30) Humongous regions: 2->2
[2021-12-27T03:48:44.750+0000][1446][gc,metaspace] GC(30) Metaspace: 113390K(115200K)->113390K(115200K) NonClass: 97975K(99008K)->97975K(99008K) Class: 15414K(16192K)->15414K(16192K)
[2021-12-27T03:48:44.750+0000][1446][gc          ] GC(30) Pause Young (Normal) (G1 Evacuation Pause) 385M->93M(512M) 21.713ms
[2021-12-27T03:48:44.750+0000][1446][gc,cpu      ] GC(30) User=0.04s Sys=0.00s Real=0.03s
[2021-12-27T03:48:44.750+0000][1446][safepoint   ] Safepoint "G1CollectForAllocation", Time since last: 4279005838 ns, Reaching safepoint: 41788 ns, At safepoint: 21823178 ns, Total: 21864966 ns
[2021-12-27T03:49:38.756+0000][1446][safepoint   ] Safepoint "Cleanup", Time since last: 54005840840 ns, Reaching safepoint: 94518 ns, At safepoint: 6086 ns, Total: 100604 ns
[2021-12-27T03:49:44.757+0000][1446][safepoint   ] Safepoint "Cleanup", Time since last: 6000716002 ns, Reaching safepoint: 67072 ns, At safepoint: 5196 ns, Total: 72268 ns
[2021-12-27T03:49:48.757+0000][1446][safepoint   ] Safepoint "Cleanup", Time since last: 4000520981 ns, Reaching safepoint: 63005 ns, At safepoint: 5637 ns, Total: 68642 ns
[2021-12-27T03:49:51.758+0000][1446][safepoint   ] Safepoint "Cleanup", Time since last: 3000394546 ns, Reaching safepoint: 61245 ns, At safepoint: 5335 ns, Total: 66580 ns
[2021-12-27T03:51:15.766+0000][1446][safepoint   ] Safepoint "Cleanup", Time since last: 84008455578 ns, Reaching safepoint: 85288 ns, At safepoint: 5707 ns, Total: 90995 ns
[2021-12-27T03:53:02.778+0000][1446][safepoint   ] Safepoint "Cleanup", Time since last: 107011094605 ns, Reaching safepoint: 110088 ns, At safepoint: 6932 ns, Total: 117020 ns
[2021-12-27T03:53:50.783+0000][1446][safepoint   ] Safepoint "Cleanup", Time since last: 48005020438 ns, Reaching safepoint: 85347 ns, At safepoint: 5317 ns, Total: 90664 ns
[2021-12-27T03:56:00.076+0000][1446][gc,start    ] GC(31) Pause Young (Normal) (G1 Evacuation Pause)
[2021-12-27T03:56:00.076+0000][1446][gc,task     ] GC(31) Using 2 workers of 2 for evacuation
[2021-12-27T03:56:00.076+0000][1446][gc,age      ] GC(31) Desired survivor size 20971520 bytes, new threshold 15 (max threshold 15)
[2021-12-27T03:56:00.096+0000][1446][gc,age      ] GC(31) Age table with threshold 15 (max threshold 15)
[2021-12-27T03:56:00.096+0000][1446][gc,age      ] GC(31) - age   1:      11848 bytes,      11848 total
[2021-12-27T03:56:00.096+0000][1446][gc,age      ] GC(31) - age   2:       8032 bytes,      19880 total
[2021-12-27T03:56:00.096+0000][1446][gc,age      ] GC(31) - age   3:     516632 bytes,     536512 total
[2021-12-27T03:56:00.096+0000][1446][gc,age      ] GC(31) - age   4:     591904 bytes,    1128416 total
[2021-12-27T03:56:00.096+0000][1446][gc,age      ] GC(31) - age   5:      46224 bytes,    1174640 total
[2021-12-27T03:56:00.096+0000][1446][gc,age      ] GC(31) - age   6:     300152 bytes,    1474792 total
[2021-12-27T03:56:00.096+0000][1446][gc,age      ] GC(31) - age   7:     385424 bytes,    1860216 total
[2021-12-27T03:56:00.096+0000][1446][gc,age      ] GC(31) - age   8:      64000 bytes,    1924216 total
[2021-12-27T03:56:00.096+0000][1446][gc,age      ] GC(31) - age   9:      89848 bytes,    2014064 total
[2021-12-27T03:56:00.096+0000][1446][gc,age      ] GC(31) - age  10:    2499272 bytes,    4513336 total
[2021-12-27T03:56:00.096+0000][1446][gc,age      ] GC(31) - age  11:    6506296 bytes,   11019632 total
[2021-12-27T03:56:00.096+0000][1446][gc,phases   ] GC(31)   Pre Evacuate Collection Set: 0.1ms
[2021-12-27T03:56:00.096+0000][1446][gc,phases   ] GC(31)   Merge Heap Roots: 0.1ms
[2021-12-27T03:56:00.097+0000][1446][gc,phases   ] GC(31)   Evacuate Collection Set: 18.8ms
[2021-12-27T03:56:00.097+0000][1446][gc,phases   ] GC(31)   Post Evacuate Collection Set: 1.7ms
[2021-12-27T03:56:00.097+0000][1446][gc,phases   ] GC(31)   Other: 0.3ms
[2021-12-27T03:56:00.097+0000][1446][gc,heap     ] GC(31) Eden regions: 73->0(73)
[2021-12-27T03:56:00.097+0000][1446][gc,heap     ] GC(31) Survivor regions: 3->3(10)
[2021-12-27T03:56:00.097+0000][1446][gc,heap     ] GC(31) Old regions: 18->18
[2021-12-27T03:56:00.097+0000][1446][gc,heap     ] GC(31) Archive regions: 2->2
[2021-12-27T03:56:00.097+0000][1446][gc,heap     ] GC(31) Humongous regions: 2->2
[2021-12-27T03:56:00.097+0000][1446][gc,metaspace] GC(31) Metaspace: 113410K(115264K)->113410K(115264K) NonClass: 97995K(99072K)->97995K(99072K) Class: 15414K(16192K)->15414K(16192K)
[2021-12-27T03:56:00.097+0000][1446][gc          ] GC(31) Pause Young (Normal) (G1 Evacuation Pause) 385M->93M(512M) 20.999ms
[2021-12-27T03:56:00.097+0000][1446][gc,cpu      ] GC(31) User=0.04s Sys=0.00s Real=0.02s
[2021-12-27T03:56:00.097+0000][1446][safepoint   ] Safepoint "G1CollectForAllocation", Time since last: 129292888682 ns, Reaching safepoint: 54591 ns, At safepoint: 21094770 ns, Total: 21149361 ns
[2021-12-27T03:56:18.099+0000][1446][safepoint   ] Safepoint "Cleanup", Time since last: 18002184105 ns, Reaching safepoint: 66687 ns, At safepoint: 5634 ns, Total: 72321 ns
[2021-12-27T03:58:18.112+0000][1446][safepoint   ] Safepoint "Cleanup", Time since last: 120013163140 ns, Reaching safepoint: 91407 ns, At safepoint: 5543 ns, Total: 96950 ns
[2021-12-27T03:58:19.112+0000][1446][safepoint   ] Safepoint "Cleanup", Time since last: 1000173268 ns, Reaching safepoint: 57564 ns, At safepoint: 4969 ns, Total: 62533 ns
[2021-12-27T03:58:36.114+0000][1446][safepoint   ] Safepoint "Cleanup", Time since last: 17001862476 ns, Reaching safepoint: 129401 ns, At safepoint: 12631 ns, Total: 142032 ns
[2021-12-27T03:58:45.116+0000][1446][safepoint   ] Safepoint "Cleanup", Time since last: 9001025607 ns, Reaching safepoint: 149658 ns, At safepoint: 10622 ns, Total: 160280 ns
[2021-12-27T04:00:09.125+0000][1446][safepoint   ] Safepoint "Cleanup", Time since last: 84009189467 ns, Reaching safepoint: 90723 ns, At safepoint: 5687 ns, Total: 96410 ns
[2021-12-27T04:01:15.133+0000][1446][safepoint   ] Safepoint "Cleanup", Time since last: 66008025791 ns, Reaching safepoint: 63349 ns, At safepoint: 5663 ns, Total: 69012 ns
[2021-12-27T04:01:33.135+0000][1446][safepoint   ] Safepoint "Cleanup", Time since last: 18002258442 ns, Reaching safepoint: 65986 ns, At safepoint: 6184 ns, Total: 72170 ns
[2021-12-27T04:01:43.137+0000][1446][safepoint   ] Safepoint "Cleanup", Time since last: 10001226454 ns, Reaching safepoint: 104641 ns, At safepoint: 5263 ns, Total: 109904 ns
[2021-12-27T04:01:47.137+0000][1446][safepoint   ] Safepoint "Cleanup", Time since last: 4000450796 ns, Reaching safepoint: 66295 ns, At safepoint: 6091 ns, Total: 72386 ns
[2021-12-27T04:02:29.142+0000][1446][safepoint   ] Safepoint "Cleanup", Time since last: 42004971823 ns, Reaching safepoint: 93495 ns, At safepoint: 5769 ns, Total: 99264 ns
[2021-12-27T04:02:32.143+0000][1446][safepoint   ] Safepoint "Cleanup", Time since last: 3000417561 ns, Reaching safepoint: 69749 ns, At safepoint: 5807 ns, Total: 75556 ns
[2021-12-27T04:02:36.143+0000][1446][safepoint   ] Safepoint "Cleanup", Time since last: 4000468450 ns, Reaching safepoint: 96319 ns, At safepoint: 11217 ns, Total: 107536 ns
[2021-12-27T04:03:15.415+0000][1446][gc,start    ] GC(32) Pause Young (Normal) (G1 Evacuation Pause)
[2021-12-27T04:03:15.415+0000][1446][gc,task     ] GC(32) Using 2 workers of 2 for evacuation
[2021-12-27T04:03:15.415+0000][1446][gc,age      ] GC(32) Desired survivor size 20971520 bytes, new threshold 15 (max threshold 15)
[2021-12-27T04:03:15.438+0000][1446][gc,age      ] GC(32) Age table with threshold 15 (max threshold 15)
[2021-12-27T04:03:15.438+0000][1446][gc,age      ] GC(32) - age   1:      11368 bytes,      11368 total
[2021-12-27T04:03:15.438+0000][1446][gc,age      ] GC(32) - age   2:       1128 bytes,      12496 total
[2021-12-27T04:03:15.438+0000][1446][gc,age      ] GC(32) - age   3:       6464 bytes,      18960 total
[2021-12-27T04:03:15.438+0000][1446][gc,age      ] GC(32) - age   4:     516632 bytes,     535592 total
[2021-12-27T04:03:15.438+0000][1446][gc,age      ] GC(32) - age   5:     591904 bytes,    1127496 total
[2021-12-27T04:03:15.438+0000][1446][gc,age      ] GC(32) - age   6:      46224 bytes,    1173720 total
[2021-12-27T04:03:15.438+0000][1446][gc,age      ] GC(32) - age   7:     300152 bytes,    1473872 total
[2021-12-27T04:03:15.438+0000][1446][gc,age      ] GC(32) - age   8:     385424 bytes,    1859296 total
[2021-12-27T04:03:15.438+0000][1446][gc,age      ] GC(32) - age   9:      64000 bytes,    1923296 total
[2021-12-27T04:03:15.439+0000][1446][gc,age      ] GC(32) - age  10:      89848 bytes,    2013144 total
[2021-12-27T04:03:15.439+0000][1446][gc,age      ] GC(32) - age  11:    2499272 bytes,    4512416 total
[2021-12-27T04:03:15.439+0000][1446][gc,age      ] GC(32) - age  12:    6506296 bytes,   11018712 total
[2021-12-27T04:03:15.439+0000][1446][gc,phases   ] GC(32)   Pre Evacuate Collection Set: 0.1ms
[2021-12-27T04:03:15.439+0000][1446][gc,phases   ] GC(32)   Merge Heap Roots: 0.1ms
[2021-12-27T04:03:15.439+0000][1446][gc,phases   ] GC(32)   Evacuate Collection Set: 20.3ms
[2021-12-27T04:03:15.439+0000][1446][gc,phases   ] GC(32)   Post Evacuate Collection Set: 2.7ms
[2021-12-27T04:03:15.439+0000][1446][gc,phases   ] GC(32)   Other: 0.3ms
[2021-12-27T04:03:15.439+0000][1446][gc,heap     ] GC(32) Eden regions: 73->0(73)
[2021-12-27T04:03:15.439+0000][1446][gc,heap     ] GC(32) Survivor regions: 3->3(10)
[2021-12-27T04:03:15.439+0000][1446][gc,heap     ] GC(32) Old regions: 18->18
[2021-12-27T04:03:15.439+0000][1446][gc,heap     ] GC(32) Archive regions: 2->2
[2021-12-27T04:03:15.439+0000][1446][gc,heap     ] GC(32) Humongous regions: 2->2
[2021-12-27T04:03:15.439+0000][1446][gc,metaspace] GC(32) Metaspace: 113421K(115264K)->113421K(115264K) NonClass: 98007K(99072K)->98007K(99072K) Class: 15414K(16192K)->15414K(16192K)
[2021-12-27T04:03:15.439+0000][1446][gc          ] GC(32) Pause Young (Normal) (G1 Evacuation Pause) 385M->92M(512M) 23.578ms
[2021-12-27T04:03:15.439+0000][1446][gc,cpu      ] GC(32) User=0.04s Sys=0.00s Real=0.02s
[2021-12-27T04:03:15.439+0000][1446][safepoint   ] Safepoint "G1CollectForAllocation", Time since last: 39271672659 ns, Reaching safepoint: 75937 ns, At safepoint: 23666918 ns, Total: 23742855 ns
[2021-12-27T04:05:38.453+0000][1446][safepoint   ] Safepoint "Cleanup", Time since last: 143014597674 ns, Reaching safepoint: 104264 ns, At safepoint: 9961 ns, Total: 114225 ns
[2021-12-27T04:07:13.464+0000][1446][safepoint   ] Safepoint "Cleanup", Time since last: 95010006651 ns, Reaching safepoint: 114632 ns, At safepoint: 6193 ns, Total: 120825 ns
[2021-12-27T04:09:17.477+0000][1446][safepoint   ] Safepoint "Cleanup", Time since last: 124013410794 ns, Reaching safepoint: 90196 ns, At safepoint: 5652 ns, Total: 95848 ns
[2021-12-27T04:10:33.485+0000][1446][safepoint   ] Safepoint "Cleanup", Time since last: 76007885369 ns, Reaching safepoint: 78425 ns, At safepoint: 9753 ns, Total: 88178 ns
[2021-12-27T04:10:34.226+0000][1446][gc,start    ] GC(33) Pause Young (Normal) (G1 Evacuation Pause)
[2021-12-27T04:10:34.226+0000][1446][gc,task     ] GC(33) Using 2 workers of 2 for evacuation
[2021-12-27T04:10:34.226+0000][1446][gc,age      ] GC(33) Desired survivor size 20971520 bytes, new threshold 15 (max threshold 15)
[2021-12-27T04:10:34.255+0000][1446][gc,age      ] GC(33) Age table with threshold 15 (max threshold 15)
[2021-12-27T04:10:34.255+0000][1446][gc,age      ] GC(33) - age   1:      15280 bytes,      15280 total
[2021-12-27T04:10:34.255+0000][1446][gc,age      ] GC(33) - age   2:       1560 bytes,      16840 total
[2021-12-27T04:10:34.255+0000][1446][gc,age      ] GC(33) - age   3:        632 bytes,      17472 total
[2021-12-27T04:10:34.255+0000][1446][gc,age      ] GC(33) - age   4:       6232 bytes,      23704 total
[2021-12-27T04:10:34.255+0000][1446][gc,age      ] GC(33) - age   5:     516632 bytes,     540336 total
[2021-12-27T04:10:34.255+0000][1446][gc,age      ] GC(33) - age   6:     591904 bytes,    1132240 total
[2021-12-27T04:10:34.255+0000][1446][gc,age      ] GC(33) - age   7:      46224 bytes,    1178464 total
[2021-12-27T04:10:34.255+0000][1446][gc,age      ] GC(33) - age   8:     300152 bytes,    1478616 total
[2021-12-27T04:10:34.255+0000][1446][gc,age      ] GC(33) - age   9:     385424 bytes,    1864040 total
[2021-12-27T04:10:34.255+0000][1446][gc,age      ] GC(33) - age  10:      64000 bytes,    1928040 total
[2021-12-27T04:10:34.255+0000][1446][gc,age      ] GC(33) - age  11:      89848 bytes,    2017888 total
[2021-12-27T04:10:34.255+0000][1446][gc,age      ] GC(33) - age  12:    2499272 bytes,    4517160 total
[2021-12-27T04:10:34.255+0000][1446][gc,age      ] GC(33) - age  13:    6506208 bytes,   11023368 total
[2021-12-27T04:10:34.255+0000][1446][gc,phases   ] GC(33)   Pre Evacuate Collection Set: 0.1ms
[2021-12-27T04:10:34.255+0000][1446][gc,phases   ] GC(33)   Merge Heap Roots: 0.1ms
[2021-12-27T04:10:34.255+0000][1446][gc,phases   ] GC(33)   Evacuate Collection Set: 26.9ms
[2021-12-27T04:10:34.255+0000][1446][gc,phases   ] GC(33)   Post Evacuate Collection Set: 2.2ms
[2021-12-27T04:10:34.255+0000][1446][gc,phases   ] GC(33)   Other: 0.3ms
[2021-12-27T04:10:34.255+0000][1446][gc,heap     ] GC(33) Eden regions: 73->0(73)
[2021-12-27T04:10:34.255+0000][1446][gc,heap     ] GC(33) Survivor regions: 3->3(10)
[2021-12-27T04:10:34.255+0000][1446][gc,heap     ] GC(33) Old regions: 18->18
[2021-12-27T04:10:34.255+0000][1446][gc,heap     ] GC(33) Archive regions: 2->2
[2021-12-27T04:10:34.255+0000][1446][gc,heap     ] GC(33) Humongous regions: 2->2
[2021-12-27T04:10:34.255+0000][1446][gc,metaspace] GC(33) Metaspace: 113427K(115264K)->113427K(115264K) NonClass: 98012K(99072K)->98012K(99072K) Class: 15415K(16192K)->15415K(16192K)
[2021-12-27T04:10:34.255+0000][1446][gc          ] GC(33) Pause Young (Normal) (G1 Evacuation Pause) 384M->92M(512M) 29.679ms
[2021-12-27T04:10:34.255+0000][1446][gc,cpu      ] GC(33) User=0.04s Sys=0.00s Real=0.03s
[2021-12-27T04:10:34.255+0000][1446][safepoint   ] Safepoint "G1CollectForAllocation", Time since last: 740453574 ns, Reaching safepoint: 39006 ns, At safepoint: 29774117 ns, Total: 29813123 ns
[2021-12-27T04:13:01.275+0000][1446][safepoint   ] Safepoint "Cleanup", Time since last: 147019515789 ns, Reaching safepoint: 95516 ns, At safepoint: 9865 ns, Total: 105381 ns
[2021-12-27T04:16:05.297+0000][1446][safepoint   ] Safepoint "Cleanup", Time since last: 184021572961 ns, Reaching safepoint: 90837 ns, At safepoint: 6658 ns, Total: 97495 ns
[2021-12-27T04:16:36.313+0000][1446][safepoint   ] Safepoint "Cleanup", Time since last: 31015250620 ns, Reaching safepoint: 648530 ns, At safepoint: 12077 ns, Total: 660607 ns
[2021-12-27T04:16:37.313+0000][1446][safepoint   ] Safepoint "Cleanup", Time since last: 1000173088 ns, Reaching safepoint: 91921 ns, At safepoint: 9059 ns, Total: 100980 ns
[2021-12-27T04:16:39.314+0000][1446][safepoint   ] Safepoint "Cleanup", Time since last: 2000717874 ns, Reaching safepoint: 113598 ns, At safepoint: 6274 ns, Total: 119872 ns
[2021-12-27T04:16:39.425+0000][1446][gc,start    ] GC(34) Pause Young (Normal) (G1 Evacuation Pause)
[2021-12-27T04:16:39.425+0000][1446][gc,task     ] GC(34) Using 2 workers of 2 for evacuation
[2021-12-27T04:16:39.425+0000][1446][gc,age      ] GC(34) Desired survivor size 20971520 bytes, new threshold 15 (max threshold 15)
[2021-12-27T04:16:39.451+0000][1446][gc,age      ] GC(34) Age table with threshold 15 (max threshold 15)
[2021-12-27T04:16:39.451+0000][1446][gc,age      ] GC(34) - age   1:     274344 bytes,     274344 total
[2021-12-27T04:16:39.451+0000][1446][gc,age      ] GC(34) - age   2:       2392 bytes,     276736 total
[2021-12-27T04:16:39.451+0000][1446][gc,age      ] GC(34) - age   3:        864 bytes,     277600 total
[2021-12-27T04:16:39.451+0000][1446][gc,age      ] GC(34) - age   4:        632 bytes,     278232 total
[2021-12-27T04:16:39.451+0000][1446][gc,age      ] GC(34) - age   5:       6232 bytes,     284464 total
[2021-12-27T04:16:39.451+0000][1446][gc,age      ] GC(34) - age   6:     482648 bytes,     767112 total
[2021-12-27T04:16:39.451+0000][1446][gc,age      ] GC(34) - age   7:     561208 bytes,    1328320 total
[2021-12-27T04:16:39.451+0000][1446][gc,age      ] GC(34) - age   8:      46160 bytes,    1374480 total
[2021-12-27T04:16:39.451+0000][1446][gc,age      ] GC(34) - age   9:     300008 bytes,    1674488 total
[2021-12-27T04:16:39.451+0000][1446][gc,age      ] GC(34) - age  10:     385424 bytes,    2059912 total
[2021-12-27T04:16:39.451+0000][1446][gc,age      ] GC(34) - age  11:      64000 bytes,    2123912 total
[2021-12-27T04:16:39.451+0000][1446][gc,age      ] GC(34) - age  12:      89848 bytes,    2213760 total
[2021-12-27T04:16:39.451+0000][1446][gc,age      ] GC(34) - age  13:    2499232 bytes,    4712992 total
[2021-12-27T04:16:39.451+0000][1446][gc,age      ] GC(34) - age  14:    6505848 bytes,   11218840 total
[2021-12-27T04:16:39.451+0000][1446][gc,phases   ] GC(34)   Pre Evacuate Collection Set: 0.1ms
[2021-12-27T04:16:39.451+0000][1446][gc,phases   ] GC(34)   Merge Heap Roots: 0.1ms
[2021-12-27T04:16:39.451+0000][1446][gc,phases   ] GC(34)   Evacuate Collection Set: 24.4ms
[2021-12-27T04:16:39.451+0000][1446][gc,phases   ] GC(34)   Post Evacuate Collection Set: 1.9ms
[2021-12-27T04:16:39.451+0000][1446][gc,phases   ] GC(34)   Other: 0.3ms
[2021-12-27T04:16:39.451+0000][1446][gc,heap     ] GC(34) Eden regions: 73->0(73)
[2021-12-27T04:16:39.451+0000][1446][gc,heap     ] GC(34) Survivor regions: 3->3(10)
[2021-12-27T04:16:39.451+0000][1446][gc,heap     ] GC(34) Old regions: 18->18
[2021-12-27T04:16:39.451+0000][1446][gc,heap     ] GC(34) Archive regions: 2->2
[2021-12-27T04:16:39.451+0000][1446][gc,heap     ] GC(34) Humongous regions: 2->2
[2021-12-27T04:16:39.451+0000][1446][gc,metaspace] GC(34) Metaspace: 113468K(115264K)->113468K(115264K) NonClass: 98053K(99072K)->98053K(99072K) Class: 15415K(16192K)->15415K(16192K)
[2021-12-27T04:16:39.451+0000][1446][gc          ] GC(34) Pause Young (Normal) (G1 Evacuation Pause) 384M->93M(512M) 26.744ms
[2021-12-27T04:16:39.451+0000][1446][gc,cpu      ] GC(34) User=0.05s Sys=0.00s Real=0.03s
[2021-12-27T04:16:39.451+0000][1446][safepoint   ] Safepoint "G1CollectForAllocation", Time since last: 110916480 ns, Reaching safepoint: 85957 ns, At safepoint: 26846566 ns, Total: 26932523 ns
[2021-12-27T04:16:40.452+0000][1446][safepoint   ] Safepoint "Cleanup", Time since last: 1000130537 ns, Reaching safepoint: 50538 ns, At safepoint: 4659 ns, Total: 55197 ns
[2021-12-27T04:16:43.464+0000][1446][safepoint   ] Safepoint "Cleanup", Time since last: 3011940556 ns, Reaching safepoint: 64647 ns, At safepoint: 5456 ns, Total: 70103 ns
[2021-12-27T04:16:44.464+0000][1446][safepoint   ] Safepoint "Cleanup", Time since last: 1000185749 ns, Reaching safepoint: 86488 ns, At safepoint: 6505 ns, Total: 92993 ns
[2021-12-27T04:16:45.464+0000][1446][safepoint   ] Safepoint "Cleanup", Time since last: 1000172142 ns, Reaching safepoint: 60609 ns, At safepoint: 4421 ns, Total: 65030 ns
[2021-12-27T04:16:47.465+0000][1446][safepoint   ] Safepoint "Cleanup", Time since last: 2000236348 ns, Reaching safepoint: 99356 ns, At safepoint: 7394 ns, Total: 106750 ns
[2021-12-27T04:16:48.465+0000][1446][safepoint   ] Safepoint "Cleanup", Time since last: 1000146607 ns, Reaching safepoint: 76653 ns, At safepoint: 5849 ns, Total: 82502 ns
[2021-12-27T04:16:50.465+0000][1446][safepoint   ] Safepoint "Cleanup", Time since last: 2000324243 ns, Reaching safepoint: 54115 ns, At safepoint: 5502 ns, Total: 59617 ns
[2021-12-27T04:16:53.466+0000][1446][safepoint   ] Safepoint "Cleanup", Time since last: 3000357487 ns, Reaching safepoint: 51196 ns, At safepoint: 5713 ns, Total: 56909 ns
[2021-12-27T04:16:56.466+0000][1446][safepoint   ] Safepoint "Cleanup", Time since last: 3000390139 ns, Reaching safepoint: 52971 ns, At safepoint: 5694 ns, Total: 58665 ns
[2021-12-27T04:16:58.466+0000][1446][safepoint   ] Safepoint "Cleanup", Time since last: 2000270539 ns, Reaching safepoint: 99645 ns, At safepoint: 6427 ns, Total: 106072 ns
[2021-12-27T04:16:59.467+0000][1446][safepoint   ] Safepoint "Cleanup", Time since last: 1000148148 ns, Reaching safepoint: 95381 ns, At safepoint: 6324 ns, Total: 101705 ns
[2021-12-27T04:17:06.467+0000][1446][safepoint   ] Safepoint "Cleanup", Time since last: 7000725299 ns, Reaching safepoint: 61070 ns, At safepoint: 5515 ns, Total: 66585 ns
[2021-12-27T04:17:14.472+0000][1446][safepoint   ] Safepoint "Cleanup", Time since last: 8004075786 ns, Reaching safepoint: 78152 ns, At safepoint: 5721 ns, Total: 83873 ns
[2021-12-27T04:17:17.472+0000][1446][safepoint   ] Safepoint "Cleanup", Time since last: 3000364968 ns, Reaching safepoint: 60306 ns, At safepoint: 5016 ns, Total: 65322 ns
[2021-12-27T04:17:23.473+0000][1446][safepoint   ] Safepoint "Cleanup", Time since last: 6000602848 ns, Reaching safepoint: 67091 ns, At safepoint: 6109 ns, Total: 73200 ns
[2021-12-27T04:17:29.473+0000][1446][safepoint   ] Safepoint "Cleanup", Time since last: 6000618931 ns, Reaching safepoint: 67062 ns, At safepoint: 5016 ns, Total: 72078 ns
[2021-12-27T04:17:30.474+0000][1446][safepoint   ] Safepoint "Cleanup", Time since last: 1000176460 ns, Reaching safepoint: 85582 ns, At safepoint: 5066 ns, Total: 90648 ns
[2021-12-27T04:17:38.475+0000][1446][safepoint   ] Safepoint "Cleanup", Time since last: 8000769479 ns, Reaching safepoint: 115062 ns, At safepoint: 5826 ns, Total: 120888 ns
[2021-12-27T04:17:44.475+0000][1446][safepoint   ] Safepoint "Cleanup", Time since last: 6000596738 ns, Reaching safepoint: 96007 ns, At safepoint: 6746 ns, Total: 102753 ns
[2021-12-27T04:17:47.476+0000][1446][safepoint   ] Safepoint "Cleanup", Time since last: 3000354733 ns, Reaching safepoint: 66618 ns, At safepoint: 5468 ns, Total: 72086 ns
[2021-12-27T04:17:50.476+0000][1446][safepoint   ] Safepoint "Cleanup", Time since last: 3000331741 ns, Reaching safepoint: 55177 ns, At safepoint: 4683 ns, Total: 59860 ns
[2021-12-27T04:17:56.477+0000][1446][safepoint   ] Safepoint "Cleanup", Time since last: 6000649794 ns, Reaching safepoint: 62903 ns, At safepoint: 5173 ns, Total: 68076 ns
[2021-12-27T04:17:59.477+0000][1446][safepoint   ] Safepoint "Cleanup", Time since last: 3000351438 ns, Reaching safepoint: 64396 ns, At safepoint: 5466 ns, Total: 69862 ns
[2021-12-27T04:18:07.478+0000][1446][safepoint   ] Safepoint "Cleanup", Time since last: 8000889842 ns, Reaching safepoint: 105456 ns, At safepoint: 10621 ns, Total: 116077 ns
[2021-12-27T04:18:08.478+0000][1446][safepoint   ] Safepoint "Cleanup", Time since last: 1000177760 ns, Reaching safepoint: 67960 ns, At safepoint: 5966 ns, Total: 73926 ns
[2021-12-27T04:18:11.479+0000][1446][safepoint   ] Safepoint "Cleanup", Time since last: 3000371336 ns, Reaching safepoint: 65565 ns, At safepoint: 5238 ns, Total: 70803 ns
[2021-12-27T04:18:22.480+0000][1446][safepoint   ] Safepoint "Cleanup", Time since last: 11001153053 ns, Reaching safepoint: 90533 ns, At safepoint: 5242 ns, Total: 95775 ns
[2021-12-27T04:18:26.481+0000][1446][safepoint   ] Safepoint "Cleanup", Time since last: 4000373015 ns, Reaching safepoint: 72141 ns, At safepoint: 6645 ns, Total: 78786 ns
[2021-12-27T04:18:27.481+0000][1446][safepoint   ] Safepoint "Cleanup", Time since last: 1000160976 ns, Reaching safepoint: 66336 ns, At safepoint: 5955 ns, Total: 72291 ns
[2021-12-27T04:18:29.481+0000][1446][safepoint   ] Safepoint "Cleanup", Time since last: 2000252229 ns, Reaching safepoint: 80553 ns, At safepoint: 5389 ns, Total: 85942 ns
[2021-12-27T04:18:34.482+0000][1446][safepoint   ] Safepoint "Cleanup", Time since last: 5000537358 ns, Reaching safepoint: 65685 ns, At safepoint: 5438 ns, Total: 71123 ns
[2021-12-27T04:18:35.482+0000][1446][safepoint   ] Safepoint "Cleanup", Time since last: 1000158931 ns, Reaching safepoint: 66528 ns, At safepoint: 5619 ns, Total: 72147 ns
[2021-12-27T04:18:36.482+0000][1446][safepoint   ] Safepoint "Cleanup", Time since last: 1000146572 ns, Reaching safepoint: 59301 ns, At safepoint: 5581 ns, Total: 64882 ns
[2021-12-27T04:18:37.482+0000][1446][safepoint   ] Safepoint "Cleanup", Time since last: 1000169477 ns, Reaching safepoint: 83806 ns, At safepoint: 5393 ns, Total: 89199 ns
[2021-12-27T04:18:47.484+0000][1446][safepoint   ] Safepoint "Cleanup", Time since last: 10001065255 ns, Reaching safepoint: 88800 ns, At safepoint: 9172 ns, Total: 97972 ns
[2021-12-27T04:20:06.324+0000][1446][gc,start    ] GC(35) Pause Young (Normal) (G1 Evacuation Pause)
[2021-12-27T04:20:06.324+0000][1446][gc,task     ] GC(35) Using 2 workers of 2 for evacuation
[2021-12-27T04:20:06.324+0000][1446][gc,age      ] GC(35) Desired survivor size 20971520 bytes, new threshold 15 (max threshold 15)
[2021-12-27T04:20:06.346+0000][1446][gc,age      ] GC(35) Age table with threshold 15 (max threshold 15)
[2021-12-27T04:20:06.346+0000][1446][gc,age      ] GC(35) - age   1:     895016 bytes,     895016 total
[2021-12-27T04:20:06.346+0000][1446][gc,age      ] GC(35) - age   2:     173896 bytes,    1068912 total
[2021-12-27T04:20:06.346+0000][1446][gc,age      ] GC(35) - age   3:        776 bytes,    1069688 total
[2021-12-27T04:20:06.346+0000][1446][gc,age      ] GC(35) - age   4:        680 bytes,    1070368 total
[2021-12-27T04:20:06.346+0000][1446][gc,age      ] GC(35) - age   5:        632 bytes,    1071000 total
[2021-12-27T04:20:06.346+0000][1446][gc,age      ] GC(35) - age   6:       6168 bytes,    1077168 total
[2021-12-27T04:20:06.346+0000][1446][gc,age      ] GC(35) - age   7:     161616 bytes,    1238784 total
[2021-12-27T04:20:06.346+0000][1446][gc,age      ] GC(35) - age   8:     375424 bytes,    1614208 total
[2021-12-27T04:20:06.346+0000][1446][gc,age      ] GC(35) - age   9:      45704 bytes,    1659912 total
[2021-12-27T04:20:06.346+0000][1446][gc,age      ] GC(35) - age  10:     299896 bytes,    1959808 total
[2021-12-27T04:20:06.346+0000][1446][gc,age      ] GC(35) - age  11:     385424 bytes,    2345232 total
[2021-12-27T04:20:06.346+0000][1446][gc,age      ] GC(35) - age  12:      64000 bytes,    2409232 total
[2021-12-27T04:20:06.346+0000][1446][gc,age      ] GC(35) - age  13:      89848 bytes,    2499080 total
[2021-12-27T04:20:06.346+0000][1446][gc,age      ] GC(35) - age  14:    2499192 bytes,    4998272 total
[2021-12-27T04:20:06.346+0000][1446][gc,age      ] GC(35) - age  15:    6505608 bytes,   11503880 total
[2021-12-27T04:20:06.346+0000][1446][gc,phases   ] GC(35)   Pre Evacuate Collection Set: 0.1ms
[2021-12-27T04:20:06.346+0000][1446][gc,phases   ] GC(35)   Merge Heap Roots: 0.1ms
[2021-12-27T04:20:06.346+0000][1446][gc,phases   ] GC(35)   Evacuate Collection Set: 20.1ms
[2021-12-27T04:20:06.346+0000][1446][gc,phases   ] GC(35)   Post Evacuate Collection Set: 2.0ms
[2021-12-27T04:20:06.346+0000][1446][gc,phases   ] GC(35)   Other: 0.3ms
[2021-12-27T04:20:06.346+0000][1446][gc,heap     ] GC(35) Eden regions: 73->0(73)
[2021-12-27T04:20:06.346+0000][1446][gc,heap     ] GC(35) Survivor regions: 3->3(10)
[2021-12-27T04:20:06.346+0000][1446][gc,heap     ] GC(35) Old regions: 18->18
[2021-12-27T04:20:06.346+0000][1446][gc,heap     ] GC(35) Archive regions: 2->2
[2021-12-27T04:20:06.346+0000][1446][gc,heap     ] GC(35) Humongous regions: 2->2
[2021-12-27T04:20:06.346+0000][1446][gc,metaspace] GC(35) Metaspace: 113592K(115456K)->113592K(115456K) NonClass: 98176K(99264K)->98176K(99264K) Class: 15415K(16192K)->15415K(16192K)
[2021-12-27T04:20:06.346+0000][1446][gc          ] GC(35) Pause Young (Normal) (G1 Evacuation Pause) 385M->93M(512M) 22.708ms
[2021-12-27T04:20:06.346+0000][1446][gc,cpu      ] GC(35) User=0.04s Sys=0.00s Real=0.02s
[2021-12-27T04:20:06.347+0000][1446][safepoint   ] Safepoint "G1CollectForAllocation", Time since last: 78839984762 ns, Reaching safepoint: 71773 ns, At safepoint: 22814458 ns, Total: 22886231 ns
[2021-12-27T04:20:36.350+0000][1446][safepoint   ] Safepoint "Cleanup", Time since last: 30003390831 ns, Reaching safepoint: 96175 ns, At safepoint: 6392 ns, Total: 102567 ns
[2021-12-27T04:20:58.359+0000][1446][safepoint   ] Safepoint "Cleanup", Time since last: 22008816007 ns, Reaching safepoint: 77754 ns, At safepoint: 4907 ns, Total: 82661 ns
[2021-12-27T04:21:01.359+0000][1446][safepoint   ] Safepoint "Cleanup", Time since last: 3000382190 ns, Reaching safepoint: 80883 ns, At safepoint: 5522 ns, Total: 86405 ns
[2021-12-27T04:21:06.368+0000][1446][safepoint   ] Safepoint "Cleanup", Time since last: 5007985753 ns, Reaching safepoint: 1010174 ns, At safepoint: 14955 ns, Total: 1025129 ns
[2021-12-27T04:21:07.369+0000][1446][safepoint   ] Safepoint "Cleanup", Time since last: 1000144392 ns, Reaching safepoint: 102745 ns, At safepoint: 8416 ns, Total: 111161 ns
[2021-12-27T04:21:30.377+0000][1446][safepoint   ] Safepoint "Cleanup", Time since last: 23008364656 ns, Reaching safepoint: 93687 ns, At safepoint: 4979 ns, Total: 98666 ns
[2021-12-27T04:23:36.390+0000][1446][safepoint   ] Safepoint "Cleanup", Time since last: 126012966513 ns, Reaching safepoint: 95519 ns, At safepoint: 10556 ns, Total: 106075 ns
[2021-12-27T04:25:20.405+0000][1446][safepoint   ] Safepoint "Cleanup", Time since last: 104014444514 ns, Reaching safepoint: 88063 ns, At safepoint: 11108 ns, Total: 99171 ns
[2021-12-27T04:25:22.769+0000][1446][gc,start    ] GC(36) Pause Young (Normal) (G1 Evacuation Pause)
[2021-12-27T04:25:22.769+0000][1446][gc,task     ] GC(36) Using 2 workers of 2 for evacuation
[2021-12-27T04:25:22.769+0000][1446][gc,age      ] GC(36) Desired survivor size 20971520 bytes, new threshold 15 (max threshold 15)
[2021-12-27T04:25:22.800+0000][1446][gc,age      ] GC(36) Age table with threshold 15 (max threshold 15)
[2021-12-27T04:25:22.800+0000][1446][gc,age      ] GC(36) - age   1:     554888 bytes,     554888 total
[2021-12-27T04:25:22.800+0000][1446][gc,age      ] GC(36) - age   2:     742384 bytes,    1297272 total
[2021-12-27T04:25:22.800+0000][1446][gc,age      ] GC(36) - age   3:     173568 bytes,    1470840 total
[2021-12-27T04:25:22.800+0000][1446][gc,age      ] GC(36) - age   4:        776 bytes,    1471616 total
[2021-12-27T04:25:22.800+0000][1446][gc,age      ] GC(36) - age   5:        680 bytes,    1472296 total
[2021-12-27T04:25:22.800+0000][1446][gc,age      ] GC(36) - age   6:        632 bytes,    1472928 total
[2021-12-27T04:25:22.800+0000][1446][gc,age      ] GC(36) - age   7:       6032 bytes,    1478960 total
[2021-12-27T04:25:22.800+0000][1446][gc,age      ] GC(36) - age   8:     161584 bytes,    1640544 total
[2021-12-27T04:25:22.800+0000][1446][gc,age      ] GC(36) - age   9:     375232 bytes,    2015776 total
[2021-12-27T04:25:22.800+0000][1446][gc,age      ] GC(36) - age  10:      45640 bytes,    2061416 total
[2021-12-27T04:25:22.800+0000][1446][gc,age      ] GC(36) - age  11:     299776 bytes,    2361192 total
[2021-12-27T04:25:22.800+0000][1446][gc,age      ] GC(36) - age  12:     385424 bytes,    2746616 total
[2021-12-27T04:25:22.800+0000][1446][gc,age      ] GC(36) - age  13:      64000 bytes,    2810616 total
[2021-12-27T04:25:22.800+0000][1446][gc,age      ] GC(36) - age  14:      89848 bytes,    2900464 total
[2021-12-27T04:25:22.800+0000][1446][gc,age      ] GC(36) - age  15:    2499192 bytes,    5399656 total
[2021-12-27T04:25:22.800+0000][1446][gc,phases   ] GC(36)   Pre Evacuate Collection Set: 0.1ms
[2021-12-27T04:25:22.801+0000][1446][gc,phases   ] GC(36)   Merge Heap Roots: 0.1ms
[2021-12-27T04:25:22.801+0000][1446][gc,phases   ] GC(36)   Evacuate Collection Set: 29.6ms
[2021-12-27T04:25:22.801+0000][1446][gc,phases   ] GC(36)   Post Evacuate Collection Set: 1.8ms
[2021-12-27T04:25:22.801+0000][1446][gc,phases   ] GC(36)   Other: 0.3ms
[2021-12-27T04:25:22.801+0000][1446][gc,heap     ] GC(36) Eden regions: 73->0(74)
[2021-12-27T04:25:22.801+0000][1446][gc,heap     ] GC(36) Survivor regions: 3->2(10)
[2021-12-27T04:25:22.801+0000][1446][gc,heap     ] GC(36) Old regions: 18->19
[2021-12-27T04:25:22.801+0000][1446][gc,heap     ] GC(36) Archive regions: 2->2
[2021-12-27T04:25:22.801+0000][1446][gc,heap     ] GC(36) Humongous regions: 2->2
[2021-12-27T04:25:22.801+0000][1446][gc,metaspace] GC(36) Metaspace: 113650K(115520K)->113650K(115520K) NonClass: 98233K(99328K)->98233K(99328K) Class: 15416K(16192K)->15416K(16192K)
[2021-12-27T04:25:22.801+0000][1446][gc          ] GC(36) Pause Young (Normal) (G1 Evacuation Pause) 385M->94M(512M) 31.982ms
[2021-12-27T04:25:22.801+0000][1446][gc,cpu      ] GC(36) User=0.05s Sys=0.00s Real=0.04s
[2021-12-27T04:25:22.801+0000][1446][safepoint   ] Safepoint "G1CollectForAllocation", Time since last: 2363781092 ns, Reaching safepoint: 68018 ns, At safepoint: 32073630 ns, Total: 32141648 ns
[2021-12-27T04:25:23.801+0000][1446][safepoint   ] Safepoint "Cleanup", Time since last: 1000154033 ns, Reaching safepoint: 111304 ns, At safepoint: 5679 ns, Total: 116983 ns
[2021-12-27T04:25:26.801+0000][1446][safepoint   ] Safepoint "Cleanup", Time since last: 3000363205 ns, Reaching safepoint: 52940 ns, At safepoint: 5067 ns, Total: 58007 ns
[2021-12-27T04:25:27.809+0000][1446][safepoint   ] Safepoint "Cleanup", Time since last: 1007169761 ns, Reaching safepoint: 136939 ns, At safepoint: 6494 ns, Total: 143433 ns
[2021-12-27T04:25:28.809+0000][1446][safepoint   ] Safepoint "Cleanup", Time since last: 1000163326 ns, Reaching safepoint: 253883 ns, At safepoint: 11545 ns, Total: 265428 ns
[2021-12-27T04:25:29.809+0000][1446][safepoint   ] Safepoint "Cleanup", Time since last: 1000159410 ns, Reaching safepoint: 64025 ns, At safepoint: 5995 ns, Total: 70020 ns
[2021-12-27T04:25:30.810+0000][1446][safepoint   ] Safepoint "Cleanup", Time since last: 1000172980 ns, Reaching safepoint: 83073 ns, At safepoint: 6969 ns, Total: 90042 ns
[2021-12-27T04:25:35.810+0000][1446][safepoint   ] Safepoint "Cleanup", Time since last: 5000546699 ns, Reaching safepoint: 104288 ns, At safepoint: 6491 ns, Total: 110779 ns
[2021-12-27T04:25:44.813+0000][1446][safepoint   ] Safepoint "Cleanup", Time since last: 9002372942 ns, Reaching safepoint: 85468 ns, At safepoint: 5235 ns, Total: 90703 ns
[2021-12-27T04:25:47.813+0000][1446][safepoint   ] Safepoint "Cleanup", Time since last: 3000397778 ns, Reaching safepoint: 50162 ns, At safepoint: 4613 ns, Total: 54775 ns
[2021-12-27T04:25:50.814+0000][1446][safepoint   ] Safepoint "Cleanup", Time since last: 3000302737 ns, Reaching safepoint: 72810 ns, At safepoint: 5394 ns, Total: 78204 ns
[2021-12-27T04:25:51.814+0000][1446][safepoint   ] Safepoint "Cleanup", Time since last: 1000138618 ns, Reaching safepoint: 53086 ns, At safepoint: 4105 ns, Total: 57191 ns
[2021-12-27T04:25:53.589+0000][1446][safepoint   ] Safepoint "Cleanup", Time since last: 1775221384 ns, Reaching safepoint: 159214 ns, At safepoint: 5776 ns, Total: 164990 ns
[2021-12-27T04:25:54.589+0000][1446][safepoint   ] Safepoint "Cleanup", Time since last: 1000143183 ns, Reaching safepoint: 49726 ns, At safepoint: 4816 ns, Total: 54542 ns
[2021-12-27T04:25:57.139+0000][1446][safepoint   ] Safepoint "Cleanup", Time since last: 2549176790 ns, Reaching safepoint: 107465 ns, At safepoint: 6219 ns, Total: 113684 ns
[2021-12-27T04:26:00.139+0000][1446][safepoint   ] Safepoint "Cleanup", Time since last: 3000410591 ns, Reaching safepoint: 73025 ns, At safepoint: 5745 ns, Total: 78770 ns
[2021-12-27T04:26:03.140+0000][1446][safepoint   ] Safepoint "Cleanup", Time since last: 3000401682 ns, Reaching safepoint: 70776 ns, At safepoint: 5896 ns, Total: 76672 ns
[2021-12-27T04:26:06.140+0000][1446][safepoint   ] Safepoint "Cleanup", Time since last: 3000378821 ns, Reaching safepoint: 80125 ns, At safepoint: 6568 ns, Total: 86693 ns
[2021-12-27T04:26:08.140+0000][1446][safepoint   ] Safepoint "Cleanup", Time since last: 2000268090 ns, Reaching safepoint: 68424 ns, At safepoint: 5032 ns, Total: 73456 ns
[2021-12-27T04:26:09.141+0000][1446][safepoint   ] Safepoint "Cleanup", Time since last: 1000156055 ns, Reaching safepoint: 106574 ns, At safepoint: 6288 ns, Total: 112862 ns
[2021-12-27T04:26:10.141+0000][1446][safepoint   ] Safepoint "Cleanup", Time since last: 1000179553 ns, Reaching safepoint: 63468 ns, At safepoint: 5341 ns, Total: 68809 ns
[2021-12-27T04:26:12.141+0000][1446][safepoint   ] Safepoint "Cleanup", Time since last: 2000301044 ns, Reaching safepoint: 72076 ns, At safepoint: 4912 ns, Total: 76988 ns
[2021-12-27T04:26:15.142+0000][1446][safepoint   ] Safepoint "Cleanup", Time since last: 3000438566 ns, Reaching safepoint: 88124 ns, At safepoint: 5791 ns, Total: 93915 ns
[2021-12-27T04:26:17.142+0000][1446][safepoint   ] Safepoint "Cleanup", Time since last: 2000248135 ns, Reaching safepoint: 114079 ns, At safepoint: 5798 ns, Total: 119877 ns
[2021-12-27T04:26:18.142+0000][1446][safepoint   ] Safepoint "Cleanup", Time since last: 1000181786 ns, Reaching safepoint: 78442 ns, At safepoint: 6778 ns, Total: 85220 ns
[2021-12-27T04:26:19.143+0000][1446][safepoint   ] Safepoint "Cleanup", Time since last: 1000178059 ns, Reaching safepoint: 87740 ns, At safepoint: 4971 ns, Total: 92711 ns
[2021-12-27T04:26:24.143+0000][1446][safepoint   ] Safepoint "Cleanup", Time since last: 5000594035 ns, Reaching safepoint: 77746 ns, At safepoint: 6868 ns, Total: 84614 ns
[2021-12-27T04:26:25.144+0000][1446][safepoint   ] Safepoint "Cleanup", Time since last: 1000172411 ns, Reaching safepoint: 149547 ns, At safepoint: 5940 ns, Total: 155487 ns
[2021-12-27T04:26:27.144+0000][1446][safepoint   ] Safepoint "Cleanup", Time since last: 2000235443 ns, Reaching safepoint: 65859 ns, At safepoint: 5315 ns, Total: 71174 ns
[2021-12-27T04:26:37.145+0000][1446][safepoint   ] Safepoint "Cleanup", Time since last: 10001059986 ns, Reaching safepoint: 74511 ns, At safepoint: 5511 ns, Total: 80022 ns
[2021-12-27T04:26:39.146+0000][1446][safepoint   ] Safepoint "Cleanup", Time since last: 2000279872 ns, Reaching safepoint: 74778 ns, At safepoint: 5243 ns, Total: 80021 ns
[2021-12-27T04:26:53.304+0000][1446][gc,start    ] GC(37) Pause Young (Normal) (G1 Evacuation Pause)
[2021-12-27T04:26:53.304+0000][1446][gc,task     ] GC(37) Using 2 workers of 2 for evacuation
[2021-12-27T04:26:53.304+0000][1446][gc,age      ] GC(37) Desired survivor size 20971520 bytes, new threshold 15 (max threshold 15)
[2021-12-27T04:26:53.322+0000][1446][gc,age      ] GC(37) Age table with threshold 15 (max threshold 15)
[2021-12-27T04:26:53.322+0000][1446][gc,age      ] GC(37) - age   1:    1119144 bytes,    1119144 total
[2021-12-27T04:26:53.322+0000][1446][gc,age      ] GC(37) - age   2:      56104 bytes,    1175248 total
[2021-12-27T04:26:53.322+0000][1446][gc,age      ] GC(37) - age   3:     338264 bytes,    1513512 total
[2021-12-27T04:26:53.322+0000][1446][gc,age      ] GC(37) - age   4:      80152 bytes,    1593664 total
[2021-12-27T04:26:53.322+0000][1446][gc,age      ] GC(37) - age   5:        680 bytes,    1594344 total
[2021-12-27T04:26:53.322+0000][1446][gc,age      ] GC(37) - age   6:        680 bytes,    1595024 total
[2021-12-27T04:26:53.322+0000][1446][gc,age      ] GC(37) - age   7:        632 bytes,    1595656 total
[2021-12-27T04:26:53.322+0000][1446][gc,age      ] GC(37) - age   8:       6032 bytes,    1601688 total
[2021-12-27T04:26:53.322+0000][1446][gc,age      ] GC(37) - age   9:     161448 bytes,    1763136 total
[2021-12-27T04:26:53.322+0000][1446][gc,age      ] GC(37) - age  10:     374848 bytes,    2137984 total
[2021-12-27T04:26:53.322+0000][1446][gc,age      ] GC(37) - age  11:      45544 bytes,    2183528 total
[2021-12-27T04:26:53.322+0000][1446][gc,age      ] GC(37) - age  12:     189680 bytes,    2373208 total
[2021-12-27T04:26:53.322+0000][1446][gc,age      ] GC(37) - age  13:     385400 bytes,    2758608 total
[2021-12-27T04:26:53.322+0000][1446][gc,age      ] GC(37) - age  14:      63968 bytes,    2822576 total
[2021-12-27T04:26:53.322+0000][1446][gc,age      ] GC(37) - age  15:      89848 bytes,    2912424 total
[2021-12-27T04:26:53.322+0000][1446][gc,phases   ] GC(37)   Pre Evacuate Collection Set: 0.1ms
[2021-12-27T04:26:53.322+0000][1446][gc,phases   ] GC(37)   Merge Heap Roots: 0.1ms
[2021-12-27T04:26:53.322+0000][1446][gc,phases   ] GC(37)   Evacuate Collection Set: 16.0ms
[2021-12-27T04:26:53.322+0000][1446][gc,phases   ] GC(37)   Post Evacuate Collection Set: 1.3ms
[2021-12-27T04:26:53.322+0000][1446][gc,phases   ] GC(37)   Other: 0.3ms
[2021-12-27T04:26:53.322+0000][1446][gc,heap     ] GC(37) Eden regions: 74->0(75)
[2021-12-27T04:26:53.322+0000][1446][gc,heap     ] GC(37) Survivor regions: 2->1(10)
[2021-12-27T04:26:53.322+0000][1446][gc,heap     ] GC(37) Old regions: 19->20
[2021-12-27T04:26:53.322+0000][1446][gc,heap     ] GC(37) Archive regions: 2->2
[2021-12-27T04:26:53.322+0000][1446][gc,heap     ] GC(37) Humongous regions: 2->2
[2021-12-27T04:26:53.322+0000][1446][gc,metaspace] GC(37) Metaspace: 113859K(115712K)->113859K(115712K) NonClass: 98440K(99520K)->98440K(99520K) Class: 15419K(16192K)->15419K(16192K)
[2021-12-27T04:26:53.322+0000][1446][gc          ] GC(37) Pause Young (Normal) (G1 Evacuation Pause) 390M->93M(512M) 17.807ms
[2021-12-27T04:26:53.322+0000][1446][gc,cpu      ] GC(37) User=0.03s Sys=0.00s Real=0.02s
[2021-12-27T04:26:53.322+0000][1446][safepoint   ] Safepoint "G1CollectForAllocation", Time since last: 14158737041 ns, Reaching safepoint: 54723 ns, At safepoint: 17890427 ns, Total: 17945150 ns
[2021-12-27T04:26:59.323+0000][1446][safepoint   ] Safepoint "Cleanup", Time since last: 6000595432 ns, Reaching safepoint: 59256 ns, At safepoint: 5773 ns, Total: 65029 ns
[2021-12-27T04:27:00.323+0000][1446][safepoint   ] Safepoint "Cleanup", Time since last: 1000163391 ns, Reaching safepoint: 68509 ns, At safepoint: 5455 ns, Total: 73964 ns
[2021-12-27T04:27:01.323+0000][1446][safepoint   ] Safepoint "Cleanup", Time since last: 1000146488 ns, Reaching safepoint: 86176 ns, At safepoint: 6298 ns, Total: 92474 ns
[2021-12-27T04:27:05.324+0000][1446][safepoint   ] Safepoint "Cleanup", Time since last: 4000409261 ns, Reaching safepoint: 62010 ns, At safepoint: 4324 ns, Total: 66334 ns
[2021-12-27T04:27:09.324+0000][1446][safepoint   ] Safepoint "Cleanup", Time since last: 4000378205 ns, Reaching safepoint: 63593 ns, At safepoint: 5804 ns, Total: 69397 ns
[2021-12-27T04:27:23.326+0000][1446][safepoint   ] Safepoint "Cleanup", Time since last: 14001337322 ns, Reaching safepoint: 82105 ns, At safepoint: 5303 ns, Total: 87408 ns
[2021-12-27T04:27:26.326+0000][1446][safepoint   ] Safepoint "Cleanup", Time since last: 3000341162 ns, Reaching safepoint: 45605 ns, At safepoint: 5633 ns, Total: 51238 ns
[2021-12-27T04:27:29.326+0000][1446][safepoint   ] Safepoint "Cleanup", Time since last: 3000294515 ns, Reaching safepoint: 71917 ns, At safepoint: 8709 ns, Total: 80626 ns
[2021-12-27T04:27:38.327+0000][1446][safepoint   ] Safepoint "Cleanup", Time since last: 9000871752 ns, Reaching safepoint: 69198 ns, At safepoint: 5578 ns, Total: 74776 ns
[2021-12-27T04:27:39.328+0000][1446][safepoint   ] Safepoint "Cleanup", Time since last: 1000140393 ns, Reaching safepoint: 68372 ns, At safepoint: 5372 ns, Total: 73744 ns
[2021-12-27T04:27:51.329+0000][1446][safepoint   ] Safepoint "Cleanup", Time since last: 12001309123 ns, Reaching safepoint: 63101 ns, At safepoint: 5196 ns, Total: 68297 ns
[2021-12-27T04:28:17.332+0000][1446][safepoint   ] Safepoint "Cleanup", Time since last: 26002793671 ns, Reaching safepoint: 78488 ns, At safepoint: 5609 ns, Total: 84097 ns
[2021-12-27T04:28:18.332+0000][1446][safepoint   ] Safepoint "Cleanup", Time since last: 1000196889 ns, Reaching safepoint: 55472 ns, At safepoint: 5101 ns, Total: 60573 ns
[2021-12-27T04:28:20.333+0000][1446][safepoint   ] Safepoint "Cleanup", Time since last: 2000437048 ns, Reaching safepoint: 45021 ns, At safepoint: 5382 ns, Total: 50403 ns
[2021-12-27T04:28:26.333+0000][1446][safepoint   ] Safepoint "Cleanup", Time since last: 6000728065 ns, Reaching safepoint: 49792 ns, At safepoint: 4946 ns, Total: 54738 ns
[2021-12-27T04:28:29.334+0000][1446][safepoint   ] Safepoint "Cleanup", Time since last: 3000333384 ns, Reaching safepoint: 81216 ns, At safepoint: 5717 ns, Total: 86933 ns
[2021-12-27T04:28:39.336+0000][1446][safepoint   ] Safepoint "Cleanup", Time since last: 10001616969 ns, Reaching safepoint: 108067 ns, At safepoint: 5003 ns, Total: 113070 ns
[2021-12-27T04:28:49.338+0000][1446][safepoint   ] Safepoint "Cleanup", Time since last: 10001975744 ns, Reaching safepoint: 263700 ns, At safepoint: 12644 ns, Total: 276344 ns
[2021-12-27T04:28:50.338+0000][1446][safepoint   ] Safepoint "Cleanup", Time since last: 1000148462 ns, Reaching safepoint: 69168 ns, At safepoint: 5946 ns, Total: 75114 ns
[2021-12-27T04:28:52.338+0000][1446][safepoint   ] Safepoint "Cleanup", Time since last: 2000265764 ns, Reaching safepoint: 65758 ns, At safepoint: 5293 ns, Total: 71051 ns
[2021-12-27T04:28:59.339+0000][1446][safepoint   ] Safepoint "Cleanup", Time since last: 7000787359 ns, Reaching safepoint: 53052 ns, At safepoint: 5562 ns, Total: 58614 ns
[2021-12-27T04:29:02.340+0000][1446][safepoint   ] Safepoint "Cleanup", Time since last: 3000318021 ns, Reaching safepoint: 46528 ns, At safepoint: 5453 ns, Total: 51981 ns
[2021-12-27T04:29:17.341+0000][1446][safepoint   ] Safepoint "Cleanup", Time since last: 15001612166 ns, Reaching safepoint: 64290 ns, At safepoint: 10867 ns, Total: 75157 ns
[2021-12-27T04:29:26.342+0000][1446][safepoint   ] Safepoint "Cleanup", Time since last: 9001011199 ns, Reaching safepoint: 63647 ns, At safepoint: 4557 ns, Total: 68204 ns
[2021-12-27T04:29:30.343+0000][1446][safepoint   ] Safepoint "Cleanup", Time since last: 4000472678 ns, Reaching safepoint: 53145 ns, At safepoint: 5334 ns, Total: 58479 ns
[2021-12-27T04:29:34.257+0000][1446][gc,start    ] GC(38) Pause Young (Normal) (G1 Evacuation Pause)
[2021-12-27T04:29:34.257+0000][1446][gc,task     ] GC(38) Using 2 workers of 2 for evacuation
[2021-12-27T04:29:34.257+0000][1446][gc,age      ] GC(38) Desired survivor size 20971520 bytes, new threshold 15 (max threshold 15)
[2021-12-27T04:29:34.268+0000][1446][gc,age      ] GC(38) Age table with threshold 15 (max threshold 15)
[2021-12-27T04:29:34.268+0000][1446][gc,age      ] GC(38) - age   1:    1041808 bytes,    1041808 total
[2021-12-27T04:29:34.268+0000][1446][gc,age      ] GC(38) - age   2:     883272 bytes,    1925080 total
[2021-12-27T04:29:34.268+0000][1446][gc,age      ] GC(38) - age   3:      55128 bytes,    1980208 total
[2021-12-27T04:29:34.268+0000][1446][gc,age      ] GC(38) - age   4:     336952 bytes,    2317160 total
[2021-12-27T04:29:34.268+0000][1446][gc,age      ] GC(38) - age   5:      79856 bytes,    2397016 total
[2021-12-27T04:29:34.268+0000][1446][gc,age      ] GC(38) - age   6:        448 bytes,    2397464 total
[2021-12-27T04:29:34.268+0000][1446][gc,age      ] GC(38) - age   7:        680 bytes,    2398144 total
[2021-12-27T04:29:34.268+0000][1446][gc,age      ] GC(38) - age   8:        632 bytes,    2398776 total
[2021-12-27T04:29:34.268+0000][1446][gc,age      ] GC(38) - age   9:       6032 bytes,    2404808 total
[2021-12-27T04:29:34.268+0000][1446][gc,age      ] GC(38) - age  10:     161312 bytes,    2566120 total
[2021-12-27T04:29:34.268+0000][1446][gc,age      ] GC(38) - age  11:     371824 bytes,    2937944 total
[2021-12-27T04:29:34.268+0000][1446][gc,age      ] GC(38) - age  12:      45544 bytes,    2983488 total
[2021-12-27T04:29:34.268+0000][1446][gc,age      ] GC(38) - age  13:     188528 bytes,    3172016 total
[2021-12-27T04:29:34.268+0000][1446][gc,age      ] GC(38) - age  14:     384496 bytes,    3556512 total
[2021-12-27T04:29:34.268+0000][1446][gc,age      ] GC(38) - age  15:      63968 bytes,    3620480 total
[2021-12-27T04:29:34.268+0000][1446][gc,phases   ] GC(38)   Pre Evacuate Collection Set: 0.1ms
[2021-12-27T04:29:34.268+0000][1446][gc,phases   ] GC(38)   Merge Heap Roots: 0.1ms
[2021-12-27T04:29:34.268+0000][1446][gc,phases   ] GC(38)   Evacuate Collection Set: 9.6ms
[2021-12-27T04:29:34.268+0000][1446][gc,phases   ] GC(38)   Post Evacuate Collection Set: 1.2ms
[2021-12-27T04:29:34.268+0000][1446][gc,phases   ] GC(38)   Other: 0.3ms
[2021-12-27T04:29:34.268+0000][1446][gc,heap     ] GC(38) Eden regions: 75->0(75)
[2021-12-27T04:29:34.268+0000][1446][gc,heap     ] GC(38) Survivor regions: 1->1(10)
[2021-12-27T04:29:34.268+0000][1446][gc,heap     ] GC(38) Old regions: 20->20
[2021-12-27T04:29:34.268+0000][1446][gc,heap     ] GC(38) Archive regions: 2->2
[2021-12-27T04:29:34.268+0000][1446][gc,heap     ] GC(38) Humongous regions: 2->2
[2021-12-27T04:29:34.269+0000][1446][gc,metaspace] GC(38) Metaspace: 114065K(115904K)->114065K(115904K) NonClass: 98645K(99712K)->98645K(99712K) Class: 15419K(16192K)->15419K(16192K)
[2021-12-27T04:29:34.269+0000][1446][gc          ] GC(38) Pause Young (Normal) (G1 Evacuation Pause) 393M->94M(512M) 11.470ms
[2021-12-27T04:29:34.269+0000][1446][gc,cpu      ] GC(38) User=0.02s Sys=0.00s Real=0.01s
[2021-12-27T04:29:34.269+0000][1446][safepoint   ] Safepoint "G1CollectForAllocation", Time since last: 3914106324 ns, Reaching safepoint: 35840 ns, At safepoint: 11564652 ns, Total: 11600492 ns
[2021-12-27T04:29:36.269+0000][1446][safepoint   ] Safepoint "Cleanup", Time since last: 2000203244 ns, Reaching safepoint: 65976 ns, At safepoint: 4846 ns, Total: 70822 ns
[2021-12-27T04:29:39.269+0000][1446][safepoint   ] Safepoint "Cleanup", Time since last: 3000371568 ns, Reaching safepoint: 67501 ns, At safepoint: 5405 ns, Total: 72906 ns
[2021-12-27T04:29:44.270+0000][1446][safepoint   ] Safepoint "Cleanup", Time since last: 5000557038 ns, Reaching safepoint: 92607 ns, At safepoint: 6227 ns, Total: 98834 ns
[2021-12-27T04:29:45.270+0000][1446][safepoint   ] Safepoint "Cleanup", Time since last: 1000152754 ns, Reaching safepoint: 64773 ns, At safepoint: 5253 ns, Total: 70026 ns
[2021-12-27T04:29:47.271+0000][1446][safepoint   ] Safepoint "Cleanup", Time since last: 2000251757 ns, Reaching safepoint: 146742 ns, At safepoint: 5585 ns, Total: 152327 ns
[2021-12-27T04:29:48.271+0000][1446][safepoint   ] Safepoint "Cleanup", Time since last: 1000186009 ns, Reaching safepoint: 74974 ns, At safepoint: 5256 ns, Total: 80230 ns
[2021-12-27T04:29:49.271+0000][1446][safepoint   ] Safepoint "Cleanup", Time since last: 1000158969 ns, Reaching safepoint: 62846 ns, At safepoint: 9414 ns, Total: 72260 ns
[2021-12-27T04:29:50.271+0000][1446][safepoint   ] Safepoint "Cleanup", Time since last: 1000125940 ns, Reaching safepoint: 63206 ns, At safepoint: 5710 ns, Total: 68916 ns
[2021-12-27T04:29:57.272+0000][1446][safepoint   ] Safepoint "Cleanup", Time since last: 7000710709 ns, Reaching safepoint: 62253 ns, At safepoint: 5395 ns, Total: 67648 ns
[2021-12-27T04:30:01.273+0000][1446][safepoint   ] Safepoint "Cleanup", Time since last: 4000437182 ns, Reaching safepoint: 63212 ns, At safepoint: 5631 ns, Total: 68843 ns
[2021-12-27T04:30:02.273+0000][1446][safepoint   ] Safepoint "Cleanup", Time since last: 1000165661 ns, Reaching safepoint: 70631 ns, At safepoint: 6110 ns, Total: 76741 ns
[2021-12-27T04:30:04.273+0000][1446][safepoint   ] Safepoint "Cleanup", Time since last: 2000246433 ns, Reaching safepoint: 39939 ns, At safepoint: 4984 ns, Total: 44923 ns
[2021-12-27T04:30:05.273+0000][1446][safepoint   ] Safepoint "Cleanup", Time since last: 1000181624 ns, Reaching safepoint: 90954 ns, At safepoint: 5667 ns, Total: 96621 ns
[2021-12-27T04:30:06.274+0000][1446][safepoint   ] Safepoint "Cleanup", Time since last: 1000148011 ns, Reaching safepoint: 69435 ns, At safepoint: 6168 ns, Total: 75603 ns
[2021-12-27T04:30:08.274+0000][1446][safepoint   ] Safepoint "Cleanup", Time since last: 2000241087 ns, Reaching safepoint: 61776 ns, At safepoint: 4913 ns, Total: 66689 ns
[2021-12-27T04:30:14.275+0000][1446][safepoint   ] Safepoint "Cleanup", Time since last: 6000674452 ns, Reaching safepoint: 67952 ns, At safepoint: 5528 ns, Total: 73480 ns
[2021-12-27T04:30:19.275+0000][1446][safepoint   ] Safepoint "Cleanup", Time since last: 5000486371 ns, Reaching safepoint: 53242 ns, At safepoint: 6049 ns, Total: 59291 ns
[2021-12-27T04:30:20.275+0000][1446][safepoint   ] Safepoint "Cleanup", Time since last: 1000153794 ns, Reaching safepoint: 63944 ns, At safepoint: 5800 ns, Total: 69744 ns
[2021-12-27T04:30:21.276+0000][1446][safepoint   ] Safepoint "Cleanup", Time since last: 1000168487 ns, Reaching safepoint: 66805 ns, At safepoint: 6500 ns, Total: 73305 ns
[2021-12-27T04:30:26.278+0000][1446][safepoint   ] Safepoint "Cleanup", Time since last: 5001549341 ns, Reaching safepoint: 601471 ns, At safepoint: 14476 ns, Total: 615947 ns
[2021-12-27T04:30:27.278+0000][1446][safepoint   ] Safepoint "Cleanup", Time since last: 1000154236 ns, Reaching safepoint: 227303 ns, At safepoint: 5738 ns, Total: 233041 ns
[2021-12-27T04:30:28.278+0000][1446][safepoint   ] Safepoint "Cleanup", Time since last: 1000144355 ns, Reaching safepoint: 60144 ns, At safepoint: 14456 ns, Total: 74600 ns
[2021-12-27T04:30:29.279+0000][1446][safepoint   ] Safepoint "Cleanup", Time since last: 1000161377 ns, Reaching safepoint: 60047 ns, At safepoint: 5276 ns, Total: 65323 ns
[2021-12-27T04:30:30.279+0000][1446][safepoint   ] Safepoint "Cleanup", Time since last: 1000153956 ns, Reaching safepoint: 56389 ns, At safepoint: 5353 ns, Total: 61742 ns
[2021-12-27T04:30:32.279+0000][1446][safepoint   ] Safepoint "Cleanup", Time since last: 2000281300 ns, Reaching safepoint: 64201 ns, At safepoint: 5803 ns, Total: 70004 ns
[2021-12-27T04:30:33.279+0000][1446][safepoint   ] Safepoint "Cleanup", Time since last: 1000188099 ns, Reaching safepoint: 72587 ns, At safepoint: 5356 ns, Total: 77943 ns
[2021-12-27T04:30:39.280+0000][1446][safepoint   ] Safepoint "Cleanup", Time since last: 6000742693 ns, Reaching safepoint: 61088 ns, At safepoint: 5587 ns, Total: 66675 ns
[2021-12-27T04:30:45.281+0000][1446][safepoint   ] Safepoint "Cleanup", Time since last: 6000669875 ns, Reaching safepoint: 61231 ns, At safepoint: 5216 ns, Total: 66447 ns
[2021-12-27T04:30:48.281+0000][1446][safepoint   ] Safepoint "Cleanup", Time since last: 3000341323 ns, Reaching safepoint: 62647 ns, At safepoint: 5716 ns, Total: 68363 ns
[2021-12-27T04:30:51.282+0000][1446][safepoint   ] Safepoint "Cleanup", Time since last: 3000357222 ns, Reaching safepoint: 57763 ns, At safepoint: 4751 ns, Total: 62514 ns
[2021-12-27T04:30:56.283+0000][1446][safepoint   ] Safepoint "Cleanup", Time since last: 5000615702 ns, Reaching safepoint: 50910 ns, At safepoint: 5306 ns, Total: 56216 ns
[2021-12-27T04:30:57.283+0000][1446][safepoint   ] Safepoint "Cleanup", Time since last: 1000164145 ns, Reaching safepoint: 70914 ns, At safepoint: 5469 ns, Total: 76383 ns
[2021-12-27T04:31:06.285+0000][1446][safepoint   ] Safepoint "Cleanup", Time since last: 9001701148 ns, Reaching safepoint: 60978 ns, At safepoint: 5298 ns, Total: 66276 ns
[2021-12-27T04:31:09.286+0000][1446][safepoint   ] Safepoint "Cleanup", Time since last: 3001194208 ns, Reaching safepoint: 55361 ns, At safepoint: 5719 ns, Total: 61080 ns
[2021-12-27T04:31:11.286+0000][1446][safepoint   ] Safepoint "Cleanup", Time since last: 2000248477 ns, Reaching safepoint: 54965 ns, At safepoint: 4655 ns, Total: 59620 ns
[2021-12-27T04:31:26.289+0000][1446][safepoint   ] Safepoint "Cleanup", Time since last: 15002489034 ns, Reaching safepoint: 68510 ns, At safepoint: 5815 ns, Total: 74325 ns
[2021-12-27T04:31:27.289+0000][1446][safepoint   ] Safepoint "Cleanup", Time since last: 1000119926 ns, Reaching safepoint: 57669 ns, At safepoint: 4994 ns, Total: 62663 ns
[2021-12-27T04:31:29.290+0000][1446][safepoint   ] Safepoint "Cleanup", Time since last: 2001240212 ns, Reaching safepoint: 41791 ns, At safepoint: 4134 ns, Total: 45925 ns
[2021-12-27T04:31:30.290+0000][1446][safepoint   ] Safepoint "Cleanup", Time since last: 1000154606 ns, Reaching safepoint: 56883 ns, At safepoint: 5237 ns, Total: 62120 ns
[2021-12-27T04:31:32.291+0000][1446][safepoint   ] Safepoint "Cleanup", Time since last: 2000266286 ns, Reaching safepoint: 74025 ns, At safepoint: 10261 ns, Total: 84286 ns
[2021-12-27T04:31:34.806+0000][1446][gc,start    ] GC(39) Pause Young (Normal) (G1 Evacuation Pause)
[2021-12-27T04:31:34.806+0000][1446][gc,task     ] GC(39) Using 2 workers of 2 for evacuation
[2021-12-27T04:31:34.806+0000][1446][gc,age      ] GC(39) Desired survivor size 20971520 bytes, new threshold 15 (max threshold 15)
[2021-12-27T04:31:34.817+0000][1446][gc,age      ] GC(39) Age table with threshold 15 (max threshold 15)
[2021-12-27T04:31:34.817+0000][1446][gc,age      ] GC(39) - age   1:    1666336 bytes,    1666336 total
[2021-12-27T04:31:34.817+0000][1446][gc,age      ] GC(39) - age   2:     288152 bytes,    1954488 total
[2021-12-27T04:31:34.817+0000][1446][gc,age      ] GC(39) - age   3:     551936 bytes,    2506424 total
[2021-12-27T04:31:34.817+0000][1446][gc,age      ] GC(39) - age   4:      39160 bytes,    2545584 total
[2021-12-27T04:31:34.817+0000][1446][gc,age      ] GC(39) - age   5:     100856 bytes,    2646440 total
[2021-12-27T04:31:34.817+0000][1446][gc,age      ] GC(39) - age   6:      79376 bytes,    2725816 total
[2021-12-27T04:31:34.817+0000][1446][gc,age      ] GC(39) - age   7:        448 bytes,    2726264 total
[2021-12-27T04:31:34.817+0000][1446][gc,age      ] GC(39) - age   8:        680 bytes,    2726944 total
[2021-12-27T04:31:34.817+0000][1446][gc,age      ] GC(39) - age   9:        632 bytes,    2727576 total
[2021-12-27T04:31:34.817+0000][1446][gc,age      ] GC(39) - age  10:       6000 bytes,    2733576 total
[2021-12-27T04:31:34.817+0000][1446][gc,age      ] GC(39) - age  11:     116624 bytes,    2850200 total
[2021-12-27T04:31:34.817+0000][1446][gc,age      ] GC(39) - age  12:     183656 bytes,    3033856 total
[2021-12-27T04:31:34.817+0000][1446][gc,age      ] GC(39) - age  13:      25152 bytes,    3059008 total
[2021-12-27T04:31:34.817+0000][1446][gc,age      ] GC(39) - age  14:     152264 bytes,    3211272 total
[2021-12-27T04:31:34.817+0000][1446][gc,age      ] GC(39) - age  15:     308672 bytes,    3519944 total
[2021-12-27T04:31:34.817+0000][1446][gc,phases   ] GC(39)   Pre Evacuate Collection Set: 0.1ms
[2021-12-27T04:31:34.817+0000][1446][gc,phases   ] GC(39)   Merge Heap Roots: 0.1ms
[2021-12-27T04:31:34.817+0000][1446][gc,phases   ] GC(39)   Evacuate Collection Set: 9.4ms
[2021-12-27T04:31:34.817+0000][1446][gc,phases   ] GC(39)   Post Evacuate Collection Set: 1.2ms
[2021-12-27T04:31:34.817+0000][1446][gc,phases   ] GC(39)   Other: 0.3ms
[2021-12-27T04:31:34.817+0000][1446][gc,heap     ] GC(39) Eden regions: 75->0(75)
[2021-12-27T04:31:34.817+0000][1446][gc,heap     ] GC(39) Survivor regions: 1->1(10)
[2021-12-27T04:31:34.817+0000][1446][gc,heap     ] GC(39) Old regions: 20->20
[2021-12-27T04:31:34.817+0000][1446][gc,heap     ] GC(39) Archive regions: 2->2
[2021-12-27T04:31:34.817+0000][1446][gc,heap     ] GC(39) Humongous regions: 2->2
[2021-12-27T04:31:34.817+0000][1446][gc,metaspace] GC(39) Metaspace: 114320K(116160K)->114320K(116160K) NonClass: 98882K(99904K)->98882K(99904K) Class: 15437K(16256K)->15437K(16256K)
[2021-12-27T04:31:34.817+0000][1446][gc          ] GC(39) Pause Young (Normal) (G1 Evacuation Pause) 394M->94M(512M) 11.153ms
[2021-12-27T04:31:34.817+0000][1446][gc,cpu      ] GC(39) User=0.03s Sys=0.00s Real=0.01s
[2021-12-27T04:31:34.817+0000][1446][safepoint   ] Safepoint "G1CollectForAllocation", Time since last: 2515163905 ns, Reaching safepoint: 50688 ns, At safepoint: 11245513 ns, Total: 11296201 ns
[2021-12-27T04:31:35.817+0000][1446][safepoint   ] Safepoint "Cleanup", Time since last: 1000130643 ns, Reaching safepoint: 66870 ns, At safepoint: 6231 ns, Total: 73101 ns
[2021-12-27T04:31:38.818+0000][1446][safepoint   ] Safepoint "Cleanup", Time since last: 3000354321 ns, Reaching safepoint: 42167 ns, At safepoint: 4727 ns, Total: 46894 ns
[2021-12-27T04:31:41.818+0000][1446][safepoint   ] Safepoint "Cleanup", Time since last: 3000351311 ns, Reaching safepoint: 62521 ns, At safepoint: 5972 ns, Total: 68493 ns
[2021-12-27T04:31:43.819+0000][1446][safepoint   ] Safepoint "Cleanup", Time since last: 2000280346 ns, Reaching safepoint: 73362 ns, At safepoint: 5976 ns, Total: 79338 ns
[2021-12-27T04:31:44.819+0000][1446][safepoint   ] Safepoint "Cleanup", Time since last: 1000142400 ns, Reaching safepoint: 60145 ns, At safepoint: 5245 ns, Total: 65390 ns
[2021-12-27T04:32:08.822+0000][1446][safepoint   ] Safepoint "Cleanup", Time since last: 24002657570 ns, Reaching safepoint: 92395 ns, At safepoint: 4900 ns, Total: 97295 ns
[2021-12-27T04:32:14.822+0000][1446][safepoint   ] Safepoint "Cleanup", Time since last: 6000585878 ns, Reaching safepoint: 52895 ns, At safepoint: 5150 ns, Total: 58045 ns
[2021-12-27T04:32:26.824+0000][1446][safepoint   ] Safepoint "Cleanup", Time since last: 12001325406 ns, Reaching safepoint: 71244 ns, At safepoint: 5528 ns, Total: 76772 ns
[2021-12-27T04:32:30.824+0000][1446][safepoint   ] Safepoint "Cleanup", Time since last: 4000481240 ns, Reaching safepoint: 93977 ns, At safepoint: 5717 ns, Total: 99694 ns
[2021-12-27T04:32:35.825+0000][1446][safepoint   ] Safepoint "Cleanup", Time since last: 5000525833 ns, Reaching safepoint: 52249 ns, At safepoint: 5412 ns, Total: 57661 ns
[2021-12-27T04:32:38.825+0000][1446][safepoint   ] Safepoint "Cleanup", Time since last: 3000333028 ns, Reaching safepoint: 64932 ns, At safepoint: 9663 ns, Total: 74595 ns
[2021-12-27T04:32:41.826+0000][1446][safepoint   ] Safepoint "Cleanup", Time since last: 3000359897 ns, Reaching safepoint: 57295 ns, At safepoint: 5336 ns, Total: 62631 ns
[2021-12-27T04:32:42.826+0000][1446][safepoint   ] Safepoint "Cleanup", Time since last: 1000176721 ns, Reaching safepoint: 80594 ns, At safepoint: 6195 ns, Total: 86789 ns
[2021-12-27T04:32:46.826+0000][1446][safepoint   ] Safepoint "Cleanup", Time since last: 4000524512 ns, Reaching safepoint: 68970 ns, At safepoint: 6664 ns, Total: 75634 ns
[2021-12-27T04:32:49.827+0000][1446][safepoint   ] Safepoint "Cleanup", Time since last: 3000385210 ns, Reaching safepoint: 62284 ns, At safepoint: 6154 ns, Total: 68438 ns
[2021-12-27T04:32:50.827+0000][1446][safepoint   ] Safepoint "Cleanup", Time since last: 1000163020 ns, Reaching safepoint: 64784 ns, At safepoint: 5672 ns, Total: 70456 ns
[2021-12-27T04:32:53.828+0000][1446][safepoint   ] Safepoint "Cleanup", Time since last: 3000384165 ns, Reaching safepoint: 67963 ns, At safepoint: 6378 ns, Total: 74341 ns
[2021-12-27T04:32:58.828+0000][1446][safepoint   ] Safepoint "Cleanup", Time since last: 5000559352 ns, Reaching safepoint: 56212 ns, At safepoint: 4945 ns, Total: 61157 ns
[2021-12-27T04:32:59.828+0000][1446][safepoint   ] Safepoint "Cleanup", Time since last: 1000144366 ns, Reaching safepoint: 65698 ns, At safepoint: 5467 ns, Total: 71165 ns
[2021-12-27T04:33:03.829+0000][1446][safepoint   ] Safepoint "Cleanup", Time since last: 4000483076 ns, Reaching safepoint: 123231 ns, At safepoint: 6934 ns, Total: 130165 ns
[2021-12-27T04:33:04.829+0000][1446][safepoint   ] Safepoint "Cleanup", Time since last: 1000168957 ns, Reaching safepoint: 79149 ns, At safepoint: 5692 ns, Total: 84841 ns
[2021-12-27T04:33:05.830+0000][1446][safepoint   ] Safepoint "Cleanup", Time since last: 1000180127 ns, Reaching safepoint: 105029 ns, At safepoint: 6370 ns, Total: 111399 ns
[2021-12-27T04:33:12.830+0000][1446][safepoint   ] Safepoint "Cleanup", Time since last: 7000770759 ns, Reaching safepoint: 85554 ns, At safepoint: 6978 ns, Total: 92532 ns
[2021-12-27T04:33:19.831+0000][1446][safepoint   ] Safepoint "Cleanup", Time since last: 7000815917 ns, Reaching safepoint: 67635 ns, At safepoint: 5504 ns, Total: 73139 ns
[2021-12-27T04:33:23.832+0000][1446][safepoint   ] Safepoint "Cleanup", Time since last: 4000487144 ns, Reaching safepoint: 66307 ns, At safepoint: 4895 ns, Total: 71202 ns
[2021-12-27T04:33:26.832+0000][1446][safepoint   ] Safepoint "Cleanup", Time since last: 3000336911 ns, Reaching safepoint: 73236 ns, At safepoint: 6358 ns, Total: 79594 ns
[2021-12-27T04:33:29.833+0000][1446][safepoint   ] Safepoint "Cleanup", Time since last: 3000370717 ns, Reaching safepoint: 70434 ns, At safepoint: 6899 ns, Total: 77333 ns
[2021-12-27T04:33:50.835+0000][1446][safepoint   ] Safepoint "Cleanup", Time since last: 21002093722 ns, Reaching safepoint: 97277 ns, At safepoint: 6389 ns, Total: 103666 ns
[2021-12-27T04:33:51.855+0000][1446][gc,start    ] GC(40) Pause Young (Normal) (G1 Evacuation Pause)
[2021-12-27T04:33:51.855+0000][1446][gc,task     ] GC(40) Using 2 workers of 2 for evacuation
[2021-12-27T04:33:51.855+0000][1446][gc,age      ] GC(40) Desired survivor size 20971520 bytes, new threshold 15 (max threshold 15)
[2021-12-27T04:33:51.866+0000][1446][gc,age      ] GC(40) Age table with threshold 15 (max threshold 15)
[2021-12-27T04:33:51.866+0000][1446][gc,age      ] GC(40) - age   1:     855176 bytes,     855176 total
[2021-12-27T04:33:51.866+0000][1446][gc,age      ] GC(40) - age   2:     899112 bytes,    1754288 total
[2021-12-27T04:33:51.866+0000][1446][gc,age      ] GC(40) - age   3:     134440 bytes,    1888728 total
[2021-12-27T04:33:51.866+0000][1446][gc,age      ] GC(40) - age   4:     379248 bytes,    2267976 total
[2021-12-27T04:33:51.866+0000][1446][gc,age      ] GC(40) - age   5:      39160 bytes,    2307136 total
[2021-12-27T04:33:51.866+0000][1446][gc,age      ] GC(40) - age   6:     100712 bytes,    2407848 total
[2021-12-27T04:33:51.866+0000][1446][gc,age      ] GC(40) - age   7:      79376 bytes,    2487224 total
[2021-12-27T04:33:51.866+0000][1446][gc,age      ] GC(40) - age   8:        448 bytes,    2487672 total
[2021-12-27T04:33:51.866+0000][1446][gc,age      ] GC(40) - age   9:        680 bytes,    2488352 total
[2021-12-27T04:33:51.866+0000][1446][gc,age      ] GC(40) - age  10:        632 bytes,    2488984 total
[2021-12-27T04:33:51.866+0000][1446][gc,age      ] GC(40) - age  11:       6000 bytes,    2494984 total
[2021-12-27T04:33:51.866+0000][1446][gc,age      ] GC(40) - age  12:     116496 bytes,    2611480 total
[2021-12-27T04:33:51.866+0000][1446][gc,age      ] GC(40) - age  13:     183656 bytes,    2795136 total
[2021-12-27T04:33:51.866+0000][1446][gc,age      ] GC(40) - age  14:      25088 bytes,    2820224 total
[2021-12-27T04:33:51.866+0000][1446][gc,age      ] GC(40) - age  15:     152264 bytes,    2972488 total
[2021-12-27T04:33:51.866+0000][1446][gc,phases   ] GC(40)   Pre Evacuate Collection Set: 0.2ms
[2021-12-27T04:33:51.866+0000][1446][gc,phases   ] GC(40)   Merge Heap Roots: 0.1ms
[2021-12-27T04:33:51.866+0000][1446][gc,phases   ] GC(40)   Evacuate Collection Set: 8.8ms
[2021-12-27T04:33:51.866+0000][1446][gc,phases   ] GC(40)   Post Evacuate Collection Set: 1.4ms
[2021-12-27T04:33:51.866+0000][1446][gc,phases   ] GC(40)   Other: 0.4ms
[2021-12-27T04:33:51.866+0000][1446][gc,heap     ] GC(40) Eden regions: 75->0(75)
[2021-12-27T04:33:51.866+0000][1446][gc,heap     ] GC(40) Survivor regions: 1->1(10)
[2021-12-27T04:33:51.866+0000][1446][gc,heap     ] GC(40) Old regions: 20->20
[2021-12-27T04:33:51.866+0000][1446][gc,heap     ] GC(40) Archive regions: 2->2
[2021-12-27T04:33:51.866+0000][1446][gc,heap     ] GC(40) Humongous regions: 2->2
[2021-12-27T04:33:51.866+0000][1446][gc,metaspace] GC(40) Metaspace: 114686K(116608K)->114686K(116608K) NonClass: 99180K(100288K)->99180K(100288K) Class: 15506K(16320K)->15506K(16320K)
[2021-12-27T04:33:51.866+0000][1446][gc          ] GC(40) Pause Young (Normal) (G1 Evacuation Pause) 394M->94M(512M) 10.824ms
[2021-12-27T04:33:51.866+0000][1446][gc,cpu      ] GC(40) User=0.02s Sys=0.00s Real=0.01s
[2021-12-27T04:33:51.866+0000][1446][safepoint   ] Safepoint "G1CollectForAllocation", Time since last: 1020131496 ns, Reaching safepoint: 36799 ns, At safepoint: 10994403 ns, Total: 11031202 ns
[2021-12-27T04:33:56.597+0000][1446][safepoint   ] Safepoint "Cleanup", Time since last: 4730597394 ns, Reaching safepoint: 48153 ns, At safepoint: 4490 ns, Total: 52643 ns
[2021-12-27T04:33:57.597+0000][1446][safepoint   ] Safepoint "Cleanup", Time since last: 1000162071 ns, Reaching safepoint: 104769 ns, At safepoint: 5947 ns, Total: 110716 ns
[2021-12-27T04:33:58.597+0000][1446][safepoint   ] Safepoint "Cleanup", Time since last: 1000141709 ns, Reaching safepoint: 59261 ns, At safepoint: 4933 ns, Total: 64194 ns
[2021-12-27T04:33:59.597+0000][1446][safepoint   ] Safepoint "Cleanup", Time since last: 1000150552 ns, Reaching safepoint: 56409 ns, At safepoint: 4717 ns, Total: 61126 ns
[2021-12-27T04:34:02.598+0000][1446][safepoint   ] Safepoint "Cleanup", Time since last: 3000353390 ns, Reaching safepoint: 75694 ns, At safepoint: 6033 ns, Total: 81727 ns
[2021-12-27T04:34:05.598+0000][1446][safepoint   ] Safepoint "Cleanup", Time since last: 3000316293 ns, Reaching safepoint: 67049 ns, At safepoint: 5813 ns, Total: 72862 ns
[2021-12-27T04:34:09.599+0000][1446][safepoint   ] Safepoint "Cleanup", Time since last: 4000415053 ns, Reaching safepoint: 92149 ns, At safepoint: 10610 ns, Total: 102759 ns
[2021-12-27T04:34:26.601+0000][1446][safepoint   ] Safepoint "Cleanup", Time since last: 17001616823 ns, Reaching safepoint: 75651 ns, At safepoint: 50008 ns, Total: 125659 ns
[2021-12-27T04:34:29.601+0000][1446][safepoint   ] Safepoint "Cleanup", Time since last: 3000361809 ns, Reaching safepoint: 62719 ns, At safepoint: 5327 ns, Total: 68046 ns
[2021-12-27T04:34:33.601+0000][1446][safepoint   ] Safepoint "Cleanup", Time since last: 4000406632 ns, Reaching safepoint: 64499 ns, At safepoint: 5231 ns, Total: 69730 ns
[2021-12-27T04:34:34.602+0000][1446][safepoint   ] Safepoint "Cleanup", Time since last: 1000149265 ns, Reaching safepoint: 67887 ns, At safepoint: 5798 ns, Total: 73685 ns
[2021-12-27T04:34:35.602+0000][1446][safepoint   ] Safepoint "Cleanup", Time since last: 1000171702 ns, Reaching safepoint: 58431 ns, At safepoint: 5018 ns, Total: 63449 ns
[2021-12-27T04:34:39.602+0000][1446][safepoint   ] Safepoint "Cleanup", Time since last: 4000433977 ns, Reaching safepoint: 106559 ns, At safepoint: 9451 ns, Total: 116010 ns
[2021-12-27T04:34:52.604+0000][1446][safepoint   ] Safepoint "Cleanup", Time since last: 13001232951 ns, Reaching safepoint: 62316 ns, At safepoint: 5186 ns, Total: 67502 ns
[2021-12-27T04:34:59.605+0000][1446][safepoint   ] Safepoint "Cleanup", Time since last: 7000759873 ns, Reaching safepoint: 60510 ns, At safepoint: 5201 ns, Total: 65711 ns
[2021-12-27T04:35:02.605+0000][1446][safepoint   ] Safepoint "Cleanup", Time since last: 3000348320 ns, Reaching safepoint: 67820 ns, At safepoint: 5761 ns, Total: 73581 ns
[2021-12-27T04:35:26.607+0000][1446][safepoint   ] Safepoint "Cleanup", Time since last: 24002211669 ns, Reaching safepoint: 112712 ns, At safepoint: 5725 ns, Total: 118437 ns
[2021-12-27T04:36:02.611+0000][1446][safepoint   ] Safepoint "Cleanup", Time since last: 36003463863 ns, Reaching safepoint: 86990 ns, At safepoint: 5694 ns, Total: 92684 ns
[2021-12-27T04:36:03.611+0000][1446][safepoint   ] Safepoint "Cleanup", Time since last: 1000127952 ns, Reaching safepoint: 58954 ns, At safepoint: 5248 ns, Total: 64202 ns
[2021-12-27T04:36:04.611+0000][1446][safepoint   ] Safepoint "Cleanup", Time since last: 1000136749 ns, Reaching safepoint: 68342 ns, At safepoint: 5675 ns, Total: 74017 ns
[2021-12-27T04:36:05.612+0000][1446][safepoint   ] Safepoint "Cleanup", Time since last: 1000176535 ns, Reaching safepoint: 90020 ns, At safepoint: 5632 ns, Total: 95652 ns
[2021-12-27T04:36:11.612+0000][1446][safepoint   ] Safepoint "Cleanup", Time since last: 6000623707 ns, Reaching safepoint: 85744 ns, At safepoint: 5289 ns, Total: 91033 ns
[2021-12-27T04:36:15.613+0000][1446][safepoint   ] Safepoint "Cleanup", Time since last: 4000409208 ns, Reaching safepoint: 58640 ns, At safepoint: 4914 ns, Total: 63554 ns
[2021-12-27T04:36:17.613+0000][1446][safepoint   ] Safepoint "Cleanup", Time since last: 2000218158 ns, Reaching safepoint: 54490 ns, At safepoint: 5691 ns, Total: 60181 ns
[2021-12-27T04:36:20.613+0000][1446][safepoint   ] Safepoint "Cleanup", Time since last: 3000331839 ns, Reaching safepoint: 54716 ns, At safepoint: 5891 ns, Total: 60607 ns
[2021-12-27T04:36:26.614+0000][1446][safepoint   ] Safepoint "Cleanup", Time since last: 6000559876 ns, Reaching safepoint: 63370 ns, At safepoint: 5865 ns, Total: 69235 ns
[2021-12-27T04:36:29.614+0000][1446][safepoint   ] Safepoint "Cleanup", Time since last: 3000328521 ns, Reaching safepoint: 63836 ns, At safepoint: 5064 ns, Total: 68900 ns
[2021-12-27T04:36:35.615+0000][1446][safepoint   ] Safepoint "Cleanup", Time since last: 6000655549 ns, Reaching safepoint: 65505 ns, At safepoint: 5752 ns, Total: 71257 ns
[2021-12-27T04:36:42.616+0000][1446][safepoint   ] Safepoint "Cleanup", Time since last: 7000705495 ns, Reaching safepoint: 78877 ns, At safepoint: 5601 ns, Total: 84478 ns
[2021-12-27T04:36:44.362+0000][1446][gc,start    ] GC(41) Pause Young (Normal) (G1 Evacuation Pause)
[2021-12-27T04:36:44.362+0000][1446][gc,task     ] GC(41) Using 2 workers of 2 for evacuation
[2021-12-27T04:36:44.362+0000][1446][gc,age      ] GC(41) Desired survivor size 20971520 bytes, new threshold 15 (max threshold 15)
[2021-12-27T04:36:44.371+0000][1446][gc,age      ] GC(41) Age table with threshold 15 (max threshold 15)
[2021-12-27T04:36:44.371+0000][1446][gc,age      ] GC(41) - age   1:     551920 bytes,     551920 total
[2021-12-27T04:36:44.371+0000][1446][gc,age      ] GC(41) - age   2:     509904 bytes,    1061824 total
[2021-12-27T04:36:44.371+0000][1446][gc,age      ] GC(41) - age   3:     898320 bytes,    1960144 total
[2021-12-27T04:36:44.371+0000][1446][gc,age      ] GC(41) - age   4:     133288 bytes,    2093432 total
[2021-12-27T04:36:44.371+0000][1446][gc,age      ] GC(41) - age   5:     377784 bytes,    2471216 total
[2021-12-27T04:36:44.371+0000][1446][gc,age      ] GC(41) - age   6:      31024 bytes,    2502240 total
[2021-12-27T04:36:44.371+0000][1446][gc,age      ] GC(41) - age   7:      91960 bytes,    2594200 total
[2021-12-27T04:36:44.371+0000][1446][gc,age      ] GC(41) - age   8:      79248 bytes,    2673448 total
[2021-12-27T04:36:44.371+0000][1446][gc,age      ] GC(41) - age   9:        448 bytes,    2673896 total
[2021-12-27T04:36:44.371+0000][1446][gc,age      ] GC(41) - age  10:        680 bytes,    2674576 total
[2021-12-27T04:36:44.371+0000][1446][gc,age      ] GC(41) - age  11:        632 bytes,    2675208 total
[2021-12-27T04:36:44.371+0000][1446][gc,age      ] GC(41) - age  12:       6000 bytes,    2681208 total
[2021-12-27T04:36:44.371+0000][1446][gc,age      ] GC(41) - age  13:     116496 bytes,    2797704 total
[2021-12-27T04:36:44.371+0000][1446][gc,age      ] GC(41) - age  14:     183656 bytes,    2981360 total
[2021-12-27T04:36:44.371+0000][1446][gc,age      ] GC(41) - age  15:      25088 bytes,    3006448 total
[2021-12-27T04:36:44.371+0000][1446][gc,phases   ] GC(41)   Pre Evacuate Collection Set: 0.1ms
[2021-12-27T04:36:44.371+0000][1446][gc,phases   ] GC(41)   Merge Heap Roots: 0.1ms
[2021-12-27T04:36:44.371+0000][1446][gc,phases   ] GC(41)   Evacuate Collection Set: 8.1ms
[2021-12-27T04:36:44.371+0000][1446][gc,phases   ] GC(41)   Post Evacuate Collection Set: 1.3ms
[2021-12-27T04:36:44.371+0000][1446][gc,phases   ] GC(41)   Other: 0.3ms
[2021-12-27T04:36:44.371+0000][1446][gc,heap     ] GC(41) Eden regions: 75->0(75)
[2021-12-27T04:36:44.371+0000][1446][gc,heap     ] GC(41) Survivor regions: 1->1(10)
[2021-12-27T04:36:44.371+0000][1446][gc,heap     ] GC(41) Old regions: 20->20
[2021-12-27T04:36:44.371+0000][1446][gc,heap     ] GC(41) Archive regions: 2->2
[2021-12-27T04:36:44.371+0000][1446][gc,heap     ] GC(41) Humongous regions: 2->2
[2021-12-27T04:36:44.371+0000][1446][gc,metaspace] GC(41) Metaspace: 114783K(116672K)->114783K(116672K) NonClass: 99275K(100352K)->99275K(100352K) Class: 15507K(16320K)->15507K(16320K)
[2021-12-27T04:36:44.371+0000][1446][gc          ] GC(41) Pause Young (Normal) (G1 Evacuation Pause) 394M->94M(512M) 9.903ms
[2021-12-27T04:36:44.371+0000][1446][gc,cpu      ] GC(41) User=0.01s Sys=0.00s Real=0.01s
[2021-12-27T04:36:44.371+0000][1446][safepoint   ] Safepoint "G1CollectForAllocation", Time since last: 1745484025 ns, Reaching safepoint: 47904 ns, At safepoint: 10006756 ns, Total: 10054660 ns
[2021-12-27T04:36:47.372+0000][1446][safepoint   ] Safepoint "Cleanup", Time since last: 3000352358 ns, Reaching safepoint: 110626 ns, At safepoint: 5865 ns, Total: 116491 ns
[2021-12-27T04:36:50.372+0000][1446][safepoint   ] Safepoint "Cleanup", Time since last: 3000342254 ns, Reaching safepoint: 136737 ns, At safepoint: 10039 ns, Total: 146776 ns
[2021-12-27T04:36:51.373+0000][1446][safepoint   ] Safepoint "Cleanup", Time since last: 1000153030 ns, Reaching safepoint: 60645 ns, At safepoint: 5356 ns, Total: 66001 ns
[2021-12-27T04:37:04.374+0000][1446][safepoint   ] Safepoint "Cleanup", Time since last: 13001390646 ns, Reaching safepoint: 108436 ns, At safepoint: 5568 ns, Total: 114004 ns
[2021-12-27T04:37:05.374+0000][1446][safepoint   ] Safepoint "Cleanup", Time since last: 1000144529 ns, Reaching safepoint: 82567 ns, At safepoint: 5454 ns, Total: 88021 ns
[2021-12-27T04:37:06.375+0000][1446][safepoint   ] Safepoint "Cleanup", Time since last: 1000169210 ns, Reaching safepoint: 166144 ns, At safepoint: 5941 ns, Total: 172085 ns
[2021-12-27T04:37:07.375+0000][1446][safepoint   ] Safepoint "Cleanup", Time since last: 1000172216 ns, Reaching safepoint: 59968 ns, At safepoint: 4975 ns, Total: 64943 ns
[2021-12-27T04:37:08.375+0000][1446][safepoint   ] Safepoint "Cleanup", Time since last: 1000152622 ns, Reaching safepoint: 58105 ns, At safepoint: 5435 ns, Total: 63540 ns
[2021-12-27T04:37:09.375+0000][1446][safepoint   ] Safepoint "Cleanup", Time since last: 1000161595 ns, Reaching safepoint: 129776 ns, At safepoint: 13423 ns, Total: 143199 ns
[2021-12-27T04:37:11.376+0000][1446][safepoint   ] Safepoint "Cleanup", Time since last: 2000244887 ns, Reaching safepoint: 59462 ns, At safepoint: 5885 ns, Total: 65347 ns
[2021-12-27T04:37:13.506+0000][1446][safepoint   ] Safepoint "Cleanup", Time since last: 2130532282 ns, Reaching safepoint: 73333 ns, At safepoint: 7394 ns, Total: 80727 ns
[2021-12-27T04:37:14.375+0000][1446][safepoint   ] Safepoint "ICBufferFull", Time since last: 868669321 ns, Reaching safepoint: 250168 ns, At safepoint: 14218 ns, Total: 264386 ns
[2021-12-27T04:37:15.376+0000][1446][safepoint   ] Safepoint "Cleanup", Time since last: 1000165699 ns, Reaching safepoint: 138302 ns, At safepoint: 6007 ns, Total: 144309 ns
[2021-12-27T04:37:16.875+0000][1446][safepoint   ] Safepoint "ICBufferFull", Time since last: 1498870506 ns, Reaching safepoint: 218935 ns, At safepoint: 5477 ns, Total: 224412 ns
[2021-12-27T04:37:17.875+0000][1446][safepoint   ] Safepoint "Cleanup", Time since last: 1000173854 ns, Reaching safepoint: 104017 ns, At safepoint: 6235 ns, Total: 110252 ns
[2021-12-27T04:37:18.875+0000][1446][safepoint   ] Safepoint "Cleanup", Time since last: 1000171680 ns, Reaching safepoint: 130732 ns, At safepoint: 6387 ns, Total: 137119 ns
[2021-12-27T04:37:20.876+0000][1446][safepoint   ] Safepoint "Cleanup", Time since last: 2000249183 ns, Reaching safepoint: 77766 ns, At safepoint: 6205 ns, Total: 83971 ns
[2021-12-27T04:37:23.876+0000][1446][safepoint   ] Safepoint "Cleanup", Time since last: 3000569824 ns, Reaching safepoint: 100448 ns, At safepoint: 8254 ns, Total: 108702 ns
[2021-12-27T04:37:24.877+0000][1446][safepoint   ] Safepoint "Cleanup", Time since last: 1000183168 ns, Reaching safepoint: 79067 ns, At safepoint: 6034 ns, Total: 85101 ns
[2021-12-27T04:37:26.877+0000][1446][safepoint   ] Safepoint "Cleanup", Time since last: 2000238516 ns, Reaching safepoint: 105566 ns, At safepoint: 5412 ns, Total: 110978 ns
[2021-12-27T04:37:28.877+0000][1446][safepoint   ] Safepoint "Cleanup", Time since last: 2000221470 ns, Reaching safepoint: 96042 ns, At safepoint: 5657 ns, Total: 101699 ns
[2021-12-27T04:37:29.878+0000][1446][safepoint   ] Safepoint "Cleanup", Time since last: 1000149891 ns, Reaching safepoint: 77039 ns, At safepoint: 5244 ns, Total: 82283 ns
[2021-12-27T04:37:31.878+0000][1446][safepoint   ] Safepoint "Cleanup", Time since last: 2000240381 ns, Reaching safepoint: 44235 ns, At safepoint: 4766 ns, Total: 49001 ns
[2021-12-27T04:37:33.878+0000][1446][safepoint   ] Safepoint "Cleanup", Time since last: 2000261656 ns, Reaching safepoint: 91416 ns, At safepoint: 5610 ns, Total: 97026 ns
[2021-12-27T04:37:34.879+0000][1446][safepoint   ] Safepoint "Cleanup", Time since last: 1000171081 ns, Reaching safepoint: 148767 ns, At safepoint: 6906 ns, Total: 155673 ns
[2021-12-27T04:37:35.879+0000][1446][safepoint   ] Safepoint "Cleanup", Time since last: 1000155712 ns, Reaching safepoint: 61016 ns, At safepoint: 4673 ns, Total: 65689 ns
[2021-12-27T04:37:37.883+0000][1446][safepoint   ] Safepoint "Cleanup", Time since last: 2003928508 ns, Reaching safepoint: 107197 ns, At safepoint: 5575 ns, Total: 112772 ns
[2021-12-27T04:37:38.883+0000][1446][safepoint   ] Safepoint "Cleanup", Time since last: 1000150186 ns, Reaching safepoint: 60588 ns, At safepoint: 5021 ns, Total: 65609 ns
[2021-12-27T04:37:43.624+0000][1446][gc,start    ] GC(42) Pause Young (Normal) (G1 Evacuation Pause)
[2021-12-27T04:37:43.624+0000][1446][gc,task     ] GC(42) Using 2 workers of 2 for evacuation
[2021-12-27T04:37:43.625+0000][1446][gc,age      ] GC(42) Desired survivor size 20971520 bytes, new threshold 15 (max threshold 15)
[2021-12-27T04:37:43.636+0000][1446][gc,age      ] GC(42) Age table with threshold 15 (max threshold 15)
[2021-12-27T04:37:43.636+0000][1446][gc,age      ] GC(42) - age   1:    4408456 bytes,    4408456 total
[2021-12-27T04:37:43.636+0000][1446][gc,age      ] GC(42) - age   2:       6184 bytes,    4414640 total
[2021-12-27T04:37:43.636+0000][1446][gc,age      ] GC(42) - age   3:     112000 bytes,    4526640 total
[2021-12-27T04:37:43.636+0000][1446][gc,age      ] GC(42) - age   4:     728544 bytes,    5255184 total
[2021-12-27T04:37:43.636+0000][1446][gc,age      ] GC(42) - age   5:     120520 bytes,    5375704 total
[2021-12-27T04:37:43.636+0000][1446][gc,age      ] GC(42) - age   6:     367696 bytes,    5743400 total
[2021-12-27T04:37:43.636+0000][1446][gc,age      ] GC(42) - age   7:      30848 bytes,    5774248 total
[2021-12-27T04:37:43.636+0000][1446][gc,age      ] GC(42) - age   8:      91328 bytes,    5865576 total
[2021-12-27T04:37:43.636+0000][1446][gc,age      ] GC(42) - age   9:      79248 bytes,    5944824 total
[2021-12-27T04:37:43.636+0000][1446][gc,age      ] GC(42) - age  10:        448 bytes,    5945272 total
[2021-12-27T04:37:43.636+0000][1446][gc,age      ] GC(42) - age  11:        680 bytes,    5945952 total
[2021-12-27T04:37:43.636+0000][1446][gc,age      ] GC(42) - age  12:        632 bytes,    5946584 total
[2021-12-27T04:37:43.636+0000][1446][gc,age      ] GC(42) - age  13:       6000 bytes,    5952584 total
[2021-12-27T04:37:43.636+0000][1446][gc,age      ] GC(42) - age  14:     116432 bytes,    6069016 total
[2021-12-27T04:37:43.636+0000][1446][gc,age      ] GC(42) - age  15:     183248 bytes,    6252264 total
[2021-12-27T04:37:43.636+0000][1446][gc,phases   ] GC(42)   Pre Evacuate Collection Set: 0.1ms
[2021-12-27T04:37:43.636+0000][1446][gc,phases   ] GC(42)   Merge Heap Roots: 0.1ms
[2021-12-27T04:37:43.636+0000][1446][gc,phases   ] GC(42)   Evacuate Collection Set: 9.8ms
[2021-12-27T04:37:43.636+0000][1446][gc,phases   ] GC(42)   Post Evacuate Collection Set: 1.2ms
[2021-12-27T04:37:43.636+0000][1446][gc,phases   ] GC(42)   Other: 0.3ms
[2021-12-27T04:37:43.636+0000][1446][gc,heap     ] GC(42) Eden regions: 75->0(74)
[2021-12-27T04:37:43.636+0000][1446][gc,heap     ] GC(42) Survivor regions: 1->2(10)
[2021-12-27T04:37:43.636+0000][1446][gc,heap     ] GC(42) Old regions: 20->20
[2021-12-27T04:37:43.636+0000][1446][gc,heap     ] GC(42) Archive regions: 2->2
[2021-12-27T04:37:43.636+0000][1446][gc,heap     ] GC(42) Humongous regions: 2->2
[2021-12-27T04:37:43.636+0000][1446][gc,metaspace] GC(42) Metaspace: 115752K(117568K)->115752K(117568K) NonClass: 100131K(101184K)->100131K(101184K) Class: 15620K(16384K)->15620K(16384K)
[2021-12-27T04:37:43.636+0000][1446][gc          ] GC(42) Pause Young (Normal) (G1 Evacuation Pause) 394M->97M(512M) 11.506ms
[2021-12-27T04:37:43.636+0000][1446][gc,cpu      ] GC(42) User=0.02s Sys=0.00s Real=0.01s
[2021-12-27T04:37:43.636+0000][1446][safepoint   ] Safepoint "G1CollectForAllocation", Time since last: 4741308925 ns, Reaching safepoint: 43410 ns, At safepoint: 11600991 ns, Total: 11644401 ns
[2021-12-27T04:37:44.664+0000][1446][safepoint   ] Safepoint "Cleanup", Time since last: 1027588235 ns, Reaching safepoint: 192663 ns, At safepoint: 6801 ns, Total: 199464 ns
[2021-12-27T04:37:49.664+0000][1446][safepoint   ] Safepoint "Cleanup", Time since last: 5000530090 ns, Reaching safepoint: 108526 ns, At safepoint: 5780 ns, Total: 114306 ns
[2021-12-27T04:37:50.794+0000][1446][safepoint   ] Safepoint "Cleanup", Time since last: 1129506401 ns, Reaching safepoint: 45623 ns, At safepoint: 4047 ns, Total: 49670 ns
[2021-12-27T04:37:51.848+0000][1446][safepoint   ] Safepoint "Cleanup", Time since last: 1054308257 ns, Reaching safepoint: 131148 ns, At safepoint: 6484 ns, Total: 137632 ns
[2021-12-27T04:37:53.849+0000][1446][safepoint   ] Safepoint "Cleanup", Time since last: 2000237122 ns, Reaching safepoint: 109932 ns, At safepoint: 6118 ns, Total: 116050 ns
[2021-12-27T04:37:54.849+0000][1446][safepoint   ] Safepoint "Cleanup", Time since last: 1000159636 ns, Reaching safepoint: 60407 ns, At safepoint: 5478 ns, Total: 65885 ns
[2021-12-27T04:37:56.849+0000][1446][safepoint   ] Safepoint "Cleanup", Time since last: 2000248454 ns, Reaching safepoint: 60399 ns, At safepoint: 6018 ns, Total: 66417 ns
[2021-12-27T04:38:01.850+0000][1446][safepoint   ] Safepoint "Cleanup", Time since last: 5000558585 ns, Reaching safepoint: 77379 ns, At safepoint: 5146 ns, Total: 82525 ns
[2021-12-27T04:38:02.850+0000][1446][safepoint   ] Safepoint "Cleanup", Time since last: 1000174558 ns, Reaching safepoint: 71617 ns, At safepoint: 5392 ns, Total: 77009 ns
[2021-12-27T04:38:03.850+0000][1446][safepoint   ] Safepoint "Cleanup", Time since last: 1000169900 ns, Reaching safepoint: 78756 ns, At safepoint: 6620 ns, Total: 85376 ns
[2021-12-27T04:38:05.851+0000][1446][safepoint   ] Safepoint "Cleanup", Time since last: 2000292543 ns, Reaching safepoint: 62501 ns, At safepoint: 4769 ns, Total: 67270 ns
[2021-12-27T04:38:06.851+0000][1446][safepoint   ] Safepoint "Cleanup", Time since last: 1000199356 ns, Reaching safepoint: 69624 ns, At safepoint: 5707 ns, Total: 75331 ns
[2021-12-27T04:38:11.852+0000][1446][safepoint   ] Safepoint "Cleanup", Time since last: 5000543666 ns, Reaching safepoint: 68948 ns, At safepoint: 5006 ns, Total: 73954 ns
[2021-12-27T04:38:13.854+0000][1446][safepoint   ] Safepoint "Cleanup", Time since last: 2000381919 ns, Reaching safepoint: 1469819 ns, At safepoint: 15923 ns, Total: 1485742 ns
[2021-12-27T04:38:14.854+0000][1446][safepoint   ] Safepoint "Cleanup", Time since last: 1000182372 ns, Reaching safepoint: 69984 ns, At safepoint: 5547 ns, Total: 75531 ns
[2021-12-27T04:38:16.856+0000][1446][safepoint   ] Safepoint "Cleanup", Time since last: 2001781773 ns, Reaching safepoint: 225844 ns, At safepoint: 5370 ns, Total: 231214 ns
[2021-12-27T04:38:17.856+0000][1446][safepoint   ] Safepoint "Cleanup", Time since last: 1000146119 ns, Reaching safepoint: 183486 ns, At safepoint: 6011 ns, Total: 189497 ns
[2021-12-27T04:38:18.856+0000][1446][safepoint   ] Safepoint "Cleanup", Time since last: 1000136889 ns, Reaching safepoint: 100381 ns, At safepoint: 6262 ns, Total: 106643 ns
[2021-12-27T04:38:19.857+0000][1446][safepoint   ] Safepoint "Cleanup", Time since last: 1000118992 ns, Reaching safepoint: 65364 ns, At safepoint: 5873 ns, Total: 71237 ns
[2021-12-27T04:38:20.857+0000][1446][safepoint   ] Safepoint "Cleanup", Time since last: 1000160574 ns, Reaching safepoint: 64039 ns, At safepoint: 4638 ns, Total: 68677 ns
[2021-12-27T04:38:23.859+0000][1446][safepoint   ] Safepoint "Cleanup", Time since last: 3001608112 ns, Reaching safepoint: 132939 ns, At safepoint: 7173 ns, Total: 140112 ns
[2021-12-27T04:38:24.859+0000][1446][safepoint   ] Safepoint "Cleanup", Time since last: 1000147831 ns, Reaching safepoint: 69474 ns, At safepoint: 5682 ns, Total: 75156 ns
[2021-12-27T04:38:26.859+0000][1446][safepoint   ] Safepoint "Cleanup", Time since last: 2000268281 ns, Reaching safepoint: 105216 ns, At safepoint: 6103 ns, Total: 111319 ns
[2021-12-27T04:38:27.859+0000][1446][safepoint   ] Safepoint "Cleanup", Time since last: 1000183413 ns, Reaching safepoint: 124819 ns, At safepoint: 6513 ns, Total: 131332 ns
[2021-12-27T04:38:28.860+0000][1446][safepoint   ] Safepoint "Cleanup", Time since last: 1000161096 ns, Reaching safepoint: 70064 ns, At safepoint: 5266 ns, Total: 75330 ns
[2021-12-27T04:38:29.860+0000][1446][safepoint   ] Safepoint "Cleanup", Time since last: 1000174586 ns, Reaching safepoint: 88213 ns, At safepoint: 6315 ns, Total: 94528 ns
[2021-12-27T04:38:32.860+0000][1446][safepoint   ] Safepoint "Cleanup", Time since last: 3000353243 ns, Reaching safepoint: 62054 ns, At safepoint: 4943 ns, Total: 66997 ns
[2021-12-27T04:38:33.861+0000][1446][safepoint   ] Safepoint "Cleanup", Time since last: 1000147839 ns, Reaching safepoint: 74727 ns, At safepoint: 6169 ns, Total: 80896 ns
[2021-12-27T04:38:34.861+0000][1446][safepoint   ] Safepoint "Cleanup", Time since last: 1000154504 ns, Reaching safepoint: 134579 ns, At safepoint: 11256 ns, Total: 145835 ns
[2021-12-27T04:38:35.346+0000][1446][gc,start    ] GC(43) Pause Young (Normal) (G1 Evacuation Pause)
[2021-12-27T04:38:35.346+0000][1446][gc,task     ] GC(43) Using 2 workers of 2 for evacuation
[2021-12-27T04:38:35.346+0000][1446][gc,age      ] GC(43) Desired survivor size 20971520 bytes, new threshold 15 (max threshold 15)
[2021-12-27T04:38:35.361+0000][1446][gc,age      ] GC(43) Age table with threshold 15 (max threshold 15)
[2021-12-27T04:38:35.361+0000][1446][gc,age      ] GC(43) - age   1:    2865104 bytes,    2865104 total
[2021-12-27T04:38:35.361+0000][1446][gc,age      ] GC(43) - age   2:    2445640 bytes,    5310744 total
[2021-12-27T04:38:35.361+0000][1446][gc,age      ] GC(43) - age   3:       5856 bytes,    5316600 total
[2021-12-27T04:38:35.361+0000][1446][gc,age      ] GC(43) - age   4:     110528 bytes,    5427128 total
[2021-12-27T04:38:35.361+0000][1446][gc,age      ] GC(43) - age   5:     728408 bytes,    6155536 total
[2021-12-27T04:38:35.361+0000][1446][gc,age      ] GC(43) - age   6:     119160 bytes,    6274696 total
[2021-12-27T04:38:35.361+0000][1446][gc,age      ] GC(43) - age   7:     367696 bytes,    6642392 total
[2021-12-27T04:38:35.361+0000][1446][gc,age      ] GC(43) - age   8:      30848 bytes,    6673240 total
[2021-12-27T04:38:35.361+0000][1446][gc,age      ] GC(43) - age   9:      91328 bytes,    6764568 total
[2021-12-27T04:38:35.361+0000][1446][gc,age      ] GC(43) - age  10:      79248 bytes,    6843816 total
[2021-12-27T04:38:35.361+0000][1446][gc,age      ] GC(43) - age  11:        448 bytes,    6844264 total
[2021-12-27T04:38:35.361+0000][1446][gc,age      ] GC(43) - age  12:        680 bytes,    6844944 total
[2021-12-27T04:38:35.361+0000][1446][gc,age      ] GC(43) - age  13:        632 bytes,    6845576 total
[2021-12-27T04:38:35.361+0000][1446][gc,age      ] GC(43) - age  14:       6000 bytes,    6851576 total
[2021-12-27T04:38:35.361+0000][1446][gc,age      ] GC(43) - age  15:     116432 bytes,    6968008 total
[2021-12-27T04:38:35.361+0000][1446][gc,phases   ] GC(43)   Pre Evacuate Collection Set: 0.1ms
[2021-12-27T04:38:35.361+0000][1446][gc,phases   ] GC(43)   Merge Heap Roots: 0.1ms
[2021-12-27T04:38:35.361+0000][1446][gc,phases   ] GC(43)   Evacuate Collection Set: 13.3ms
[2021-12-27T04:38:35.361+0000][1446][gc,phases   ] GC(43)   Post Evacuate Collection Set: 1.3ms
[2021-12-27T04:38:35.361+0000][1446][gc,phases   ] GC(43)   Other: 0.3ms
[2021-12-27T04:38:35.361+0000][1446][gc,heap     ] GC(43) Eden regions: 74->0(74)
[2021-12-27T04:38:35.361+0000][1446][gc,heap     ] GC(43) Survivor regions: 2->2(10)
[2021-12-27T04:38:35.361+0000][1446][gc,heap     ] GC(43) Old regions: 20->20
[2021-12-27T04:38:35.361+0000][1446][gc,heap     ] GC(43) Archive regions: 2->2
[2021-12-27T04:38:35.361+0000][1446][gc,heap     ] GC(43) Humongous regions: 2->2
[2021-12-27T04:38:35.361+0000][1446][gc,metaspace] GC(43) Metaspace: 116448K(118336K)->116448K(118336K) NonClass: 100754K(101824K)->100754K(101824K) Class: 15694K(16512K)->15694K(16512K)
[2021-12-27T04:38:35.361+0000][1446][gc          ] GC(43) Pause Young (Normal) (G1 Evacuation Pause) 393M->98M(512M) 15.179ms
[2021-12-27T04:38:35.361+0000][1446][gc,cpu      ] GC(43) User=0.03s Sys=0.00s Real=0.02s
[2021-12-27T04:38:35.361+0000][1446][safepoint   ] Safepoint "G1CollectForAllocation", Time since last: 485170147 ns, Reaching safepoint: 42276 ns, At safepoint: 15274627 ns, Total: 15316903 ns
[2021-12-27T04:38:36.362+0000][1446][safepoint   ] Safepoint "Cleanup", Time since last: 1000121379 ns, Reaching safepoint: 64851 ns, At safepoint: 5092 ns, Total: 69943 ns
[2021-12-27T04:38:39.363+0000][1446][safepoint   ] Safepoint "Cleanup", Time since last: 3001010428 ns, Reaching safepoint: 62735 ns, At safepoint: 5766 ns, Total: 68501 ns
[2021-12-27T04:38:44.363+0000][1446][safepoint   ] Safepoint "Cleanup", Time since last: 5000624485 ns, Reaching safepoint: 140095 ns, At safepoint: 5102 ns, Total: 145197 ns
[2021-12-27T04:38:45.364+0000][1446][safepoint   ] Safepoint "Cleanup", Time since last: 1000173114 ns, Reaching safepoint: 102591 ns, At safepoint: 6660 ns, Total: 109251 ns
[2021-12-27T04:38:47.364+0000][1446][safepoint   ] Safepoint "Cleanup", Time since last: 2000251609 ns, Reaching safepoint: 56895 ns, At safepoint: 5010 ns, Total: 61905 ns
[2021-12-27T04:38:50.365+0000][1446][safepoint   ] Safepoint "Cleanup", Time since last: 3000386653 ns, Reaching safepoint: 68621 ns, At safepoint: 5577 ns, Total: 74198 ns
[2021-12-27T04:38:51.365+0000][1446][safepoint   ] Safepoint "Cleanup", Time since last: 1000171818 ns, Reaching safepoint: 69279 ns, At safepoint: 5902 ns, Total: 75181 ns
[2021-12-27T04:38:52.368+0000][1446][safepoint   ] Safepoint "Cleanup", Time since last: 1002745550 ns, Reaching safepoint: 346127 ns, At safepoint: 15297 ns, Total: 361424 ns
[2021-12-27T04:38:53.368+0000][1446][safepoint   ] Safepoint "Cleanup", Time since last: 1000136640 ns, Reaching safepoint: 56873 ns, At safepoint: 4774 ns, Total: 61647 ns
[2021-12-27T04:38:54.368+0000][1446][safepoint   ] Safepoint "Cleanup", Time since last: 1000142273 ns, Reaching safepoint: 77359 ns, At safepoint: 6245 ns, Total: 83604 ns
[2021-12-27T04:38:55.369+0000][1446][safepoint   ] Safepoint "Cleanup", Time since last: 1000187554 ns, Reaching safepoint: 104666 ns, At safepoint: 6179 ns, Total: 110845 ns
[2021-12-27T04:38:56.369+0000][1446][safepoint   ] Safepoint "Cleanup", Time since last: 1000155018 ns, Reaching safepoint: 46317 ns, At safepoint: 5518 ns, Total: 51835 ns
[2021-12-27T04:38:59.369+0000][1446][safepoint   ] Safepoint "Cleanup", Time since last: 3000309996 ns, Reaching safepoint: 58427 ns, At safepoint: 5472 ns, Total: 63899 ns
[2021-12-27T04:39:01.370+0000][1446][safepoint   ] Safepoint "Cleanup", Time since last: 2000284343 ns, Reaching safepoint: 124090 ns, At safepoint: 6116 ns, Total: 130206 ns
[2021-12-27T04:39:03.370+0000][1446][safepoint   ] Safepoint "Cleanup", Time since last: 2000246456 ns, Reaching safepoint: 58831 ns, At safepoint: 5500 ns, Total: 64331 ns
[2021-12-27T04:39:04.370+0000][1446][safepoint   ] Safepoint "Cleanup", Time since last: 1000136566 ns, Reaching safepoint: 77185 ns, At safepoint: 5960 ns, Total: 83145 ns
[2021-12-27T04:39:05.380+0000][1446][safepoint   ] Safepoint "Cleanup", Time since last: 1008399113 ns, Reaching safepoint: 1879749 ns, At safepoint: 12802 ns, Total: 1892551 ns
[2021-12-27T04:39:06.381+0000][1446][safepoint   ] Safepoint "Cleanup", Time since last: 1000143840 ns, Reaching safepoint: 65183 ns, At safepoint: 5915 ns, Total: 71098 ns
[2021-12-27T04:39:09.381+0000][1446][safepoint   ] Safepoint "Cleanup", Time since last: 3000308334 ns, Reaching safepoint: 72771 ns, At safepoint: 6460 ns, Total: 79231 ns
[2021-12-27T04:39:12.381+0000][1446][safepoint   ] Safepoint "Cleanup", Time since last: 3000347825 ns, Reaching safepoint: 89849 ns, At safepoint: 5388 ns, Total: 95237 ns
[2021-12-27T04:39:14.382+0000][1446][safepoint   ] Safepoint "Cleanup", Time since last: 2000242228 ns, Reaching safepoint: 62792 ns, At safepoint: 6093 ns, Total: 68885 ns
[2021-12-27T04:39:15.382+0000][1446][safepoint   ] Safepoint "Cleanup", Time since last: 1000163972 ns, Reaching safepoint: 66930 ns, At safepoint: 6426 ns, Total: 73356 ns
[2021-12-27T04:39:16.382+0000][1446][safepoint   ] Safepoint "Cleanup", Time since last: 1000161295 ns, Reaching safepoint: 95033 ns, At safepoint: 5833 ns, Total: 100866 ns
[2021-12-27T04:39:20.383+0000][1446][safepoint   ] Safepoint "Cleanup", Time since last: 4000435383 ns, Reaching safepoint: 50484 ns, At safepoint: 5120 ns, Total: 55604 ns
[2021-12-27T04:39:23.616+0000][1446][gc,start    ] GC(44) Pause Young (Normal) (G1 Evacuation Pause)
[2021-12-27T04:39:23.616+0000][1446][gc,task     ] GC(44) Using 2 workers of 2 for evacuation
[2021-12-27T04:39:23.617+0000][1446][gc,age      ] GC(44) Desired survivor size 20971520 bytes, new threshold 15 (max threshold 15)
[2021-12-27T04:39:23.629+0000][1446][gc,age      ] GC(44) Age table with threshold 15 (max threshold 15)
[2021-12-27T04:39:23.629+0000][1446][gc,age      ] GC(44) - age   1:    4010784 bytes,    4010784 total
[2021-12-27T04:39:23.629+0000][1446][gc,age      ] GC(44) - age   2:     569904 bytes,    4580688 total
[2021-12-27T04:39:23.629+0000][1446][gc,age      ] GC(44) - age   3:    1417552 bytes,    5998240 total
[2021-12-27T04:39:23.629+0000][1446][gc,age      ] GC(44) - age   4:       5856 bytes,    6004096 total
[2021-12-27T04:39:23.629+0000][1446][gc,age      ] GC(44) - age   5:      83192 bytes,    6087288 total
[2021-12-27T04:39:23.629+0000][1446][gc,age      ] GC(44) - age   6:     727920 bytes,    6815208 total
[2021-12-27T04:39:23.629+0000][1446][gc,age      ] GC(44) - age   7:     119120 bytes,    6934328 total
[2021-12-27T04:39:23.629+0000][1446][gc,age      ] GC(44) - age   8:     367568 bytes,    7301896 total
[2021-12-27T04:39:23.629+0000][1446][gc,age      ] GC(44) - age   9:      30816 bytes,    7332712 total
[2021-12-27T04:39:23.629+0000][1446][gc,age      ] GC(44) - age  10:      91328 bytes,    7424040 total
[2021-12-27T04:39:23.629+0000][1446][gc,age      ] GC(44) - age  11:      79248 bytes,    7503288 total
[2021-12-27T04:39:23.629+0000][1446][gc,age      ] GC(44) - age  12:        448 bytes,    7503736 total
[2021-12-27T04:39:23.629+0000][1446][gc,age      ] GC(44) - age  13:        680 bytes,    7504416 total
[2021-12-27T04:39:23.629+0000][1446][gc,age      ] GC(44) - age  14:        632 bytes,    7505048 total
[2021-12-27T04:39:23.629+0000][1446][gc,age      ] GC(44) - age  15:       6000 bytes,    7511048 total
[2021-12-27T04:39:23.629+0000][1446][gc,phases   ] GC(44)   Pre Evacuate Collection Set: 0.1ms
[2021-12-27T04:39:23.629+0000][1446][gc,phases   ] GC(44)   Merge Heap Roots: 0.1ms
[2021-12-27T04:39:23.629+0000][1446][gc,phases   ] GC(44)   Evacuate Collection Set: 10.9ms
[2021-12-27T04:39:23.629+0000][1446][gc,phases   ] GC(44)   Post Evacuate Collection Set: 1.3ms
[2021-12-27T04:39:23.629+0000][1446][gc,phases   ] GC(44)   Other: 0.3ms
[2021-12-27T04:39:23.629+0000][1446][gc,heap     ] GC(44) Eden regions: 74->0(74)
[2021-12-27T04:39:23.629+0000][1446][gc,heap     ] GC(44) Survivor regions: 2->2(10)
[2021-12-27T04:39:23.629+0000][1446][gc,heap     ] GC(44) Old regions: 20->20
[2021-12-27T04:39:23.629+0000][1446][gc,heap     ] GC(44) Archive regions: 2->2
[2021-12-27T04:39:23.629+0000][1446][gc,heap     ] GC(44) Humongous regions: 2->2
[2021-12-27T04:39:23.629+0000][1446][gc,metaspace] GC(44) Metaspace: 116724K(118656K)->116724K(118656K) NonClass: 101022K(102144K)->101022K(102144K) Class: 15701K(16512K)->15701K(16512K)
[2021-12-27T04:39:23.629+0000][1446][gc          ] GC(44) Pause Young (Normal) (G1 Evacuation Pause) 394M->99M(512M) 12.797ms
[2021-12-27T04:39:23.629+0000][1446][gc,cpu      ] GC(44) User=0.03s Sys=0.00s Real=0.01s
[2021-12-27T04:39:23.629+0000][1446][safepoint   ] Safepoint "G1CollectForAllocation", Time since last: 3233583440 ns, Reaching safepoint: 40399 ns, At safepoint: 12889631 ns, Total: 12930030 ns
[2021-12-27T04:39:24.629+0000][1446][safepoint   ] Safepoint "Cleanup", Time since last: 1000106096 ns, Reaching safepoint: 109503 ns, At safepoint: 6728 ns, Total: 116231 ns
[2021-12-27T04:39:26.384+0000][1446][safepoint   ] Safepoint "Cleanup", Time since last: 1753948177 ns, Reaching safepoint: 75905 ns, At safepoint: 7761 ns, Total: 83666 ns
[2021-12-27T04:39:27.384+0000][1446][safepoint   ] Safepoint "Cleanup", Time since last: 1000141532 ns, Reaching safepoint: 126203 ns, At safepoint: 6277 ns, Total: 132480 ns
[2021-12-27T04:39:28.384+0000][1446][safepoint   ] Safepoint "Cleanup", Time since last: 1000163210 ns, Reaching safepoint: 69654 ns, At safepoint: 5408 ns, Total: 75062 ns
[2021-12-27T04:39:34.385+0000][1446][safepoint   ] Safepoint "Cleanup", Time since last: 6000630069 ns, Reaching safepoint: 63798 ns, At safepoint: 5176 ns, Total: 68974 ns
[2021-12-27T04:39:36.385+0000][1446][safepoint   ] Safepoint "Cleanup", Time since last: 2000269549 ns, Reaching safepoint: 69989 ns, At safepoint: 5303 ns, Total: 75292 ns
[2021-12-27T04:39:37.385+0000][1446][safepoint   ] Safepoint "Cleanup", Time since last: 1000151155 ns, Reaching safepoint: 70277 ns, At safepoint: 5409 ns, Total: 75686 ns
[2021-12-27T04:39:44.386+0000][1446][safepoint   ] Safepoint "Cleanup", Time since last: 7000697863 ns, Reaching safepoint: 96597 ns, At safepoint: 5311 ns, Total: 101908 ns
[2021-12-27T04:39:45.386+0000][1446][safepoint   ] Safepoint "Cleanup", Time since last: 1000135043 ns, Reaching safepoint: 99612 ns, At safepoint: 6438 ns, Total: 106050 ns
[2021-12-27T04:39:47.387+0000][1446][safepoint   ] Safepoint "Cleanup", Time since last: 2000258080 ns, Reaching safepoint: 53489 ns, At safepoint: 4764 ns, Total: 58253 ns
[2021-12-27T04:39:54.388+0000][1446][safepoint   ] Safepoint "Cleanup", Time since last: 7000926027 ns, Reaching safepoint: 76361 ns, At safepoint: 6493 ns, Total: 82854 ns
[2021-12-27T04:40:04.390+0000][1446][safepoint   ] Safepoint "Cleanup", Time since last: 10001830138 ns, Reaching safepoint: 75176 ns, At safepoint: 5142 ns, Total: 80318 ns
[2021-12-27T04:40:06.390+0000][1446][safepoint   ] Safepoint "Cleanup", Time since last: 2000254283 ns, Reaching safepoint: 60569 ns, At safepoint: 5869 ns, Total: 66438 ns
[2021-12-27T04:40:09.390+0000][1446][safepoint   ] Safepoint "Cleanup", Time since last: 3000371232 ns, Reaching safepoint: 64692 ns, At safepoint: 5270 ns, Total: 69962 ns
[2021-12-27T04:40:14.391+0000][1446][safepoint   ] Safepoint "Cleanup", Time since last: 5000512523 ns, Reaching safepoint: 100802 ns, At safepoint: 6217 ns, Total: 107019 ns
[2021-12-27T04:40:15.391+0000][1446][safepoint   ] Safepoint "Cleanup", Time since last: 1000151978 ns, Reaching safepoint: 66492 ns, At safepoint: 5452 ns, Total: 71944 ns
[2021-12-27T04:40:18.394+0000][1446][safepoint   ] Safepoint "Cleanup", Time since last: 3002600984 ns, Reaching safepoint: 77565 ns, At safepoint: 6410 ns, Total: 83975 ns
[2021-12-27T04:40:24.395+0000][1446][safepoint   ] Safepoint "Cleanup", Time since last: 6000662048 ns, Reaching safepoint: 61328 ns, At safepoint: 5767 ns, Total: 67095 ns
[2021-12-27T04:40:28.395+0000][1446][safepoint   ] Safepoint "Cleanup", Time since last: 4000561990 ns, Reaching safepoint: 62647 ns, At safepoint: 5169 ns, Total: 67816 ns
[2021-12-27T04:40:30.396+0000][1446][safepoint   ] Safepoint "Cleanup", Time since last: 2000846861 ns, Reaching safepoint: 64586 ns, At safepoint: 5977 ns, Total: 70563 ns
[2021-12-27T04:40:34.402+0000][1446][safepoint   ] Safepoint "Cleanup", Time since last: 4005579046 ns, Reaching safepoint: 64604 ns, At safepoint: 5434 ns, Total: 70038 ns
[2021-12-27T04:40:35.402+0000][1446][safepoint   ] Safepoint "Cleanup", Time since last: 1000141448 ns, Reaching safepoint: 94080 ns, At safepoint: 5059 ns, Total: 99139 ns
[2021-12-27T04:40:37.402+0000][1446][safepoint   ] Safepoint "Cleanup", Time since last: 2000228725 ns, Reaching safepoint: 77778 ns, At safepoint: 5776 ns, Total: 83554 ns
[2021-12-27T04:40:39.403+0000][1446][safepoint   ] Safepoint "Cleanup", Time since last: 2000263321 ns, Reaching safepoint: 57760 ns, At safepoint: 4907 ns, Total: 62667 ns
[2021-12-27T04:40:39.412+0000][1446][gc,start    ] GC(45) Pause Young (Normal) (G1 Evacuation Pause)
[2021-12-27T04:40:39.412+0000][1446][gc,task     ] GC(45) Using 2 workers of 2 for evacuation
[2021-12-27T04:40:39.412+0000][1446][gc,age      ] GC(45) Desired survivor size 20971520 bytes, new threshold 15 (max threshold 15)
[2021-12-27T04:40:39.427+0000][1446][gc,age      ] GC(45) Age table with threshold 15 (max threshold 15)
[2021-12-27T04:40:39.427+0000][1446][gc,age      ] GC(45) - age   1:    5001568 bytes,    5001568 total
[2021-12-27T04:40:39.427+0000][1446][gc,age      ] GC(45) - age   2:    1586744 bytes,    6588312 total
[2021-12-27T04:40:39.427+0000][1446][gc,age      ] GC(45) - age   3:     563888 bytes,    7152200 total
[2021-12-27T04:40:39.427+0000][1446][gc,age      ] GC(45) - age   4:    1363360 bytes,    8515560 total
[2021-12-27T04:40:39.427+0000][1446][gc,age      ] GC(45) - age   5:       4696 bytes,    8520256 total
[2021-12-27T04:40:39.427+0000][1446][gc,age      ] GC(45) - age   6:      82976 bytes,    8603232 total
[2021-12-27T04:40:39.427+0000][1446][gc,age      ] GC(45) - age   7:     727800 bytes,    9331032 total
[2021-12-27T04:40:39.427+0000][1446][gc,age      ] GC(45) - age   8:     119120 bytes,    9450152 total
[2021-12-27T04:40:39.427+0000][1446][gc,age      ] GC(45) - age   9:     367568 bytes,    9817720 total
[2021-12-27T04:40:39.427+0000][1446][gc,age      ] GC(45) - age  10:      30816 bytes,    9848536 total
[2021-12-27T04:40:39.427+0000][1446][gc,age      ] GC(45) - age  11:      91328 bytes,    9939864 total
[2021-12-27T04:40:39.427+0000][1446][gc,age      ] GC(45) - age  12:      79248 bytes,   10019112 total
[2021-12-27T04:40:39.427+0000][1446][gc,age      ] GC(45) - age  13:        448 bytes,   10019560 total
[2021-12-27T04:40:39.427+0000][1446][gc,age      ] GC(45) - age  14:        680 bytes,   10020240 total
[2021-12-27T04:40:39.427+0000][1446][gc,age      ] GC(45) - age  15:        632 bytes,   10020872 total
[2021-12-27T04:40:39.427+0000][1446][gc,phases   ] GC(45)   Pre Evacuate Collection Set: 0.1ms
[2021-12-27T04:40:39.427+0000][1446][gc,phases   ] GC(45)   Merge Heap Roots: 0.1ms
[2021-12-27T04:40:39.427+0000][1446][gc,phases   ] GC(45)   Evacuate Collection Set: 13.6ms
[2021-12-27T04:40:39.427+0000][1446][gc,phases   ] GC(45)   Post Evacuate Collection Set: 1.1ms
[2021-12-27T04:40:39.427+0000][1446][gc,phases   ] GC(45)   Other: 0.3ms
[2021-12-27T04:40:39.427+0000][1446][gc,heap     ] GC(45) Eden regions: 74->0(73)
[2021-12-27T04:40:39.427+0000][1446][gc,heap     ] GC(45) Survivor regions: 2->3(10)
[2021-12-27T04:40:39.427+0000][1446][gc,heap     ] GC(45) Old regions: 20->20
[2021-12-27T04:40:39.427+0000][1446][gc,heap     ] GC(45) Archive regions: 2->2
[2021-12-27T04:40:39.427+0000][1446][gc,heap     ] GC(45) Humongous regions: 2->2
[2021-12-27T04:40:39.427+0000][1446][gc,metaspace] GC(45) Metaspace: 116875K(118784K)->116875K(118784K) NonClass: 101173K(102272K)->101173K(102272K) Class: 15701K(16512K)->15701K(16512K)
[2021-12-27T04:40:39.427+0000][1446][gc          ] GC(45) Pause Young (Normal) (G1 Evacuation Pause) 395M->101M(512M) 15.221ms
[2021-12-27T04:40:39.427+0000][1446][gc,cpu      ] GC(45) User=0.03s Sys=0.00s Real=0.01s
[2021-12-27T04:40:39.427+0000][1446][safepoint   ] Safepoint "G1CollectForAllocation", Time since last: 8914574 ns, Reaching safepoint: 33298 ns, At safepoint: 15303302 ns, Total: 15336600 ns
[2021-12-27T04:40:40.427+0000][1446][safepoint   ] Safepoint "Cleanup", Time since last: 1000134449 ns, Reaching safepoint: 64885 ns, At safepoint: 5197 ns, Total: 70082 ns
[2021-12-27T04:40:42.427+0000][1446][safepoint   ] Safepoint "Cleanup", Time since last: 2000274034 ns, Reaching safepoint: 85031 ns, At safepoint: 6008 ns, Total: 91039 ns
[2021-12-27T04:40:44.428+0000][1446][safepoint   ] Safepoint "Cleanup", Time since last: 2000251629 ns, Reaching safepoint: 47603 ns, At safepoint: 4479 ns, Total: 52082 ns
[2021-12-27T04:40:53.429+0000][1446][safepoint   ] Safepoint "Cleanup", Time since last: 9000922504 ns, Reaching safepoint: 55841 ns, At safepoint: 5016 ns, Total: 60857 ns
[2021-12-27T04:40:54.429+0000][1446][safepoint   ] Safepoint "Cleanup", Time since last: 1000149346 ns, Reaching safepoint: 55597 ns, At safepoint: 4618 ns, Total: 60215 ns
[2021-12-27T04:40:58.430+0000][1446][safepoint   ] Safepoint "Cleanup", Time since last: 4000490510 ns, Reaching safepoint: 63807 ns, At safepoint: 5555 ns, Total: 69362 ns
[2021-12-27T04:41:02.430+0000][1446][safepoint   ] Safepoint "Cleanup", Time since last: 4000423748 ns, Reaching safepoint: 130236 ns, At safepoint: 6403 ns, Total: 136639 ns
[2021-12-27T04:41:03.430+0000][1446][safepoint   ] Safepoint "Cleanup", Time since last: 1000172937 ns, Reaching safepoint: 93447 ns, At safepoint: 5422 ns, Total: 98869 ns
[2021-12-27T04:41:04.431+0000][1446][safepoint   ] Safepoint "Cleanup", Time since last: 1000151146 ns, Reaching safepoint: 68600 ns, At safepoint: 6503 ns, Total: 75103 ns
[2021-12-27T04:41:05.431+0000][1446][safepoint   ] Safepoint "Cleanup", Time since last: 1000135427 ns, Reaching safepoint: 48531 ns, At safepoint: 4613 ns, Total: 53144 ns
[2021-12-27T04:41:22.433+0000][1446][safepoint   ] Safepoint "Cleanup", Time since last: 17001734196 ns, Reaching safepoint: 102476 ns, At safepoint: 9449 ns, Total: 111925 ns
[2021-12-27T04:41:26.433+0000][1446][safepoint   ] Safepoint "Cleanup", Time since last: 4000433964 ns, Reaching safepoint: 47886 ns, At safepoint: 4958 ns, Total: 52844 ns
[2021-12-27T04:41:31.434+0000][1446][safepoint   ] Safepoint "Cleanup", Time since last: 5000544071 ns, Reaching safepoint: 71487 ns, At safepoint: 7314 ns, Total: 78801 ns
[2021-12-27T04:41:42.435+0000][1446][safepoint   ] Safepoint "Cleanup", Time since last: 11001092261 ns, Reaching safepoint: 67744 ns, At safepoint: 5758 ns, Total: 73502 ns
[2021-12-27T04:41:54.436+0000][1446][safepoint   ] Safepoint "Cleanup", Time since last: 12001228123 ns, Reaching safepoint: 60014 ns, At safepoint: 6261 ns, Total: 66275 ns
[2021-12-27T04:42:09.438+0000][1446][safepoint   ] Safepoint "Cleanup", Time since last: 15001558781 ns, Reaching safepoint: 45420 ns, At safepoint: 5369 ns, Total: 50789 ns
[2021-12-27T04:42:27.440+0000][1446][safepoint   ] Safepoint "Cleanup", Time since last: 18001781221 ns, Reaching safepoint: 88703 ns, At safepoint: 5208 ns, Total: 93911 ns
[2021-12-27T04:42:29.440+0000][1446][safepoint   ] Safepoint "Cleanup", Time since last: 2000231208 ns, Reaching safepoint: 59448 ns, At safepoint: 5553 ns, Total: 65001 ns
[2021-12-27T04:42:39.441+0000][1446][safepoint   ] Safepoint "Cleanup", Time since last: 10001008489 ns, Reaching safepoint: 54017 ns, At safepoint: 5641 ns, Total: 59658 ns
[2021-12-27T04:42:42.441+0000][1446][safepoint   ] Safepoint "Cleanup", Time since last: 3000342597 ns, Reaching safepoint: 75359 ns, At safepoint: 5604 ns, Total: 80963 ns
[2021-12-27T04:42:47.442+0000][1446][safepoint   ] Safepoint "Cleanup", Time since last: 5000511042 ns, Reaching safepoint: 96173 ns, At safepoint: 11749 ns, Total: 107922 ns
[2021-12-27T04:42:54.443+0000][1446][safepoint   ] Safepoint "Cleanup", Time since last: 7000800658 ns, Reaching safepoint: 61263 ns, At safepoint: 4925 ns, Total: 66188 ns
[2021-12-27T04:43:06.444+0000][1446][safepoint   ] Safepoint "Cleanup", Time since last: 12001273753 ns, Reaching safepoint: 93885 ns, At safepoint: 6100 ns, Total: 99985 ns
[2021-12-27T04:43:09.230+0000][1446][gc,start    ] GC(46) Pause Young (Normal) (G1 Evacuation Pause)
[2021-12-27T04:43:09.231+0000][1446][gc,task     ] GC(46) Using 2 workers of 2 for evacuation
[2021-12-27T04:43:09.231+0000][1446][gc,age      ] GC(46) Desired survivor size 20971520 bytes, new threshold 15 (max threshold 15)
[2021-12-27T04:43:09.246+0000][1446][gc,age      ] GC(46) Age table with threshold 15 (max threshold 15)
[2021-12-27T04:43:09.246+0000][1446][gc,age      ] GC(46) - age   1:    1007208 bytes,    1007208 total
[2021-12-27T04:43:09.246+0000][1446][gc,age      ] GC(46) - age   2:    4255344 bytes,    5262552 total
[2021-12-27T04:43:09.246+0000][1446][gc,age      ] GC(46) - age   3:    1472848 bytes,    6735400 total
[2021-12-27T04:43:09.246+0000][1446][gc,age      ] GC(46) - age   4:     563776 bytes,    7299176 total
[2021-12-27T04:43:09.246+0000][1446][gc,age      ] GC(46) - age   5:    1309720 bytes,    8608896 total
[2021-12-27T04:43:09.246+0000][1446][gc,age      ] GC(46) - age   6:       3288 bytes,    8612184 total
[2021-12-27T04:43:09.246+0000][1446][gc,age      ] GC(46) - age   7:      82912 bytes,    8695096 total
[2021-12-27T04:43:09.246+0000][1446][gc,age      ] GC(46) - age   8:     727008 bytes,    9422104 total
[2021-12-27T04:43:09.246+0000][1446][gc,age      ] GC(46) - age   9:     119120 bytes,    9541224 total
[2021-12-27T04:43:09.246+0000][1446][gc,age      ] GC(46) - age  10:     367568 bytes,    9908792 total
[2021-12-27T04:43:09.246+0000][1446][gc,age      ] GC(46) - age  11:      30816 bytes,    9939608 total
[2021-12-27T04:43:09.246+0000][1446][gc,age      ] GC(46) - age  12:      91328 bytes,   10030936 total
[2021-12-27T04:43:09.246+0000][1446][gc,age      ] GC(46) - age  13:      79248 bytes,   10110184 total
[2021-12-27T04:43:09.246+0000][1446][gc,age      ] GC(46) - age  14:        448 bytes,   10110632 total
[2021-12-27T04:43:09.246+0000][1446][gc,age      ] GC(46) - age  15:        680 bytes,   10111312 total
[2021-12-27T04:43:09.246+0000][1446][gc,phases   ] GC(46)   Pre Evacuate Collection Set: 0.1ms
[2021-12-27T04:43:09.246+0000][1446][gc,phases   ] GC(46)   Merge Heap Roots: 0.1ms
[2021-12-27T04:43:09.246+0000][1446][gc,phases   ] GC(46)   Evacuate Collection Set: 13.8ms
[2021-12-27T04:43:09.246+0000][1446][gc,phases   ] GC(46)   Post Evacuate Collection Set: 1.4ms
[2021-12-27T04:43:09.246+0000][1446][gc,phases   ] GC(46)   Other: 0.3ms
[2021-12-27T04:43:09.246+0000][1446][gc,heap     ] GC(46) Eden regions: 73->0(73)
[2021-12-27T04:43:09.246+0000][1446][gc,heap     ] GC(46) Survivor regions: 3->3(10)
[2021-12-27T04:43:09.246+0000][1446][gc,heap     ] GC(46) Old regions: 20->20
[2021-12-27T04:43:09.246+0000][1446][gc,heap     ] GC(46) Archive regions: 2->2
[2021-12-27T04:43:09.246+0000][1446][gc,heap     ] GC(46) Humongous regions: 2->2
[2021-12-27T04:43:09.246+0000][1446][gc,metaspace] GC(46) Metaspace: 116963K(118848K)->116963K(118848K) NonClass: 101261K(102336K)->101261K(102336K) Class: 15702K(16512K)->15702K(16512K)
[2021-12-27T04:43:09.246+0000][1446][gc          ] GC(46) Pause Young (Normal) (G1 Evacuation Pause) 393M->102M(512M) 15.763ms
[2021-12-27T04:43:09.246+0000][1446][gc,cpu      ] GC(46) User=0.02s Sys=0.00s Real=0.01s
[2021-12-27T04:43:09.246+0000][1446][safepoint   ] Safepoint "G1CollectForAllocation", Time since last: 2785936207 ns, Reaching safepoint: 129176 ns, At safepoint: 15873502 ns, Total: 16002678 ns
[2021-12-27T04:43:27.248+0000][1446][safepoint   ] Safepoint "Cleanup", Time since last: 18001664497 ns, Reaching safepoint: 57848 ns, At safepoint: 5208 ns, Total: 63056 ns
[2021-12-27T04:43:32.249+0000][1446][safepoint   ] Safepoint "Cleanup", Time since last: 5000487829 ns, Reaching safepoint: 47238 ns, At safepoint: 5462 ns, Total: 52700 ns
[2021-12-27T04:43:37.250+0000][1446][safepoint   ] Safepoint "Cleanup", Time since last: 5000948181 ns, Reaching safepoint: 74130 ns, At safepoint: 7596 ns, Total: 81726 ns
[2021-12-27T04:43:38.250+0000][1446][safepoint   ] Safepoint "Cleanup", Time since last: 1000162335 ns, Reaching safepoint: 64113 ns, At safepoint: 5567 ns, Total: 69680 ns
[2021-12-27T04:43:42.250+0000][1446][safepoint   ] Safepoint "Cleanup", Time since last: 4000467956 ns, Reaching safepoint: 70534 ns, At safepoint: 5878 ns, Total: 76412 ns
[2021-12-27T04:43:51.251+0000][1446][safepoint   ] Safepoint "Cleanup", Time since last: 9000948150 ns, Reaching safepoint: 88370 ns, At safepoint: 5541 ns, Total: 93911 ns
[2021-12-27T04:44:02.253+0000][1446][safepoint   ] Safepoint "Cleanup", Time since last: 11001150653 ns, Reaching safepoint: 64534 ns, At safepoint: 6104 ns, Total: 70638 ns
[2021-12-27T04:44:03.253+0000][1446][safepoint   ] Safepoint "Cleanup", Time since last: 1000158463 ns, Reaching safepoint: 70340 ns, At safepoint: 5731 ns, Total: 76071 ns
[2021-12-27T04:44:06.253+0000][1446][safepoint   ] Safepoint "Cleanup", Time since last: 3000345759 ns, Reaching safepoint: 80912 ns, At safepoint: 5627 ns, Total: 86539 ns
[2021-12-27T04:44:08.254+0000][1446][safepoint   ] Safepoint "Cleanup", Time since last: 2000232985 ns, Reaching safepoint: 57464 ns, At safepoint: 5654 ns, Total: 63118 ns
[2021-12-27T04:44:09.254+0000][1446][safepoint   ] Safepoint "Cleanup", Time since last: 1000146029 ns, Reaching safepoint: 60517 ns, At safepoint: 5328 ns, Total: 65845 ns
[2021-12-27T04:44:19.255+0000][1446][safepoint   ] Safepoint "Cleanup", Time since last: 10001058188 ns, Reaching safepoint: 82496 ns, At safepoint: 5215 ns, Total: 87711 ns
[2021-12-27T04:44:21.255+0000][1446][safepoint   ] Safepoint "Cleanup", Time since last: 2000247664 ns, Reaching safepoint: 91451 ns, At safepoint: 5603 ns, Total: 97054 ns
[2021-12-27T04:44:28.256+0000][1446][safepoint   ] Safepoint "Cleanup", Time since last: 7000732049 ns, Reaching safepoint: 91607 ns, At safepoint: 5825 ns, Total: 97432 ns
[2021-12-27T04:44:30.256+0000][1446][safepoint   ] Safepoint "Cleanup", Time since last: 2000255081 ns, Reaching safepoint: 56542 ns, At safepoint: 5418 ns, Total: 61960 ns
[2021-12-27T04:44:39.257+0000][1446][safepoint   ] Safepoint "Cleanup", Time since last: 9000952089 ns, Reaching safepoint: 57684 ns, At safepoint: 5276 ns, Total: 62960 ns
[2021-12-27T04:44:59.259+0000][1446][safepoint   ] Safepoint "Cleanup", Time since last: 20001922449 ns, Reaching safepoint: 56980 ns, At safepoint: 4945 ns, Total: 61925 ns
[2021-12-27T04:45:00.260+0000][1446][safepoint   ] Safepoint "Cleanup", Time since last: 1000147091 ns, Reaching safepoint: 53205 ns, At safepoint: 5113 ns, Total: 58318 ns
[2021-12-27T04:45:06.260+0000][1446][safepoint   ] Safepoint "Cleanup", Time since last: 6000587837 ns, Reaching safepoint: 62572 ns, At safepoint: 6554 ns, Total: 69126 ns
[2021-12-27T04:45:09.261+0000][1446][safepoint   ] Safepoint "Cleanup", Time since last: 3000320858 ns, Reaching safepoint: 66124 ns, At safepoint: 5206 ns, Total: 71330 ns
[2021-12-27T04:45:27.263+0000][1446][safepoint   ] Safepoint "Cleanup", Time since last: 18001720070 ns, Reaching safepoint: 85184 ns, At safepoint: 6596 ns, Total: 91780 ns
[2021-12-27T04:45:36.263+0000][1446][safepoint   ] Safepoint "Cleanup", Time since last: 9000861633 ns, Reaching safepoint: 62670 ns, At safepoint: 5454 ns, Total: 68124 ns
[2021-12-27T04:45:57.363+0000][1446][gc,start    ] GC(47) Pause Young (Normal) (G1 Evacuation Pause)
[2021-12-27T04:45:57.363+0000][1446][gc,task     ] GC(47) Using 2 workers of 2 for evacuation
[2021-12-27T04:45:57.363+0000][1446][gc,age      ] GC(47) Desired survivor size 20971520 bytes, new threshold 15 (max threshold 15)
[2021-12-27T04:45:57.379+0000][1446][gc,age      ] GC(47) Age table with threshold 15 (max threshold 15)
[2021-12-27T04:45:57.379+0000][1446][gc,age      ] GC(47) - age   1:     319320 bytes,     319320 total
[2021-12-27T04:45:57.379+0000][1446][gc,age      ] GC(47) - age   2:     862680 bytes,    1182000 total
[2021-12-27T04:45:57.379+0000][1446][gc,age      ] GC(47) - age   3:    4151520 bytes,    5333520 total
[2021-12-27T04:45:57.379+0000][1446][gc,age      ] GC(47) - age   4:    1472848 bytes,    6806368 total
[2021-12-27T04:45:57.379+0000][1446][gc,age      ] GC(47) - age   5:     563776 bytes,    7370144 total
[2021-12-27T04:45:57.379+0000][1446][gc,age      ] GC(47) - age   6:    1308456 bytes,    8678600 total
[2021-12-27T04:45:57.379+0000][1446][gc,age      ] GC(47) - age   7:       3128 bytes,    8681728 total
[2021-12-27T04:45:57.379+0000][1446][gc,age      ] GC(47) - age   8:      82912 bytes,    8764640 total
[2021-12-27T04:45:57.379+0000][1446][gc,age      ] GC(47) - age   9:     726352 bytes,    9490992 total
[2021-12-27T04:45:57.379+0000][1446][gc,age      ] GC(47) - age  10:     119120 bytes,    9610112 total
[2021-12-27T04:45:57.379+0000][1446][gc,age      ] GC(47) - age  11:     367568 bytes,    9977680 total
[2021-12-27T04:45:57.379+0000][1446][gc,age      ] GC(47) - age  12:      30816 bytes,   10008496 total
[2021-12-27T04:45:57.379+0000][1446][gc,age      ] GC(47) - age  13:      91328 bytes,   10099824 total
[2021-12-27T04:45:57.379+0000][1446][gc,age      ] GC(47) - age  14:      79248 bytes,   10179072 total
[2021-12-27T04:45:57.379+0000][1446][gc,age      ] GC(47) - age  15:        448 bytes,   10179520 total
[2021-12-27T04:45:57.379+0000][1446][gc,phases   ] GC(47)   Pre Evacuate Collection Set: 0.1ms
[2021-12-27T04:45:57.379+0000][1446][gc,phases   ] GC(47)   Merge Heap Roots: 0.1ms
[2021-12-27T04:45:57.379+0000][1446][gc,phases   ] GC(47)   Evacuate Collection Set: 14.3ms
[2021-12-27T04:45:57.379+0000][1446][gc,phases   ] GC(47)   Post Evacuate Collection Set: 1.4ms
[2021-12-27T04:45:57.379+0000][1446][gc,phases   ] GC(47)   Other: 0.3ms
[2021-12-27T04:45:57.379+0000][1446][gc,heap     ] GC(47) Eden regions: 73->0(73)
[2021-12-27T04:45:57.379+0000][1446][gc,heap     ] GC(47) Survivor regions: 3->3(10)
[2021-12-27T04:45:57.379+0000][1446][gc,heap     ] GC(47) Old regions: 20->20
[2021-12-27T04:45:57.379+0000][1446][gc,heap     ] GC(47) Archive regions: 2->2
[2021-12-27T04:45:57.379+0000][1446][gc,heap     ] GC(47) Humongous regions: 2->2
[2021-12-27T04:45:57.379+0000][1446][gc,metaspace] GC(47) Metaspace: 117011K(118912K)->117011K(118912K) NonClass: 101309K(102400K)->101309K(102400K) Class: 15702K(16512K)->15702K(16512K)
[2021-12-27T04:45:57.379+0000][1446][gc          ] GC(47) Pause Young (Normal) (G1 Evacuation Pause) 394M->102M(512M) 16.228ms
[2021-12-27T04:45:57.379+0000][1446][gc,cpu      ] GC(47) User=0.03s Sys=0.00s Real=0.01s
[2021-12-27T04:45:57.379+0000][1446][safepoint   ] Safepoint "G1CollectForAllocation", Time since last: 21099202212 ns, Reaching safepoint: 74791 ns, At safepoint: 16327060 ns, Total: 16401851 ns
[2021-12-27T04:45:58.379+0000][1446][safepoint   ] Safepoint "Cleanup", Time since last: 1000116539 ns, Reaching safepoint: 146328 ns, At safepoint: 6034 ns, Total: 152362 ns
[2021-12-27T04:45:59.380+0000][1446][safepoint   ] Safepoint "Cleanup", Time since last: 1000141233 ns, Reaching safepoint: 130581 ns, At safepoint: 9279 ns, Total: 139860 ns
[2021-12-27T04:46:05.380+0000][1446][safepoint   ] Safepoint "Cleanup", Time since last: 6000641482 ns, Reaching safepoint: 52410 ns, At safepoint: 4716 ns, Total: 57126 ns
[2021-12-27T04:46:07.381+0000][1446][safepoint   ] Safepoint "Cleanup", Time since last: 2000241161 ns, Reaching safepoint: 67503 ns, At safepoint: 4745 ns, Total: 72248 ns
[2021-12-27T04:46:08.381+0000][1446][safepoint   ] Safepoint "Cleanup", Time since last: 1000119012 ns, Reaching safepoint: 49427 ns, At safepoint: 5309 ns, Total: 54736 ns
[2021-12-27T04:46:18.382+0000][1446][safepoint   ] Safepoint "Cleanup", Time since last: 10000989385 ns, Reaching safepoint: 51804 ns, At safepoint: 5933 ns, Total: 57737 ns
[2021-12-27T04:46:22.382+0000][1446][safepoint   ] Safepoint "Cleanup", Time since last: 4000478011 ns, Reaching safepoint: 76498 ns, At safepoint: 4921 ns, Total: 81419 ns
[2021-12-27T04:46:31.252+0000][1446][safepoint   ] Safepoint "Cleanup", Time since last: 8869783851 ns, Reaching safepoint: 111902 ns, At safepoint: 11716 ns, Total: 123618 ns
[2021-12-27T04:47:36.259+0000][1446][safepoint   ] Safepoint "Cleanup", Time since last: 65006266603 ns, Reaching safepoint: 91125 ns, At safepoint: 7241 ns, Total: 98366 ns
[2021-12-27T04:47:42.259+0000][1446][safepoint   ] Safepoint "Cleanup", Time since last: 6000611776 ns, Reaching safepoint: 74036 ns, At safepoint: 6454 ns, Total: 80490 ns
[2021-12-27T04:48:11.936+0000][1446][gc,start    ] GC(48) Pause Young (Normal) (G1 Evacuation Pause)
[2021-12-27T04:48:11.936+0000][1446][gc,task     ] GC(48) Using 2 workers of 2 for evacuation
[2021-12-27T04:48:11.936+0000][1446][gc,age      ] GC(48) Desired survivor size 20971520 bytes, new threshold 15 (max threshold 15)
[2021-12-27T04:48:11.948+0000][1446][gc,age      ] GC(48) Age table with threshold 15 (max threshold 15)
[2021-12-27T04:48:11.948+0000][1446][gc,age      ] GC(48) - age   1:     647384 bytes,     647384 total
[2021-12-27T04:48:11.948+0000][1446][gc,age      ] GC(48) - age   2:     228272 bytes,     875656 total
[2021-12-27T04:48:11.948+0000][1446][gc,age      ] GC(48) - age   3:     570808 bytes,    1446464 total
[2021-12-27T04:48:11.948+0000][1446][gc,age      ] GC(48) - age   4:     201432 bytes,    1647896 total
[2021-12-27T04:48:11.948+0000][1446][gc,age      ] GC(48) - age   5:     566552 bytes,    2214448 total
[2021-12-27T04:48:11.948+0000][1446][gc,age      ] GC(48) - age   6:     234152 bytes,    2448600 total
[2021-12-27T04:48:11.948+0000][1446][gc,age      ] GC(48) - age   7:     984648 bytes,    3433248 total
[2021-12-27T04:48:11.948+0000][1446][gc,age      ] GC(48) - age   8:       3096 bytes,    3436344 total
[2021-12-27T04:48:11.948+0000][1446][gc,age      ] GC(48) - age   9:      82728 bytes,    3519072 total
[2021-12-27T04:48:11.948+0000][1446][gc,age      ] GC(48) - age  10:     711424 bytes,    4230496 total
[2021-12-27T04:48:11.948+0000][1446][gc,age      ] GC(48) - age  11:     107984 bytes,    4338480 total
[2021-12-27T04:48:11.948+0000][1446][gc,age      ] GC(48) - age  12:     367568 bytes,    4706048 total
[2021-12-27T04:48:11.948+0000][1446][gc,age      ] GC(48) - age  13:      30816 bytes,    4736864 total
[2021-12-27T04:48:11.948+0000][1446][gc,age      ] GC(48) - age  14:      91328 bytes,    4828192 total
[2021-12-27T04:48:11.948+0000][1446][gc,age      ] GC(48) - age  15:      79248 bytes,    4907440 total
[2021-12-27T04:48:11.948+0000][1446][gc,phases   ] GC(48)   Pre Evacuate Collection Set: 0.1ms
[2021-12-27T04:48:11.948+0000][1446][gc,phases   ] GC(48)   Merge Heap Roots: 0.1ms
[2021-12-27T04:48:11.948+0000][1446][gc,phases   ] GC(48)   Evacuate Collection Set: 10.4ms
[2021-12-27T04:48:11.948+0000][1446][gc,phases   ] GC(48)   Post Evacuate Collection Set: 1.6ms
[2021-12-27T04:48:11.948+0000][1446][gc,phases   ] GC(48)   Other: 0.5ms
[2021-12-27T04:48:11.948+0000][1446][gc,heap     ] GC(48) Eden regions: 73->0(74)
[2021-12-27T04:48:11.949+0000][1446][gc,heap     ] GC(48) Survivor regions: 3->2(10)
[2021-12-27T04:48:11.949+0000][1446][gc,heap     ] GC(48) Old regions: 20->20
[2021-12-27T04:48:11.949+0000][1446][gc,heap     ] GC(48) Archive regions: 2->2
[2021-12-27T04:48:11.949+0000][1446][gc,heap     ] GC(48) Humongous regions: 2->2
[2021-12-27T04:48:11.949+0000][1446][gc,metaspace] GC(48) Metaspace: 117043K(118912K)->117043K(118912K) NonClass: 101340K(102400K)->101340K(102400K) Class: 15703K(16512K)->15703K(16512K)
[2021-12-27T04:48:11.949+0000][1446][gc          ] GC(48) Pause Young (Normal) (G1 Evacuation Pause) 394M->96M(512M) 12.873ms
[2021-12-27T04:48:11.949+0000][1446][gc,cpu      ] GC(48) User=0.02s Sys=0.00s Real=0.01s
[2021-12-27T04:48:11.949+0000][1446][safepoint   ] Safepoint "G1CollectForAllocation", Time since last: 29676253397 ns, Reaching safepoint: 41065 ns, At safepoint: 12960814 ns, Total: 13001879 ns
[2021-12-27T04:48:29.950+0000][1446][safepoint   ] Safepoint "Cleanup", Time since last: 18001746716 ns, Reaching safepoint: 67492 ns, At safepoint: 5877 ns, Total: 73369 ns
[2021-12-27T04:48:38.518+0000][1446][safepoint   ] Safepoint "Cleanup", Time since last: 8567368623 ns, Reaching safepoint: 68641 ns, At safepoint: 4224 ns, Total: 72865 ns
[2021-12-27T04:48:39.518+0000][1446][safepoint   ] Safepoint "Cleanup", Time since last: 1000125309 ns, Reaching safepoint: 60354 ns, At safepoint: 5459 ns, Total: 65813 ns
[2021-12-27T04:48:53.519+0000][1446][safepoint   ] Safepoint "Cleanup", Time since last: 14001367857 ns, Reaching safepoint: 73824 ns, At safepoint: 6340 ns, Total: 80164 ns
[2021-12-27T04:49:05.521+0000][1446][safepoint   ] Safepoint "Cleanup", Time since last: 12001096231 ns, Reaching safepoint: 73209 ns, At safepoint: 5536 ns, Total: 78745 ns
[2021-12-27T04:49:10.521+0000][1446][safepoint   ] Safepoint "Cleanup", Time since last: 5000509912 ns, Reaching safepoint: 56552 ns, At safepoint: 5375 ns, Total: 61927 ns
[2021-12-27T04:49:11.521+0000][1446][safepoint   ] Safepoint "Cleanup", Time since last: 1000152496 ns, Reaching safepoint: 59721 ns, At safepoint: 21586 ns, Total: 81307 ns
[2021-12-27T04:49:12.522+0000][1446][safepoint   ] Safepoint "Cleanup", Time since last: 1000146987 ns, Reaching safepoint: 94257 ns, At safepoint: 5757 ns, Total: 100014 ns
[2021-12-27T04:49:26.523+0000][1446][safepoint   ] Safepoint "Cleanup", Time since last: 14001318038 ns, Reaching safepoint: 49920 ns, At safepoint: 4018 ns, Total: 53938 ns
[2021-12-27T04:49:28.523+0000][1446][safepoint   ] Safepoint "Cleanup", Time since last: 2000211023 ns, Reaching safepoint: 62937 ns, At safepoint: 5490 ns, Total: 68427 ns
[2021-12-27T04:49:39.524+0000][1446][safepoint   ] Safepoint "Cleanup", Time since last: 11000985495 ns, Reaching safepoint: 53852 ns, At safepoint: 5702 ns, Total: 59554 ns
[2021-12-27T04:49:41.525+0000][1446][safepoint   ] Safepoint "Cleanup", Time since last: 2000304705 ns, Reaching safepoint: 133503 ns, At safepoint: 9126 ns, Total: 142629 ns
[2021-12-27T04:49:47.530+0000][1446][safepoint   ] Safepoint "Cleanup", Time since last: 6004732006 ns, Reaching safepoint: 175100 ns, At safepoint: 32856 ns, Total: 207956 ns
[2021-12-27T04:49:50.530+0000][1446][safepoint   ] Safepoint "Cleanup", Time since last: 3000343548 ns, Reaching safepoint: 58500 ns, At safepoint: 5733 ns, Total: 64233 ns
[2021-12-27T04:50:09.532+0000][1446][safepoint   ] Safepoint "Cleanup", Time since last: 19002011121 ns, Reaching safepoint: 100978 ns, At safepoint: 4869 ns, Total: 105847 ns
[2021-12-27T04:50:10.533+0000][1446][safepoint   ] Safepoint "Cleanup", Time since last: 1000152585 ns, Reaching safepoint: 127933 ns, At safepoint: 6207 ns, Total: 134140 ns
[2021-12-27T04:50:13.533+0000][1446][safepoint   ] Safepoint "Cleanup", Time since last: 3000361496 ns, Reaching safepoint: 66890 ns, At safepoint: 5235 ns, Total: 72125 ns
[2021-12-27T04:50:14.533+0000][1446][safepoint   ] Safepoint "Cleanup", Time since last: 1000139955 ns, Reaching safepoint: 65885 ns, At safepoint: 5449 ns, Total: 71334 ns
[2021-12-27T04:50:19.534+0000][1446][safepoint   ] Safepoint "Cleanup", Time since last: 5000497985 ns, Reaching safepoint: 141456 ns, At safepoint: 9784 ns, Total: 151240 ns
[2021-12-27T04:50:26.535+0000][1446][safepoint   ] Safepoint "Cleanup", Time since last: 7000792073 ns, Reaching safepoint: 53342 ns, At safepoint: 5294 ns, Total: 58636 ns
[2021-12-27T04:50:26.944+0000][1446][gc,start    ] GC(49) Pause Young (Normal) (G1 Evacuation Pause)
[2021-12-27T04:50:26.944+0000][1446][gc,task     ] GC(49) Using 2 workers of 2 for evacuation
[2021-12-27T04:50:26.944+0000][1446][gc,age      ] GC(49) Desired survivor size 20971520 bytes, new threshold 15 (max threshold 15)
[2021-12-27T04:50:26.954+0000][1446][gc,age      ] GC(49) Age table with threshold 15 (max threshold 15)
[2021-12-27T04:50:26.954+0000][1446][gc,age      ] GC(49) - age   1:     632328 bytes,     632328 total
[2021-12-27T04:50:26.954+0000][1446][gc,age      ] GC(49) - age   2:     426952 bytes,    1059280 total
[2021-12-27T04:50:26.954+0000][1446][gc,age      ] GC(49) - age   3:       9440 bytes,    1068720 total
[2021-12-27T04:50:26.954+0000][1446][gc,age      ] GC(49) - age   4:     180424 bytes,    1249144 total
[2021-12-27T04:50:26.954+0000][1446][gc,age      ] GC(49) - age   5:      32448 bytes,    1281592 total
[2021-12-27T04:50:26.954+0000][1446][gc,age      ] GC(49) - age   6:     565320 bytes,    1846912 total
[2021-12-27T04:50:26.954+0000][1446][gc,age      ] GC(49) - age   7:     230624 bytes,    2077536 total
[2021-12-27T04:50:26.954+0000][1446][gc,age      ] GC(49) - age   8:     686360 bytes,    2763896 total
[2021-12-27T04:50:26.954+0000][1446][gc,age      ] GC(49) - age   9:       2864 bytes,    2766760 total
[2021-12-27T04:50:26.954+0000][1446][gc,age      ] GC(49) - age  10:      82496 bytes,    2849256 total
[2021-12-27T04:50:26.954+0000][1446][gc,age      ] GC(49) - age  11:     674808 bytes,    3524064 total
[2021-12-27T04:50:26.954+0000][1446][gc,age      ] GC(49) - age  12:      99424 bytes,    3623488 total
[2021-12-27T04:50:26.954+0000][1446][gc,age      ] GC(49) - age  13:     219128 bytes,    3842616 total
[2021-12-27T04:50:26.954+0000][1446][gc,age      ] GC(49) - age  14:      30816 bytes,    3873432 total
[2021-12-27T04:50:26.954+0000][1446][gc,age      ] GC(49) - age  15:      91328 bytes,    3964760 total
[2021-12-27T04:50:26.954+0000][1446][gc,phases   ] GC(49)   Pre Evacuate Collection Set: 0.1ms
[2021-12-27T04:50:26.954+0000][1446][gc,phases   ] GC(49)   Merge Heap Roots: 0.1ms
[2021-12-27T04:50:26.954+0000][1446][gc,phases   ] GC(49)   Evacuate Collection Set: 8.8ms
[2021-12-27T04:50:26.954+0000][1446][gc,phases   ] GC(49)   Post Evacuate Collection Set: 1.4ms
[2021-12-27T04:50:26.954+0000][1446][gc,phases   ] GC(49)   Other: 0.3ms
[2021-12-27T04:50:26.954+0000][1446][gc,heap     ] GC(49) Eden regions: 74->0(74)
[2021-12-27T04:50:26.954+0000][1446][gc,heap     ] GC(49) Survivor regions: 2->2(10)
[2021-12-27T04:50:26.954+0000][1446][gc,heap     ] GC(49) Old regions: 20->20
[2021-12-27T04:50:26.954+0000][1446][gc,heap     ] GC(49) Archive regions: 2->2
[2021-12-27T04:50:26.954+0000][1446][gc,heap     ] GC(49) Humongous regions: 2->2
[2021-12-27T04:50:26.954+0000][1446][gc,metaspace] GC(49) Metaspace: 117103K(118976K)->117103K(118976K) NonClass: 101397K(102464K)->101397K(102464K) Class: 15706K(16512K)->15706K(16512K)
[2021-12-27T04:50:26.954+0000][1446][gc          ] GC(49) Pause Young (Normal) (G1 Evacuation Pause) 392M->96M(512M) 10.569ms
[2021-12-27T04:50:26.954+0000][1446][gc,cpu      ] GC(49) User=0.02s Sys=0.00s Real=0.01s
[2021-12-27T04:50:26.954+0000][1446][safepoint   ] Safepoint "G1CollectForAllocation", Time since last: 408823191 ns, Reaching safepoint: 42367 ns, At safepoint: 10660213 ns, Total: 10702580 ns
[2021-12-27T04:50:28.955+0000][1446][safepoint   ] Safepoint "Cleanup", Time since last: 2000255725 ns, Reaching safepoint: 59267 ns, At safepoint: 5173 ns, Total: 64440 ns
[2021-12-27T04:50:33.955+0000][1446][safepoint   ] Safepoint "Cleanup", Time since last: 5000504356 ns, Reaching safepoint: 63797 ns, At safepoint: 5794 ns, Total: 69591 ns
[2021-12-27T04:50:44.956+0000][1446][safepoint   ] Safepoint "Cleanup", Time since last: 11001106049 ns, Reaching safepoint: 64595 ns, At safepoint: 6526 ns, Total: 71121 ns
[2021-12-27T04:50:47.957+0000][1446][safepoint   ] Safepoint "Cleanup", Time since last: 3000337720 ns, Reaching safepoint: 56200 ns, At safepoint: 4772 ns, Total: 60972 ns
[2021-12-27T04:50:51.957+0000][1446][safepoint   ] Safepoint "Cleanup", Time since last: 4000445274 ns, Reaching safepoint: 54183 ns, At safepoint: 5024 ns, Total: 59207 ns
[2021-12-27T04:50:55.958+0000][1446][safepoint   ] Safepoint "Cleanup", Time since last: 4000386688 ns, Reaching safepoint: 66870 ns, At safepoint: 5138 ns, Total: 72008 ns
[2021-12-27T04:51:05.316+0000][1446][safepoint   ] Safepoint "Cleanup", Time since last: 9357924623 ns, Reaching safepoint: 47166 ns, At safepoint: 8894 ns, Total: 56060 ns
[2021-12-27T04:51:06.326+0000][1446][safepoint   ] Safepoint "Cleanup", Time since last: 1009733974 ns, Reaching safepoint: 122797 ns, At safepoint: 10978 ns, Total: 133775 ns
[2021-12-27T04:51:09.326+0000][1446][safepoint   ] Safepoint "Cleanup", Time since last: 3000349277 ns, Reaching safepoint: 62760 ns, At safepoint: 5380 ns, Total: 68140 ns
[2021-12-27T04:51:10.326+0000][1446][safepoint   ] Safepoint "Cleanup", Time since last: 1000170634 ns, Reaching safepoint: 74504 ns, At safepoint: 6638 ns, Total: 81142 ns
[2021-12-27T04:51:15.327+0000][1446][safepoint   ] Safepoint "Cleanup", Time since last: 5000537431 ns, Reaching safepoint: 69432 ns, At safepoint: 5398 ns, Total: 74830 ns
[2021-12-27T04:51:21.328+0000][1446][safepoint   ] Safepoint "Cleanup", Time since last: 6000627580 ns, Reaching safepoint: 101393 ns, At safepoint: 5745 ns, Total: 107138 ns
[2021-12-27T04:51:24.328+0000][1446][safepoint   ] Safepoint "Cleanup", Time since last: 3000330688 ns, Reaching safepoint: 71639 ns, At safepoint: 5222 ns, Total: 76861 ns
[2021-12-27T04:51:30.329+0000][1446][safepoint   ] Safepoint "Cleanup", Time since last: 6000711876 ns, Reaching safepoint: 73650 ns, At safepoint: 5263 ns, Total: 78913 ns
[2021-12-27T04:51:35.329+0000][1446][safepoint   ] Safepoint "Cleanup", Time since last: 5000534814 ns, Reaching safepoint: 79881 ns, At safepoint: 6356 ns, Total: 86237 ns
[2021-12-27T04:51:52.331+0000][1446][safepoint   ] Safepoint "Cleanup", Time since last: 17001679753 ns, Reaching safepoint: 90899 ns, At safepoint: 5709 ns, Total: 96608 ns
[2021-12-27T04:52:03.332+0000][1446][safepoint   ] Safepoint "Cleanup", Time since last: 11001162081 ns, Reaching safepoint: 58577 ns, At safepoint: 5106 ns, Total: 63683 ns
[2021-12-27T04:52:06.333+0000][1446][safepoint   ] Safepoint "Cleanup", Time since last: 3000359456 ns, Reaching safepoint: 118014 ns, At safepoint: 13956 ns, Total: 131970 ns
[2021-12-27T04:52:10.333+0000][1446][safepoint   ] Safepoint "Cleanup", Time since last: 4000466938 ns, Reaching safepoint: 74448 ns, At safepoint: 5873 ns, Total: 80321 ns
[2021-12-27T04:52:12.334+0000][1446][safepoint   ] Safepoint "Cleanup", Time since last: 2000259972 ns, Reaching safepoint: 57295 ns, At safepoint: 4584 ns, Total: 61879 ns
[2021-12-27T04:52:18.335+0000][1446][safepoint   ] Safepoint "Cleanup", Time since last: 6000665355 ns, Reaching safepoint: 74270 ns, At safepoint: 4989 ns, Total: 79259 ns
[2021-12-27T04:52:22.335+0000][1446][safepoint   ] Safepoint "Cleanup", Time since last: 4000424061 ns, Reaching safepoint: 85925 ns, At safepoint: 6223 ns, Total: 92148 ns
[2021-12-27T04:52:26.336+0000][1446][safepoint   ] Safepoint "Cleanup", Time since last: 4000415853 ns, Reaching safepoint: 66760 ns, At safepoint: 4773 ns, Total: 71533 ns
[2021-12-27T04:52:30.336+0000][1446][safepoint   ] Safepoint "Cleanup", Time since last: 4000442800 ns, Reaching safepoint: 59999 ns, At safepoint: 5137 ns, Total: 65136 ns
[2021-12-27T04:52:33.337+0000][1446][safepoint   ] Safepoint "Cleanup", Time since last: 3000395278 ns, Reaching safepoint: 75312 ns, At safepoint: 5481 ns, Total: 80793 ns
[2021-12-27T04:52:40.337+0000][1446][safepoint   ] Safepoint "Cleanup", Time since last: 7000776775 ns, Reaching safepoint: 79777 ns, At safepoint: 6292 ns, Total: 86069 ns
[2021-12-27T04:52:42.338+0000][1446][safepoint   ] Safepoint "Cleanup", Time since last: 2000294909 ns, Reaching safepoint: 59920 ns, At safepoint: 5218 ns, Total: 65138 ns
[2021-12-27T04:52:45.338+0000][1446][safepoint   ] Safepoint "Cleanup", Time since last: 3000372926 ns, Reaching safepoint: 59431 ns, At safepoint: 5232 ns, Total: 64663 ns
[2021-12-27T04:52:47.662+0000][1446][gc,start    ] GC(50) Pause Young (Normal) (G1 Evacuation Pause)
[2021-12-27T04:52:47.662+0000][1446][gc,task     ] GC(50) Using 2 workers of 2 for evacuation
[2021-12-27T04:52:47.662+0000][1446][gc,age      ] GC(50) Desired survivor size 20971520 bytes, new threshold 15 (max threshold 15)
[2021-12-27T04:52:47.674+0000][1446][gc,age      ] GC(50) Age table with threshold 15 (max threshold 15)
[2021-12-27T04:52:47.674+0000][1446][gc,age      ] GC(50) - age   1:    1122144 bytes,    1122144 total
[2021-12-27T04:52:47.674+0000][1446][gc,age      ] GC(50) - age   2:     249784 bytes,    1371928 total
[2021-12-27T04:52:47.674+0000][1446][gc,age      ] GC(50) - age   3:     426952 bytes,    1798880 total
[2021-12-27T04:52:47.674+0000][1446][gc,age      ] GC(50) - age   4:       8936 bytes,    1807816 total
[2021-12-27T04:52:47.674+0000][1446][gc,age      ] GC(50) - age   5:      64736 bytes,    1872552 total
[2021-12-27T04:52:47.674+0000][1446][gc,age      ] GC(50) - age   6:      32256 bytes,    1904808 total
[2021-12-27T04:52:47.674+0000][1446][gc,age      ] GC(50) - age   7:     565128 bytes,    2469936 total
[2021-12-27T04:52:47.674+0000][1446][gc,age      ] GC(50) - age   8:     230584 bytes,    2700520 total
[2021-12-27T04:52:47.674+0000][1446][gc,age      ] GC(50) - age   9:     686072 bytes,    3386592 total
[2021-12-27T04:52:47.674+0000][1446][gc,age      ] GC(50) - age  10:       2864 bytes,    3389456 total
[2021-12-27T04:52:47.674+0000][1446][gc,age      ] GC(50) - age  11:      82384 bytes,    3471840 total
[2021-12-27T04:52:47.674+0000][1446][gc,age      ] GC(50) - age  12:     672960 bytes,    4144800 total
[2021-12-27T04:52:47.674+0000][1446][gc,age      ] GC(50) - age  13:      99320 bytes,    4244120 total
[2021-12-27T04:52:47.674+0000][1446][gc,age      ] GC(50) - age  14:     218856 bytes,    4462976 total
[2021-12-27T04:52:47.674+0000][1446][gc,age      ] GC(50) - age  15:      30816 bytes,    4493792 total
[2021-12-27T04:52:47.674+0000][1446][gc,phases   ] GC(50)   Pre Evacuate Collection Set: 0.1ms
[2021-12-27T04:52:47.674+0000][1446][gc,phases   ] GC(50)   Merge Heap Roots: 0.1ms
[2021-12-27T04:52:47.674+0000][1446][gc,phases   ] GC(50)   Evacuate Collection Set: 10.4ms
[2021-12-27T04:52:47.674+0000][1446][gc,phases   ] GC(50)   Post Evacuate Collection Set: 1.6ms
[2021-12-27T04:52:47.674+0000][1446][gc,phases   ] GC(50)   Other: 0.3ms
[2021-12-27T04:52:47.674+0000][1446][gc,heap     ] GC(50) Eden regions: 74->0(74)
[2021-12-27T04:52:47.674+0000][1446][gc,heap     ] GC(50) Survivor regions: 2->2(10)
[2021-12-27T04:52:47.674+0000][1446][gc,heap     ] GC(50) Old regions: 20->20
[2021-12-27T04:52:47.674+0000][1446][gc,heap     ] GC(50) Archive regions: 2->2
[2021-12-27T04:52:47.674+0000][1446][gc,heap     ] GC(50) Humongous regions: 2->2
[2021-12-27T04:52:47.674+0000][1446][gc,metaspace] GC(50) Metaspace: 117192K(119104K)->117192K(119104K) NonClass: 101482K(102592K)->101482K(102592K) Class: 15710K(16512K)->15710K(16512K)
[2021-12-27T04:52:47.674+0000][1446][gc          ] GC(50) Pause Young (Normal) (G1 Evacuation Pause) 392M->96M(512M) 12.524ms
[2021-12-27T04:52:47.674+0000][1446][gc,cpu      ] GC(50) User=0.02s Sys=0.00s Real=0.01s
[2021-12-27T04:52:47.674+0000][1446][safepoint   ] Safepoint "G1CollectForAllocation", Time since last: 2323437724 ns, Reaching safepoint: 41691 ns, At safepoint: 12623239 ns, Total: 12664930 ns
[2021-12-27T04:52:50.675+0000][1446][safepoint   ] Safepoint "Cleanup", Time since last: 3000318017 ns, Reaching safepoint: 73630 ns, At safepoint: 7282 ns, Total: 80912 ns
[2021-12-27T04:52:53.675+0000][1446][safepoint   ] Safepoint "Cleanup", Time since last: 3000339701 ns, Reaching safepoint: 61474 ns, At safepoint: 5951 ns, Total: 67425 ns
[2021-12-27T04:53:02.676+0000][1446][safepoint   ] Safepoint "Cleanup", Time since last: 9000932032 ns, Reaching safepoint: 89536 ns, At safepoint: 6516 ns, Total: 96052 ns
[2021-12-27T04:53:06.677+0000][1446][safepoint   ] Safepoint "Cleanup", Time since last: 4000470076 ns, Reaching safepoint: 88132 ns, At safepoint: 11191 ns, Total: 99323 ns
[2021-12-27T04:53:08.677+0000][1446][safepoint   ] Safepoint "Cleanup", Time since last: 2000224030 ns, Reaching safepoint: 64712 ns, At safepoint: 5349 ns, Total: 70061 ns
[2021-12-27T04:53:26.679+0000][1446][safepoint   ] Safepoint "Cleanup", Time since last: 18001828569 ns, Reaching safepoint: 63642 ns, At safepoint: 5027 ns, Total: 68669 ns
[2021-12-27T04:53:41.680+0000][1446][safepoint   ] Safepoint "Cleanup", Time since last: 15001497425 ns, Reaching safepoint: 94951 ns, At safepoint: 18017 ns, Total: 112968 ns
[2021-12-27T04:53:43.681+0000][1446][safepoint   ] Safepoint "Cleanup", Time since last: 2000223030 ns, Reaching safepoint: 55256 ns, At safepoint: 5077 ns, Total: 60333 ns
[2021-12-27T04:53:59.682+0000][1446][safepoint   ] Safepoint "Cleanup", Time since last: 16001537901 ns, Reaching safepoint: 67034 ns, At safepoint: 5489 ns, Total: 72523 ns
[2021-12-27T04:54:11.684+0000][1446][safepoint   ] Safepoint "Cleanup", Time since last: 12001192596 ns, Reaching safepoint: 88285 ns, At safepoint: 5481 ns, Total: 93766 ns
[2021-12-27T04:54:15.684+0000][1446][safepoint   ] Safepoint "Cleanup", Time since last: 4000412227 ns, Reaching safepoint: 62318 ns, At safepoint: 4814 ns, Total: 67132 ns
[2021-12-27T04:54:22.685+0000][1446][safepoint   ] Safepoint "Cleanup", Time since last: 7000714403 ns, Reaching safepoint: 78794 ns, At safepoint: 6316 ns, Total: 85110 ns
[2021-12-27T04:54:23.685+0000][1446][safepoint   ] Safepoint "Cleanup", Time since last: 1000149011 ns, Reaching safepoint: 67772 ns, At safepoint: 5678 ns, Total: 73450 ns
[2021-12-27T04:54:26.686+0000][1446][safepoint   ] Safepoint "Cleanup", Time since last: 3000330673 ns, Reaching safepoint: 57668 ns, At safepoint: 4828 ns, Total: 62496 ns
[2021-12-27T04:54:53.688+0000][1446][safepoint   ] Safepoint "Cleanup", Time since last: 27002581566 ns, Reaching safepoint: 70004 ns, At safepoint: 5870 ns, Total: 75874 ns
[2021-12-27T04:54:58.689+0000][1446][safepoint   ] Safepoint "Cleanup", Time since last: 5000570302 ns, Reaching safepoint: 67357 ns, At safepoint: 4949 ns, Total: 72306 ns
[2021-12-27T04:54:59.689+0000][1446][safepoint   ] Safepoint "Cleanup", Time since last: 1000157375 ns, Reaching safepoint: 61756 ns, At safepoint: 5765 ns, Total: 67521 ns
[2021-12-27T04:55:14.692+0000][1446][safepoint   ] Safepoint "Cleanup", Time since last: 15003097282 ns, Reaching safepoint: 85770 ns, At safepoint: 6008 ns, Total: 91778 ns
[2021-12-27T04:55:17.693+0000][1446][safepoint   ] Safepoint "Cleanup", Time since last: 3000329767 ns, Reaching safepoint: 62158 ns, At safepoint: 6140 ns, Total: 68298 ns
[2021-12-27T04:55:29.444+0000][1446][gc,start    ] GC(51) Pause Young (Normal) (G1 Evacuation Pause)
[2021-12-27T04:55:29.444+0000][1446][gc,task     ] GC(51) Using 2 workers of 2 for evacuation
[2021-12-27T04:55:29.444+0000][1446][gc,age      ] GC(51) Desired survivor size 20971520 bytes, new threshold 15 (max threshold 15)
[2021-12-27T04:55:29.456+0000][1446][gc,age      ] GC(51) Age table with threshold 15 (max threshold 15)
[2021-12-27T04:55:29.456+0000][1446][gc,age      ] GC(51) - age   1:     374328 bytes,     374328 total
[2021-12-27T04:55:29.456+0000][1446][gc,age      ] GC(51) - age   2:    1032544 bytes,    1406872 total
[2021-12-27T04:55:29.456+0000][1446][gc,age      ] GC(51) - age   3:     249720 bytes,    1656592 total
[2021-12-27T04:55:29.456+0000][1446][gc,age      ] GC(51) - age   4:     426952 bytes,    2083544 total
[2021-12-27T04:55:29.456+0000][1446][gc,age      ] GC(51) - age   5:       8872 bytes,    2092416 total
[2021-12-27T04:55:29.456+0000][1446][gc,age      ] GC(51) - age   6:      64736 bytes,    2157152 total
[2021-12-27T04:55:29.456+0000][1446][gc,age      ] GC(51) - age   7:      32256 bytes,    2189408 total
[2021-12-27T04:55:29.456+0000][1446][gc,age      ] GC(51) - age   8:     565128 bytes,    2754536 total
[2021-12-27T04:55:29.456+0000][1446][gc,age      ] GC(51) - age   9:     230584 bytes,    2985120 total
[2021-12-27T04:55:29.456+0000][1446][gc,age      ] GC(51) - age  10:     686072 bytes,    3671192 total
[2021-12-27T04:55:29.456+0000][1446][gc,age      ] GC(51) - age  11:       2864 bytes,    3674056 total
[2021-12-27T04:55:29.456+0000][1446][gc,age      ] GC(51) - age  12:      82384 bytes,    3756440 total
[2021-12-27T04:55:29.456+0000][1446][gc,age      ] GC(51) - age  13:     672960 bytes,    4429400 total
[2021-12-27T04:55:29.456+0000][1446][gc,age      ] GC(51) - age  14:      99320 bytes,    4528720 total
[2021-12-27T04:55:29.456+0000][1446][gc,age      ] GC(51) - age  15:     218856 bytes,    4747576 total
[2021-12-27T04:55:29.456+0000][1446][gc,phases   ] GC(51)   Pre Evacuate Collection Set: 0.1ms
[2021-12-27T04:55:29.457+0000][1446][gc,phases   ] GC(51)   Merge Heap Roots: 0.1ms
[2021-12-27T04:55:29.457+0000][1446][gc,phases   ] GC(51)   Evacuate Collection Set: 10.2ms
[2021-12-27T04:55:29.457+0000][1446][gc,phases   ] GC(51)   Post Evacuate Collection Set: 1.4ms
[2021-12-27T04:55:29.457+0000][1446][gc,phases   ] GC(51)   Other: 0.3ms
[2021-12-27T04:55:29.457+0000][1446][gc,heap     ] GC(51) Eden regions: 74->0(74)
[2021-12-27T04:55:29.457+0000][1446][gc,heap     ] GC(51) Survivor regions: 2->2(10)
[2021-12-27T04:55:29.457+0000][1446][gc,heap     ] GC(51) Old regions: 20->20
[2021-12-27T04:55:29.457+0000][1446][gc,heap     ] GC(51) Archive regions: 2->2
[2021-12-27T04:55:29.457+0000][1446][gc,heap     ] GC(51) Humongous regions: 2->2
[2021-12-27T04:55:29.457+0000][1446][gc,metaspace] GC(51) Metaspace: 117225K(119104K)->117225K(119104K) NonClass: 101514K(102592K)->101514K(102592K) Class: 15711K(16512K)->15711K(16512K)
[2021-12-27T04:55:29.457+0000][1446][gc          ] GC(51) Pause Young (Normal) (G1 Evacuation Pause) 392M->96M(512M) 12.182ms
[2021-12-27T04:55:29.457+0000][1446][gc,cpu      ] GC(51) User=0.02s Sys=0.00s Real=0.01s
[2021-12-27T04:55:29.457+0000][1446][safepoint   ] Safepoint "G1CollectForAllocation", Time since last: 11751652754 ns, Reaching safepoint: 42969 ns, At safepoint: 12268110 ns, Total: 12311079 ns
[2021-12-27T04:55:41.459+0000][1446][safepoint   ] Safepoint "Cleanup", Time since last: 12002350745 ns, Reaching safepoint: 171053 ns, At safepoint: 7965 ns, Total: 179018 ns
[2021-12-27T04:55:42.459+0000][1446][safepoint   ] Safepoint "Cleanup", Time since last: 1000133275 ns, Reaching safepoint: 60692 ns, At safepoint: 5781 ns, Total: 66473 ns
[2021-12-27T04:55:44.460+0000][1446][safepoint   ] Safepoint "Cleanup", Time since last: 2000227894 ns, Reaching safepoint: 50636 ns, At safepoint: 5466 ns, Total: 56102 ns
[2021-12-27T04:55:45.460+0000][1446][safepoint   ] Safepoint "Cleanup", Time since last: 1000137243 ns, Reaching safepoint: 57754 ns, At safepoint: 5353 ns, Total: 63107 ns
[2021-12-27T04:55:48.460+0000][1446][safepoint   ] Safepoint "Cleanup", Time since last: 3000364903 ns, Reaching safepoint: 81146 ns, At safepoint: 9346 ns, Total: 90492 ns
[2021-12-27T04:56:14.464+0000][1446][safepoint   ] Safepoint "Cleanup", Time since last: 26003734010 ns, Reaching safepoint: 93784 ns, At safepoint: 5470 ns, Total: 99254 ns
[2021-12-27T04:56:20.465+0000][1446][safepoint   ] Safepoint "Cleanup", Time since last: 6000584916 ns, Reaching safepoint: 92352 ns, At safepoint: 5433 ns, Total: 97785 ns
[2021-12-27T04:56:21.465+0000][1446][safepoint   ] Safepoint "Cleanup", Time since last: 1000143442 ns, Reaching safepoint: 67096 ns, At safepoint: 6323 ns, Total: 73419 ns
[2021-12-27T04:56:42.467+0000][1446][safepoint   ] Safepoint "Cleanup", Time since last: 21001949100 ns, Reaching safepoint: 72793 ns, At safepoint: 5703 ns, Total: 78496 ns
[2021-12-27T04:56:59.469+0000][1446][safepoint   ] Safepoint "Cleanup", Time since last: 17001643420 ns, Reaching safepoint: 67903 ns, At safepoint: 16702 ns, Total: 84605 ns
[2021-12-27T04:57:03.469+0000][1446][safepoint   ] Safepoint "Cleanup", Time since last: 4000412367 ns, Reaching safepoint: 63503 ns, At safepoint: 6329 ns, Total: 69832 ns
[2021-12-27T04:57:06.470+0000][1446][safepoint   ] Safepoint "Cleanup", Time since last: 3000381806 ns, Reaching safepoint: 84462 ns, At safepoint: 6902 ns, Total: 91364 ns
[2021-12-27T04:57:12.470+0000][1446][safepoint   ] Safepoint "Cleanup", Time since last: 6000622439 ns, Reaching safepoint: 68209 ns, At safepoint: 5975 ns, Total: 74184 ns
[2021-12-27T04:57:15.471+0000][1446][safepoint   ] Safepoint "Cleanup", Time since last: 3000427054 ns, Reaching safepoint: 58894 ns, At safepoint: 5541 ns, Total: 64435 ns
[2021-12-27T04:57:23.475+0000][1446][safepoint   ] Safepoint "Cleanup", Time since last: 8003763466 ns, Reaching safepoint: 81414 ns, At safepoint: 5926 ns, Total: 87340 ns
[2021-12-27T04:57:26.475+0000][1446][safepoint   ] Safepoint "Cleanup", Time since last: 3000312518 ns, Reaching safepoint: 55384 ns, At safepoint: 5244 ns, Total: 60628 ns
[2021-12-27T04:57:28.476+0000][1446][safepoint   ] Safepoint "Cleanup", Time since last: 2000254256 ns, Reaching safepoint: 113285 ns, At safepoint: 6607 ns, Total: 119892 ns
[2021-12-27T04:57:39.477+0000][1446][safepoint   ] Safepoint "Cleanup", Time since last: 11001332831 ns, Reaching safepoint: 148208 ns, At safepoint: 9968 ns, Total: 158176 ns
[2021-12-27T04:57:42.478+0000][1446][safepoint   ] Safepoint "Cleanup", Time since last: 3000396704 ns, Reaching safepoint: 106467 ns, At safepoint: 6937 ns, Total: 113404 ns
[2021-12-27T04:57:44.478+0000][1446][safepoint   ] Safepoint "Cleanup", Time since last: 2000238399 ns, Reaching safepoint: 49719 ns, At safepoint: 6088 ns, Total: 55807 ns
[2021-12-27T04:57:54.479+0000][1446][safepoint   ] Safepoint "Cleanup", Time since last: 10001124703 ns, Reaching safepoint: 87833 ns, At safepoint: 6539 ns, Total: 94372 ns
[2021-12-27T04:57:56.473+0000][1446][gc,start    ] GC(52) Pause Young (Normal) (G1 Evacuation Pause)
[2021-12-27T04:57:56.474+0000][1446][gc,task     ] GC(52) Using 2 workers of 2 for evacuation
[2021-12-27T04:57:56.474+0000][1446][gc,age      ] GC(52) Desired survivor size 20971520 bytes, new threshold 15 (max threshold 15)
[2021-12-27T04:57:56.486+0000][1446][gc,age      ] GC(52) Age table with threshold 15 (max threshold 15)
[2021-12-27T04:57:56.486+0000][1446][gc,age      ] GC(52) - age   1:     790024 bytes,     790024 total
[2021-12-27T04:57:56.486+0000][1446][gc,age      ] GC(52) - age   2:     185472 bytes,     975496 total
[2021-12-27T04:57:56.486+0000][1446][gc,age      ] GC(52) - age   3:     498040 bytes,    1473536 total
[2021-12-27T04:57:56.486+0000][1446][gc,age      ] GC(52) - age   4:     243832 bytes,    1717368 total
[2021-12-27T04:57:56.486+0000][1446][gc,age      ] GC(52) - age   5:     425608 bytes,    2142976 total
[2021-12-27T04:57:56.486+0000][1446][gc,age      ] GC(52) - age   6:       8872 bytes,    2151848 total
[2021-12-27T04:57:56.486+0000][1446][gc,age      ] GC(52) - age   7:      64400 bytes,    2216248 total
[2021-12-27T04:57:56.486+0000][1446][gc,age      ] GC(52) - age   8:      31984 bytes,    2248232 total
[2021-12-27T04:57:56.486+0000][1446][gc,age      ] GC(52) - age   9:     565128 bytes,    2813360 total
[2021-12-27T04:57:56.486+0000][1446][gc,age      ] GC(52) - age  10:     230584 bytes,    3043944 total
[2021-12-27T04:57:56.486+0000][1446][gc,age      ] GC(52) - age  11:     686008 bytes,    3729952 total
[2021-12-27T04:57:56.486+0000][1446][gc,age      ] GC(52) - age  12:       2864 bytes,    3732816 total
[2021-12-27T04:57:56.486+0000][1446][gc,age      ] GC(52) - age  13:      82384 bytes,    3815200 total
[2021-12-27T04:57:56.486+0000][1446][gc,age      ] GC(52) - age  14:     672960 bytes,    4488160 total
[2021-12-27T04:57:56.486+0000][1446][gc,age      ] GC(52) - age  15:      99296 bytes,    4587456 total
[2021-12-27T04:57:56.486+0000][1446][gc,phases   ] GC(52)   Pre Evacuate Collection Set: 0.1ms
[2021-12-27T04:57:56.486+0000][1446][gc,phases   ] GC(52)   Merge Heap Roots: 0.1ms
[2021-12-27T04:57:56.486+0000][1446][gc,phases   ] GC(52)   Evacuate Collection Set: 10.6ms
[2021-12-27T04:57:56.486+0000][1446][gc,phases   ] GC(52)   Post Evacuate Collection Set: 1.5ms
[2021-12-27T04:57:56.486+0000][1446][gc,phases   ] GC(52)   Other: 0.3ms
[2021-12-27T04:57:56.486+0000][1446][gc,heap     ] GC(52) Eden regions: 74->0(74)
[2021-12-27T04:57:56.486+0000][1446][gc,heap     ] GC(52) Survivor regions: 2->2(10)
[2021-12-27T04:57:56.486+0000][1446][gc,heap     ] GC(52) Old regions: 20->21
[2021-12-27T04:57:56.486+0000][1446][gc,heap     ] GC(52) Archive regions: 2->2
[2021-12-27T04:57:56.486+0000][1446][gc,heap     ] GC(52) Humongous regions: 2->2
[2021-12-27T04:57:56.486+0000][1446][gc,metaspace] GC(52) Metaspace: 117411K(119296K)->117411K(119296K) NonClass: 101698K(102784K)->101698K(102784K) Class: 15712K(16512K)->15712K(16512K)
[2021-12-27T04:57:56.486+0000][1446][gc          ] GC(52) Pause Young (Normal) (G1 Evacuation Pause) 392M->97M(512M) 12.575ms
[2021-12-27T04:57:56.486+0000][1446][gc,cpu      ] GC(52) User=0.02s Sys=0.00s Real=0.01s
[2021-12-27T04:57:56.486+0000][1446][safepoint   ] Safepoint "G1CollectForAllocation", Time since last: 1994348980 ns, Reaching safepoint: 46930 ns, At safepoint: 12671392 ns, Total: 12718322 ns
[2021-12-27T04:58:06.487+0000][1446][safepoint   ] Safepoint "Cleanup", Time since last: 10000963637 ns, Reaching safepoint: 58490 ns, At safepoint: 4961 ns, Total: 63451 ns
[2021-12-27T04:58:18.488+0000][1446][safepoint   ] Safepoint "Cleanup", Time since last: 12001170382 ns, Reaching safepoint: 80215 ns, At safepoint: 34045 ns, Total: 114260 ns
[2021-12-27T04:58:19.489+0000][1446][safepoint   ] Safepoint "Cleanup", Time since last: 1000128967 ns, Reaching safepoint: 56486 ns, At safepoint: 5601 ns, Total: 62087 ns
[2021-12-27T04:58:26.489+0000][1446][safepoint   ] Safepoint "Cleanup", Time since last: 7000618392 ns, Reaching safepoint: 71690 ns, At safepoint: 6185 ns, Total: 77875 ns
[2021-12-27T04:58:38.491+0000][1446][safepoint   ] Safepoint "Cleanup", Time since last: 12001210443 ns, Reaching safepoint: 42885 ns, At safepoint: 5816 ns, Total: 48701 ns
[2021-12-27T04:58:42.491+0000][1446][safepoint   ] Safepoint "Cleanup", Time since last: 4000419475 ns, Reaching safepoint: 116990 ns, At safepoint: 6113 ns, Total: 123103 ns
[2021-12-27T04:58:43.491+0000][1446][safepoint   ] Safepoint "Cleanup", Time since last: 1000140312 ns, Reaching safepoint: 60871 ns, At safepoint: 5025 ns, Total: 65896 ns
[2021-12-27T04:59:09.494+0000][1446][safepoint   ] Safepoint "Cleanup", Time since last: 26002552821 ns, Reaching safepoint: 67804 ns, At safepoint: 5966 ns, Total: 73770 ns
[2021-12-27T04:59:10.494+0000][1446][safepoint   ] Safepoint "Cleanup", Time since last: 1000145167 ns, Reaching safepoint: 63522 ns, At safepoint: 6248 ns, Total: 69770 ns
[2021-12-27T04:59:26.496+0000][1446][safepoint   ] Safepoint "Cleanup", Time since last: 16001532115 ns, Reaching safepoint: 55365 ns, At safepoint: 5288 ns, Total: 60653 ns
[2021-12-27T04:59:30.496+0000][1446][safepoint   ] Safepoint "Cleanup", Time since last: 4000395903 ns, Reaching safepoint: 63287 ns, At safepoint: 5702 ns, Total: 68989 ns
[2021-12-27T05:00:13.500+0000][1446][safepoint   ] Safepoint "Cleanup", Time since last: 43003992355 ns, Reaching safepoint: 97298 ns, At safepoint: 7128 ns, Total: 104426 ns
[2021-12-27T05:00:31.986+0000][1446][gc,start    ] GC(53) Pause Young (Normal) (G1 Evacuation Pause)
[2021-12-27T05:00:31.986+0000][1446][gc,task     ] GC(53) Using 2 workers of 2 for evacuation
[2021-12-27T05:00:31.986+0000][1446][gc,age      ] GC(53) Desired survivor size 20971520 bytes, new threshold 15 (max threshold 15)
[2021-12-27T05:00:31.999+0000][1446][gc,age      ] GC(53) Age table with threshold 15 (max threshold 15)
[2021-12-27T05:00:31.999+0000][1446][gc,age      ] GC(53) - age   1:     662376 bytes,     662376 total
[2021-12-27T05:00:31.999+0000][1446][gc,age      ] GC(53) - age   2:     214328 bytes,     876704 total
[2021-12-27T05:00:31.999+0000][1446][gc,age      ] GC(53) - age   3:      28736 bytes,     905440 total
[2021-12-27T05:00:31.999+0000][1446][gc,age      ] GC(53) - age   4:     222080 bytes,    1127520 total
[2021-12-27T05:00:31.999+0000][1446][gc,age      ] GC(53) - age   5:     243616 bytes,    1371136 total
[2021-12-27T05:00:31.999+0000][1446][gc,age      ] GC(53) - age   6:     425608 bytes,    1796744 total
[2021-12-27T05:00:31.999+0000][1446][gc,age      ] GC(53) - age   7:       8872 bytes,    1805616 total
[2021-12-27T05:00:31.999+0000][1446][gc,age      ] GC(53) - age   8:      64336 bytes,    1869952 total
[2021-12-27T05:00:31.999+0000][1446][gc,age      ] GC(53) - age   9:      31984 bytes,    1901936 total
[2021-12-27T05:00:31.999+0000][1446][gc,age      ] GC(53) - age  10:     565128 bytes,    2467064 total
[2021-12-27T05:00:31.999+0000][1446][gc,age      ] GC(53) - age  11:     230584 bytes,    2697648 total
[2021-12-27T05:00:31.999+0000][1446][gc,age      ] GC(53) - age  12:     686008 bytes,    3383656 total
[2021-12-27T05:00:31.999+0000][1446][gc,age      ] GC(53) - age  13:       2864 bytes,    3386520 total
[2021-12-27T05:00:31.999+0000][1446][gc,age      ] GC(53) - age  14:      82384 bytes,    3468904 total
[2021-12-27T05:00:31.999+0000][1446][gc,age      ] GC(53) - age  15:     672464 bytes,    4141368 total
[2021-12-27T05:00:31.999+0000][1446][gc,phases   ] GC(53)   Pre Evacuate Collection Set: 0.1ms
[2021-12-27T05:00:31.999+0000][1446][gc,phases   ] GC(53)   Merge Heap Roots: 0.1ms
[2021-12-27T05:00:31.999+0000][1446][gc,phases   ] GC(53)   Evacuate Collection Set: 10.8ms
[2021-12-27T05:00:31.999+0000][1446][gc,phases   ] GC(53)   Post Evacuate Collection Set: 1.3ms
[2021-12-27T05:00:31.999+0000][1446][gc,phases   ] GC(53)   Other: 0.3ms
[2021-12-27T05:00:31.999+0000][1446][gc,heap     ] GC(53) Eden regions: 74->0(74)
[2021-12-27T05:00:31.999+0000][1446][gc,heap     ] GC(53) Survivor regions: 2->2(10)
[2021-12-27T05:00:31.999+0000][1446][gc,heap     ] GC(53) Old regions: 21->21
[2021-12-27T05:00:31.999+0000][1446][gc,heap     ] GC(53) Archive regions: 2->2
[2021-12-27T05:00:31.999+0000][1446][gc,heap     ] GC(53) Humongous regions: 2->2
[2021-12-27T05:00:31.999+0000][1446][gc,metaspace] GC(53) Metaspace: 117440K(119360K)->117440K(119360K) NonClass: 101726K(102848K)->101726K(102848K) Class: 15713K(16512K)->15713K(16512K)
[2021-12-27T05:00:31.999+0000][1446][gc          ] GC(53) Pause Young (Normal) (G1 Evacuation Pause) 393M->96M(512M) 12.729ms
[2021-12-27T05:00:31.999+0000][1446][gc,cpu      ] GC(53) User=0.02s Sys=0.00s Real=0.01s
[2021-12-27T05:00:31.999+0000][1446][safepoint   ] Safepoint "G1CollectForAllocation", Time since last: 18485719121 ns, Reaching safepoint: 38813 ns, At safepoint: 12816369 ns, Total: 12855182 ns
[2021-12-27T05:00:48.001+0000][1446][safepoint   ] Safepoint "Cleanup", Time since last: 16001569138 ns, Reaching safepoint: 65652 ns, At safepoint: 5390 ns, Total: 71042 ns
[2021-12-27T05:00:51.001+0000][1446][safepoint   ] Safepoint "Cleanup", Time since last: 3000353598 ns, Reaching safepoint: 66491 ns, At safepoint: 5240 ns, Total: 71731 ns
[2021-12-27T05:01:15.003+0000][1446][safepoint   ] Safepoint "Cleanup", Time since last: 24002344490 ns, Reaching safepoint: 117887 ns, At safepoint: 5334 ns, Total: 123221 ns
[2021-12-27T05:02:30.010+0000][1446][safepoint   ] Safepoint "Cleanup", Time since last: 75006838983 ns, Reaching safepoint: 82634 ns, At safepoint: 5122 ns, Total: 87756 ns
[2021-12-27T05:02:32.011+0000][1446][safepoint   ] Safepoint "Cleanup", Time since last: 2000245657 ns, Reaching safepoint: 63133 ns, At safepoint: 5027 ns, Total: 68160 ns
[2021-12-27T05:02:54.013+0000][1446][safepoint   ] Safepoint "Cleanup", Time since last: 22002120638 ns, Reaching safepoint: 55368 ns, At safepoint: 32981 ns, Total: 88349 ns
[2021-12-27T05:02:59.013+0000][1446][safepoint   ] Safepoint "Cleanup", Time since last: 5000527724 ns, Reaching safepoint: 64888 ns, At safepoint: 19576 ns, Total: 84464 ns
[2021-12-27T05:03:01.014+0000][1446][safepoint   ] Safepoint "Cleanup", Time since last: 2000270908 ns, Reaching safepoint: 74286 ns, At safepoint: 6008 ns, Total: 80294 ns
[2021-12-27T05:03:06.015+0000][1446][safepoint   ] Safepoint "Cleanup", Time since last: 5000607887 ns, Reaching safepoint: 77448 ns, At safepoint: 6566 ns, Total: 84014 ns
[2021-12-27T05:03:16.016+0000][1446][safepoint   ] Safepoint "Cleanup", Time since last: 10001028097 ns, Reaching safepoint: 86846 ns, At safepoint: 5503 ns, Total: 92349 ns
[2021-12-27T05:03:17.951+0000][1446][gc,start    ] GC(54) Pause Young (Normal) (G1 Evacuation Pause)
[2021-12-27T05:03:17.951+0000][1446][gc,task     ] GC(54) Using 2 workers of 2 for evacuation
[2021-12-27T05:03:17.951+0000][1446][gc,age      ] GC(54) Desired survivor size 20971520 bytes, new threshold 15 (max threshold 15)
[2021-12-27T05:03:17.962+0000][1446][gc,age      ] GC(54) Age table with threshold 15 (max threshold 15)
[2021-12-27T05:03:17.962+0000][1446][gc,age      ] GC(54) - age   1:     298216 bytes,     298216 total
[2021-12-27T05:03:17.962+0000][1446][gc,age      ] GC(54) - age   2:     380424 bytes,     678640 total
[2021-12-27T05:03:17.962+0000][1446][gc,age      ] GC(54) - age   3:     212040 bytes,     890680 total
[2021-12-27T05:03:17.962+0000][1446][gc,age      ] GC(54) - age   4:      22872 bytes,     913552 total
[2021-12-27T05:03:17.962+0000][1446][gc,age      ] GC(54) - age   5:     221480 bytes,    1135032 total
[2021-12-27T05:03:17.962+0000][1446][gc,age      ] GC(54) - age   6:     243336 bytes,    1378368 total
[2021-12-27T05:03:17.962+0000][1446][gc,age      ] GC(54) - age   7:     425424 bytes,    1803792 total
[2021-12-27T05:03:17.962+0000][1446][gc,age      ] GC(54) - age   8:       8872 bytes,    1812664 total
[2021-12-27T05:03:17.962+0000][1446][gc,age      ] GC(54) - age   9:      64336 bytes,    1877000 total
[2021-12-27T05:03:17.962+0000][1446][gc,age      ] GC(54) - age  10:      31984 bytes,    1908984 total
[2021-12-27T05:03:17.962+0000][1446][gc,age      ] GC(54) - age  11:     565128 bytes,    2474112 total
[2021-12-27T05:03:17.962+0000][1446][gc,age      ] GC(54) - age  12:     230584 bytes,    2704696 total
[2021-12-27T05:03:17.962+0000][1446][gc,age      ] GC(54) - age  13:     686008 bytes,    3390704 total
[2021-12-27T05:03:17.962+0000][1446][gc,age      ] GC(54) - age  14:       2864 bytes,    3393568 total
[2021-12-27T05:03:17.962+0000][1446][gc,age      ] GC(54) - age  15:      82384 bytes,    3475952 total
[2021-12-27T05:03:17.962+0000][1446][gc,phases   ] GC(54)   Pre Evacuate Collection Set: 0.1ms
[2021-12-27T05:03:17.962+0000][1446][gc,phases   ] GC(54)   Merge Heap Roots: 0.1ms
[2021-12-27T05:03:17.962+0000][1446][gc,phases   ] GC(54)   Evacuate Collection Set: 10.0ms
[2021-12-27T05:03:17.962+0000][1446][gc,phases   ] GC(54)   Post Evacuate Collection Set: 1.2ms
[2021-12-27T05:03:17.962+0000][1446][gc,phases   ] GC(54)   Other: 0.3ms
[2021-12-27T05:03:17.962+0000][1446][gc,heap     ] GC(54) Eden regions: 74->0(75)
[2021-12-27T05:03:17.962+0000][1446][gc,heap     ] GC(54) Survivor regions: 2->1(10)
[2021-12-27T05:03:17.962+0000][1446][gc,heap     ] GC(54) Old regions: 21->21
[2021-12-27T05:03:17.962+0000][1446][gc,heap     ] GC(54) Archive regions: 2->2
[2021-12-27T05:03:17.962+0000][1446][gc,heap     ] GC(54) Humongous regions: 2->2
[2021-12-27T05:03:17.962+0000][1446][gc,metaspace] GC(54) Metaspace: 117477K(119360K)->117477K(119360K) NonClass: 101764K(102848K)->101764K(102848K) Class: 15713K(16512K)->15713K(16512K)
[2021-12-27T05:03:17.962+0000][1446][gc          ] GC(54) Pause Young (Normal) (G1 Evacuation Pause) 392M->96M(512M) 11.721ms
[2021-12-27T05:03:17.962+0000][1446][gc,cpu      ] GC(54) User=0.02s Sys=0.00s Real=0.01s
[2021-12-27T05:03:17.962+0000][1446][safepoint   ] Safepoint "G1CollectForAllocation", Time since last: 1934899119 ns, Reaching safepoint: 42232 ns, At safepoint: 11805380 ns, Total: 11847612 ns
[2021-12-27T05:03:20.963+0000][1446][safepoint   ] Safepoint "Cleanup", Time since last: 3000316537 ns, Reaching safepoint: 64335 ns, At safepoint: 5955 ns, Total: 70290 ns
[2021-12-27T05:03:23.963+0000][1446][safepoint   ] Safepoint "Cleanup", Time since last: 3000340443 ns, Reaching safepoint: 60693 ns, At safepoint: 4986 ns, Total: 65679 ns
[2021-12-27T05:03:29.964+0000][1446][safepoint   ] Safepoint "Cleanup", Time since last: 6000684501 ns, Reaching safepoint: 59056 ns, At safepoint: 5947 ns, Total: 65003 ns
[2021-12-27T05:03:36.965+0000][1446][safepoint   ] Safepoint "Cleanup", Time since last: 7000691793 ns, Reaching safepoint: 86978 ns, At safepoint: 7046 ns, Total: 94024 ns
[2021-12-27T05:04:08.968+0000][1446][safepoint   ] Safepoint "Cleanup", Time since last: 32003093227 ns, Reaching safepoint: 88709 ns, At safepoint: 5594 ns, Total: 94303 ns
[2021-12-27T05:04:20.969+0000][1446][safepoint   ] Safepoint "Cleanup", Time since last: 12001167184 ns, Reaching safepoint: 83624 ns, At safepoint: 5273 ns, Total: 88897 ns
[2021-12-27T05:04:26.970+0000][1446][safepoint   ] Safepoint "Cleanup", Time since last: 6000574075 ns, Reaching safepoint: 50713 ns, At safepoint: 5580 ns, Total: 56293 ns
[2021-12-27T05:04:45.208+0000][1446][safepoint   ] Safepoint "Cleanup", Time since last: 18238506508 ns, Reaching safepoint: 113837 ns, At safepoint: 6459 ns, Total: 120296 ns
[2021-12-27T05:04:59.210+0000][1446][safepoint   ] Safepoint "Cleanup", Time since last: 14001363534 ns, Reaching safepoint: 73844 ns, At safepoint: 7133 ns, Total: 80977 ns
[2021-12-27T05:05:18.212+0000][1446][safepoint   ] Safepoint "Cleanup", Time since last: 19001874218 ns, Reaching safepoint: 94309 ns, At safepoint: 9570 ns, Total: 103879 ns
[2021-12-27T05:05:20.212+0000][1446][safepoint   ] Safepoint "Cleanup", Time since last: 2000220168 ns, Reaching safepoint: 55168 ns, At safepoint: 5473 ns, Total: 60641 ns
[2021-12-27T05:05:24.213+0000][1446][safepoint   ] Safepoint "Cleanup", Time since last: 4000452047 ns, Reaching safepoint: 61410 ns, At safepoint: 5320 ns, Total: 66730 ns
[2021-12-27T05:05:27.213+0000][1446][safepoint   ] Safepoint "Cleanup", Time since last: 3000367065 ns, Reaching safepoint: 72222 ns, At safepoint: 5222 ns, Total: 77444 ns
[2021-12-27T05:05:39.214+0000][1446][safepoint   ] Safepoint "Cleanup", Time since last: 12001232920 ns, Reaching safepoint: 64152 ns, At safepoint: 5762 ns, Total: 69914 ns
[2021-12-27T05:05:54.505+0000][1446][gc,start    ] GC(55) Pause Young (Normal) (G1 Evacuation Pause)
[2021-12-27T05:05:54.505+0000][1446][gc,task     ] GC(55) Using 2 workers of 2 for evacuation
[2021-12-27T05:05:54.505+0000][1446][gc,age      ] GC(55) Desired survivor size 20971520 bytes, new threshold 15 (max threshold 15)
[2021-12-27T05:05:54.516+0000][1446][gc,age      ] GC(55) Age table with threshold 15 (max threshold 15)
[2021-12-27T05:05:54.516+0000][1446][gc,age      ] GC(55) - age   1:     683776 bytes,     683776 total
[2021-12-27T05:05:54.516+0000][1446][gc,age      ] GC(55) - age   2:     179448 bytes,     863224 total
[2021-12-27T05:05:54.516+0000][1446][gc,age      ] GC(55) - age   3:     328640 bytes,    1191864 total
[2021-12-27T05:05:54.516+0000][1446][gc,age      ] GC(55) - age   4:     147328 bytes,    1339192 total
[2021-12-27T05:05:54.516+0000][1446][gc,age      ] GC(55) - age   5:      22744 bytes,    1361936 total
[2021-12-27T05:05:54.516+0000][1446][gc,age      ] GC(55) - age   6:     196704 bytes,    1558640 total
[2021-12-27T05:05:54.516+0000][1446][gc,age      ] GC(55) - age   7:     239752 bytes,    1798392 total
[2021-12-27T05:05:54.516+0000][1446][gc,age      ] GC(55) - age   8:     425392 bytes,    2223784 total
[2021-12-27T05:05:54.516+0000][1446][gc,age      ] GC(55) - age   9:       8872 bytes,    2232656 total
[2021-12-27T05:05:54.516+0000][1446][gc,age      ] GC(55) - age  10:      64336 bytes,    2296992 total
[2021-12-27T05:05:54.516+0000][1446][gc,age      ] GC(55) - age  11:      30792 bytes,    2327784 total
[2021-12-27T05:05:54.516+0000][1446][gc,age      ] GC(55) - age  12:     565128 bytes,    2892912 total
[2021-12-27T05:05:54.516+0000][1446][gc,age      ] GC(55) - age  13:     230584 bytes,    3123496 total
[2021-12-27T05:05:54.516+0000][1446][gc,age      ] GC(55) - age  14:     677296 bytes,    3800792 total
[2021-12-27T05:05:54.516+0000][1446][gc,age      ] GC(55) - age  15:       2864 bytes,    3803656 total
[2021-12-27T05:05:54.516+0000][1446][gc,phases   ] GC(55)   Pre Evacuate Collection Set: 0.1ms
[2021-12-27T05:05:54.516+0000][1446][gc,phases   ] GC(55)   Merge Heap Roots: 0.1ms
[2021-12-27T05:05:54.516+0000][1446][gc,phases   ] GC(55)   Evacuate Collection Set: 9.7ms
[2021-12-27T05:05:54.516+0000][1446][gc,phases   ] GC(55)   Post Evacuate Collection Set: 1.2ms
[2021-12-27T05:05:54.516+0000][1446][gc,phases   ] GC(55)   Other: 0.3ms
[2021-12-27T05:05:54.516+0000][1446][gc,heap     ] GC(55) Eden regions: 75->0(75)
[2021-12-27T05:05:54.516+0000][1446][gc,heap     ] GC(55) Survivor regions: 1->1(10)
[2021-12-27T05:05:54.516+0000][1446][gc,heap     ] GC(55) Old regions: 21->21
[2021-12-27T05:05:54.516+0000][1446][gc,heap     ] GC(55) Archive regions: 2->2
[2021-12-27T05:05:54.516+0000][1446][gc,heap     ] GC(55) Humongous regions: 2->2
[2021-12-27T05:05:54.516+0000][1446][gc,metaspace] GC(55) Metaspace: 117558K(119424K)->117558K(119424K) NonClass: 101844K(102912K)->101844K(102912K) Class: 15713K(16512K)->15713K(16512K)
[2021-12-27T05:05:54.516+0000][1446][gc          ] GC(55) Pause Young (Normal) (G1 Evacuation Pause) 396M->96M(512M) 11.406ms
[2021-12-27T05:05:54.516+0000][1446][gc,cpu      ] GC(55) User=0.02s Sys=0.00s Real=0.01s
[2021-12-27T05:05:54.516+0000][1446][safepoint   ] Safepoint "G1CollectForAllocation", Time since last: 15290276597 ns, Reaching safepoint: 63232 ns, At safepoint: 11496274 ns, Total: 11559506 ns
[2021-12-27T05:05:58.517+0000][1446][safepoint   ] Safepoint "Cleanup", Time since last: 4000470200 ns, Reaching safepoint: 57972 ns, At safepoint: 5556 ns, Total: 63528 ns
[2021-12-27T05:06:15.518+0000][1446][safepoint   ] Safepoint "Cleanup", Time since last: 17001537703 ns, Reaching safepoint: 74105 ns, At safepoint: 5481 ns, Total: 79586 ns
[2021-12-27T05:06:20.519+0000][1446][safepoint   ] Safepoint "Cleanup", Time since last: 5000512469 ns, Reaching safepoint: 55523 ns, At safepoint: 5348 ns, Total: 60871 ns
[2021-12-27T05:06:36.521+0000][1446][safepoint   ] Safepoint "Cleanup", Time since last: 16001646246 ns, Reaching safepoint: 59288 ns, At safepoint: 5679 ns, Total: 64967 ns
[2021-12-27T05:06:38.521+0000][1446][safepoint   ] Safepoint "Cleanup", Time since last: 2000234909 ns, Reaching safepoint: 57455 ns, At safepoint: 4987 ns, Total: 62442 ns
[2021-12-27T05:06:56.523+0000][1446][safepoint   ] Safepoint "Cleanup", Time since last: 18001592712 ns, Reaching safepoint: 68968 ns, At safepoint: 4891 ns, Total: 73859 ns
[2021-12-27T05:06:58.523+0000][1446][safepoint   ] Safepoint "Cleanup", Time since last: 2000238668 ns, Reaching safepoint: 85337 ns, At safepoint: 4809 ns, Total: 90146 ns
[2021-12-27T05:07:01.523+0000][1446][safepoint   ] Safepoint "Cleanup", Time since last: 3000324597 ns, Reaching safepoint: 68697 ns, At safepoint: 4993 ns, Total: 73690 ns
[2021-12-27T05:07:06.524+0000][1446][safepoint   ] Safepoint "Cleanup", Time since last: 5000542190 ns, Reaching safepoint: 100506 ns, At safepoint: 5315 ns, Total: 105821 ns
[2021-12-27T05:07:46.531+0000][1446][safepoint   ] Safepoint "Cleanup", Time since last: 40007345402 ns, Reaching safepoint: 61483 ns, At safepoint: 5826 ns, Total: 67309 ns
[2021-12-27T05:07:47.532+0000][1446][safepoint   ] Safepoint "Cleanup", Time since last: 1000142984 ns, Reaching safepoint: 65142 ns, At safepoint: 5417 ns, Total: 70559 ns
[2021-12-27T05:07:48.532+0000][1446][safepoint   ] Safepoint "Cleanup", Time since last: 1000153979 ns, Reaching safepoint: 58383 ns, At safepoint: 5965 ns, Total: 64348 ns
[2021-12-27T05:07:49.532+0000][1446][safepoint   ] Safepoint "Cleanup", Time since last: 1000135887 ns, Reaching safepoint: 151253 ns, At safepoint: 11026 ns, Total: 162279 ns
[2021-12-27T05:07:56.533+0000][1446][safepoint   ] Safepoint "Cleanup", Time since last: 7000735695 ns, Reaching safepoint: 66428 ns, At safepoint: 5601 ns, Total: 72029 ns
[2021-12-27T05:08:26.536+0000][1446][safepoint   ] Safepoint "Cleanup", Time since last: 30002858687 ns, Reaching safepoint: 84712 ns, At safepoint: 5099 ns, Total: 89811 ns
[2021-12-27T05:08:35.627+0000][1446][gc,start    ] GC(56) Pause Young (Normal) (G1 Evacuation Pause)
[2021-12-27T05:08:35.627+0000][1446][gc,task     ] GC(56) Using 2 workers of 2 for evacuation
[2021-12-27T05:08:35.627+0000][1446][gc,age      ] GC(56) Desired survivor size 20971520 bytes, new threshold 15 (max threshold 15)
[2021-12-27T05:08:35.636+0000][1446][gc,age      ] GC(56) Age table with threshold 15 (max threshold 15)
[2021-12-27T05:08:35.636+0000][1446][gc,age      ] GC(56) - age   1:     297144 bytes,     297144 total
[2021-12-27T05:08:35.636+0000][1446][gc,age      ] GC(56) - age   2:     178472 bytes,     475616 total
[2021-12-27T05:08:35.636+0000][1446][gc,age      ] GC(56) - age   3:      25856 bytes,     501472 total
[2021-12-27T05:08:35.636+0000][1446][gc,age      ] GC(56) - age   4:      67744 bytes,     569216 total
[2021-12-27T05:08:35.636+0000][1446][gc,age      ] GC(56) - age   5:     145288 bytes,     714504 total
[2021-12-27T05:08:35.636+0000][1446][gc,age      ] GC(56) - age   6:      22744 bytes,     737248 total
[2021-12-27T05:08:35.636+0000][1446][gc,age      ] GC(56) - age   7:     172056 bytes,     909304 total
[2021-12-27T05:08:35.636+0000][1446][gc,age      ] GC(56) - age   8:     231320 bytes,    1140624 total
[2021-12-27T05:08:35.636+0000][1446][gc,age      ] GC(56) - age   9:     425392 bytes,    1566016 total
[2021-12-27T05:08:35.636+0000][1446][gc,age      ] GC(56) - age  10:       8872 bytes,    1574888 total
[2021-12-27T05:08:35.636+0000][1446][gc,age      ] GC(56) - age  11:      64336 bytes,    1639224 total
[2021-12-27T05:08:35.636+0000][1446][gc,age      ] GC(56) - age  12:      30760 bytes,    1669984 total
[2021-12-27T05:08:35.636+0000][1446][gc,age      ] GC(56) - age  13:     565128 bytes,    2235112 total
[2021-12-27T05:08:35.636+0000][1446][gc,age      ] GC(56) - age  14:     230584 bytes,    2465696 total
[2021-12-27T05:08:35.636+0000][1446][gc,age      ] GC(56) - age  15:     652616 bytes,    3118312 total
[2021-12-27T05:08:35.636+0000][1446][gc,phases   ] GC(56)   Pre Evacuate Collection Set: 0.1ms
[2021-12-27T05:08:35.636+0000][1446][gc,phases   ] GC(56)   Merge Heap Roots: 0.1ms
[2021-12-27T05:08:35.636+0000][1446][gc,phases   ] GC(56)   Evacuate Collection Set: 7.5ms
[2021-12-27T05:08:35.636+0000][1446][gc,phases   ] GC(56)   Post Evacuate Collection Set: 1.5ms
[2021-12-27T05:08:35.636+0000][1446][gc,phases   ] GC(56)   Other: 0.3ms
[2021-12-27T05:08:35.636+0000][1446][gc,heap     ] GC(56) Eden regions: 75->0(75)
[2021-12-27T05:08:35.636+0000][1446][gc,heap     ] GC(56) Survivor regions: 1->1(10)
[2021-12-27T05:08:35.636+0000][1446][gc,heap     ] GC(56) Old regions: 21->21
[2021-12-27T05:08:35.636+0000][1446][gc,heap     ] GC(56) Archive regions: 2->2
[2021-12-27T05:08:35.636+0000][1446][gc,heap     ] GC(56) Humongous regions: 2->2
[2021-12-27T05:08:35.636+0000][1446][gc,metaspace] GC(56) Metaspace: 117650K(119552K)->117650K(119552K) NonClass: 101933K(103040K)->101933K(103040K) Class: 15716K(16512K)->15716K(16512K)
[2021-12-27T05:08:35.636+0000][1446][gc          ] GC(56) Pause Young (Normal) (G1 Evacuation Pause) 396M->96M(512M) 9.612ms
[2021-12-27T05:08:35.636+0000][1446][gc,cpu      ] GC(56) User=0.02s Sys=0.00s Real=0.01s
[2021-12-27T05:08:35.636+0000][1446][safepoint   ] Safepoint "G1CollectForAllocation", Time since last: 9090545214 ns, Reaching safepoint: 51439 ns, At safepoint: 9697657 ns, Total: 9749096 ns
[2021-12-27T05:09:07.639+0000][1446][safepoint   ] Safepoint "Cleanup", Time since last: 32003023822 ns, Reaching safepoint: 63475 ns, At safepoint: 5484 ns, Total: 68959 ns
[2021-12-27T05:09:44.645+0000][1446][safepoint   ] Safepoint "Cleanup", Time since last: 37005756191 ns, Reaching safepoint: 62196 ns, At safepoint: 5405 ns, Total: 67601 ns
[2021-12-27T05:09:53.646+0000][1446][safepoint   ] Safepoint "Cleanup", Time since last: 9000931394 ns, Reaching safepoint: 60361 ns, At safepoint: 5116 ns, Total: 65477 ns
[2021-12-27T05:10:15.648+0000][1446][safepoint   ] Safepoint "Cleanup", Time since last: 22002073347 ns, Reaching safepoint: 61014 ns, At safepoint: 5242 ns, Total: 66256 ns
[2021-12-27T05:10:17.649+0000][1446][safepoint   ] Safepoint "Cleanup", Time since last: 2000263576 ns, Reaching safepoint: 54947 ns, At safepoint: 4861 ns, Total: 59808 ns
[2021-12-27T05:10:41.651+0000][1446][safepoint   ] Safepoint "Cleanup", Time since last: 24002328861 ns, Reaching safepoint: 48839 ns, At safepoint: 4920 ns, Total: 53759 ns
[2021-12-27T05:10:45.652+0000][1446][safepoint   ] Safepoint "Cleanup", Time since last: 4000477983 ns, Reaching safepoint: 90157 ns, At safepoint: 5224 ns, Total: 95381 ns
[2021-12-27T05:10:47.652+0000][1446][safepoint   ] Safepoint "Cleanup", Time since last: 2000268487 ns, Reaching safepoint: 74161 ns, At safepoint: 5224 ns, Total: 79385 ns
[2021-12-27T05:10:50.652+0000][1446][safepoint   ] Safepoint "Cleanup", Time since last: 3000347013 ns, Reaching safepoint: 63756 ns, At safepoint: 10875 ns, Total: 74631 ns
[2021-12-27T05:11:05.654+0000][1446][safepoint   ] Safepoint "Cleanup", Time since last: 15001454312 ns, Reaching safepoint: 59870 ns, At safepoint: 5666 ns, Total: 65536 ns
[2021-12-27T05:11:08.654+0000][1446][safepoint   ] Safepoint "Cleanup", Time since last: 3000339116 ns, Reaching safepoint: 65546 ns, At safepoint: 5569 ns, Total: 71115 ns
[2021-12-27T05:11:29.518+0000][1446][gc,start    ] GC(57) Pause Young (Normal) (G1 Evacuation Pause)
[2021-12-27T05:11:29.518+0000][1446][gc,task     ] GC(57) Using 2 workers of 2 for evacuation
[2021-12-27T05:11:29.518+0000][1446][gc,age      ] GC(57) Desired survivor size 20971520 bytes, new threshold 15 (max threshold 15)
[2021-12-27T05:11:29.529+0000][1446][gc,age      ] GC(57) Age table with threshold 15 (max threshold 15)
[2021-12-27T05:11:29.529+0000][1446][gc,age      ] GC(57) - age   1:     300088 bytes,     300088 total
[2021-12-27T05:11:29.529+0000][1446][gc,age      ] GC(57) - age   2:     219064 bytes,     519152 total
[2021-12-27T05:11:29.529+0000][1446][gc,age      ] GC(57) - age   3:     177832 bytes,     696984 total
[2021-12-27T05:11:29.529+0000][1446][gc,age      ] GC(57) - age   4:      25560 bytes,     722544 total
[2021-12-27T05:11:29.529+0000][1446][gc,age      ] GC(57) - age   5:      67552 bytes,     790096 total
[2021-12-27T05:11:29.529+0000][1446][gc,age      ] GC(57) - age   6:     145288 bytes,     935384 total
[2021-12-27T05:11:29.529+0000][1446][gc,age      ] GC(57) - age   7:      22744 bytes,     958128 total
[2021-12-27T05:11:29.529+0000][1446][gc,age      ] GC(57) - age   8:     172056 bytes,    1130184 total
[2021-12-27T05:11:29.529+0000][1446][gc,age      ] GC(57) - age   9:     231320 bytes,    1361504 total
[2021-12-27T05:11:29.529+0000][1446][gc,age      ] GC(57) - age  10:     425392 bytes,    1786896 total
[2021-12-27T05:11:29.529+0000][1446][gc,age      ] GC(57) - age  11:       8872 bytes,    1795768 total
[2021-12-27T05:11:29.529+0000][1446][gc,age      ] GC(57) - age  12:      64336 bytes,    1860104 total
[2021-12-27T05:11:29.529+0000][1446][gc,age      ] GC(57) - age  13:      30760 bytes,    1890864 total
[2021-12-27T05:11:29.529+0000][1446][gc,age      ] GC(57) - age  14:     565128 bytes,    2455992 total
[2021-12-27T05:11:29.529+0000][1446][gc,age      ] GC(57) - age  15:     230584 bytes,    2686576 total
[2021-12-27T05:11:29.529+0000][1446][gc,phases   ] GC(57)   Pre Evacuate Collection Set: 0.1ms
[2021-12-27T05:11:29.529+0000][1446][gc,phases   ] GC(57)   Merge Heap Roots: 0.1ms
[2021-12-27T05:11:29.529+0000][1446][gc,phases   ] GC(57)   Evacuate Collection Set: 9.0ms
[2021-12-27T05:11:29.529+0000][1446][gc,phases   ] GC(57)   Post Evacuate Collection Set: 1.4ms
[2021-12-27T05:11:29.529+0000][1446][gc,phases   ] GC(57)   Other: 0.3ms
[2021-12-27T05:11:29.529+0000][1446][gc,heap     ] GC(57) Eden regions: 75->0(75)
[2021-12-27T05:11:29.529+0000][1446][gc,heap     ] GC(57) Survivor regions: 1->1(10)
[2021-12-27T05:11:29.529+0000][1446][gc,heap     ] GC(57) Old regions: 21->21
[2021-12-27T05:11:29.529+0000][1446][gc,heap     ] GC(57) Archive regions: 2->2
[2021-12-27T05:11:29.529+0000][1446][gc,heap     ] GC(57) Humongous regions: 2->2
[2021-12-27T05:11:29.529+0000][1446][gc,metaspace] GC(57) Metaspace: 117660K(119552K)->117660K(119552K) NonClass: 101943K(103040K)->101943K(103040K) Class: 15716K(16512K)->15716K(16512K)
[2021-12-27T05:11:29.529+0000][1446][gc          ] GC(57) Pause Young (Normal) (G1 Evacuation Pause) 396M->96M(512M) 10.828ms
[2021-12-27T05:11:29.529+0000][1446][gc,cpu      ] GC(57) User=0.02s Sys=0.00s Real=0.01s
[2021-12-27T05:11:29.529+0000][1446][safepoint   ] Safepoint "G1CollectForAllocation", Time since last: 20863999675 ns, Reaching safepoint: 37460 ns, At safepoint: 10918258 ns, Total: 10955718 ns
[2021-12-27T05:11:35.530+0000][1446][safepoint   ] Safepoint "Cleanup", Time since last: 6000558622 ns, Reaching safepoint: 53092 ns, At safepoint: 4471 ns, Total: 57563 ns
[2021-12-27T05:12:03.533+0000][1446][safepoint   ] Safepoint "Cleanup", Time since last: 28002657074 ns, Reaching safepoint: 60085 ns, At safepoint: 4311 ns, Total: 64396 ns
[2021-12-27T05:12:08.535+0000][1446][safepoint   ] Safepoint "Cleanup", Time since last: 5002155311 ns, Reaching safepoint: 48833 ns, At safepoint: 6676 ns, Total: 55509 ns
[2021-12-27T05:12:15.536+0000][1446][safepoint   ] Safepoint "Cleanup", Time since last: 7000679914 ns, Reaching safepoint: 95383 ns, At safepoint: 5410 ns, Total: 100793 ns
[2021-12-27T05:12:18.536+0000][1446][safepoint   ] Safepoint "Cleanup", Time since last: 3000297182 ns, Reaching safepoint: 69501 ns, At safepoint: 10845 ns, Total: 80346 ns
[2021-12-27T05:12:26.537+0000][1446][safepoint   ] Safepoint "Cleanup", Time since last: 8000830897 ns, Reaching safepoint: 49465 ns, At safepoint: 5147 ns, Total: 54612 ns
[2021-12-27T05:12:27.537+0000][1446][safepoint   ] Safepoint "Cleanup", Time since last: 1000138465 ns, Reaching safepoint: 49660 ns, At safepoint: 5621 ns, Total: 55281 ns
[2021-12-27T05:12:31.538+0000][1446][safepoint   ] Safepoint "Cleanup", Time since last: 4000463365 ns, Reaching safepoint: 72486 ns, At safepoint: 6281 ns, Total: 78767 ns
[2021-12-27T05:12:41.539+0000][1446][safepoint   ] Safepoint "Cleanup", Time since last: 10001100064 ns, Reaching safepoint: 73955 ns, At safepoint: 5903 ns, Total: 79858 ns
[2021-12-27T05:12:42.539+0000][1446][safepoint   ] Safepoint "Cleanup", Time since last: 1000176785 ns, Reaching safepoint: 78111 ns, At safepoint: 6055 ns, Total: 84166 ns
[2021-12-27T05:12:45.539+0000][1446][safepoint   ] Safepoint "Cleanup", Time since last: 3000347957 ns, Reaching safepoint: 95084 ns, At safepoint: 6074 ns, Total: 101158 ns
[2021-12-27T05:12:46.541+0000][1446][safepoint   ] Safepoint "Cleanup", Time since last: 1000990280 ns, Reaching safepoint: 1011299 ns, At safepoint: 11782 ns, Total: 1023081 ns
[2021-12-27T05:12:47.542+0000][1446][safepoint   ] Safepoint "Cleanup", Time since last: 1000159371 ns, Reaching safepoint: 65264 ns, At safepoint: 5091 ns, Total: 70355 ns
[2021-12-27T05:12:49.542+0000][1446][safepoint   ] Safepoint "Cleanup", Time since last: 2000231690 ns, Reaching safepoint: 129488 ns, At safepoint: 9253 ns, Total: 138741 ns
[2021-12-27T05:12:57.543+0000][1446][safepoint   ] Safepoint "Cleanup", Time since last: 8000864023 ns, Reaching safepoint: 74151 ns, At safepoint: 6167 ns, Total: 80318 ns
[2021-12-27T05:13:18.546+0000][1446][safepoint   ] Safepoint "Cleanup", Time since last: 21002451289 ns, Reaching safepoint: 75905 ns, At safepoint: 31766 ns, Total: 107671 ns
[2021-12-27T05:13:22.547+0000][1446][safepoint   ] Safepoint "Cleanup", Time since last: 4001649056 ns, Reaching safepoint: 67993 ns, At safepoint: 5027 ns, Total: 73020 ns
[2021-12-27T05:13:26.548+0000][1446][safepoint   ] Safepoint "Cleanup", Time since last: 4000469230 ns, Reaching safepoint: 44852 ns, At safepoint: 4382 ns, Total: 49234 ns
[2021-12-27T05:13:44.554+0000][1446][safepoint   ] Safepoint "Cleanup", Time since last: 18006360224 ns, Reaching safepoint: 53884 ns, At safepoint: 4810 ns, Total: 58694 ns
[2021-12-27T05:13:45.554+0000][1446][safepoint   ] Safepoint "Cleanup", Time since last: 1000154872 ns, Reaching safepoint: 76376 ns, At safepoint: 5601 ns, Total: 81977 ns
[2021-12-27T05:13:49.555+0000][1446][safepoint   ] Safepoint "Cleanup", Time since last: 4000456406 ns, Reaching safepoint: 78816 ns, At safepoint: 6732 ns, Total: 85548 ns
[2021-12-27T05:13:50.555+0000][1446][safepoint   ] Safepoint "Cleanup", Time since last: 1000140365 ns, Reaching safepoint: 62667 ns, At safepoint: 5032 ns, Total: 67699 ns
[2021-12-27T05:13:53.586+0000][1446][gc,start    ] GC(58) Pause Young (Normal) (G1 Evacuation Pause)
[2021-12-27T05:13:53.586+0000][1446][gc,task     ] GC(58) Using 2 workers of 2 for evacuation
[2021-12-27T05:13:53.586+0000][1446][gc,age      ] GC(58) Desired survivor size 20971520 bytes, new threshold 15 (max threshold 15)
[2021-12-27T05:13:53.595+0000][1446][gc,age      ] GC(58) Age table with threshold 15 (max threshold 15)
[2021-12-27T05:13:53.595+0000][1446][gc,age      ] GC(58) - age   1:     763456 bytes,     763456 total
[2021-12-27T05:13:53.595+0000][1446][gc,age      ] GC(58) - age   2:       5168 bytes,     768624 total
[2021-12-27T05:13:53.595+0000][1446][gc,age      ] GC(58) - age   3:      24648 bytes,     793272 total
[2021-12-27T05:13:53.595+0000][1446][gc,age      ] GC(58) - age   4:      92112 bytes,     885384 total
[2021-12-27T05:13:53.595+0000][1446][gc,age      ] GC(58) - age   5:       9672 bytes,     895056 total
[2021-12-27T05:13:53.595+0000][1446][gc,age      ] GC(58) - age   6:      53848 bytes,     948904 total
[2021-12-27T05:13:53.595+0000][1446][gc,age      ] GC(58) - age   7:      20392 bytes,     969296 total
[2021-12-27T05:13:53.595+0000][1446][gc,age      ] GC(58) - age   8:      22744 bytes,     992040 total
[2021-12-27T05:13:53.595+0000][1446][gc,age      ] GC(58) - age   9:     171488 bytes,    1163528 total
[2021-12-27T05:13:53.595+0000][1446][gc,age      ] GC(58) - age  10:     229512 bytes,    1393040 total
[2021-12-27T05:13:53.595+0000][1446][gc,age      ] GC(58) - age  11:     425392 bytes,    1818432 total
[2021-12-27T05:13:53.595+0000][1446][gc,age      ] GC(58) - age  12:       8872 bytes,    1827304 total
[2021-12-27T05:13:53.595+0000][1446][gc,age      ] GC(58) - age  13:      58128 bytes,    1885432 total
[2021-12-27T05:13:53.595+0000][1446][gc,age      ] GC(58) - age  14:      30632 bytes,    1916064 total
[2021-12-27T05:13:53.595+0000][1446][gc,age      ] GC(58) - age  15:     564952 bytes,    2481016 total
[2021-12-27T05:13:53.595+0000][1446][gc,phases   ] GC(58)   Pre Evacuate Collection Set: 0.1ms
[2021-12-27T05:13:53.595+0000][1446][gc,phases   ] GC(58)   Merge Heap Roots: 0.1ms
[2021-12-27T05:13:53.595+0000][1446][gc,phases   ] GC(58)   Evacuate Collection Set: 7.7ms
[2021-12-27T05:13:53.595+0000][1446][gc,phases   ] GC(58)   Post Evacuate Collection Set: 1.4ms
[2021-12-27T05:13:53.595+0000][1446][gc,phases   ] GC(58)   Other: 0.3ms
[2021-12-27T05:13:53.595+0000][1446][gc,heap     ] GC(58) Eden regions: 75->0(75)
[2021-12-27T05:13:53.595+0000][1446][gc,heap     ] GC(58) Survivor regions: 1->1(10)
[2021-12-27T05:13:53.595+0000][1446][gc,heap     ] GC(58) Old regions: 21->21
[2021-12-27T05:13:53.595+0000][1446][gc,heap     ] GC(58) Archive regions: 2->2
[2021-12-27T05:13:53.595+0000][1446][gc,heap     ] GC(58) Humongous regions: 2->2
[2021-12-27T05:13:53.595+0000][1446][gc,metaspace] GC(58) Metaspace: 117759K(119680K)->117759K(119680K) NonClass: 102039K(103168K)->102039K(103168K) Class: 15720K(16512K)->15720K(16512K)
[2021-12-27T05:13:53.595+0000][1446][gc          ] GC(58) Pause Young (Normal) (G1 Evacuation Pause) 396M->96M(512M) 9.588ms
[2021-12-27T05:13:53.595+0000][1446][gc,cpu      ] GC(58) User=0.01s Sys=0.00s Real=0.01s
[2021-12-27T05:13:53.595+0000][1446][safepoint   ] Safepoint "G1CollectForAllocation", Time since last: 3030524401 ns, Reaching safepoint: 37569 ns, At safepoint: 9673333 ns, Total: 9710902 ns
[2021-12-27T05:13:54.596+0000][1446][safepoint   ] Safepoint "Cleanup", Time since last: 1000129316 ns, Reaching safepoint: 52772 ns, At safepoint: 7646 ns, Total: 60418 ns
[2021-12-27T05:14:14.598+0000][1446][safepoint   ] Safepoint "Cleanup", Time since last: 20001948488 ns, Reaching safepoint: 82634 ns, At safepoint: 5421 ns, Total: 88055 ns
[2021-12-27T05:14:17.598+0000][1446][safepoint   ] Safepoint "Cleanup", Time since last: 3000325976 ns, Reaching safepoint: 53184 ns, At safepoint: 12102 ns, Total: 65286 ns
[2021-12-27T05:14:20.598+0000][1446][safepoint   ] Safepoint "Cleanup", Time since last: 3000322569 ns, Reaching safepoint: 55102 ns, At safepoint: 5138 ns, Total: 60240 ns
[2021-12-27T05:14:22.599+0000][1446][safepoint   ] Safepoint "Cleanup", Time since last: 2000247740 ns, Reaching safepoint: 59318 ns, At safepoint: 5175 ns, Total: 64493 ns
[2021-12-27T05:15:02.603+0000][1446][safepoint   ] Safepoint "Cleanup", Time since last: 40003860677 ns, Reaching safepoint: 118013 ns, At safepoint: 5923 ns, Total: 123936 ns
[2021-12-27T05:15:09.604+0000][1446][safepoint   ] Safepoint "Cleanup", Time since last: 7000738274 ns, Reaching safepoint: 68427 ns, At safepoint: 5583 ns, Total: 74010 ns
[2021-12-27T05:15:13.604+0000][1446][safepoint   ] Safepoint "Cleanup", Time since last: 4000402276 ns, Reaching safepoint: 64191 ns, At safepoint: 6449 ns, Total: 70640 ns
[2021-12-27T05:15:14.604+0000][1446][safepoint   ] Safepoint "Cleanup", Time since last: 1000133932 ns, Reaching safepoint: 98171 ns, At safepoint: 6832 ns, Total: 105003 ns
[2021-12-27T05:15:19.605+0000][1446][safepoint   ] Safepoint "Cleanup", Time since last: 5000478341 ns, Reaching safepoint: 70640 ns, At safepoint: 6572 ns, Total: 77212 ns
[2021-12-27T05:15:20.605+0000][1446][safepoint   ] Safepoint "Cleanup", Time since last: 1000163542 ns, Reaching safepoint: 91977 ns, At safepoint: 6037 ns, Total: 98014 ns
[2021-12-27T05:15:25.606+0000][1446][safepoint   ] Safepoint "Cleanup", Time since last: 5000575010 ns, Reaching safepoint: 57445 ns, At safepoint: 5306 ns, Total: 62751 ns
[2021-12-27T05:15:26.606+0000][1446][safepoint   ] Safepoint "Cleanup", Time since last: 1000160230 ns, Reaching safepoint: 102282 ns, At safepoint: 6644 ns, Total: 108926 ns
[2021-12-27T05:15:39.607+0000][1446][safepoint   ] Safepoint "Cleanup", Time since last: 13001242163 ns, Reaching safepoint: 81755 ns, At safepoint: 5136 ns, Total: 86891 ns
[2021-12-27T05:15:57.610+0000][1446][safepoint   ] Safepoint "Cleanup", Time since last: 18002785708 ns, Reaching safepoint: 56729 ns, At safepoint: 5000 ns, Total: 61729 ns
[2021-12-27T05:15:58.610+0000][1446][safepoint   ] Safepoint "Cleanup", Time since last: 1000152346 ns, Reaching safepoint: 79162 ns, At safepoint: 12476 ns, Total: 91638 ns
[2021-12-27T05:16:38.718+0000][1446][gc,start    ] GC(59) Pause Young (Normal) (G1 Evacuation Pause)
[2021-12-27T05:16:38.718+0000][1446][gc,task     ] GC(59) Using 2 workers of 2 for evacuation
[2021-12-27T05:16:38.718+0000][1446][gc,age      ] GC(59) Desired survivor size 20971520 bytes, new threshold 15 (max threshold 15)
[2021-12-27T05:16:38.727+0000][1446][gc,age      ] GC(59) Age table with threshold 15 (max threshold 15)
[2021-12-27T05:16:38.727+0000][1446][gc,age      ] GC(59) - age   1:     346800 bytes,     346800 total
[2021-12-27T05:16:38.727+0000][1446][gc,age      ] GC(59) - age   2:     667320 bytes,    1014120 total
[2021-12-27T05:16:38.727+0000][1446][gc,age      ] GC(59) - age   3:       4864 bytes,    1018984 total
[2021-12-27T05:16:38.727+0000][1446][gc,age      ] GC(59) - age   4:      24424 bytes,    1043408 total
[2021-12-27T05:16:38.727+0000][1446][gc,age      ] GC(59) - age   5:      92072 bytes,    1135480 total
[2021-12-27T05:16:38.727+0000][1446][gc,age      ] GC(59) - age   6:       9672 bytes,    1145152 total
[2021-12-27T05:16:38.727+0000][1446][gc,age      ] GC(59) - age   7:      53848 bytes,    1199000 total
[2021-12-27T05:16:38.727+0000][1446][gc,age      ] GC(59) - age   8:      20392 bytes,    1219392 total
[2021-12-27T05:16:38.727+0000][1446][gc,age      ] GC(59) - age   9:      22744 bytes,    1242136 total
[2021-12-27T05:16:38.727+0000][1446][gc,age      ] GC(59) - age  10:     171488 bytes,    1413624 total
[2021-12-27T05:16:38.727+0000][1446][gc,age      ] GC(59) - age  11:     229512 bytes,    1643136 total
[2021-12-27T05:16:38.727+0000][1446][gc,age      ] GC(59) - age  12:     425392 bytes,    2068528 total
[2021-12-27T05:16:38.727+0000][1446][gc,age      ] GC(59) - age  13:       8872 bytes,    2077400 total
[2021-12-27T05:16:38.727+0000][1446][gc,age      ] GC(59) - age  14:      58128 bytes,    2135528 total
[2021-12-27T05:16:38.727+0000][1446][gc,age      ] GC(59) - age  15:      30568 bytes,    2166096 total
[2021-12-27T05:16:38.727+0000][1446][gc,phases   ] GC(59)   Pre Evacuate Collection Set: 0.1ms
[2021-12-27T05:16:38.727+0000][1446][gc,phases   ] GC(59)   Merge Heap Roots: 0.1ms
[2021-12-27T05:16:38.727+0000][1446][gc,phases   ] GC(59)   Evacuate Collection Set: 7.1ms
[2021-12-27T05:16:38.727+0000][1446][gc,phases   ] GC(59)   Post Evacuate Collection Set: 1.1ms
[2021-12-27T05:16:38.727+0000][1446][gc,phases   ] GC(59)   Other: 0.3ms
[2021-12-27T05:16:38.727+0000][1446][gc,heap     ] GC(59) Eden regions: 75->0(75)
[2021-12-27T05:16:38.727+0000][1446][gc,heap     ] GC(59) Survivor regions: 1->1(10)
[2021-12-27T05:16:38.727+0000][1446][gc,heap     ] GC(59) Old regions: 21->21
[2021-12-27T05:16:38.727+0000][1446][gc,heap     ] GC(59) Archive regions: 2->2
[2021-12-27T05:16:38.727+0000][1446][gc,heap     ] GC(59) Humongous regions: 2->2
[2021-12-27T05:16:38.727+0000][1446][gc,metaspace] GC(59) Metaspace: 117796K(119680K)->117796K(119680K) NonClass: 102072K(103168K)->102072K(103168K) Class: 15723K(16512K)->15723K(16512K)
[2021-12-27T05:16:38.727+0000][1446][gc          ] GC(59) Pause Young (Normal) (G1 Evacuation Pause) 396M->96M(512M) 8.641ms
[2021-12-27T05:16:38.727+0000][1446][gc,cpu      ] GC(59) User=0.01s Sys=0.00s Real=0.01s
[2021-12-27T05:16:38.727+0000][1446][safepoint   ] Safepoint "G1CollectForAllocation", Time since last: 40107716457 ns, Reaching safepoint: 63807 ns, At safepoint: 8729446 ns, Total: 8793253 ns
[2021-12-27T05:16:47.728+0000][1446][safepoint   ] Safepoint "Cleanup", Time since last: 9000921342 ns, Reaching safepoint: 60371 ns, At safepoint: 4771 ns, Total: 65142 ns
[2021-12-27T05:16:49.729+0000][1446][safepoint   ] Safepoint "Cleanup", Time since last: 2000587314 ns, Reaching safepoint: 142830 ns, At safepoint: 7292 ns, Total: 150122 ns
[2021-12-27T05:16:50.729+0000][1446][safepoint   ] Safepoint "Cleanup", Time since last: 1000150632 ns, Reaching safepoint: 63740 ns, At safepoint: 4770 ns, Total: 68510 ns
[2021-12-27T05:16:56.730+0000][1446][safepoint   ] Safepoint "Cleanup", Time since last: 6000641134 ns, Reaching safepoint: 67339 ns, At safepoint: 5420 ns, Total: 72759 ns
[2021-12-27T05:17:00.730+0000][1446][safepoint   ] Safepoint "Cleanup", Time since last: 4000424333 ns, Reaching safepoint: 88366 ns, At safepoint: 5343 ns, Total: 93709 ns
[2021-12-27T05:17:01.730+0000][1446][safepoint   ] Safepoint "Cleanup", Time since last: 1000139583 ns, Reaching safepoint: 62836 ns, At safepoint: 5271 ns, Total: 68107 ns
[2021-12-27T05:17:02.730+0000][1446][safepoint   ] Safepoint "Cleanup", Time since last: 1000146000 ns, Reaching safepoint: 82742 ns, At safepoint: 6518 ns, Total: 89260 ns
[2021-12-27T05:17:05.731+0000][1446][safepoint   ] Safepoint "Cleanup", Time since last: 3000359709 ns, Reaching safepoint: 65615 ns, At safepoint: 5617 ns, Total: 71232 ns
[2021-12-27T05:17:29.735+0000][1446][safepoint   ] Safepoint "Cleanup", Time since last: 24003572651 ns, Reaching safepoint: 79560 ns, At safepoint: 10180 ns, Total: 89740 ns
[2021-12-27T05:17:50.737+0000][1446][safepoint   ] Safepoint "Cleanup", Time since last: 21001904331 ns, Reaching safepoint: 64111 ns, At safepoint: 5073 ns, Total: 69184 ns
[2021-12-27T05:17:53.737+0000][1446][safepoint   ] Safepoint "Cleanup", Time since last: 3000340310 ns, Reaching safepoint: 57834 ns, At safepoint: 5657 ns, Total: 63491 ns
[2021-12-27T05:17:58.738+0000][1446][safepoint   ] Safepoint "Cleanup", Time since last: 5000637022 ns, Reaching safepoint: 83987 ns, At safepoint: 5543 ns, Total: 89530 ns
[2021-12-27T05:18:05.739+0000][1446][safepoint   ] Safepoint "Cleanup", Time since last: 7000753116 ns, Reaching safepoint: 96301 ns, At safepoint: 5418 ns, Total: 101719 ns
[2021-12-27T05:18:21.740+0000][1446][safepoint   ] Safepoint "Cleanup", Time since last: 16001612766 ns, Reaching safepoint: 56063 ns, At safepoint: 5093 ns, Total: 61156 ns
[2021-12-27T05:18:24.741+0000][1446][safepoint   ] Safepoint "Cleanup", Time since last: 3000338244 ns, Reaching safepoint: 61656 ns, At safepoint: 4903 ns, Total: 66559 ns
[2021-12-27T05:18:25.741+0000][1446][safepoint   ] Safepoint "Cleanup", Time since last: 1000172523 ns, Reaching safepoint: 76477 ns, At safepoint: 5970 ns, Total: 82447 ns
[2021-12-27T05:18:26.741+0000][1446][safepoint   ] Safepoint "Cleanup", Time since last: 1000172750 ns, Reaching safepoint: 69908 ns, At safepoint: 5568 ns, Total: 75476 ns
[2021-12-27T05:18:27.741+0000][1446][safepoint   ] Safepoint "Cleanup", Time since last: 1000154580 ns, Reaching safepoint: 70817 ns, At safepoint: 5936 ns, Total: 76753 ns
[2021-12-27T05:18:28.742+0000][1446][safepoint   ] Safepoint "Cleanup", Time since last: 1000162879 ns, Reaching safepoint: 68514 ns, At safepoint: 5780 ns, Total: 74294 ns
[2021-12-27T05:18:29.742+0000][1446][safepoint   ] Safepoint "Cleanup", Time since last: 1000174189 ns, Reaching safepoint: 98533 ns, At safepoint: 7025 ns, Total: 105558 ns
[2021-12-27T05:18:36.743+0000][1446][safepoint   ] Safepoint "Cleanup", Time since last: 7000850421 ns, Reaching safepoint: 62730 ns, At safepoint: 11002 ns, Total: 73732 ns
[2021-12-27T05:18:48.744+0000][1446][safepoint   ] Safepoint "Cleanup", Time since last: 12001164782 ns, Reaching safepoint: 80619 ns, At safepoint: 5785 ns, Total: 86404 ns
[2021-12-27T05:18:49.744+0000][1446][safepoint   ] Safepoint "Cleanup", Time since last: 1000178676 ns, Reaching safepoint: 106681 ns, At safepoint: 6685 ns, Total: 113366 ns
[2021-12-27T05:19:02.746+0000][1446][safepoint   ] Safepoint "Cleanup", Time since last: 13001275215 ns, Reaching safepoint: 85024 ns, At safepoint: 10046 ns, Total: 95070 ns
[2021-12-27T05:19:04.746+0000][1446][safepoint   ] Safepoint "Cleanup", Time since last: 2000237324 ns, Reaching safepoint: 98905 ns, At safepoint: 5569 ns, Total: 104474 ns
[2021-12-27T05:19:05.747+0000][1446][safepoint   ] Safepoint "Cleanup", Time since last: 1000165905 ns, Reaching safepoint: 273532 ns, At safepoint: 11920 ns, Total: 285452 ns
[2021-12-27T05:19:08.747+0000][1446][safepoint   ] Safepoint "Cleanup", Time since last: 3000384502 ns, Reaching safepoint: 81390 ns, At safepoint: 6192 ns, Total: 87582 ns
[2021-12-27T05:19:09.747+0000][1446][safepoint   ] Safepoint "Cleanup", Time since last: 1000166053 ns, Reaching safepoint: 100883 ns, At safepoint: 13075 ns, Total: 113958 ns
[2021-12-27T05:19:10.747+0000][1446][safepoint   ] Safepoint "Cleanup", Time since last: 1000133747 ns, Reaching safepoint: 66685 ns, At safepoint: 5621 ns, Total: 72306 ns
[2021-12-27T05:19:17.135+0000][1446][gc,start    ] GC(60) Pause Young (Normal) (G1 Evacuation Pause)
[2021-12-27T05:19:17.135+0000][1446][gc,task     ] GC(60) Using 2 workers of 2 for evacuation
[2021-12-27T05:19:17.136+0000][1446][gc,age      ] GC(60) Desired survivor size 20971520 bytes, new threshold 15 (max threshold 15)
[2021-12-27T05:19:17.142+0000][1446][gc,age      ] GC(60) Age table with threshold 15 (max threshold 15)
[2021-12-27T05:19:17.142+0000][1446][gc,age      ] GC(60) - age   1:     541232 bytes,     541232 total
[2021-12-27T05:19:17.142+0000][1446][gc,age      ] GC(60) - age   2:      51856 bytes,     593088 total
[2021-12-27T05:19:17.142+0000][1446][gc,age      ] GC(60) - age   3:     378432 bytes,     971520 total
[2021-12-27T05:19:17.142+0000][1446][gc,age      ] GC(60) - age   4:       4864 bytes,     976384 total
[2021-12-27T05:19:17.142+0000][1446][gc,age      ] GC(60) - age   5:      23016 bytes,     999400 total
[2021-12-27T05:19:17.142+0000][1446][gc,age      ] GC(60) - age   6:      92040 bytes,    1091440 total
[2021-12-27T05:19:17.142+0000][1446][gc,age      ] GC(60) - age   7:       9488 bytes,    1100928 total
[2021-12-27T05:19:17.142+0000][1446][gc,age      ] GC(60) - age   8:      53848 bytes,    1154776 total
[2021-12-27T05:19:17.142+0000][1446][gc,age      ] GC(60) - age   9:      20392 bytes,    1175168 total
[2021-12-27T05:19:17.142+0000][1446][gc,age      ] GC(60) - age  10:      22744 bytes,    1197912 total
[2021-12-27T05:19:17.142+0000][1446][gc,age      ] GC(60) - age  11:      58008 bytes,    1255920 total
[2021-12-27T05:19:17.142+0000][1446][gc,age      ] GC(60) - age  12:     229512 bytes,    1485432 total
[2021-12-27T05:19:17.142+0000][1446][gc,age      ] GC(60) - age  13:     425392 bytes,    1910824 total
[2021-12-27T05:19:17.142+0000][1446][gc,age      ] GC(60) - age  14:       8872 bytes,    1919696 total
[2021-12-27T05:19:17.142+0000][1446][gc,age      ] GC(60) - age  15:      58128 bytes,    1977824 total
[2021-12-27T05:19:17.142+0000][1446][gc,phases   ] GC(60)   Pre Evacuate Collection Set: 0.1ms
[2021-12-27T05:19:17.142+0000][1446][gc,phases   ] GC(60)   Merge Heap Roots: 0.1ms
[2021-12-27T05:19:17.142+0000][1446][gc,phases   ] GC(60)   Evacuate Collection Set: 5.2ms
[2021-12-27T05:19:17.142+0000][1446][gc,phases   ] GC(60)   Post Evacuate Collection Set: 1.0ms
[2021-12-27T05:19:17.142+0000][1446][gc,phases   ] GC(60)   Other: 0.3ms
[2021-12-27T05:19:17.142+0000][1446][gc,heap     ] GC(60) Eden regions: 75->0(75)
[2021-12-27T05:19:17.142+0000][1446][gc,heap     ] GC(60) Survivor regions: 1->1(10)
[2021-12-27T05:19:17.142+0000][1446][gc,heap     ] GC(60) Old regions: 21->21
[2021-12-27T05:19:17.142+0000][1446][gc,heap     ] GC(60) Archive regions: 2->2
[2021-12-27T05:19:17.142+0000][1446][gc,heap     ] GC(60) Humongous regions: 2->2
[2021-12-27T05:19:17.142+0000][1446][gc,metaspace] GC(60) Metaspace: 117990K(119872K)->117990K(119872K) NonClass: 102250K(103360K)->102250K(103360K) Class: 15740K(16512K)->15740K(16512K)
[2021-12-27T05:19:17.142+0000][1446][gc          ] GC(60) Pause Young (Normal) (G1 Evacuation Pause) 396M->96M(512M) 6.679ms
[2021-12-27T05:19:17.142+0000][1446][gc,cpu      ] GC(60) User=0.02s Sys=0.00s Real=0.01s
[2021-12-27T05:19:17.142+0000][1446][safepoint   ] Safepoint "G1CollectForAllocation", Time since last: 6387855566 ns, Reaching safepoint: 61676 ns, At safepoint: 6778048 ns, Total: 6839724 ns
[2021-12-27T05:19:18.142+0000][1446][safepoint   ] Safepoint "Cleanup", Time since last: 1000153969 ns, Reaching safepoint: 115773 ns, At safepoint: 6432 ns, Total: 122205 ns
[2021-12-27T05:19:20.143+0000][1446][safepoint   ] Safepoint "Cleanup", Time since last: 2000260220 ns, Reaching safepoint: 66582 ns, At safepoint: 4733 ns, Total: 71315 ns
[2021-12-27T05:19:23.143+0000][1446][safepoint   ] Safepoint "Cleanup", Time since last: 3000336510 ns, Reaching safepoint: 60475 ns, At safepoint: 5288 ns, Total: 65763 ns
[2021-12-27T05:19:24.143+0000][1446][safepoint   ] Safepoint "Cleanup", Time since last: 1000157027 ns, Reaching safepoint: 57417 ns, At safepoint: 4952 ns, Total: 62369 ns
[2021-12-27T05:19:27.144+0000][1446][safepoint   ] Safepoint "Cleanup", Time since last: 3000374141 ns, Reaching safepoint: 108274 ns, At safepoint: 6161 ns, Total: 114435 ns
[2021-12-27T05:19:29.144+0000][1446][safepoint   ] Safepoint "Cleanup", Time since last: 2000246954 ns, Reaching safepoint: 88943 ns, At safepoint: 6938 ns, Total: 95881 ns
[2021-12-27T05:19:30.145+0000][1446][safepoint   ] Safepoint "Cleanup", Time since last: 1000133954 ns, Reaching safepoint: 151237 ns, At safepoint: 5512 ns, Total: 156749 ns
[2021-12-27T05:19:31.145+0000][1446][safepoint   ] Safepoint "Cleanup", Time since last: 1000139227 ns, Reaching safepoint: 73703 ns, At safepoint: 5838 ns, Total: 79541 ns
[2021-12-27T05:19:38.146+0000][1446][safepoint   ] Safepoint "Cleanup", Time since last: 7000732198 ns, Reaching safepoint: 74413 ns, At safepoint: 5174 ns, Total: 79587 ns
[2021-12-27T05:19:50.147+0000][1446][safepoint   ] Safepoint "Cleanup", Time since last: 12001312621 ns, Reaching safepoint: 63824 ns, At safepoint: 33828 ns, Total: 97652 ns
[2021-12-27T05:19:51.147+0000][1446][safepoint   ] Safepoint "Cleanup", Time since last: 1000132962 ns, Reaching safepoint: 68105 ns, At safepoint: 5424 ns, Total: 73529 ns
[2021-12-27T05:19:55.148+0000][1446][safepoint   ] Safepoint "Cleanup", Time since last: 4000420915 ns, Reaching safepoint: 59612 ns, At safepoint: 5010 ns, Total: 64622 ns
[2021-12-27T05:20:00.148+0000][1446][safepoint   ] Safepoint "Cleanup", Time since last: 5000576050 ns, Reaching safepoint: 69392 ns, At safepoint: 4628 ns, Total: 74020 ns
[2021-12-27T05:20:15.150+0000][1446][safepoint   ] Safepoint "Cleanup", Time since last: 15001556082 ns, Reaching safepoint: 71576 ns, At safepoint: 5791 ns, Total: 77367 ns
[2021-12-27T05:20:24.151+0000][1446][safepoint   ] Safepoint "Cleanup", Time since last: 9000949920 ns, Reaching safepoint: 55820 ns, At safepoint: 5058 ns, Total: 60878 ns
[2021-12-27T05:20:27.151+0000][1446][safepoint   ] Safepoint "Cleanup", Time since last: 3000341959 ns, Reaching safepoint: 83448 ns, At safepoint: 6260 ns, Total: 89708 ns
[2021-12-27T05:21:14.156+0000][1446][safepoint   ] Safepoint "Cleanup", Time since last: 47004497797 ns, Reaching safepoint: 131757 ns, At safepoint: 6128 ns, Total: 137885 ns
[2021-12-27T05:21:15.156+0000][1446][safepoint   ] Safepoint "Cleanup", Time since last: 1000168551 ns, Reaching safepoint: 107645 ns, At safepoint: 7662 ns, Total: 115307 ns
[2021-12-27T05:21:18.157+0000][1446][safepoint   ] Safepoint "Cleanup", Time since last: 3000318104 ns, Reaching safepoint: 74392 ns, At safepoint: 5709 ns, Total: 80101 ns
[2021-12-27T05:21:19.157+0000][1446][safepoint   ] Safepoint "Cleanup", Time since last: 1000155003 ns, Reaching safepoint: 64564 ns, At safepoint: 5630 ns, Total: 70194 ns
[2021-12-27T05:21:27.158+0000][1446][safepoint   ] Safepoint "Cleanup", Time since last: 8000886926 ns, Reaching safepoint: 64688 ns, At safepoint: 5267 ns, Total: 69955 ns
[2021-12-27T05:21:33.159+0000][1446][safepoint   ] Safepoint "Cleanup", Time since last: 6000702860 ns, Reaching safepoint: 64216 ns, At safepoint: 5926 ns, Total: 70142 ns
[2021-12-27T05:21:38.159+0000][1446][safepoint   ] Safepoint "Cleanup", Time since last: 5000523154 ns, Reaching safepoint: 68613 ns, At safepoint: 7033 ns, Total: 75646 ns
[2021-12-27T05:21:50.161+0000][1446][safepoint   ] Safepoint "Cleanup", Time since last: 12001261165 ns, Reaching safepoint: 65460 ns, At safepoint: 5208 ns, Total: 70668 ns
[2021-12-27T05:21:53.955+0000][1446][gc,start    ] GC(61) Pause Young (Normal) (G1 Evacuation Pause)
[2021-12-27T05:21:53.955+0000][1446][gc,task     ] GC(61) Using 2 workers of 2 for evacuation
[2021-12-27T05:21:53.955+0000][1446][gc,age      ] GC(61) Desired survivor size 20971520 bytes, new threshold 15 (max threshold 15)
[2021-12-27T05:21:53.962+0000][1446][gc,age      ] GC(61) Age table with threshold 15 (max threshold 15)
[2021-12-27T05:21:53.962+0000][1446][gc,age      ] GC(61) - age   1:     375264 bytes,     375264 total
[2021-12-27T05:21:53.963+0000][1446][gc,age      ] GC(61) - age   2:      37848 bytes,     413112 total
[2021-12-27T05:21:53.963+0000][1446][gc,age      ] GC(61) - age   3:      51648 bytes,     464760 total
[2021-12-27T05:21:53.963+0000][1446][gc,age      ] GC(61) - age   4:     309248 bytes,     774008 total
[2021-12-27T05:21:53.963+0000][1446][gc,age      ] GC(61) - age   5:       4440 bytes,     778448 total
[2021-12-27T05:21:53.963+0000][1446][gc,age      ] GC(61) - age   6:      14464 bytes,     792912 total
[2021-12-27T05:21:53.963+0000][1446][gc,age      ] GC(61) - age   7:      92040 bytes,     884952 total
[2021-12-27T05:21:53.963+0000][1446][gc,age      ] GC(61) - age   8:       9192 bytes,     894144 total
[2021-12-27T05:21:53.963+0000][1446][gc,age      ] GC(61) - age   9:      53848 bytes,     947992 total
[2021-12-27T05:21:53.963+0000][1446][gc,age      ] GC(61) - age  10:      20392 bytes,     968384 total
[2021-12-27T05:21:53.963+0000][1446][gc,age      ] GC(61) - age  11:      22744 bytes,     991128 total
[2021-12-27T05:21:53.963+0000][1446][gc,age      ] GC(61) - age  12:      57720 bytes,    1048848 total
[2021-12-27T05:21:53.963+0000][1446][gc,age      ] GC(61) - age  13:     229024 bytes,    1277872 total
[2021-12-27T05:21:53.963+0000][1446][gc,age      ] GC(61) - age  14:     425392 bytes,    1703264 total
[2021-12-27T05:21:53.963+0000][1446][gc,age      ] GC(61) - age  15:       8872 bytes,    1712136 total
[2021-12-27T05:21:53.963+0000][1446][gc,phases   ] GC(61)   Pre Evacuate Collection Set: 0.1ms
[2021-12-27T05:21:53.963+0000][1446][gc,phases   ] GC(61)   Merge Heap Roots: 0.1ms
[2021-12-27T05:21:53.963+0000][1446][gc,phases   ] GC(61)   Evacuate Collection Set: 5.6ms
[2021-12-27T05:21:53.963+0000][1446][gc,phases   ] GC(61)   Post Evacuate Collection Set: 1.5ms
[2021-12-27T05:21:53.963+0000][1446][gc,phases   ] GC(61)   Other: 0.3ms
[2021-12-27T05:21:53.963+0000][1446][gc,heap     ] GC(61) Eden regions: 75->0(75)
[2021-12-27T05:21:53.963+0000][1446][gc,heap     ] GC(61) Survivor regions: 1->1(10)
[2021-12-27T05:21:53.963+0000][1446][gc,heap     ] GC(61) Old regions: 21->21
[2021-12-27T05:21:53.963+0000][1446][gc,heap     ] GC(61) Archive regions: 2->2
[2021-12-27T05:21:53.963+0000][1446][gc,heap     ] GC(61) Humongous regions: 2->2
[2021-12-27T05:21:53.963+0000][1446][gc,metaspace] GC(61) Metaspace: 118164K(120000K)->118164K(120000K) NonClass: 102412K(103488K)->102412K(103488K) Class: 15752K(16512K)->15752K(16512K)
[2021-12-27T05:21:53.963+0000][1446][gc          ] GC(61) Pause Young (Normal) (G1 Evacuation Pause) 396M->96M(512M) 7.684ms
[2021-12-27T05:21:53.963+0000][1446][gc,cpu      ] GC(61) User=0.01s Sys=0.00s Real=0.01s
[2021-12-27T05:21:53.963+0000][1446][safepoint   ] Safepoint "G1CollectForAllocation", Time since last: 3794368067 ns, Reaching safepoint: 46725 ns, At safepoint: 7773016 ns, Total: 7819741 ns
[2021-12-27T05:22:11.965+0000][1446][safepoint   ] Safepoint "Cleanup", Time since last: 18001845916 ns, Reaching safepoint: 86439 ns, At safepoint: 5624 ns, Total: 92063 ns
[2021-12-27T05:22:14.965+0000][1446][safepoint   ] Safepoint "Cleanup", Time since last: 3000355877 ns, Reaching safepoint: 60550 ns, At safepoint: 6461 ns, Total: 67011 ns
[2021-12-27T05:22:30.967+0000][1446][safepoint   ] Safepoint "Cleanup", Time since last: 16001563654 ns, Reaching safepoint: 63955 ns, At safepoint: 5508 ns, Total: 69463 ns
[2021-12-27T05:22:32.967+0000][1446][safepoint   ] Safepoint "Cleanup", Time since last: 2000276545 ns, Reaching safepoint: 64280 ns, At safepoint: 5326 ns, Total: 69606 ns
[2021-12-27T05:22:38.702+0000][1446][safepoint   ] Safepoint "Cleanup", Time since last: 5734811166 ns, Reaching safepoint: 35629 ns, At safepoint: 8507 ns, Total: 44136 ns
[2021-12-27T05:22:39.702+0000][1446][safepoint   ] Safepoint "Cleanup", Time since last: 1000146475 ns, Reaching safepoint: 291951 ns, At safepoint: 7829 ns, Total: 299780 ns
[2021-12-27T05:22:52.704+0000][1446][safepoint   ] Safepoint "Cleanup", Time since last: 13001290094 ns, Reaching safepoint: 61832 ns, At safepoint: 6603 ns, Total: 68435 ns
[2021-12-27T05:22:55.704+0000][1446][safepoint   ] Safepoint "Cleanup", Time since last: 3000281859 ns, Reaching safepoint: 64764 ns, At safepoint: 5763 ns, Total: 70527 ns
[2021-12-27T05:23:05.705+0000][1446][safepoint   ] Safepoint "Cleanup", Time since last: 10000957698 ns, Reaching safepoint: 48418 ns, At safepoint: 5431 ns, Total: 53849 ns
[2021-12-27T05:23:29.708+0000][1446][safepoint   ] Safepoint "Cleanup", Time since last: 24002311781 ns, Reaching safepoint: 78661 ns, At safepoint: 5632 ns, Total: 84293 ns
[2021-12-27T05:24:05.711+0000][1446][safepoint   ] Safepoint "Cleanup", Time since last: 36003607042 ns, Reaching safepoint: 105002 ns, At safepoint: 5179 ns, Total: 110181 ns
[2021-12-27T05:24:14.712+0000][1446][safepoint   ] Safepoint "Cleanup", Time since last: 9000939201 ns, Reaching safepoint: 54154 ns, At safepoint: 5019 ns, Total: 59173 ns
[2021-12-27T05:24:23.713+0000][1446][safepoint   ] Safepoint "Cleanup", Time since last: 9000867715 ns, Reaching safepoint: 57359 ns, At safepoint: 4957 ns, Total: 62316 ns
[2021-12-27T05:24:44.576+0000][1446][gc,start    ] GC(62) Pause Young (Normal) (G1 Evacuation Pause)
[2021-12-27T05:24:44.576+0000][1446][gc,task     ] GC(62) Using 2 workers of 2 for evacuation
[2021-12-27T05:24:44.576+0000][1446][gc,age      ] GC(62) Desired survivor size 20971520 bytes, new threshold 15 (max threshold 15)
[2021-12-27T05:24:44.583+0000][1446][gc,age      ] GC(62) Age table with threshold 15 (max threshold 15)
[2021-12-27T05:24:44.583+0000][1446][gc,age      ] GC(62) - age   1:     486200 bytes,     486200 total
[2021-12-27T05:24:44.583+0000][1446][gc,age      ] GC(62) - age   2:     292896 bytes,     779096 total
[2021-12-27T05:24:44.583+0000][1446][gc,age      ] GC(62) - age   3:      37072 bytes,     816168 total
[2021-12-27T05:24:44.583+0000][1446][gc,age      ] GC(62) - age   4:      50888 bytes,     867056 total
[2021-12-27T05:24:44.583+0000][1446][gc,age      ] GC(62) - age   5:     308992 bytes,    1176048 total
[2021-12-27T05:24:44.583+0000][1446][gc,age      ] GC(62) - age   6:       4440 bytes,    1180488 total
[2021-12-27T05:24:44.583+0000][1446][gc,age      ] GC(62) - age   7:      14400 bytes,    1194888 total
[2021-12-27T05:24:44.583+0000][1446][gc,age      ] GC(62) - age   8:      92040 bytes,    1286928 total
[2021-12-27T05:24:44.583+0000][1446][gc,age      ] GC(62) - age   9:       9192 bytes,    1296120 total
[2021-12-27T05:24:44.583+0000][1446][gc,age      ] GC(62) - age  10:      53848 bytes,    1349968 total
[2021-12-27T05:24:44.583+0000][1446][gc,age      ] GC(62) - age  11:      20392 bytes,    1370360 total
[2021-12-27T05:24:44.583+0000][1446][gc,age      ] GC(62) - age  12:      22744 bytes,    1393104 total
[2021-12-27T05:24:44.583+0000][1446][gc,age      ] GC(62) - age  13:      57720 bytes,    1450824 total
[2021-12-27T05:24:44.583+0000][1446][gc,age      ] GC(62) - age  14:     229024 bytes,    1679848 total
[2021-12-27T05:24:44.583+0000][1446][gc,age      ] GC(62) - age  15:     425392 bytes,    2105240 total
[2021-12-27T05:24:44.583+0000][1446][gc,phases   ] GC(62)   Pre Evacuate Collection Set: 0.1ms
[2021-12-27T05:24:44.583+0000][1446][gc,phases   ] GC(62)   Merge Heap Roots: 0.1ms
[2021-12-27T05:24:44.583+0000][1446][gc,phases   ] GC(62)   Evacuate Collection Set: 5.5ms
[2021-12-27T05:24:44.583+0000][1446][gc,phases   ] GC(62)   Post Evacuate Collection Set: 1.1ms
[2021-12-27T05:24:44.583+0000][1446][gc,phases   ] GC(62)   Other: 0.4ms
[2021-12-27T05:24:44.583+0000][1446][gc,heap     ] GC(62) Eden regions: 75->0(75)
[2021-12-27T05:24:44.583+0000][1446][gc,heap     ] GC(62) Survivor regions: 1->1(10)
[2021-12-27T05:24:44.583+0000][1446][gc,heap     ] GC(62) Old regions: 21->21
[2021-12-27T05:24:44.583+0000][1446][gc,heap     ] GC(62) Archive regions: 2->2
[2021-12-27T05:24:44.583+0000][1446][gc,heap     ] GC(62) Humongous regions: 2->2
[2021-12-27T05:24:44.583+0000][1446][gc,metaspace] GC(62) Metaspace: 118189K(120000K)->118189K(120000K) NonClass: 102436K(103488K)->102436K(103488K) Class: 15752K(16512K)->15752K(16512K)
[2021-12-27T05:24:44.583+0000][1446][gc          ] GC(62) Pause Young (Normal) (G1 Evacuation Pause) 396M->96M(512M) 7.114ms
[2021-12-27T05:24:44.583+0000][1446][gc,cpu      ] GC(62) User=0.02s Sys=0.00s Real=0.01s
[2021-12-27T05:24:44.583+0000][1446][safepoint   ] Safepoint "G1CollectForAllocation", Time since last: 20863005580 ns, Reaching safepoint: 32427 ns, At safepoint: 7210040 ns, Total: 7242467 ns
[2021-12-27T05:25:24.211+0000][1446][safepoint   ] Safepoint "Cleanup", Time since last: 39627953537 ns, Reaching safepoint: 86148 ns, At safepoint: 7212 ns, Total: 93360 ns
[2021-12-27T05:26:24.218+0000][1446][safepoint   ] Safepoint "Cleanup", Time since last: 60006023722 ns, Reaching safepoint: 67831 ns, At safepoint: 4797 ns, Total: 72628 ns
[2021-12-27T05:26:27.218+0000][1446][safepoint   ] Safepoint "Cleanup", Time since last: 3000326474 ns, Reaching safepoint: 57821 ns, At safepoint: 5218 ns, Total: 63039 ns
[2021-12-27T05:26:39.219+0000][1446][safepoint   ] Safepoint "Cleanup", Time since last: 12001203841 ns, Reaching safepoint: 89662 ns, At safepoint: 5775 ns, Total: 95437 ns
[2021-12-27T05:26:48.220+0000][1446][safepoint   ] Safepoint "Cleanup", Time since last: 9000949398 ns, Reaching safepoint: 61961 ns, At safepoint: 10890 ns, Total: 72851 ns
[2021-12-27T05:26:51.221+0000][1446][safepoint   ] Safepoint "Cleanup", Time since last: 3000354768 ns, Reaching safepoint: 54746 ns, At safepoint: 7393 ns, Total: 62139 ns
[2021-12-27T05:27:09.223+0000][1446][safepoint   ] Safepoint "Cleanup", Time since last: 18001861978 ns, Reaching safepoint: 86315 ns, At safepoint: 6177 ns, Total: 92492 ns
[2021-12-27T05:27:27.224+0000][1446][safepoint   ] Safepoint "Cleanup", Time since last: 18001665594 ns, Reaching safepoint: 59558 ns, At safepoint: 5540 ns, Total: 65098 ns
[2021-12-27T05:27:30.225+0000][1446][safepoint   ] Safepoint "Cleanup", Time since last: 3000332410 ns, Reaching safepoint: 80290 ns, At safepoint: 8788 ns, Total: 89078 ns
[2021-12-27T05:27:39.218+0000][1446][gc,start    ] GC(63) Pause Young (Normal) (G1 Evacuation Pause)
[2021-12-27T05:27:39.218+0000][1446][gc,task     ] GC(63) Using 2 workers of 2 for evacuation
[2021-12-27T05:27:39.218+0000][1446][gc,age      ] GC(63) Desired survivor size 20971520 bytes, new threshold 15 (max threshold 15)
[2021-12-27T05:27:39.225+0000][1446][gc,age      ] GC(63) Age table with threshold 15 (max threshold 15)
[2021-12-27T05:27:39.225+0000][1446][gc,age      ] GC(63) - age   1:     243472 bytes,     243472 total
[2021-12-27T05:27:39.226+0000][1446][gc,age      ] GC(63) - age   2:     271728 bytes,     515200 total
[2021-12-27T05:27:39.226+0000][1446][gc,age      ] GC(63) - age   3:     292720 bytes,     807920 total
[2021-12-27T05:27:39.226+0000][1446][gc,age      ] GC(63) - age   4:      34888 bytes,     842808 total
[2021-12-27T05:27:39.226+0000][1446][gc,age      ] GC(63) - age   5:      50824 bytes,     893632 total
[2021-12-27T05:27:39.226+0000][1446][gc,age      ] GC(63) - age   6:     308992 bytes,    1202624 total
[2021-12-27T05:27:39.226+0000][1446][gc,age      ] GC(63) - age   7:       4440 bytes,    1207064 total
[2021-12-27T05:27:39.226+0000][1446][gc,age      ] GC(63) - age   8:      14400 bytes,    1221464 total
[2021-12-27T05:27:39.226+0000][1446][gc,age      ] GC(63) - age   9:      67224 bytes,    1288688 total
[2021-12-27T05:27:39.226+0000][1446][gc,age      ] GC(63) - age  10:       9192 bytes,    1297880 total
[2021-12-27T05:27:39.226+0000][1446][gc,age      ] GC(63) - age  11:      20968 bytes,    1318848 total
[2021-12-27T05:27:39.226+0000][1446][gc,age      ] GC(63) - age  12:      20128 bytes,    1338976 total
[2021-12-27T05:27:39.226+0000][1446][gc,age      ] GC(63) - age  13:      22744 bytes,    1361720 total
[2021-12-27T05:27:39.226+0000][1446][gc,age      ] GC(63) - age  14:      57536 bytes,    1419256 total
[2021-12-27T05:27:39.226+0000][1446][gc,age      ] GC(63) - age  15:     229024 bytes,    1648280 total
[2021-12-27T05:27:39.226+0000][1446][gc,phases   ] GC(63)   Pre Evacuate Collection Set: 0.1ms
[2021-12-27T05:27:39.226+0000][1446][gc,phases   ] GC(63)   Merge Heap Roots: 0.1ms
[2021-12-27T05:27:39.226+0000][1446][gc,phases   ] GC(63)   Evacuate Collection Set: 6.2ms
[2021-12-27T05:27:39.226+0000][1446][gc,phases   ] GC(63)   Post Evacuate Collection Set: 1.5ms
[2021-12-27T05:27:39.226+0000][1446][gc,phases   ] GC(63)   Other: 0.3ms
[2021-12-27T05:27:39.226+0000][1446][gc,heap     ] GC(63) Eden regions: 75->0(75)
[2021-12-27T05:27:39.226+0000][1446][gc,heap     ] GC(63) Survivor regions: 1->1(10)
[2021-12-27T05:27:39.226+0000][1446][gc,heap     ] GC(63) Old regions: 21->21
[2021-12-27T05:27:39.226+0000][1446][gc,heap     ] GC(63) Archive regions: 2->2
[2021-12-27T05:27:39.226+0000][1446][gc,heap     ] GC(63) Humongous regions: 2->2
[2021-12-27T05:27:39.226+0000][1446][gc,metaspace] GC(63) Metaspace: 118192K(120064K)->118192K(120064K) NonClass: 102439K(103552K)->102439K(103552K) Class: 15753K(16512K)->15753K(16512K)
[2021-12-27T05:27:39.226+0000][1446][gc          ] GC(63) Pause Young (Normal) (G1 Evacuation Pause) 396M->96M(512M) 8.192ms
[2021-12-27T05:27:39.226+0000][1446][gc,cpu      ] GC(63) User=0.01s Sys=0.00s Real=0.01s
[2021-12-27T05:27:39.226+0000][1446][safepoint   ] Safepoint "G1CollectForAllocation", Time since last: 8992602075 ns, Reaching safepoint: 41722 ns, At safepoint: 8299703 ns, Total: 8341425 ns
[2021-12-27T05:28:27.231+0000][1446][safepoint   ] Safepoint "Cleanup", Time since last: 48004769826 ns, Reaching safepoint: 61660 ns, At safepoint: 5300 ns, Total: 66960 ns
[2021-12-27T05:29:06.235+0000][1446][safepoint   ] Safepoint "Cleanup", Time since last: 39003987368 ns, Reaching safepoint: 91715 ns, At safepoint: 6353 ns, Total: 98068 ns
[2021-12-27T05:29:23.236+0000][1446][safepoint   ] Safepoint "Cleanup", Time since last: 17001692152 ns, Reaching safepoint: 65939 ns, At safepoint: 5521 ns, Total: 71460 ns
[2021-12-27T05:30:19.242+0000][1446][safepoint   ] Safepoint "Cleanup", Time since last: 56005585575 ns, Reaching safepoint: 84084 ns, At safepoint: 5279 ns, Total: 89363 ns
[2021-12-27T05:30:20.242+0000][1446][safepoint   ] Safepoint "Cleanup", Time since last: 1000134451 ns, Reaching safepoint: 67257 ns, At safepoint: 5555 ns, Total: 72812 ns
[2021-12-27T05:30:36.366+0000][1446][gc,start    ] GC(64) Pause Young (Normal) (G1 Evacuation Pause)
[2021-12-27T05:30:36.367+0000][1446][gc,task     ] GC(64) Using 2 workers of 2 for evacuation
[2021-12-27T05:30:36.367+0000][1446][gc,age      ] GC(64) Desired survivor size 20971520 bytes, new threshold 15 (max threshold 15)
[2021-12-27T05:30:36.374+0000][1446][gc,age      ] GC(64) Age table with threshold 15 (max threshold 15)
[2021-12-27T05:30:36.374+0000][1446][gc,age      ] GC(64) - age   1:     233064 bytes,     233064 total
[2021-12-27T05:30:36.374+0000][1446][gc,age      ] GC(64) - age   2:     115984 bytes,     349048 total
[2021-12-27T05:30:36.374+0000][1446][gc,age      ] GC(64) - age   3:     270656 bytes,     619704 total
[2021-12-27T05:30:36.374+0000][1446][gc,age      ] GC(64) - age   4:     292432 bytes,     912136 total
[2021-12-27T05:30:36.374+0000][1446][gc,age      ] GC(64) - age   5:      34312 bytes,     946448 total
[2021-12-27T05:30:36.374+0000][1446][gc,age      ] GC(64) - age   6:      26240 bytes,     972688 total
[2021-12-27T05:30:36.374+0000][1446][gc,age      ] GC(64) - age   7:     308992 bytes,    1281680 total
[2021-12-27T05:30:36.374+0000][1446][gc,age      ] GC(64) - age   8:       4440 bytes,    1286120 total
[2021-12-27T05:30:36.374+0000][1446][gc,age      ] GC(64) - age   9:      14400 bytes,    1300520 total
[2021-12-27T05:30:36.374+0000][1446][gc,age      ] GC(64) - age  10:      67224 bytes,    1367744 total
[2021-12-27T05:30:36.374+0000][1446][gc,age      ] GC(64) - age  11:       9192 bytes,    1376936 total
[2021-12-27T05:30:36.374+0000][1446][gc,age      ] GC(64) - age  12:      20968 bytes,    1397904 total
[2021-12-27T05:30:36.374+0000][1446][gc,age      ] GC(64) - age  13:      20128 bytes,    1418032 total
[2021-12-27T05:30:36.374+0000][1446][gc,age      ] GC(64) - age  14:      22744 bytes,    1440776 total
[2021-12-27T05:30:36.374+0000][1446][gc,age      ] GC(64) - age  15:      57536 bytes,    1498312 total
[2021-12-27T05:30:36.374+0000][1446][gc,phases   ] GC(64)   Pre Evacuate Collection Set: 0.2ms
[2021-12-27T05:30:36.374+0000][1446][gc,phases   ] GC(64)   Merge Heap Roots: 0.1ms
[2021-12-27T05:30:36.374+0000][1446][gc,phases   ] GC(64)   Evacuate Collection Set: 5.4ms
[2021-12-27T05:30:36.374+0000][1446][gc,phases   ] GC(64)   Post Evacuate Collection Set: 1.1ms
[2021-12-27T05:30:36.374+0000][1446][gc,phases   ] GC(64)   Other: 0.4ms
[2021-12-27T05:30:36.374+0000][1446][gc,heap     ] GC(64) Eden regions: 75->0(75)
[2021-12-27T05:30:36.374+0000][1446][gc,heap     ] GC(64) Survivor regions: 1->1(10)
[2021-12-27T05:30:36.374+0000][1446][gc,heap     ] GC(64) Old regions: 21->21
[2021-12-27T05:30:36.374+0000][1446][gc,heap     ] GC(64) Archive regions: 2->2
[2021-12-27T05:30:36.374+0000][1446][gc,heap     ] GC(64) Humongous regions: 2->2
[2021-12-27T05:30:36.374+0000][1446][gc,metaspace] GC(64) Metaspace: 118202K(120064K)->118202K(120064K) NonClass: 102448K(103552K)->102448K(103552K) Class: 15753K(16512K)->15753K(16512K)
[2021-12-27T05:30:36.374+0000][1446][gc          ] GC(64) Pause Young (Normal) (G1 Evacuation Pause) 396M->96M(512M) 7.263ms
[2021-12-27T05:30:36.374+0000][1446][gc,cpu      ] GC(64) User=0.01s Sys=0.00s Real=0.01s
[2021-12-27T05:30:36.374+0000][1446][safepoint   ] Safepoint "G1CollectForAllocation", Time since last: 16124078718 ns, Reaching safepoint: 57283 ns, At safepoint: 7364509 ns, Total: 7421792 ns
[2021-12-27T05:30:42.375+0000][1446][safepoint   ] Safepoint "Cleanup", Time since last: 6000638663 ns, Reaching safepoint: 91612 ns, At safepoint: 7168 ns, Total: 98780 ns
[2021-12-27T05:30:56.376+0000][1446][safepoint   ] Safepoint "Cleanup", Time since last: 14001521193 ns, Reaching safepoint: 84148 ns, At safepoint: 5120 ns, Total: 89268 ns
[2021-12-27T05:31:09.390+0000][1446][safepoint   ] Safepoint "Cleanup", Time since last: 13013641799 ns, Reaching safepoint: 94623 ns, At safepoint: 6614 ns, Total: 101237 ns
[2021-12-27T05:31:38.393+0000][1446][safepoint   ] Safepoint "Cleanup", Time since last: 29002993911 ns, Reaching safepoint: 97882 ns, At safepoint: 5377 ns, Total: 103259 ns
[2021-12-27T05:31:39.393+0000][1446][safepoint   ] Safepoint "Cleanup", Time since last: 1000161448 ns, Reaching safepoint: 67543 ns, At safepoint: 5493 ns, Total: 73036 ns
[2021-12-27T05:32:26.398+0000][1446][safepoint   ] Safepoint "Cleanup", Time since last: 47004534476 ns, Reaching safepoint: 49467 ns, At safepoint: 5544 ns, Total: 55011 ns
[2021-12-27T05:32:46.400+0000][1446][safepoint   ] Safepoint "Cleanup", Time since last: 20002023335 ns, Reaching safepoint: 59119 ns, At safepoint: 30988 ns, Total: 90107 ns
[2021-12-27T05:33:28.404+0000][1446][safepoint   ] Safepoint "Cleanup", Time since last: 42004089641 ns, Reaching safepoint: 67560 ns, At safepoint: 6354 ns, Total: 73914 ns
[2021-12-27T05:33:29.404+0000][1446][safepoint   ] Safepoint "Cleanup", Time since last: 1000151844 ns, Reaching safepoint: 65808 ns, At safepoint: 5983 ns, Total: 71791 ns
[2021-12-27T05:33:32.492+0000][1446][gc,start    ] GC(65) Pause Young (Normal) (G1 Evacuation Pause)
[2021-12-27T05:33:32.492+0000][1446][gc,task     ] GC(65) Using 2 workers of 2 for evacuation
[2021-12-27T05:33:32.492+0000][1446][gc,age      ] GC(65) Desired survivor size 20971520 bytes, new threshold 15 (max threshold 15)
[2021-12-27T05:33:32.498+0000][1446][gc,age      ] GC(65) Age table with threshold 15 (max threshold 15)
[2021-12-27T05:33:32.498+0000][1446][gc,age      ] GC(65) - age   1:     194864 bytes,     194864 total
[2021-12-27T05:33:32.498+0000][1446][gc,age      ] GC(65) - age   2:      88760 bytes,     283624 total
[2021-12-27T05:33:32.498+0000][1446][gc,age      ] GC(65) - age   3:     114776 bytes,     398400 total
[2021-12-27T05:33:32.498+0000][1446][gc,age      ] GC(65) - age   4:     270104 bytes,     668504 total
[2021-12-27T05:33:32.498+0000][1446][gc,age      ] GC(65) - age   5:     292432 bytes,     960936 total
[2021-12-27T05:33:32.498+0000][1446][gc,age      ] GC(65) - age   6:      34128 bytes,     995064 total
[2021-12-27T05:33:32.498+0000][1446][gc,age      ] GC(65) - age   7:      26240 bytes,    1021304 total
[2021-12-27T05:33:32.498+0000][1446][gc,age      ] GC(65) - age   8:     300560 bytes,    1321864 total
[2021-12-27T05:33:32.498+0000][1446][gc,age      ] GC(65) - age   9:       4440 bytes,    1326304 total
[2021-12-27T05:33:32.498+0000][1446][gc,age      ] GC(65) - age  10:      14280 bytes,    1340584 total
[2021-12-27T05:33:32.498+0000][1446][gc,age      ] GC(65) - age  11:      26488 bytes,    1367072 total
[2021-12-27T05:33:32.498+0000][1446][gc,age      ] GC(65) - age  12:       9192 bytes,    1376264 total
[2021-12-27T05:33:32.498+0000][1446][gc,age      ] GC(65) - age  13:      20968 bytes,    1397232 total
[2021-12-27T05:33:32.498+0000][1446][gc,age      ] GC(65) - age  14:      20128 bytes,    1417360 total
[2021-12-27T05:33:32.498+0000][1446][gc,age      ] GC(65) - age  15:      22744 bytes,    1440104 total
[2021-12-27T05:33:32.498+0000][1446][gc,phases   ] GC(65)   Pre Evacuate Collection Set: 0.1ms
[2021-12-27T05:33:32.498+0000][1446][gc,phases   ] GC(65)   Merge Heap Roots: 0.1ms
[2021-12-27T05:33:32.498+0000][1446][gc,phases   ] GC(65)   Evacuate Collection Set: 4.8ms
[2021-12-27T05:33:32.498+0000][1446][gc,phases   ] GC(65)   Post Evacuate Collection Set: 1.2ms
[2021-12-27T05:33:32.498+0000][1446][gc,phases   ] GC(65)   Other: 0.3ms
[2021-12-27T05:33:32.498+0000][1446][gc,heap     ] GC(65) Eden regions: 75->0(75)
[2021-12-27T05:33:32.498+0000][1446][gc,heap     ] GC(65) Survivor regions: 1->1(10)
[2021-12-27T05:33:32.498+0000][1446][gc,heap     ] GC(65) Old regions: 21->21
[2021-12-27T05:33:32.498+0000][1446][gc,heap     ] GC(65) Archive regions: 2->2
[2021-12-27T05:33:32.498+0000][1446][gc,heap     ] GC(65) Humongous regions: 2->2
[2021-12-27T05:33:32.498+0000][1446][gc,metaspace] GC(65) Metaspace: 118241K(120064K)->118241K(120064K) NonClass: 102487K(103552K)->102487K(103552K) Class: 15754K(16512K)->15754K(16512K)
[2021-12-27T05:33:32.498+0000][1446][gc          ] GC(65) Pause Young (Normal) (G1 Evacuation Pause) 396M->97M(512M) 6.560ms
[2021-12-27T05:33:32.498+0000][1446][gc,cpu      ] GC(65) User=0.01s Sys=0.00s Real=0.00s
[2021-12-27T05:33:32.498+0000][1446][safepoint   ] Safepoint "G1CollectForAllocation", Time since last: 3087402700 ns, Reaching safepoint: 39919 ns, At safepoint: 6654074 ns, Total: 6693993 ns
[2021-12-27T05:35:15.508+0000][1446][safepoint   ] Safepoint "Cleanup", Time since last: 103009595858 ns, Reaching safepoint: 86174 ns, At safepoint: 5772 ns, Total: 91946 ns
[2021-12-27T05:35:26.509+0000][1446][safepoint   ] Safepoint "Cleanup", Time since last: 11000969570 ns, Reaching safepoint: 90029 ns, At safepoint: 5564 ns, Total: 95593 ns
[2021-12-27T05:35:54.512+0000][1446][safepoint   ] Safepoint "Cleanup", Time since last: 28002539656 ns, Reaching safepoint: 92928 ns, At safepoint: 5381 ns, Total: 98309 ns
[2021-12-27T05:36:28.872+0000][1446][gc,start    ] GC(66) Pause Young (Normal) (G1 Evacuation Pause)
[2021-12-27T05:36:28.872+0000][1446][gc,task     ] GC(66) Using 2 workers of 2 for evacuation
[2021-12-27T05:36:28.872+0000][1446][gc,age      ] GC(66) Desired survivor size 20971520 bytes, new threshold 15 (max threshold 15)
[2021-12-27T05:36:28.882+0000][1446][gc,age      ] GC(66) Age table with threshold 15 (max threshold 15)
[2021-12-27T05:36:28.882+0000][1446][gc,age      ] GC(66) - age   1:     106224 bytes,     106224 total
[2021-12-27T05:36:28.882+0000][1446][gc,age      ] GC(66) - age   2:     171064 bytes,     277288 total
[2021-12-27T05:36:28.882+0000][1446][gc,age      ] GC(66) - age   3:      88528 bytes,     365816 total
[2021-12-27T05:36:28.882+0000][1446][gc,age      ] GC(66) - age   4:     114776 bytes,     480592 total
[2021-12-27T05:36:28.882+0000][1446][gc,age      ] GC(66) - age   5:     270040 bytes,     750632 total
[2021-12-27T05:36:28.882+0000][1446][gc,age      ] GC(66) - age   6:     292432 bytes,    1043064 total
[2021-12-27T05:36:28.882+0000][1446][gc,age      ] GC(66) - age   7:      34128 bytes,    1077192 total
[2021-12-27T05:36:28.882+0000][1446][gc,age      ] GC(66) - age   8:      26240 bytes,    1103432 total
[2021-12-27T05:36:28.882+0000][1446][gc,age      ] GC(66) - age   9:     300560 bytes,    1403992 total
[2021-12-27T05:36:28.882+0000][1446][gc,age      ] GC(66) - age  10:       4440 bytes,    1408432 total
[2021-12-27T05:36:28.882+0000][1446][gc,age      ] GC(66) - age  11:      14280 bytes,    1422712 total
[2021-12-27T05:36:28.882+0000][1446][gc,age      ] GC(66) - age  12:      26488 bytes,    1449200 total
[2021-12-27T05:36:28.882+0000][1446][gc,age      ] GC(66) - age  13:       9192 bytes,    1458392 total
[2021-12-27T05:36:28.882+0000][1446][gc,age      ] GC(66) - age  14:      20968 bytes,    1479360 total
[2021-12-27T05:36:28.882+0000][1446][gc,age      ] GC(66) - age  15:      20128 bytes,    1499488 total
[2021-12-27T05:36:28.882+0000][1446][gc,phases   ] GC(66)   Pre Evacuate Collection Set: 0.1ms
[2021-12-27T05:36:28.882+0000][1446][gc,phases   ] GC(66)   Merge Heap Roots: 0.1ms
[2021-12-27T05:36:28.882+0000][1446][gc,phases   ] GC(66)   Evacuate Collection Set: 8.3ms
[2021-12-27T05:36:28.882+0000][1446][gc,phases   ] GC(66)   Post Evacuate Collection Set: 1.3ms
[2021-12-27T05:36:28.882+0000][1446][gc,phases   ] GC(66)   Other: 0.3ms
[2021-12-27T05:36:28.882+0000][1446][gc,heap     ] GC(66) Eden regions: 75->0(75)
[2021-12-27T05:36:28.882+0000][1446][gc,heap     ] GC(66) Survivor regions: 1->1(10)
[2021-12-27T05:36:28.882+0000][1446][gc,heap     ] GC(66) Old regions: 21->21
[2021-12-27T05:36:28.882+0000][1446][gc,heap     ] GC(66) Archive regions: 2->2
[2021-12-27T05:36:28.882+0000][1446][gc,heap     ] GC(66) Humongous regions: 2->2
[2021-12-27T05:36:28.882+0000][1446][gc,metaspace] GC(66) Metaspace: 118245K(120064K)->118245K(120064K) NonClass: 102491K(103552K)->102491K(103552K) Class: 15754K(16512K)->15754K(16512K)
[2021-12-27T05:36:28.882+0000][1446][gc          ] GC(66) Pause Young (Normal) (G1 Evacuation Pause) 397M->96M(512M) 10.052ms
[2021-12-27T05:36:28.882+0000][1446][gc,cpu      ] GC(66) User=0.01s Sys=0.00s Real=0.01s
[2021-12-27T05:36:28.882+0000][1446][safepoint   ] Safepoint "G1CollectForAllocation", Time since last: 34360262137 ns, Reaching safepoint: 60718 ns, At safepoint: 10155457 ns, Total: 10216175 ns
[2021-12-27T05:37:09.886+0000][1446][safepoint   ] Safepoint "Cleanup", Time since last: 41003980836 ns, Reaching safepoint: 98084 ns, At safepoint: 5749 ns, Total: 103833 ns
[2021-12-27T05:37:19.887+0000][1446][safepoint   ] Safepoint "Cleanup", Time since last: 10001051703 ns, Reaching safepoint: 74268 ns, At safepoint: 5074 ns, Total: 79342 ns
[2021-12-27T05:37:29.889+0000][1446][safepoint   ] Safepoint "Cleanup", Time since last: 10001010528 ns, Reaching safepoint: 85789 ns, At safepoint: 6621 ns, Total: 92410 ns
[2021-12-27T05:37:38.890+0000][1446][safepoint   ] Safepoint "Cleanup", Time since last: 9000944372 ns, Reaching safepoint: 63549 ns, At safepoint: 5057 ns, Total: 68606 ns
[2021-12-27T05:37:49.891+0000][1446][safepoint   ] Safepoint "Cleanup", Time since last: 11001141509 ns, Reaching safepoint: 59860 ns, At safepoint: 6154 ns, Total: 66014 ns
[2021-12-27T05:37:50.891+0000][1446][safepoint   ] Safepoint "Cleanup", Time since last: 1000137539 ns, Reaching safepoint: 63190 ns, At safepoint: 5505 ns, Total: 68695 ns
[2021-12-27T05:37:56.892+0000][1446][safepoint   ] Safepoint "Cleanup", Time since last: 6000623097 ns, Reaching safepoint: 83046 ns, At safepoint: 9588 ns, Total: 92634 ns
[2021-12-27T05:37:58.892+0000][1446][safepoint   ] Safepoint "Cleanup", Time since last: 2000226716 ns, Reaching safepoint: 55696 ns, At safepoint: 5383 ns, Total: 61079 ns
[2021-12-27T05:38:29.895+0000][1446][safepoint   ] Safepoint "Cleanup", Time since last: 31002969586 ns, Reaching safepoint: 73513 ns, At safepoint: 5700 ns, Total: 79213 ns
[2021-12-27T05:39:16.900+0000][1446][safepoint   ] Safepoint "Cleanup", Time since last: 47004599988 ns, Reaching safepoint: 101545 ns, At safepoint: 17283 ns, Total: 118828 ns
[2021-12-27T05:39:26.331+0000][1446][gc,start    ] GC(67) Pause Young (Normal) (G1 Evacuation Pause)
[2021-12-27T05:39:26.331+0000][1446][gc,task     ] GC(67) Using 2 workers of 2 for evacuation
[2021-12-27T05:39:26.331+0000][1446][gc,age      ] GC(67) Desired survivor size 20971520 bytes, new threshold 15 (max threshold 15)
[2021-12-27T05:39:26.336+0000][1446][gc,age      ] GC(67) Age table with threshold 15 (max threshold 15)
[2021-12-27T05:39:26.336+0000][1446][gc,age      ] GC(67) - age   1:     163816 bytes,     163816 total
[2021-12-27T05:39:26.336+0000][1446][gc,age      ] GC(67) - age   2:       4472 bytes,     168288 total
[2021-12-27T05:39:26.336+0000][1446][gc,age      ] GC(67) - age   3:      84688 bytes,     252976 total
[2021-12-27T05:39:26.336+0000][1446][gc,age      ] GC(67) - age   4:       5184 bytes,     258160 total
[2021-12-27T05:39:26.336+0000][1446][gc,age      ] GC(67) - age   5:     114008 bytes,     372168 total
[2021-12-27T05:39:26.336+0000][1446][gc,age      ] GC(67) - age   6:     186328 bytes,     558496 total
[2021-12-27T05:39:26.336+0000][1446][gc,age      ] GC(67) - age   7:     217664 bytes,     776160 total
[2021-12-27T05:39:26.336+0000][1446][gc,age      ] GC(67) - age   8:      33536 bytes,     809696 total
[2021-12-27T05:39:26.336+0000][1446][gc,age      ] GC(67) - age   9:      26240 bytes,     835936 total
[2021-12-27T05:39:26.336+0000][1446][gc,age      ] GC(67) - age  10:     300256 bytes,    1136192 total
[2021-12-27T05:39:26.336+0000][1446][gc,age      ] GC(67) - age  11:       4440 bytes,    1140632 total
[2021-12-27T05:39:26.336+0000][1446][gc,age      ] GC(67) - age  12:      14280 bytes,    1154912 total
[2021-12-27T05:39:26.336+0000][1446][gc,age      ] GC(67) - age  13:      26488 bytes,    1181400 total
[2021-12-27T05:39:26.336+0000][1446][gc,age      ] GC(67) - age  14:       9192 bytes,    1190592 total
[2021-12-27T05:39:26.336+0000][1446][gc,age      ] GC(67) - age  15:      20968 bytes,    1211560 total
[2021-12-27T05:39:26.336+0000][1446][gc,phases   ] GC(67)   Pre Evacuate Collection Set: 0.1ms
[2021-12-27T05:39:26.336+0000][1446][gc,phases   ] GC(67)   Merge Heap Roots: 0.0ms
[2021-12-27T05:39:26.336+0000][1446][gc,phases   ] GC(67)   Evacuate Collection Set: 4.1ms
[2021-12-27T05:39:26.336+0000][1446][gc,phases   ] GC(67)   Post Evacuate Collection Set: 1.0ms
[2021-12-27T05:39:26.336+0000][1446][gc,phases   ] GC(67)   Other: 0.4ms
[2021-12-27T05:39:26.336+0000][1446][gc,heap     ] GC(67) Eden regions: 75->0(75)
[2021-12-27T05:39:26.336+0000][1446][gc,heap     ] GC(67) Survivor regions: 1->1(10)
[2021-12-27T05:39:26.336+0000][1446][gc,heap     ] GC(67) Old regions: 21->21
[2021-12-27T05:39:26.336+0000][1446][gc,heap     ] GC(67) Archive regions: 2->2
[2021-12-27T05:39:26.336+0000][1446][gc,heap     ] GC(67) Humongous regions: 2->2
[2021-12-27T05:39:26.336+0000][1446][gc,metaspace] GC(67) Metaspace: 118294K(120128K)->118294K(120128K) NonClass: 102540K(103616K)->102540K(103616K) Class: 15754K(16512K)->15754K(16512K)
[2021-12-27T05:39:26.336+0000][1446][gc          ] GC(67) Pause Young (Normal) (G1 Evacuation Pause) 396M->96M(512M) 5.613ms
[2021-12-27T05:39:26.336+0000][1446][gc,cpu      ] GC(67) User=0.02s Sys=0.00s Real=0.00s
[2021-12-27T05:39:26.336+0000][1446][safepoint   ] Safepoint "G1CollectForAllocation", Time since last: 9430891312 ns, Reaching safepoint: 38485 ns, At safepoint: 5763560 ns, Total: 5802045 ns
[2021-12-27T05:39:33.337+0000][1446][safepoint   ] Safepoint "Cleanup", Time since last: 7000818829 ns, Reaching safepoint: 70445 ns, At safepoint: 5404 ns, Total: 75849 ns
[2021-12-27T05:39:39.338+0000][1446][safepoint   ] Safepoint "Cleanup", Time since last: 6000672525 ns, Reaching safepoint: 70832 ns, At safepoint: 5627 ns, Total: 76459 ns
[2021-12-27T05:39:58.340+0000][1446][safepoint   ] Safepoint "Cleanup", Time since last: 19002137904 ns, Reaching safepoint: 79781 ns, At safepoint: 5622 ns, Total: 85403 ns
[2021-12-27T05:40:18.343+0000][1446][safepoint   ] Safepoint "Cleanup", Time since last: 20002163396 ns, Reaching safepoint: 59987 ns, At safepoint: 5491 ns, Total: 65478 ns
[2021-12-27T05:41:26.350+0000][1446][safepoint   ] Safepoint "Cleanup", Time since last: 68006996024 ns, Reaching safepoint: 134855 ns, At safepoint: 5656 ns, Total: 140511 ns
[2021-12-27T05:42:25.757+0000][1446][gc,start    ] GC(68) Pause Young (Normal) (G1 Evacuation Pause)
[2021-12-27T05:42:25.757+0000][1446][gc,task     ] GC(68) Using 2 workers of 2 for evacuation
[2021-12-27T05:42:25.757+0000][1446][gc,age      ] GC(68) Desired survivor size 20971520 bytes, new threshold 15 (max threshold 15)
[2021-12-27T05:42:25.763+0000][1446][gc,age      ] GC(68) Age table with threshold 15 (max threshold 15)
[2021-12-27T05:42:25.763+0000][1446][gc,age      ] GC(68) - age   1:      47680 bytes,      47680 total
[2021-12-27T05:42:25.763+0000][1446][gc,age      ] GC(68) - age   2:     132168 bytes,     179848 total
[2021-12-27T05:42:25.763+0000][1446][gc,age      ] GC(68) - age   3:       4360 bytes,     184208 total
[2021-12-27T05:42:25.763+0000][1446][gc,age      ] GC(68) - age   4:      84592 bytes,     268800 total
[2021-12-27T05:42:25.763+0000][1446][gc,age      ] GC(68) - age   5:       4992 bytes,     273792 total
[2021-12-27T05:42:25.763+0000][1446][gc,age      ] GC(68) - age   6:     114008 bytes,     387800 total
[2021-12-27T05:42:25.763+0000][1446][gc,age      ] GC(68) - age   7:     186328 bytes,     574128 total
[2021-12-27T05:42:25.763+0000][1446][gc,age      ] GC(68) - age   8:     217664 bytes,     791792 total
[2021-12-27T05:42:25.763+0000][1446][gc,age      ] GC(68) - age   9:      33304 bytes,     825096 total
[2021-12-27T05:42:25.763+0000][1446][gc,age      ] GC(68) - age  10:      26240 bytes,     851336 total
[2021-12-27T05:42:25.763+0000][1446][gc,age      ] GC(68) - age  11:     300256 bytes,    1151592 total
[2021-12-27T05:42:25.763+0000][1446][gc,age      ] GC(68) - age  12:       4440 bytes,    1156032 total
[2021-12-27T05:42:25.763+0000][1446][gc,age      ] GC(68) - age  13:      14280 bytes,    1170312 total
[2021-12-27T05:42:25.763+0000][1446][gc,age      ] GC(68) - age  14:      26488 bytes,    1196800 total
[2021-12-27T05:42:25.763+0000][1446][gc,age      ] GC(68) - age  15:       9192 bytes,    1205992 total
[2021-12-27T05:42:25.763+0000][1446][gc,phases   ] GC(68)   Pre Evacuate Collection Set: 0.2ms
[2021-12-27T05:42:25.763+0000][1446][gc,phases   ] GC(68)   Merge Heap Roots: 0.1ms
[2021-12-27T05:42:25.763+0000][1446][gc,phases   ] GC(68)   Evacuate Collection Set: 4.3ms
[2021-12-27T05:42:25.763+0000][1446][gc,phases   ] GC(68)   Post Evacuate Collection Set: 1.0ms
[2021-12-27T05:42:25.763+0000][1446][gc,phases   ] GC(68)   Other: 0.3ms
[2021-12-27T05:42:25.763+0000][1446][gc,heap     ] GC(68) Eden regions: 75->0(75)
[2021-12-27T05:42:25.763+0000][1446][gc,heap     ] GC(68) Survivor regions: 1->1(10)
[2021-12-27T05:42:25.763+0000][1446][gc,heap     ] GC(68) Old regions: 21->21
[2021-12-27T05:42:25.763+0000][1446][gc,heap     ] GC(68) Archive regions: 2->2
[2021-12-27T05:42:25.763+0000][1446][gc,heap     ] GC(68) Humongous regions: 2->2
[2021-12-27T05:42:25.763+0000][1446][gc,metaspace] GC(68) Metaspace: 118299K(120128K)->118299K(120128K) NonClass: 102544K(103616K)->102544K(103616K) Class: 15754K(16512K)->15754K(16512K)
[2021-12-27T05:42:25.763+0000][1446][gc          ] GC(68) Pause Young (Normal) (G1 Evacuation Pause) 396M->96M(512M) 5.979ms
[2021-12-27T05:42:25.763+0000][1446][gc,cpu      ] GC(68) User=0.01s Sys=0.00s Real=0.01s
[2021-12-27T05:42:25.763+0000][1446][safepoint   ] Safepoint "G1CollectForAllocation", Time since last: 59407237628 ns, Reaching safepoint: 45772 ns, At safepoint: 6069192 ns, Total: 6114964 ns
[2021-12-27T05:43:28.769+0000][1446][safepoint   ] Safepoint "Cleanup", Time since last: 63006092117 ns, Reaching safepoint: 93465 ns, At safepoint: 5167 ns, Total: 98632 ns
[2021-12-27T05:45:22.159+0000][1446][gc,start    ] GC(69) Pause Young (Normal) (G1 Evacuation Pause)
[2021-12-27T05:45:22.159+0000][1446][gc,task     ] GC(69) Using 2 workers of 2 for evacuation
[2021-12-27T05:45:22.159+0000][1446][gc,age      ] GC(69) Desired survivor size 20971520 bytes, new threshold 15 (max threshold 15)
[2021-12-27T05:45:22.165+0000][1446][gc,age      ] GC(69) Age table with threshold 15 (max threshold 15)
[2021-12-27T05:45:22.165+0000][1446][gc,age      ] GC(69) - age   1:     223360 bytes,     223360 total
[2021-12-27T05:45:22.165+0000][1446][gc,age      ] GC(69) - age   2:       7368 bytes,     230728 total
[2021-12-27T05:45:22.165+0000][1446][gc,age      ] GC(69) - age   3:     132072 bytes,     362800 total
[2021-12-27T05:45:22.165+0000][1446][gc,age      ] GC(69) - age   4:       4128 bytes,     366928 total
[2021-12-27T05:45:22.165+0000][1446][gc,age      ] GC(69) - age   5:      84400 bytes,     451328 total
[2021-12-27T05:45:22.165+0000][1446][gc,age      ] GC(69) - age   6:       4992 bytes,     456320 total
[2021-12-27T05:45:22.165+0000][1446][gc,age      ] GC(69) - age   7:     114008 bytes,     570328 total
[2021-12-27T05:45:22.165+0000][1446][gc,age      ] GC(69) - age   8:     186328 bytes,     756656 total
[2021-12-27T05:45:22.165+0000][1446][gc,age      ] GC(69) - age   9:     217664 bytes,     974320 total
[2021-12-27T05:45:22.165+0000][1446][gc,age      ] GC(69) - age  10:      33304 bytes,    1007624 total
[2021-12-27T05:45:22.165+0000][1446][gc,age      ] GC(69) - age  11:      26008 bytes,    1033632 total
[2021-12-27T05:45:22.165+0000][1446][gc,age      ] GC(69) - age  12:     300256 bytes,    1333888 total
[2021-12-27T05:45:22.165+0000][1446][gc,age      ] GC(69) - age  13:       4440 bytes,    1338328 total
[2021-12-27T05:45:22.165+0000][1446][gc,age      ] GC(69) - age  14:      14280 bytes,    1352608 total
[2021-12-27T05:45:22.165+0000][1446][gc,age      ] GC(69) - age  15:      26488 bytes,    1379096 total
[2021-12-27T05:45:22.165+0000][1446][gc,phases   ] GC(69)   Pre Evacuate Collection Set: 0.1ms
[2021-12-27T05:45:22.165+0000][1446][gc,phases   ] GC(69)   Merge Heap Roots: 0.1ms
[2021-12-27T05:45:22.165+0000][1446][gc,phases   ] GC(69)   Evacuate Collection Set: 4.4ms
[2021-12-27T05:45:22.165+0000][1446][gc,phases   ] GC(69)   Post Evacuate Collection Set: 1.2ms
[2021-12-27T05:45:22.165+0000][1446][gc,phases   ] GC(69)   Other: 0.3ms
[2021-12-27T05:45:22.165+0000][1446][gc,heap     ] GC(69) Eden regions: 75->0(75)
[2021-12-27T05:45:22.165+0000][1446][gc,heap     ] GC(69) Survivor regions: 1->1(10)
[2021-12-27T05:45:22.165+0000][1446][gc,heap     ] GC(69) Old regions: 21->21
[2021-12-27T05:45:22.165+0000][1446][gc,heap     ] GC(69) Archive regions: 2->2
[2021-12-27T05:45:22.165+0000][1446][gc,heap     ] GC(69) Humongous regions: 2->2
[2021-12-27T05:45:22.165+0000][1446][gc,metaspace] GC(69) Metaspace: 118302K(120128K)->118302K(120128K) NonClass: 102547K(103616K)->102547K(103616K) Class: 15754K(16512K)->15754K(16512K)
[2021-12-27T05:45:22.165+0000][1446][gc          ] GC(69) Pause Young (Normal) (G1 Evacuation Pause) 396M->96M(512M) 6.098ms
[2021-12-27T05:45:22.165+0000][1446][gc,cpu      ] GC(69) User=0.01s Sys=0.00s Real=0.01s
[2021-12-27T05:45:22.165+0000][1446][safepoint   ] Safepoint "G1CollectForAllocation", Time since last: 113389849154 ns, Reaching safepoint: 68526 ns, At safepoint: 6192468 ns, Total: 6260994 ns
[2021-12-27T05:47:39.179+0000][1446][safepoint   ] Safepoint "Cleanup", Time since last: 137013375096 ns, Reaching safepoint: 91970 ns, At safepoint: 4923 ns, Total: 96893 ns
[2021-12-27T05:48:20.148+0000][1446][gc,start    ] GC(70) Pause Young (Normal) (G1 Evacuation Pause)
[2021-12-27T05:48:20.148+0000][1446][gc,task     ] GC(70) Using 2 workers of 2 for evacuation
[2021-12-27T05:48:20.148+0000][1446][gc,age      ] GC(70) Desired survivor size 20971520 bytes, new threshold 15 (max threshold 15)
[2021-12-27T05:48:20.154+0000][1446][gc,age      ] GC(70) Age table with threshold 15 (max threshold 15)
[2021-12-27T05:48:20.154+0000][1446][gc,age      ] GC(70) - age   1:      43112 bytes,      43112 total
[2021-12-27T05:48:20.154+0000][1446][gc,age      ] GC(70) - age   2:       3464 bytes,      46576 total
[2021-12-27T05:48:20.154+0000][1446][gc,age      ] GC(70) - age   3:       7256 bytes,      53832 total
[2021-12-27T05:48:20.154+0000][1446][gc,age      ] GC(70) - age   4:     130728 bytes,     184560 total
[2021-12-27T05:48:20.154+0000][1446][gc,age      ] GC(70) - age   5:       4128 bytes,     188688 total
[2021-12-27T05:48:20.154+0000][1446][gc,age      ] GC(70) - age   6:      84216 bytes,     272904 total
[2021-12-27T05:48:20.154+0000][1446][gc,age      ] GC(70) - age   7:       4992 bytes,     277896 total
[2021-12-27T05:48:20.154+0000][1446][gc,age      ] GC(70) - age   8:     114008 bytes,     391904 total
[2021-12-27T05:48:20.154+0000][1446][gc,age      ] GC(70) - age   9:     186328 bytes,     578232 total
[2021-12-27T05:48:20.154+0000][1446][gc,age      ] GC(70) - age  10:     217664 bytes,     795896 total
[2021-12-27T05:48:20.154+0000][1446][gc,age      ] GC(70) - age  11:      33304 bytes,     829200 total
[2021-12-27T05:48:20.154+0000][1446][gc,age      ] GC(70) - age  12:      26008 bytes,     855208 total
[2021-12-27T05:48:20.154+0000][1446][gc,age      ] GC(70) - age  13:     300256 bytes,    1155464 total
[2021-12-27T05:48:20.154+0000][1446][gc,age      ] GC(70) - age  14:       4440 bytes,    1159904 total
[2021-12-27T05:48:20.154+0000][1446][gc,age      ] GC(70) - age  15:      14280 bytes,    1174184 total
[2021-12-27T05:48:20.154+0000][1446][gc,phases   ] GC(70)   Pre Evacuate Collection Set: 0.1ms
[2021-12-27T05:48:20.154+0000][1446][gc,phases   ] GC(70)   Merge Heap Roots: 0.1ms
[2021-12-27T05:48:20.154+0000][1446][gc,phases   ] GC(70)   Evacuate Collection Set: 4.4ms
[2021-12-27T05:48:20.154+0000][1446][gc,phases   ] GC(70)   Post Evacuate Collection Set: 1.2ms
[2021-12-27T05:48:20.154+0000][1446][gc,phases   ] GC(70)   Other: 0.3ms
[2021-12-27T05:48:20.154+0000][1446][gc,heap     ] GC(70) Eden regions: 75->0(75)
[2021-12-27T05:48:20.154+0000][1446][gc,heap     ] GC(70) Survivor regions: 1->1(10)
[2021-12-27T05:48:20.154+0000][1446][gc,heap     ] GC(70) Old regions: 21->21
[2021-12-27T05:48:20.154+0000][1446][gc,heap     ] GC(70) Archive regions: 2->2
[2021-12-27T05:48:20.154+0000][1446][gc,heap     ] GC(70) Humongous regions: 2->2
[2021-12-27T05:48:20.154+0000][1446][gc,metaspace] GC(70) Metaspace: 118306K(120128K)->118306K(120128K) NonClass: 102551K(103616K)->102551K(103616K) Class: 15754K(16512K)->15754K(16512K)
[2021-12-27T05:48:20.154+0000][1446][gc          ] GC(70) Pause Young (Normal) (G1 Evacuation Pause) 396M->96M(512M) 6.094ms
[2021-12-27T05:48:20.154+0000][1446][gc,cpu      ] GC(70) User=0.00s Sys=0.00s Real=0.01s
[2021-12-27T05:48:20.154+0000][1446][safepoint   ] Safepoint "G1CollectForAllocation", Time since last: 40968849424 ns, Reaching safepoint: 61679 ns, At safepoint: 6182854 ns, Total: 6244533 ns
[2021-12-27T05:48:30.155+0000][1446][safepoint   ] Safepoint "Cleanup", Time since last: 10000932570 ns, Reaching safepoint: 44485 ns, At safepoint: 5001 ns, Total: 49486 ns
[2021-12-27T05:48:33.155+0000][1446][safepoint   ] Safepoint "Cleanup", Time since last: 3000331703 ns, Reaching safepoint: 149354 ns, At safepoint: 9971 ns, Total: 159325 ns
[2021-12-27T05:48:54.158+0000][1446][safepoint   ] Safepoint "Cleanup", Time since last: 21002148940 ns, Reaching safepoint: 87796 ns, At safepoint: 4979 ns, Total: 92775 ns
[2021-12-27T05:50:27.167+0000][1446][safepoint   ] Safepoint "Cleanup", Time since last: 93009458861 ns, Reaching safepoint: 99075 ns, At safepoint: 5441 ns, Total: 104516 ns
[2021-12-27T05:50:59.171+0000][1446][safepoint   ] Safepoint "Cleanup", Time since last: 32003361232 ns, Reaching safepoint: 84782 ns, At safepoint: 9803 ns, Total: 94585 ns
[2021-12-27T05:51:00.171+0000][1446][safepoint   ] Safepoint "Cleanup", Time since last: 1000138045 ns, Reaching safepoint: 65335 ns, At safepoint: 5191 ns, Total: 70526 ns
[2021-12-27T05:51:19.681+0000][1446][gc,start    ] GC(71) Pause Young (Normal) (G1 Evacuation Pause)
[2021-12-27T05:51:19.681+0000][1446][gc,task     ] GC(71) Using 2 workers of 2 for evacuation
[2021-12-27T05:51:19.681+0000][1446][gc,age      ] GC(71) Desired survivor size 20971520 bytes, new threshold 15 (max threshold 15)
[2021-12-27T05:51:19.686+0000][1446][gc,age      ] GC(71) Age table with threshold 15 (max threshold 15)
[2021-12-27T05:51:19.686+0000][1446][gc,age      ] GC(71) - age   1:     232584 bytes,     232584 total
[2021-12-27T05:51:19.686+0000][1446][gc,age      ] GC(71) - age   2:       5168 bytes,     237752 total
[2021-12-27T05:51:19.686+0000][1446][gc,age      ] GC(71) - age   3:       3464 bytes,     241216 total
[2021-12-27T05:51:19.686+0000][1446][gc,age      ] GC(71) - age   4:       7064 bytes,     248280 total
[2021-12-27T05:51:19.686+0000][1446][gc,age      ] GC(71) - age   5:     130728 bytes,     379008 total
[2021-12-27T05:51:19.686+0000][1446][gc,age      ] GC(71) - age   6:       4128 bytes,     383136 total
[2021-12-27T05:51:19.686+0000][1446][gc,age      ] GC(71) - age   7:      84216 bytes,     467352 total
[2021-12-27T05:51:19.686+0000][1446][gc,age      ] GC(71) - age   8:       4992 bytes,     472344 total
[2021-12-27T05:51:19.686+0000][1446][gc,age      ] GC(71) - age   9:     114008 bytes,     586352 total
[2021-12-27T05:51:19.686+0000][1446][gc,age      ] GC(71) - age  10:     186328 bytes,     772680 total
[2021-12-27T05:51:19.686+0000][1446][gc,age      ] GC(71) - age  11:     217664 bytes,     990344 total
[2021-12-27T05:51:19.686+0000][1446][gc,age      ] GC(71) - age  12:      33304 bytes,    1023648 total
[2021-12-27T05:51:19.686+0000][1446][gc,age      ] GC(71) - age  13:      26008 bytes,    1049656 total
[2021-12-27T05:51:19.686+0000][1446][gc,age      ] GC(71) - age  14:     300024 bytes,    1349680 total
[2021-12-27T05:51:19.686+0000][1446][gc,age      ] GC(71) - age  15:       4440 bytes,    1354120 total
[2021-12-27T05:51:19.686+0000][1446][gc,phases   ] GC(71)   Pre Evacuate Collection Set: 0.1ms
[2021-12-27T05:51:19.686+0000][1446][gc,phases   ] GC(71)   Merge Heap Roots: 0.1ms
[2021-12-27T05:51:19.686+0000][1446][gc,phases   ] GC(71)   Evacuate Collection Set: 3.7ms
[2021-12-27T05:51:19.686+0000][1446][gc,phases   ] GC(71)   Post Evacuate Collection Set: 1.1ms
[2021-12-27T05:51:19.686+0000][1446][gc,phases   ] GC(71)   Other: 0.3ms
[2021-12-27T05:51:19.686+0000][1446][gc,heap     ] GC(71) Eden regions: 75->0(75)
[2021-12-27T05:51:19.686+0000][1446][gc,heap     ] GC(71) Survivor regions: 1->1(10)
[2021-12-27T05:51:19.686+0000][1446][gc,heap     ] GC(71) Old regions: 21->21
[2021-12-27T05:51:19.686+0000][1446][gc,heap     ] GC(71) Archive regions: 2->2
[2021-12-27T05:51:19.686+0000][1446][gc,heap     ] GC(71) Humongous regions: 2->2
[2021-12-27T05:51:19.686+0000][1446][gc,metaspace] GC(71) Metaspace: 118317K(120128K)->118317K(120128K) NonClass: 102562K(103616K)->102562K(103616K) Class: 15754K(16512K)->15754K(16512K)
[2021-12-27T05:51:19.686+0000][1446][gc          ] GC(71) Pause Young (Normal) (G1 Evacuation Pause) 396M->96M(512M) 5.243ms
[2021-12-27T05:51:19.686+0000][1446][gc,cpu      ] GC(71) User=0.01s Sys=0.00s Real=0.00s
[2021-12-27T05:51:19.686+0000][1446][safepoint   ] Safepoint "G1CollectForAllocation", Time since last: 19510127798 ns, Reaching safepoint: 64449 ns, At safepoint: 5332626 ns, Total: 5397075 ns
[2021-12-27T05:52:58.696+0000][1446][safepoint   ] Safepoint "Cleanup", Time since last: 99009398486 ns, Reaching safepoint: 58727 ns, At safepoint: 4975 ns, Total: 63702 ns
[2021-12-27T05:54:18.894+0000][1446][gc,start    ] GC(72) Pause Young (Normal) (G1 Evacuation Pause)
[2021-12-27T05:54:18.894+0000][1446][gc,task     ] GC(72) Using 2 workers of 2 for evacuation
[2021-12-27T05:54:18.894+0000][1446][gc,age      ] GC(72) Desired survivor size 20971520 bytes, new threshold 15 (max threshold 15)
[2021-12-27T05:54:18.899+0000][1446][gc,age      ] GC(72) Age table with threshold 15 (max threshold 15)
[2021-12-27T05:54:18.899+0000][1446][gc,age      ] GC(72) - age   1:      46680 bytes,      46680 total
[2021-12-27T05:54:18.899+0000][1446][gc,age      ] GC(72) - age   2:      11320 bytes,      58000 total
[2021-12-27T05:54:18.899+0000][1446][gc,age      ] GC(72) - age   3:       5056 bytes,      63056 total
[2021-12-27T05:54:18.899+0000][1446][gc,age      ] GC(72) - age   4:       3272 bytes,      66328 total
[2021-12-27T05:54:18.899+0000][1446][gc,age      ] GC(72) - age   5:       7064 bytes,      73392 total
[2021-12-27T05:54:18.899+0000][1446][gc,age      ] GC(72) - age   6:     130728 bytes,     204120 total
[2021-12-27T05:54:18.899+0000][1446][gc,age      ] GC(72) - age   7:       4128 bytes,     208248 total
[2021-12-27T05:54:18.899+0000][1446][gc,age      ] GC(72) - age   8:      84216 bytes,     292464 total
[2021-12-27T05:54:18.899+0000][1446][gc,age      ] GC(72) - age   9:       4992 bytes,     297456 total
[2021-12-27T05:54:18.899+0000][1446][gc,age      ] GC(72) - age  10:     114008 bytes,     411464 total
[2021-12-27T05:54:18.899+0000][1446][gc,age      ] GC(72) - age  11:     186328 bytes,     597792 total
[2021-12-27T05:54:18.899+0000][1446][gc,age      ] GC(72) - age  12:     217664 bytes,     815456 total
[2021-12-27T05:54:18.899+0000][1446][gc,age      ] GC(72) - age  13:      33304 bytes,     848760 total
[2021-12-27T05:54:18.899+0000][1446][gc,age      ] GC(72) - age  14:      26008 bytes,     874768 total
[2021-12-27T05:54:18.899+0000][1446][gc,age      ] GC(72) - age  15:     300024 bytes,    1174792 total
[2021-12-27T05:54:18.899+0000][1446][gc,phases   ] GC(72)   Pre Evacuate Collection Set: 0.1ms
[2021-12-27T05:54:18.899+0000][1446][gc,phases   ] GC(72)   Merge Heap Roots: 0.1ms
[2021-12-27T05:54:18.899+0000][1446][gc,phases   ] GC(72)   Evacuate Collection Set: 3.8ms
[2021-12-27T05:54:18.899+0000][1446][gc,phases   ] GC(72)   Post Evacuate Collection Set: 1.0ms
[2021-12-27T05:54:18.899+0000][1446][gc,phases   ] GC(72)   Other: 0.3ms
[2021-12-27T05:54:18.899+0000][1446][gc,heap     ] GC(72) Eden regions: 75->0(75)
[2021-12-27T05:54:18.899+0000][1446][gc,heap     ] GC(72) Survivor regions: 1->1(10)
[2021-12-27T05:54:18.899+0000][1446][gc,heap     ] GC(72) Old regions: 21->21
[2021-12-27T05:54:18.899+0000][1446][gc,heap     ] GC(72) Archive regions: 2->2
[2021-12-27T05:54:18.899+0000][1446][gc,heap     ] GC(72) Humongous regions: 2->2
[2021-12-27T05:54:18.899+0000][1446][gc,metaspace] GC(72) Metaspace: 118318K(120128K)->118318K(120128K) NonClass: 102563K(103616K)->102563K(103616K) Class: 15754K(16512K)->15754K(16512K)
[2021-12-27T05:54:18.899+0000][1446][gc          ] GC(72) Pause Young (Normal) (G1 Evacuation Pause) 396M->96M(512M) 5.396ms
[2021-12-27T05:54:18.899+0000][1446][gc,cpu      ] GC(72) User=0.00s Sys=0.00s Real=0.00s
[2021-12-27T05:54:18.899+0000][1446][safepoint   ] Safepoint "G1CollectForAllocation", Time since last: 80197673892 ns, Reaching safepoint: 50058 ns, At safepoint: 5478036 ns, Total: 5528094 ns
[2021-12-27T05:54:20.899+0000][1446][safepoint   ] Safepoint "Cleanup", Time since last: 2000228268 ns, Reaching safepoint: 59658 ns, At safepoint: 5447 ns, Total: 65105 ns
[2021-12-27T05:54:26.900+0000][1446][safepoint   ] Safepoint "Cleanup", Time since last: 6000564598 ns, Reaching safepoint: 54822 ns, At safepoint: 5386 ns, Total: 60208 ns
[2021-12-27T05:54:56.903+0000][1446][safepoint   ] Safepoint "Cleanup", Time since last: 30002945617 ns, Reaching safepoint: 87518 ns, At safepoint: 5871 ns, Total: 93389 ns
[2021-12-27T05:56:24.911+0000][1446][safepoint   ] Safepoint "Cleanup", Time since last: 88008336363 ns, Reaching safepoint: 72052 ns, At safepoint: 5457 ns, Total: 77509 ns
[2021-12-27T05:57:15.531+0000][1446][gc,start    ] GC(73) Pause Young (Normal) (G1 Evacuation Pause)
[2021-12-27T05:57:15.531+0000][1446][gc,task     ] GC(73) Using 2 workers of 2 for evacuation
[2021-12-27T05:57:15.531+0000][1446][gc,age      ] GC(73) Desired survivor size 20971520 bytes, new threshold 15 (max threshold 15)
[2021-12-27T05:57:15.537+0000][1446][gc,age      ] GC(73) Age table with threshold 15 (max threshold 15)
[2021-12-27T05:57:15.537+0000][1446][gc,age      ] GC(73) - age   1:      45304 bytes,      45304 total
[2021-12-27T05:57:15.537+0000][1446][gc,age      ] GC(73) - age   2:       3640 bytes,      48944 total
[2021-12-27T05:57:15.537+0000][1446][gc,age      ] GC(73) - age   3:      11320 bytes,      60264 total
[2021-12-27T05:57:15.537+0000][1446][gc,age      ] GC(73) - age   4:       4480 bytes,      64744 total
[2021-12-27T05:57:15.537+0000][1446][gc,age      ] GC(73) - age   5:       3272 bytes,      68016 total
[2021-12-27T05:57:15.537+0000][1446][gc,age      ] GC(73) - age   6:       7064 bytes,      75080 total
[2021-12-27T05:57:15.537+0000][1446][gc,age      ] GC(73) - age   7:     130264 bytes,     205344 total
[2021-12-27T05:57:15.537+0000][1446][gc,age      ] GC(73) - age   8:       4128 bytes,     209472 total
[2021-12-27T05:57:15.537+0000][1446][gc,age      ] GC(73) - age   9:      84216 bytes,     293688 total
[2021-12-27T05:57:15.537+0000][1446][gc,age      ] GC(73) - age  10:       4992 bytes,     298680 total
[2021-12-27T05:57:15.537+0000][1446][gc,age      ] GC(73) - age  11:     114008 bytes,     412688 total
[2021-12-27T05:57:15.537+0000][1446][gc,age      ] GC(73) - age  12:     186328 bytes,     599016 total
[2021-12-27T05:57:15.537+0000][1446][gc,age      ] GC(73) - age  13:     217664 bytes,     816680 total
[2021-12-27T05:57:15.537+0000][1446][gc,age      ] GC(73) - age  14:      33304 bytes,     849984 total
[2021-12-27T05:57:15.537+0000][1446][gc,age      ] GC(73) - age  15:      26008 bytes,     875992 total
[2021-12-27T05:57:15.537+0000][1446][gc,phases   ] GC(73)   Pre Evacuate Collection Set: 0.1ms
[2021-12-27T05:57:15.537+0000][1446][gc,phases   ] GC(73)   Merge Heap Roots: 0.1ms
[2021-12-27T05:57:15.537+0000][1446][gc,phases   ] GC(73)   Evacuate Collection Set: 4.4ms
[2021-12-27T05:57:15.537+0000][1446][gc,phases   ] GC(73)   Post Evacuate Collection Set: 1.3ms
[2021-12-27T05:57:15.537+0000][1446][gc,phases   ] GC(73)   Other: 0.3ms
[2021-12-27T05:57:15.537+0000][1446][gc,heap     ] GC(73) Eden regions: 75->0(75)
[2021-12-27T05:57:15.537+0000][1446][gc,heap     ] GC(73) Survivor regions: 1->1(10)
[2021-12-27T05:57:15.537+0000][1446][gc,heap     ] GC(73) Old regions: 21->21
[2021-12-27T05:57:15.537+0000][1446][gc,heap     ] GC(73) Archive regions: 2->2
[2021-12-27T05:57:15.537+0000][1446][gc,heap     ] GC(73) Humongous regions: 2->2
[2021-12-27T05:57:15.537+0000][1446][gc,metaspace] GC(73) Metaspace: 118318K(120128K)->118318K(120128K) NonClass: 102563K(103616K)->102563K(103616K) Class: 15754K(16512K)->15754K(16512K)
[2021-12-27T05:57:15.537+0000][1446][gc          ] GC(73) Pause Young (Normal) (G1 Evacuation Pause) 396M->96M(512M) 6.274ms
[2021-12-27T05:57:15.537+0000][1446][gc,cpu      ] GC(73) User=0.01s Sys=0.00s Real=0.00s
[2021-12-27T05:57:15.537+0000][1446][safepoint   ] Safepoint "G1CollectForAllocation", Time since last: 50619316168 ns, Reaching safepoint: 85675 ns, At safepoint: 6372616 ns, Total: 6458291 ns
[2021-12-27T05:59:06.548+0000][1446][safepoint   ] Safepoint "Cleanup", Time since last: 111010952671 ns, Reaching safepoint: 100752 ns, At safepoint: 10991 ns, Total: 111743 ns
[2021-12-27T05:59:42.552+0000][1446][safepoint   ] Safepoint "Cleanup", Time since last: 36003767598 ns, Reaching safepoint: 81389 ns, At safepoint: 9503 ns, Total: 90892 ns
[2021-12-27T06:00:06.555+0000][1446][safepoint   ] Safepoint "Cleanup", Time since last: 24002608583 ns, Reaching safepoint: 57244 ns, At safepoint: 7162 ns, Total: 64406 ns
[2021-12-27T06:00:14.720+0000][1446][gc,start    ] GC(74) Pause Young (Normal) (G1 Evacuation Pause)
[2021-12-27T06:00:14.721+0000][1446][gc,task     ] GC(74) Using 2 workers of 2 for evacuation
[2021-12-27T06:00:14.721+0000][1446][gc,age      ] GC(74) Desired survivor size 20971520 bytes, new threshold 15 (max threshold 15)
[2021-12-27T06:00:14.725+0000][1446][gc,age      ] GC(74) Age table with threshold 15 (max threshold 15)
[2021-12-27T06:00:14.725+0000][1446][gc,age      ] GC(74) - age   1:      91680 bytes,      91680 total
[2021-12-27T06:00:14.725+0000][1446][gc,age      ] GC(74) - age   2:       4752 bytes,      96432 total
[2021-12-27T06:00:14.725+0000][1446][gc,age      ] GC(74) - age   3:       3408 bytes,      99840 total
[2021-12-27T06:00:14.725+0000][1446][gc,age      ] GC(74) - age   4:      11128 bytes,     110968 total
[2021-12-27T06:00:14.725+0000][1446][gc,age      ] GC(74) - age   5:       3712 bytes,     114680 total
[2021-12-27T06:00:14.725+0000][1446][gc,age      ] GC(74) - age   6:       3272 bytes,     117952 total
[2021-12-27T06:00:14.725+0000][1446][gc,age      ] GC(74) - age   7:       7064 bytes,     125016 total
[2021-12-27T06:00:14.725+0000][1446][gc,age      ] GC(74) - age   8:     130264 bytes,     255280 total
[2021-12-27T06:00:14.725+0000][1446][gc,age      ] GC(74) - age   9:       4128 bytes,     259408 total
[2021-12-27T06:00:14.725+0000][1446][gc,age      ] GC(74) - age  10:      84216 bytes,     343624 total
[2021-12-27T06:00:14.725+0000][1446][gc,age      ] GC(74) - age  11:       4992 bytes,     348616 total
[2021-12-27T06:00:14.725+0000][1446][gc,age      ] GC(74) - age  12:     114008 bytes,     462624 total
[2021-12-27T06:00:14.725+0000][1446][gc,age      ] GC(74) - age  13:     186328 bytes,     648952 total
[2021-12-27T06:00:14.725+0000][1446][gc,age      ] GC(74) - age  14:     217664 bytes,     866616 total
[2021-12-27T06:00:14.725+0000][1446][gc,age      ] GC(74) - age  15:      33304 bytes,     899920 total
[2021-12-27T06:00:14.725+0000][1446][gc,phases   ] GC(74)   Pre Evacuate Collection Set: 0.1ms
[2021-12-27T06:00:14.725+0000][1446][gc,phases   ] GC(74)   Merge Heap Roots: 0.1ms
[2021-12-27T06:00:14.725+0000][1446][gc,phases   ] GC(74)   Evacuate Collection Set: 3.2ms
[2021-12-27T06:00:14.725+0000][1446][gc,phases   ] GC(74)   Post Evacuate Collection Set: 1.2ms
[2021-12-27T06:00:14.725+0000][1446][gc,phases   ] GC(74)   Other: 0.3ms
[2021-12-27T06:00:14.725+0000][1446][gc,heap     ] GC(74) Eden regions: 75->0(75)
[2021-12-27T06:00:14.725+0000][1446][gc,heap     ] GC(74) Survivor regions: 1->1(10)
[2021-12-27T06:00:14.725+0000][1446][gc,heap     ] GC(74) Old regions: 21->21
[2021-12-27T06:00:14.725+0000][1446][gc,heap     ] GC(74) Archive regions: 2->2
[2021-12-27T06:00:14.725+0000][1446][gc,heap     ] GC(74) Humongous regions: 2->2
[2021-12-27T06:00:14.725+0000][1446][gc,metaspace] GC(74) Metaspace: 118326K(120128K)->118326K(120128K) NonClass: 102572K(103616K)->102572K(103616K) Class: 15754K(16512K)->15754K(16512K)
[2021-12-27T06:00:14.725+0000][1446][gc          ] GC(74) Pause Young (Normal) (G1 Evacuation Pause) 396M->96M(512M) 4.927ms
[2021-12-27T06:00:14.725+0000][1446][gc,cpu      ] GC(74) User=0.01s Sys=0.00s Real=0.00s
[2021-12-27T06:00:14.725+0000][1446][safepoint   ] Safepoint "G1CollectForAllocation", Time since last: 8165557992 ns, Reaching safepoint: 35923 ns, At safepoint: 5018909 ns, Total: 5054832 ns
[2021-12-27T06:00:26.727+0000][1446][safepoint   ] Safepoint "Cleanup", Time since last: 12001117014 ns, Reaching safepoint: 56729 ns, At safepoint: 6437 ns, Total: 63166 ns
[2021-12-27T06:01:26.733+0000][1446][safepoint   ] Safepoint "Cleanup", Time since last: 60006154218 ns, Reaching safepoint: 64846 ns, At safepoint: 5295 ns, Total: 70141 ns
[2021-12-27T06:01:59.737+0000][1446][safepoint   ] Safepoint "Cleanup", Time since last: 33004049719 ns, Reaching safepoint: 66242 ns, At safepoint: 5463 ns, Total: 71705 ns
[2021-12-27T06:02:06.780+0000][1446][safepoint   ] Safepoint "Cleanup", Time since last: 7042967459 ns, Reaching safepoint: 139236 ns, At safepoint: 6388 ns, Total: 145624 ns
[2021-12-27T06:03:11.610+0000][1446][gc,start    ] GC(75) Pause Young (Normal) (G1 Evacuation Pause)
[2021-12-27T06:03:11.610+0000][1446][gc,task     ] GC(75) Using 2 workers of 2 for evacuation
[2021-12-27T06:03:11.610+0000][1446][gc,age      ] GC(75) Desired survivor size 20971520 bytes, new threshold 15 (max threshold 15)
[2021-12-27T06:03:11.614+0000][1446][gc,age      ] GC(75) Age table with threshold 15 (max threshold 15)
[2021-12-27T06:03:11.614+0000][1446][gc,age      ] GC(75) - age   1:     334432 bytes,     334432 total
[2021-12-27T06:03:11.614+0000][1446][gc,age      ] GC(75) - age   2:       4432 bytes,     338864 total
[2021-12-27T06:03:11.614+0000][1446][gc,age      ] GC(75) - age   3:       4408 bytes,     343272 total
[2021-12-27T06:03:11.614+0000][1446][gc,age      ] GC(75) - age   4:       3216 bytes,     346488 total
[2021-12-27T06:03:11.614+0000][1446][gc,age      ] GC(75) - age   5:      11128 bytes,     357616 total
[2021-12-27T06:03:11.615+0000][1446][gc,age      ] GC(75) - age   6:       3296 bytes,     360912 total
[2021-12-27T06:03:11.615+0000][1446][gc,age      ] GC(75) - age   7:       3272 bytes,     364184 total
[2021-12-27T06:03:11.615+0000][1446][gc,age      ] GC(75) - age   8:       7064 bytes,     371248 total
[2021-12-27T06:03:11.615+0000][1446][gc,age      ] GC(75) - age   9:     130264 bytes,     501512 total
[2021-12-27T06:03:11.615+0000][1446][gc,age      ] GC(75) - age  10:       4128 bytes,     505640 total
[2021-12-27T06:03:11.615+0000][1446][gc,age      ] GC(75) - age  11:      84216 bytes,     589856 total
[2021-12-27T06:03:11.615+0000][1446][gc,age      ] GC(75) - age  12:       4992 bytes,     594848 total
[2021-12-27T06:03:11.615+0000][1446][gc,age      ] GC(75) - age  13:     114008 bytes,     708856 total
[2021-12-27T06:03:11.615+0000][1446][gc,age      ] GC(75) - age  14:     186328 bytes,     895184 total
[2021-12-27T06:03:11.615+0000][1446][gc,age      ] GC(75) - age  15:     217664 bytes,    1112848 total
[2021-12-27T06:03:11.615+0000][1446][gc,phases   ] GC(75)   Pre Evacuate Collection Set: 0.1ms
[2021-12-27T06:03:11.615+0000][1446][gc,phases   ] GC(75)   Merge Heap Roots: 0.1ms
[2021-12-27T06:03:11.615+0000][1446][gc,phases   ] GC(75)   Evacuate Collection Set: 3.2ms
[2021-12-27T06:03:11.615+0000][1446][gc,phases   ] GC(75)   Post Evacuate Collection Set: 1.3ms
[2021-12-27T06:03:11.615+0000][1446][gc,phases   ] GC(75)   Other: 0.4ms
[2021-12-27T06:03:11.615+0000][1446][gc,heap     ] GC(75) Eden regions: 75->0(75)
[2021-12-27T06:03:11.615+0000][1446][gc,heap     ] GC(75) Survivor regions: 1->1(10)
[2021-12-27T06:03:11.615+0000][1446][gc,heap     ] GC(75) Old regions: 21->21
[2021-12-27T06:03:11.615+0000][1446][gc,heap     ] GC(75) Archive regions: 2->2
[2021-12-27T06:03:11.615+0000][1446][gc,heap     ] GC(75) Humongous regions: 2->2
[2021-12-27T06:03:11.615+0000][1446][gc,metaspace] GC(75) Metaspace: 118331K(120128K)->118331K(120128K) NonClass: 102576K(103616K)->102576K(103616K) Class: 15754K(16512K)->15754K(16512K)
[2021-12-27T06:03:11.615+0000][1446][gc          ] GC(75) Pause Young (Normal) (G1 Evacuation Pause) 396M->97M(512M) 5.034ms
[2021-12-27T06:03:11.615+0000][1446][gc,cpu      ] GC(75) User=0.01s Sys=0.00s Real=0.00s
[2021-12-27T06:03:11.615+0000][1446][safepoint   ] Safepoint "G1CollectForAllocation", Time since last: 64829543938 ns, Reaching safepoint: 66025 ns, At safepoint: 5132770 ns, Total: 5198795 ns
[2021-12-27T06:06:09.931+0000][1446][gc,start    ] GC(76) Pause Young (Normal) (G1 Evacuation Pause)
[2021-12-27T06:06:09.931+0000][1446][gc,task     ] GC(76) Using 2 workers of 2 for evacuation
[2021-12-27T06:06:09.931+0000][1446][gc,age      ] GC(76) Desired survivor size 20971520 bytes, new threshold 15 (max threshold 15)
[2021-12-27T06:06:09.936+0000][1446][gc,age      ] GC(76) Age table with threshold 15 (max threshold 15)
[2021-12-27T06:06:09.936+0000][1446][gc,age      ] GC(76) - age   1:      39000 bytes,      39000 total
[2021-12-27T06:06:09.936+0000][1446][gc,age      ] GC(76) - age   2:       4080 bytes,      43080 total
[2021-12-27T06:06:09.936+0000][1446][gc,age      ] GC(76) - age   3:       4432 bytes,      47512 total
[2021-12-27T06:06:09.936+0000][1446][gc,age      ] GC(76) - age   4:       4408 bytes,      51920 total
[2021-12-27T06:06:09.936+0000][1446][gc,age      ] GC(76) - age   5:       3216 bytes,      55136 total
[2021-12-27T06:06:09.936+0000][1446][gc,age      ] GC(76) - age   6:      10896 bytes,      66032 total
[2021-12-27T06:06:09.936+0000][1446][gc,age      ] GC(76) - age   7:       3296 bytes,      69328 total
[2021-12-27T06:06:09.936+0000][1446][gc,age      ] GC(76) - age   8:       3272 bytes,      72600 total
[2021-12-27T06:06:09.936+0000][1446][gc,age      ] GC(76) - age   9:       7064 bytes,      79664 total
[2021-12-27T06:06:09.936+0000][1446][gc,age      ] GC(76) - age  10:     130264 bytes,     209928 total
[2021-12-27T06:06:09.936+0000][1446][gc,age      ] GC(76) - age  11:       4128 bytes,     214056 total
[2021-12-27T06:06:09.936+0000][1446][gc,age      ] GC(76) - age  12:      84216 bytes,     298272 total
[2021-12-27T06:06:09.936+0000][1446][gc,age      ] GC(76) - age  13:       4992 bytes,     303264 total
[2021-12-27T06:06:09.936+0000][1446][gc,age      ] GC(76) - age  14:     114008 bytes,     417272 total
[2021-12-27T06:06:09.936+0000][1446][gc,age      ] GC(76) - age  15:     186328 bytes,     603600 total
[2021-12-27T06:06:09.936+0000][1446][gc,phases   ] GC(76)   Pre Evacuate Collection Set: 0.1ms
[2021-12-27T06:06:09.936+0000][1446][gc,phases   ] GC(76)   Merge Heap Roots: 0.1ms
[2021-12-27T06:06:09.936+0000][1446][gc,phases   ] GC(76)   Evacuate Collection Set: 3.7ms
[2021-12-27T06:06:09.936+0000][1446][gc,phases   ] GC(76)   Post Evacuate Collection Set: 1.2ms
[2021-12-27T06:06:09.936+0000][1446][gc,phases   ] GC(76)   Other: 0.3ms
[2021-12-27T06:06:09.936+0000][1446][gc,heap     ] GC(76) Eden regions: 75->0(75)
[2021-12-27T06:06:09.936+0000][1446][gc,heap     ] GC(76) Survivor regions: 1->1(10)
[2021-12-27T06:06:09.936+0000][1446][gc,heap     ] GC(76) Old regions: 21->22
[2021-12-27T06:06:09.936+0000][1446][gc,heap     ] GC(76) Archive regions: 2->2
[2021-12-27T06:06:09.936+0000][1446][gc,heap     ] GC(76) Humongous regions: 2->2
[2021-12-27T06:06:09.936+0000][1446][gc,metaspace] GC(76) Metaspace: 118335K(120128K)->118335K(120128K) NonClass: 102580K(103616K)->102580K(103616K) Class: 15754K(16512K)->15754K(16512K)
[2021-12-27T06:06:09.936+0000][1446][gc          ] GC(76) Pause Young (Normal) (G1 Evacuation Pause) 397M->96M(512M) 5.407ms
[2021-12-27T06:06:09.936+0000][1446][gc,cpu      ] GC(76) User=0.01s Sys=0.00s Real=0.00s
[2021-12-27T06:06:09.936+0000][1446][safepoint   ] Safepoint "G1CollectForAllocation", Time since last: 178315738116 ns, Reaching safepoint: 148157 ns, At safepoint: 5496987 ns, Total: 5645144 ns
[2021-12-27T06:06:14.937+0000][1446][safepoint   ] Safepoint "Cleanup", Time since last: 5000483556 ns, Reaching safepoint: 77003 ns, At safepoint: 18679 ns, Total: 95682 ns
[2021-12-27T06:08:26.950+0000][1446][safepoint   ] Safepoint "Cleanup", Time since last: 132012929095 ns, Reaching safepoint: 91573 ns, At safepoint: 10418 ns, Total: 101991 ns
[2021-12-27T06:09:07.256+0000][1446][gc,start    ] GC(77) Pause Young (Normal) (G1 Evacuation Pause)
[2021-12-27T06:09:07.256+0000][1446][gc,task     ] GC(77) Using 2 workers of 2 for evacuation
[2021-12-27T06:09:07.256+0000][1446][gc,age      ] GC(77) Desired survivor size 20971520 bytes, new threshold 15 (max threshold 15)
[2021-12-27T06:09:07.261+0000][1446][gc,age      ] GC(77) Age table with threshold 15 (max threshold 15)
[2021-12-27T06:09:07.261+0000][1446][gc,age      ] GC(77) - age   1:      67992 bytes,      67992 total
[2021-12-27T06:09:07.261+0000][1446][gc,age      ] GC(77) - age   2:       2496 bytes,      70488 total
[2021-12-27T06:09:07.261+0000][1446][gc,age      ] GC(77) - age   3:       3968 bytes,      74456 total
[2021-12-27T06:09:07.261+0000][1446][gc,age      ] GC(77) - age   4:       3664 bytes,      78120 total
[2021-12-27T06:09:07.261+0000][1446][gc,age      ] GC(77) - age   5:       3600 bytes,      81720 total
[2021-12-27T06:09:07.261+0000][1446][gc,age      ] GC(77) - age   6:       3216 bytes,      84936 total
[2021-12-27T06:09:07.261+0000][1446][gc,age      ] GC(77) - age   7:      10896 bytes,      95832 total
[2021-12-27T06:09:07.261+0000][1446][gc,age      ] GC(77) - age   8:       3296 bytes,      99128 total
[2021-12-27T06:09:07.261+0000][1446][gc,age      ] GC(77) - age   9:       3272 bytes,     102400 total
[2021-12-27T06:09:07.261+0000][1446][gc,age      ] GC(77) - age  10:       7064 bytes,     109464 total
[2021-12-27T06:09:07.261+0000][1446][gc,age      ] GC(77) - age  11:     130264 bytes,     239728 total
[2021-12-27T06:09:07.261+0000][1446][gc,age      ] GC(77) - age  12:       4128 bytes,     243856 total
[2021-12-27T06:09:07.261+0000][1446][gc,age      ] GC(77) - age  13:      84216 bytes,     328072 total
[2021-12-27T06:09:07.261+0000][1446][gc,age      ] GC(77) - age  14:       4992 bytes,     333064 total
[2021-12-27T06:09:07.261+0000][1446][gc,age      ] GC(77) - age  15:     114008 bytes,     447072 total
[2021-12-27T06:09:07.261+0000][1446][gc,phases   ] GC(77)   Pre Evacuate Collection Set: 0.1ms
[2021-12-27T06:09:07.261+0000][1446][gc,phases   ] GC(77)   Merge Heap Roots: 0.0ms
[2021-12-27T06:09:07.261+0000][1446][gc,phases   ] GC(77)   Evacuate Collection Set: 3.3ms
[2021-12-27T06:09:07.261+0000][1446][gc,phases   ] GC(77)   Post Evacuate Collection Set: 1.3ms
[2021-12-27T06:09:07.261+0000][1446][gc,phases   ] GC(77)   Other: 0.3ms
[2021-12-27T06:09:07.261+0000][1446][gc,heap     ] GC(77) Eden regions: 75->0(75)
[2021-12-27T06:09:07.261+0000][1446][gc,heap     ] GC(77) Survivor regions: 1->1(10)
[2021-12-27T06:09:07.261+0000][1446][gc,heap     ] GC(77) Old regions: 22->22
[2021-12-27T06:09:07.261+0000][1446][gc,heap     ] GC(77) Archive regions: 2->2
[2021-12-27T06:09:07.261+0000][1446][gc,heap     ] GC(77) Humongous regions: 2->2
[2021-12-27T06:09:07.261+0000][1446][gc,metaspace] GC(77) Metaspace: 118338K(120128K)->118338K(120128K) NonClass: 102583K(103616K)->102583K(103616K) Class: 15754K(16512K)->15754K(16512K)
[2021-12-27T06:09:07.261+0000][1446][gc          ] GC(77) Pause Young (Normal) (G1 Evacuation Pause) 396M->96M(512M) 5.090ms
[2021-12-27T06:09:07.261+0000][1446][gc,cpu      ] GC(77) User=0.01s Sys=0.00s Real=0.01s
[2021-12-27T06:09:07.261+0000][1446][safepoint   ] Safepoint "G1CollectForAllocation", Time since last: 40305975125 ns, Reaching safepoint: 83053 ns, At safepoint: 5206303 ns, Total: 5289356 ns
[2021-12-27T06:09:17.262+0000][1446][safepoint   ] Safepoint "Cleanup", Time since last: 10001113172 ns, Reaching safepoint: 65497 ns, At safepoint: 6348 ns, Total: 71845 ns
[2021-12-27T06:09:27.263+0000][1446][safepoint   ] Safepoint "Cleanup", Time since last: 10000938141 ns, Reaching safepoint: 54198 ns, At safepoint: 5521 ns, Total: 59719 ns
[2021-12-27T06:09:50.266+0000][1446][safepoint   ] Safepoint "Cleanup", Time since last: 23002249634 ns, Reaching safepoint: 63296 ns, At safepoint: 5137 ns, Total: 68433 ns
[2021-12-27T06:10:10.268+0000][1446][safepoint   ] Safepoint "Cleanup", Time since last: 20002163437 ns, Reaching safepoint: 92805 ns, At safepoint: 5527 ns, Total: 98332 ns
[2021-12-27T06:10:27.270+0000][1446][safepoint   ] Safepoint "Cleanup", Time since last: 17001825608 ns, Reaching safepoint: 53984 ns, At safepoint: 5382 ns, Total: 59366 ns
[2021-12-27T06:10:37.271+0000][1446][safepoint   ] Safepoint "Cleanup", Time since last: 10000999007 ns, Reaching safepoint: 67878 ns, At safepoint: 4814 ns, Total: 72692 ns
[2021-12-27T06:11:07.274+0000][1446][safepoint   ] Safepoint "Cleanup", Time since last: 30002999138 ns, Reaching safepoint: 87445 ns, At safepoint: 6197 ns, Total: 93642 ns
[2021-12-27T06:12:02.841+0000][1446][gc,start    ] GC(78) Pause Young (Normal) (G1 Evacuation Pause)
[2021-12-27T06:12:02.841+0000][1446][gc,task     ] GC(78) Using 2 workers of 2 for evacuation
[2021-12-27T06:12:02.841+0000][1446][gc,age      ] GC(78) Desired survivor size 20971520 bytes, new threshold 15 (max threshold 15)
[2021-12-27T06:12:02.845+0000][1446][gc,age      ] GC(78) Age table with threshold 15 (max threshold 15)
[2021-12-27T06:12:02.845+0000][1446][gc,age      ] GC(78) - age   1:     207728 bytes,     207728 total
[2021-12-27T06:12:02.845+0000][1446][gc,age      ] GC(78) - age   2:       5376 bytes,     213104 total
[2021-12-27T06:12:02.845+0000][1446][gc,age      ] GC(78) - age   3:       2496 bytes,     215600 total
[2021-12-27T06:12:02.845+0000][1446][gc,age      ] GC(78) - age   4:       3968 bytes,     219568 total
[2021-12-27T06:12:02.845+0000][1446][gc,age      ] GC(78) - age   5:       3240 bytes,     222808 total
[2021-12-27T06:12:02.845+0000][1446][gc,age      ] GC(78) - age   6:       3600 bytes,     226408 total
[2021-12-27T06:12:02.845+0000][1446][gc,age      ] GC(78) - age   7:       3216 bytes,     229624 total
[2021-12-27T06:12:02.845+0000][1446][gc,age      ] GC(78) - age   8:      10896 bytes,     240520 total
[2021-12-27T06:12:02.845+0000][1446][gc,age      ] GC(78) - age   9:       3296 bytes,     243816 total
[2021-12-27T06:12:02.845+0000][1446][gc,age      ] GC(78) - age  10:       3256 bytes,     247072 total
[2021-12-27T06:12:02.845+0000][1446][gc,age      ] GC(78) - age  11:       3896 bytes,     250968 total
[2021-12-27T06:12:02.845+0000][1446][gc,age      ] GC(78) - age  12:      47440 bytes,     298408 total
[2021-12-27T06:12:02.845+0000][1446][gc,age      ] GC(78) - age  13:       3184 bytes,     301592 total
[2021-12-27T06:12:02.845+0000][1446][gc,age      ] GC(78) - age  14:       8792 bytes,     310384 total
[2021-12-27T06:12:02.845+0000][1446][gc,age      ] GC(78) - age  15:       4992 bytes,     315376 total
[2021-12-27T06:12:02.845+0000][1446][gc,phases   ] GC(78)   Pre Evacuate Collection Set: 0.1ms
[2021-12-27T06:12:02.845+0000][1446][gc,phases   ] GC(78)   Merge Heap Roots: 0.1ms
[2021-12-27T06:12:02.845+0000][1446][gc,phases   ] GC(78)   Evacuate Collection Set: 2.5ms
[2021-12-27T06:12:02.846+0000][1446][gc,phases   ] GC(78)   Post Evacuate Collection Set: 1.1ms
[2021-12-27T06:12:02.846+0000][1446][gc,phases   ] GC(78)   Other: 0.3ms
[2021-12-27T06:12:02.846+0000][1446][gc,heap     ] GC(78) Eden regions: 75->0(75)
[2021-12-27T06:12:02.846+0000][1446][gc,heap     ] GC(78) Survivor regions: 1->1(10)
[2021-12-27T06:12:02.846+0000][1446][gc,heap     ] GC(78) Old regions: 22->22
[2021-12-27T06:12:02.846+0000][1446][gc,heap     ] GC(78) Archive regions: 2->2
[2021-12-27T06:12:02.846+0000][1446][gc,heap     ] GC(78) Humongous regions: 2->2
[2021-12-27T06:12:02.846+0000][1446][gc,metaspace] GC(78) Metaspace: 118356K(120192K)->118356K(120192K) NonClass: 102601K(103680K)->102601K(103680K) Class: 15754K(16512K)->15754K(16512K)
[2021-12-27T06:12:02.846+0000][1446][gc          ] GC(78) Pause Young (Normal) (G1 Evacuation Pause) 396M->96M(512M) 4.208ms
[2021-12-27T06:12:02.846+0000][1446][gc,cpu      ] GC(78) User=0.01s Sys=0.00s Real=0.00s
[2021-12-27T06:12:02.846+0000][1446][safepoint   ] Safepoint "G1CollectForAllocation", Time since last: 55567393176 ns, Reaching safepoint: 67560 ns, At safepoint: 4299817 ns, Total: 4367377 ns
[2021-12-27T06:12:52.851+0000][1446][safepoint   ] Safepoint "Cleanup", Time since last: 50005163420 ns, Reaching safepoint: 62830 ns, At safepoint: 5628 ns, Total: 68458 ns
[2021-12-27T06:14:21.860+0000][1446][safepoint   ] Safepoint "Cleanup", Time since last: 89008916394 ns, Reaching safepoint: 65227 ns, At safepoint: 5640 ns, Total: 70867 ns
[2021-12-27T06:14:41.862+0000][1446][safepoint   ] Safepoint "Cleanup", Time since last: 20002065566 ns, Reaching safepoint: 80637 ns, At safepoint: 9848 ns, Total: 90485 ns
[2021-12-27T06:14:58.865+0000][1446][safepoint   ] Safepoint "Cleanup", Time since last: 17002952020 ns, Reaching safepoint: 62196 ns, At safepoint: 4822 ns, Total: 67018 ns
[2021-12-27T06:15:02.014+0000][1446][gc,start    ] GC(79) Pause Young (Normal) (G1 Evacuation Pause)
[2021-12-27T06:15:02.014+0000][1446][gc,task     ] GC(79) Using 2 workers of 2 for evacuation
[2021-12-27T06:15:02.014+0000][1446][gc,age      ] GC(79) Desired survivor size 20971520 bytes, new threshold 15 (max threshold 15)
[2021-12-27T06:15:02.017+0000][1446][gc,age      ] GC(79) Age table with threshold 15 (max threshold 15)
[2021-12-27T06:15:02.017+0000][1446][gc,age      ] GC(79) - age   1:     142032 bytes,     142032 total
[2021-12-27T06:15:02.017+0000][1446][gc,age      ] GC(79) - age   2:      82448 bytes,     224480 total
[2021-12-27T06:15:02.017+0000][1446][gc,age      ] GC(79) - age   3:       5376 bytes,     229856 total
[2021-12-27T06:15:02.017+0000][1446][gc,age      ] GC(79) - age   4:       2264 bytes,     232120 total
[2021-12-27T06:15:02.017+0000][1446][gc,age      ] GC(79) - age   5:       3776 bytes,     235896 total
[2021-12-27T06:15:02.017+0000][1446][gc,age      ] GC(79) - age   6:       3240 bytes,     239136 total
[2021-12-27T06:15:02.018+0000][1446][gc,age      ] GC(79) - age   7:       3600 bytes,     242736 total
[2021-12-27T06:15:02.018+0000][1446][gc,age      ] GC(79) - age   8:       3216 bytes,     245952 total
[2021-12-27T06:15:02.018+0000][1446][gc,age      ] GC(79) - age   9:      10896 bytes,     256848 total
[2021-12-27T06:15:02.018+0000][1446][gc,age      ] GC(79) - age  10:       3296 bytes,     260144 total
[2021-12-27T06:15:02.018+0000][1446][gc,age      ] GC(79) - age  11:       3024 bytes,     263168 total
[2021-12-27T06:15:02.018+0000][1446][gc,age      ] GC(79) - age  12:       3896 bytes,     267064 total
[2021-12-27T06:15:02.018+0000][1446][gc,age      ] GC(79) - age  13:       5200 bytes,     272264 total
[2021-12-27T06:15:02.018+0000][1446][gc,age      ] GC(79) - age  14:       3184 bytes,     275448 total
[2021-12-27T06:15:02.018+0000][1446][gc,age      ] GC(79) - age  15:       6888 bytes,     282336 total
[2021-12-27T06:15:02.018+0000][1446][gc,phases   ] GC(79)   Pre Evacuate Collection Set: 0.1ms
[2021-12-27T06:15:02.018+0000][1446][gc,phases   ] GC(79)   Merge Heap Roots: 0.1ms
[2021-12-27T06:15:02.018+0000][1446][gc,phases   ] GC(79)   Evacuate Collection Set: 2.1ms
[2021-12-27T06:15:02.018+0000][1446][gc,phases   ] GC(79)   Post Evacuate Collection Set: 1.2ms
[2021-12-27T06:15:02.018+0000][1446][gc,phases   ] GC(79)   Other: 0.3ms
[2021-12-27T06:15:02.018+0000][1446][gc,heap     ] GC(79) Eden regions: 75->0(75)
[2021-12-27T06:15:02.018+0000][1446][gc,heap     ] GC(79) Survivor regions: 1->1(10)
[2021-12-27T06:15:02.018+0000][1446][gc,heap     ] GC(79) Old regions: 22->22
[2021-12-27T06:15:02.018+0000][1446][gc,heap     ] GC(79) Archive regions: 2->2
[2021-12-27T06:15:02.018+0000][1446][gc,heap     ] GC(79) Humongous regions: 2->2
[2021-12-27T06:15:02.018+0000][1446][gc,metaspace] GC(79) Metaspace: 118373K(120192K)->118373K(120192K) NonClass: 102618K(103680K)->102618K(103680K) Class: 15754K(16512K)->15754K(16512K)
[2021-12-27T06:15:02.018+0000][1446][gc          ] GC(79) Pause Young (Normal) (G1 Evacuation Pause) 396M->96M(512M) 3.868ms
[2021-12-27T06:15:02.018+0000][1446][gc,cpu      ] GC(79) User=0.00s Sys=0.00s Real=0.00s
[2021-12-27T06:15:02.018+0000][1446][safepoint   ] Safepoint "G1CollectForAllocation", Time since last: 3148650729 ns, Reaching safepoint: 62593 ns, At safepoint: 3970049 ns, Total: 4032642 ns
[2021-12-27T06:16:15.025+0000][1446][safepoint   ] Safepoint "Cleanup", Time since last: 73007077322 ns, Reaching safepoint: 64034 ns, At safepoint: 5506 ns, Total: 69540 ns
[2021-12-27T06:16:18.025+0000][1446][safepoint   ] Safepoint "Cleanup", Time since last: 3000331540 ns, Reaching safepoint: 90316 ns, At safepoint: 10197 ns, Total: 100513 ns
[2021-12-27T06:17:59.750+0000][1446][gc,start    ] GC(80) Pause Young (Normal) (G1 Evacuation Pause)
[2021-12-27T06:17:59.750+0000][1446][gc,task     ] GC(80) Using 2 workers of 2 for evacuation
[2021-12-27T06:17:59.751+0000][1446][gc,age      ] GC(80) Desired survivor size 20971520 bytes, new threshold 15 (max threshold 15)
[2021-12-27T06:17:59.754+0000][1446][gc,age      ] GC(80) Age table with threshold 15 (max threshold 15)
[2021-12-27T06:17:59.754+0000][1446][gc,age      ] GC(80) - age   1:      83864 bytes,      83864 total
[2021-12-27T06:17:59.754+0000][1446][gc,age      ] GC(80) - age   2:     116344 bytes,     200208 total
[2021-12-27T06:17:59.754+0000][1446][gc,age      ] GC(80) - age   3:      82272 bytes,     282480 total
[2021-12-27T06:17:59.754+0000][1446][gc,age      ] GC(80) - age   4:       4032 bytes,     286512 total
[2021-12-27T06:17:59.754+0000][1446][gc,age      ] GC(80) - age   5:       2264 bytes,     288776 total
[2021-12-27T06:17:59.754+0000][1446][gc,age      ] GC(80) - age   6:       3360 bytes,     292136 total
[2021-12-27T06:17:59.754+0000][1446][gc,age      ] GC(80) - age   7:       3240 bytes,     295376 total
[2021-12-27T06:17:59.754+0000][1446][gc,age      ] GC(80) - age   8:       3600 bytes,     298976 total
[2021-12-27T06:17:59.754+0000][1446][gc,age      ] GC(80) - age   9:       3216 bytes,     302192 total
[2021-12-27T06:17:59.754+0000][1446][gc,age      ] GC(80) - age  10:      10896 bytes,     313088 total
[2021-12-27T06:17:59.754+0000][1446][gc,age      ] GC(80) - age  11:       3296 bytes,     316384 total
[2021-12-27T06:17:59.754+0000][1446][gc,age      ] GC(80) - age  12:       3024 bytes,     319408 total
[2021-12-27T06:17:59.754+0000][1446][gc,age      ] GC(80) - age  13:       3896 bytes,     323304 total
[2021-12-27T06:17:59.754+0000][1446][gc,age      ] GC(80) - age  14:       5200 bytes,     328504 total
[2021-12-27T06:17:59.754+0000][1446][gc,age      ] GC(80) - age  15:       3184 bytes,     331688 total
[2021-12-27T06:17:59.754+0000][1446][gc,phases   ] GC(80)   Pre Evacuate Collection Set: 0.1ms
[2021-12-27T06:17:59.754+0000][1446][gc,phases   ] GC(80)   Merge Heap Roots: 0.1ms
[2021-12-27T06:17:59.754+0000][1446][gc,phases   ] GC(80)   Evacuate Collection Set: 2.0ms
[2021-12-27T06:17:59.754+0000][1446][gc,phases   ] GC(80)   Post Evacuate Collection Set: 1.2ms
[2021-12-27T06:17:59.754+0000][1446][gc,phases   ] GC(80)   Other: 0.3ms
[2021-12-27T06:17:59.754+0000][1446][gc,heap     ] GC(80) Eden regions: 75->0(75)
[2021-12-27T06:17:59.754+0000][1446][gc,heap     ] GC(80) Survivor regions: 1->1(10)
[2021-12-27T06:17:59.754+0000][1446][gc,heap     ] GC(80) Old regions: 22->22
[2021-12-27T06:17:59.754+0000][1446][gc,heap     ] GC(80) Archive regions: 2->2
[2021-12-27T06:17:59.754+0000][1446][gc,heap     ] GC(80) Humongous regions: 2->2
[2021-12-27T06:17:59.754+0000][1446][gc,metaspace] GC(80) Metaspace: 118377K(120192K)->118377K(120192K) NonClass: 102622K(103680K)->102622K(103680K) Class: 15754K(16512K)->15754K(16512K)
[2021-12-27T06:17:59.754+0000][1446][gc          ] GC(80) Pause Young (Normal) (G1 Evacuation Pause) 396M->96M(512M) 3.771ms
[2021-12-27T06:17:59.754+0000][1446][gc,cpu      ] GC(80) User=0.00s Sys=0.00s Real=0.00s
[2021-12-27T06:17:59.754+0000][1446][safepoint   ] Safepoint "G1CollectForAllocation", Time since last: 101725053124 ns, Reaching safepoint: 49198 ns, At safepoint: 3875526 ns, Total: 3924724 ns
