[2021-12-26T04:51:50.845+0000][3228][gc] Using G1
[2021-12-26T04:51:50.933+0000][3228][gc,init] Version: 17.0.1+12 (release)
[2021-12-26T04:51:50.933+0000][3228][gc,init] CPUs: 2 total, 2 available
[2021-12-26T04:51:50.933+0000][3228][gc,init] Memory: 3786M
[2021-12-26T04:51:50.933+0000][3228][gc,init] Large Page Support: Disabled
[2021-12-26T04:51:50.933+0000][3228][gc,init] NUMA Support: Disabled
[2021-12-26T04:51:50.933+0000][3228][gc,init] Compressed Oops: Enabled (32-bit)
[2021-12-26T04:51:50.933+0000][3228][gc,init] Heap Region Size: 4M
[2021-12-26T04:51:50.933+0000][3228][gc,init] Heap Min Capacity: 512M
[2021-12-26T04:51:50.934+0000][3228][gc,init] Heap Initial Capacity: 512M
[2021-12-26T04:51:50.934+0000][3228][gc,init] Heap Max Capacity: 512M
[2021-12-26T04:51:50.934+0000][3228][gc,init] Pre-touch: Enabled
[2021-12-26T04:51:50.934+0000][3228][gc,init] Parallel Workers: 2
[2021-12-26T04:51:50.934+0000][3228][gc,init] Concurrent Workers: 1
[2021-12-26T04:51:50.934+0000][3228][gc,init] Concurrent Refinement Workers: 2
[2021-12-26T04:51:50.934+0000][3228][gc,init] Periodic GC: Disabled
[2021-12-26T04:51:50.934+0000][3228][gc,metaspace] CDS archive(s) mapped at: [0x0000000800000000-0x0000000800bd1000-0x0000000800bd1000), size 12390400, SharedBaseAddress: 0x0000000800000000, ArchiveRelocationMode: 0.
[2021-12-26T04:51:50.934+0000][3228][gc,metaspace] Compressed class space mapped at: 0x0000000800c00000-0x0000000840c00000, reserved size: 1073741824
[2021-12-26T04:51:50.934+0000][3228][gc,metaspace] Narrow klass base: 0x0000000800000000, Narrow klass shift: 0, Narrow klass range: 0x100000000
[2021-12-26T04:51:51.561+0000][3228][safepoint   ] Safepoint "ICBufferFull", Time since last: 618490562 ns, Reaching safepoint: 187421 ns, At safepoint: 13950 ns, Total: 201371 ns
[2021-12-26T04:51:51.824+0000][3228][gc,start    ] GC(0) Pause Young (Normal) (G1 Evacuation Pause)
[2021-12-26T04:51:51.824+0000][3228][gc,task     ] GC(0) Using 2 workers of 2 for evacuation
[2021-12-26T04:51:51.824+0000][3228][gc,age      ] GC(0) Desired survivor size 2097152 bytes, new threshold 15 (max threshold 15)
[2021-12-26T04:51:51.830+0000][3228][gc,age      ] GC(0) Age table with threshold 15 (max threshold 15)
[2021-12-26T04:51:51.830+0000][3228][gc,age      ] GC(0) - age   1:    4186672 bytes,    4186672 total
[2021-12-26T04:51:51.830+0000][3228][gc,phases   ] GC(0)   Pre Evacuate Collection Set: 0.1ms
[2021-12-26T04:51:51.830+0000][3228][gc,phases   ] GC(0)   Merge Heap Roots: 0.1ms
[2021-12-26T04:51:51.830+0000][3228][gc,phases   ] GC(0)   Evacuate Collection Set: 5.5ms
[2021-12-26T04:51:51.830+0000][3228][gc,phases   ] GC(0)   Post Evacuate Collection Set: 0.6ms
[2021-12-26T04:51:51.830+0000][3228][gc,phases   ] GC(0)   Other: 0.2ms
[2021-12-26T04:51:51.830+0000][3228][gc,heap     ] GC(0) Eden regions: 6->0(5)
[2021-12-26T04:51:51.830+0000][3228][gc,heap     ] GC(0) Survivor regions: 0->1(1)
[2021-12-26T04:51:51.830+0000][3228][gc,heap     ] GC(0) Old regions: 0->1
[2021-12-26T04:51:51.830+0000][3228][gc,heap     ] GC(0) Archive regions: 2->2
[2021-12-26T04:51:51.830+0000][3228][gc,heap     ] GC(0) Humongous regions: 0->0
[2021-12-26T04:51:51.830+0000][3228][gc,metaspace] GC(0) Metaspace: 8066K(8192K)->8066K(8192K) NonClass: 7152K(7232K)->7152K(7232K) Class: 914K(960K)->914K(960K)
[2021-12-26T04:51:51.830+0000][3228][gc          ] GC(0) Pause Young (Normal) (G1 Evacuation Pause) 27M->8M(512M) 6.498ms
[2021-12-26T04:51:51.830+0000][3228][gc,cpu      ] GC(0) User=0.01s Sys=0.00s Real=0.01s
[2021-12-26T04:51:51.830+0000][3228][safepoint   ] Safepoint "G1CollectForAllocation", Time since last: 261786362 ns, Reaching safepoint: 577938 ns, At safepoint: 6639312 ns, Total: 7217250 ns
[2021-12-26T04:51:52.233+0000][3228][gc,start    ] GC(1) Pause Young (Normal) (G1 Evacuation Pause)
[2021-12-26T04:51:52.233+0000][3228][gc,task     ] GC(1) Using 2 workers of 2 for evacuation
[2021-12-26T04:51:52.233+0000][3228][gc,age      ] GC(1) Desired survivor size 2097152 bytes, new threshold 1 (max threshold 15)
[2021-12-26T04:51:52.247+0000][3228][gc,age      ] GC(1) Age table with threshold 1 (max threshold 15)
[2021-12-26T04:51:52.247+0000][3228][gc,age      ] GC(1) - age   1:    1235744 bytes,    1235744 total
[2021-12-26T04:51:52.247+0000][3228][gc,phases   ] GC(1)   Pre Evacuate Collection Set: 0.0ms
[2021-12-26T04:51:52.247+0000][3228][gc,phases   ] GC(1)   Merge Heap Roots: 0.0ms
[2021-12-26T04:51:52.247+0000][3228][gc,phases   ] GC(1)   Evacuate Collection Set: 13.0ms
[2021-12-26T04:51:52.247+0000][3228][gc,phases   ] GC(1)   Post Evacuate Collection Set: 0.6ms
[2021-12-26T04:51:52.247+0000][3228][gc,phases   ] GC(1)   Other: 0.2ms
[2021-12-26T04:51:52.247+0000][3228][gc,heap     ] GC(1) Eden regions: 5->0(5)
[2021-12-26T04:51:52.247+0000][3228][gc,heap     ] GC(1) Survivor regions: 1->1(1)
[2021-12-26T04:51:52.247+0000][3228][gc,heap     ] GC(1) Old regions: 1->2
[2021-12-26T04:51:52.247+0000][3228][gc,heap     ] GC(1) Archive regions: 2->2
[2021-12-26T04:51:52.247+0000][3228][gc,heap     ] GC(1) Humongous regions: 0->0
[2021-12-26T04:51:52.247+0000][3228][gc,metaspace] GC(1) Metaspace: 12189K(12416K)->12189K(12416K) NonClass: 10662K(10816K)->10662K(10816K) Class: 1526K(1600K)->1526K(1600K)
[2021-12-26T04:51:52.247+0000][3228][gc          ] GC(1) Pause Young (Normal) (G1 Evacuation Pause) 28M->9M(512M) 13.855ms
[2021-12-26T04:51:52.247+0000][3228][gc,cpu      ] GC(1) User=0.03s Sys=0.00s Real=0.02s
[2021-12-26T04:51:52.247+0000][3228][safepoint   ] Safepoint "G1CollectForAllocation", Time since last: 402674052 ns, Reaching safepoint: 104494 ns, At safepoint: 13921361 ns, Total: 14025855 ns
[2021-12-26T04:51:52.570+0000][3228][gc,start    ] GC(2) Pause Young (Normal) (G1 Evacuation Pause)
[2021-12-26T04:51:52.570+0000][3228][gc,task     ] GC(2) Using 2 workers of 2 for evacuation
[2021-12-26T04:51:52.570+0000][3228][gc,age      ] GC(2) Desired survivor size 2097152 bytes, new threshold 15 (max threshold 15)
[2021-12-26T04:51:52.578+0000][3228][gc,age      ] GC(2) Age table with threshold 15 (max threshold 15)
[2021-12-26T04:51:52.578+0000][3228][gc,age      ] GC(2) - age   1:    3005864 bytes,    3005864 total
[2021-12-26T04:51:52.578+0000][3228][gc,age      ] GC(2) - age   2:    1185240 bytes,    4191104 total
[2021-12-26T04:51:52.578+0000][3228][gc,phases   ] GC(2)   Pre Evacuate Collection Set: 0.1ms
[2021-12-26T04:51:52.578+0000][3228][gc,phases   ] GC(2)   Merge Heap Roots: 0.0ms
[2021-12-26T04:51:52.578+0000][3228][gc,phases   ] GC(2)   Evacuate Collection Set: 7.4ms
[2021-12-26T04:51:52.578+0000][3228][gc,phases   ] GC(2)   Post Evacuate Collection Set: 0.5ms
[2021-12-26T04:51:52.578+0000][3228][gc,phases   ] GC(2)   Other: 0.2ms
[2021-12-26T04:51:52.578+0000][3228][gc,heap     ] GC(2) Eden regions: 5->0(6)
[2021-12-26T04:51:52.578+0000][3228][gc,heap     ] GC(2) Survivor regions: 1->1(1)
[2021-12-26T04:51:52.578+0000][3228][gc,heap     ] GC(2) Old regions: 2->2
[2021-12-26T04:51:52.578+0000][3228][gc,heap     ] GC(2) Archive regions: 2->2
[2021-12-26T04:51:52.578+0000][3228][gc,heap     ] GC(2) Humongous regions: 0->0
[2021-12-26T04:51:52.578+0000][3228][gc,metaspace] GC(2) Metaspace: 14109K(14400K)->14109K(14400K) NonClass: 12387K(12544K)->12387K(12544K) Class: 1722K(1856K)->1722K(1856K)
[2021-12-26T04:51:52.578+0000][3228][gc          ] GC(2) Pause Young (Normal) (G1 Evacuation Pause) 29M->12M(512M) 8.244ms
[2021-12-26T04:51:52.578+0000][3228][gc,cpu      ] GC(2) User=0.02s Sys=0.00s Real=0.01s
[2021-12-26T04:51:52.579+0000][3228][safepoint   ] Safepoint "G1CollectForAllocation", Time since last: 323087860 ns, Reaching safepoint: 120274 ns, At safepoint: 8314425 ns, Total: 8434699 ns
[2021-12-26T04:51:53.144+0000][3228][gc,start    ] GC(3) Pause Young (Normal) (G1 Evacuation Pause)
[2021-12-26T04:51:53.144+0000][3228][gc,task     ] GC(3) Using 2 workers of 2 for evacuation
[2021-12-26T04:51:53.144+0000][3228][gc,age      ] GC(3) Desired survivor size 2097152 bytes, new threshold 1 (max threshold 15)
[2021-12-26T04:51:53.152+0000][3228][gc,age      ] GC(3) Age table with threshold 1 (max threshold 15)
[2021-12-26T04:51:53.152+0000][3228][gc,age      ] GC(3) - age   1:     667120 bytes,     667120 total
[2021-12-26T04:51:53.152+0000][3228][gc,phases   ] GC(3)   Pre Evacuate Collection Set: 0.1ms
[2021-12-26T04:51:53.152+0000][3228][gc,phases   ] GC(3)   Merge Heap Roots: 0.1ms
[2021-12-26T04:51:53.152+0000][3228][gc,phases   ] GC(3)   Evacuate Collection Set: 6.6ms
[2021-12-26T04:51:53.152+0000][3228][gc,phases   ] GC(3)   Post Evacuate Collection Set: 0.5ms
[2021-12-26T04:51:53.152+0000][3228][gc,phases   ] GC(3)   Other: 0.2ms
[2021-12-26T04:51:53.152+0000][3228][gc,heap     ] GC(3) Eden regions: 6->0(11)
[2021-12-26T04:51:53.152+0000][3228][gc,heap     ] GC(3) Survivor regions: 1->1(1)
[2021-12-26T04:51:53.152+0000][3228][gc,heap     ] GC(3) Old regions: 2->2
[2021-12-26T04:51:53.152+0000][3228][gc,heap     ] GC(3) Archive regions: 2->2
[2021-12-26T04:51:53.152+0000][3228][gc,heap     ] GC(3) Humongous regions: 0->0
[2021-12-26T04:51:53.152+0000][3228][gc,metaspace] GC(3) Metaspace: 14859K(15168K)->14859K(15168K) NonClass: 13082K(13248K)->13082K(13248K) Class: 1777K(1920K)->1777K(1920K)
[2021-12-26T04:51:53.152+0000][3228][gc          ] GC(3) Pause Young (Normal) (G1 Evacuation Pause) 36M->11M(512M) 7.527ms
[2021-12-26T04:51:53.152+0000][3228][gc,cpu      ] GC(3) User=0.02s Sys=0.00s Real=0.00s
[2021-12-26T04:51:53.152+0000][3228][safepoint   ] Safepoint "G1CollectForAllocation", Time since last: 565570122 ns, Reaching safepoint: 104288 ns, At safepoint: 7611353 ns, Total: 7715641 ns
[2021-12-26T04:51:53.422+0000][3228][gc,start    ] GC(4) Pause Young (Normal) (G1 Evacuation Pause)
[2021-12-26T04:51:53.422+0000][3228][gc,task     ] GC(4) Using 2 workers of 2 for evacuation
[2021-12-26T04:51:53.422+0000][3228][gc,age      ] GC(4) Desired survivor size 4194304 bytes, new threshold 15 (max threshold 15)
[2021-12-26T04:51:53.433+0000][3228][gc,age      ] GC(4) Age table with threshold 15 (max threshold 15)
[2021-12-26T04:51:53.433+0000][3228][gc,age      ] GC(4) - age   1:    2173352 bytes,    2173352 total
[2021-12-26T04:51:53.433+0000][3228][gc,age      ] GC(4) - age   2:     637128 bytes,    2810480 total
[2021-12-26T04:51:53.433+0000][3228][gc,phases   ] GC(4)   Pre Evacuate Collection Set: 0.1ms
[2021-12-26T04:51:53.433+0000][3228][gc,phases   ] GC(4)   Merge Heap Roots: 0.0ms
[2021-12-26T04:51:53.433+0000][3228][gc,phases   ] GC(4)   Evacuate Collection Set: 10.0ms
[2021-12-26T04:51:53.433+0000][3228][gc,phases   ] GC(4)   Post Evacuate Collection Set: 0.5ms
[2021-12-26T04:51:53.433+0000][3228][gc,phases   ] GC(4)   Other: 0.2ms
[2021-12-26T04:51:53.433+0000][3228][gc,heap     ] GC(4) Eden regions: 11->0(60)
[2021-12-26T04:51:53.433+0000][3228][gc,heap     ] GC(4) Survivor regions: 1->1(2)
[2021-12-26T04:51:53.433+0000][3228][gc,heap     ] GC(4) Old regions: 2->2
[2021-12-26T04:51:53.433+0000][3228][gc,heap     ] GC(4) Archive regions: 2->2
[2021-12-26T04:51:53.433+0000][3228][gc,heap     ] GC(4) Humongous regions: 0->0
[2021-12-26T04:51:53.433+0000][3228][gc,metaspace] GC(4) Metaspace: 15251K(15488K)->15251K(15488K) NonClass: 13445K(13568K)->13445K(13568K) Class: 1805K(1920K)->1805K(1920K)
[2021-12-26T04:51:53.433+0000][3228][gc          ] GC(4) Pause Young (Normal) (G1 Evacuation Pause) 55M->13M(512M) 10.932ms
[2021-12-26T04:51:53.433+0000][3228][gc,cpu      ] GC(4) User=0.02s Sys=0.00s Real=0.01s
[2021-12-26T04:51:53.433+0000][3228][safepoint   ] Safepoint "G1CollectForAllocation", Time since last: 269772982 ns, Reaching safepoint: 578886 ns, At safepoint: 11022886 ns, Total: 11601772 ns
[2021-12-26T04:51:53.735+0000][3228][safepoint   ] Safepoint "ICBufferFull", Time since last: 301766233 ns, Reaching safepoint: 106184 ns, At safepoint: 3975 ns, Total: 110159 ns
[2021-12-26T04:51:53.736+0000][3228][safepoint   ] Safepoint "ICBufferFull", Time since last: 1357642 ns, Reaching safepoint: 31962 ns, At safepoint: 3246 ns, Total: 35208 ns
[2021-12-26T04:51:53.739+0000][3228][safepoint   ] Safepoint "ICBufferFull", Time since last: 2297929 ns, Reaching safepoint: 28395 ns, At safepoint: 3168 ns, Total: 31563 ns
[2021-12-26T04:51:53.740+0000][3228][safepoint   ] Safepoint "ICBufferFull", Time since last: 1410624 ns, Reaching safepoint: 26679 ns, At safepoint: 7402 ns, Total: 34081 ns
[2021-12-26T04:51:53.742+0000][3228][safepoint   ] Safepoint "ICBufferFull", Time since last: 1261594 ns, Reaching safepoint: 707517 ns, At safepoint: 9793 ns, Total: 717310 ns
[2021-12-26T04:51:54.047+0000][3228][safepoint   ] Safepoint "ICBufferFull", Time since last: 304770880 ns, Reaching safepoint: 92126 ns, At safepoint: 3511 ns, Total: 95637 ns
[2021-12-26T04:51:54.266+0000][3228][gc,start    ] GC(5) Pause Young (Normal) (G1 Evacuation Pause)
[2021-12-26T04:51:54.267+0000][3228][gc,task     ] GC(5) Using 2 workers of 2 for evacuation
[2021-12-26T04:51:54.267+0000][3228][gc,age      ] GC(5) Desired survivor size 16777216 bytes, new threshold 15 (max threshold 15)
[2021-12-26T04:51:54.275+0000][3228][gc,age      ] GC(5) Age table with threshold 15 (max threshold 15)
[2021-12-26T04:51:54.275+0000][3228][gc,age      ] GC(5) - age   1:    4229976 bytes,    4229976 total
[2021-12-26T04:51:54.275+0000][3228][gc,age      ] GC(5) - age   2:     416976 bytes,    4646952 total
[2021-12-26T04:51:54.275+0000][3228][gc,age      ] GC(5) - age   3:     636920 bytes,    5283872 total
[2021-12-26T04:51:54.275+0000][3228][gc,phases   ] GC(5)   Pre Evacuate Collection Set: 0.0ms
[2021-12-26T04:51:54.275+0000][3228][gc,phases   ] GC(5)   Merge Heap Roots: 0.0ms
[2021-12-26T04:51:54.275+0000][3228][gc,phases   ] GC(5)   Evacuate Collection Set: 7.2ms
[2021-12-26T04:51:54.275+0000][3228][gc,phases   ] GC(5)   Post Evacuate Collection Set: 0.7ms
[2021-12-26T04:51:54.275+0000][3228][gc,phases   ] GC(5)   Other: 0.2ms
[2021-12-26T04:51:54.275+0000][3228][gc,heap     ] GC(5) Eden regions: 60->0(74)
[2021-12-26T04:51:54.275+0000][3228][gc,heap     ] GC(5) Survivor regions: 1->2(8)
[2021-12-26T04:51:54.275+0000][3228][gc,heap     ] GC(5) Old regions: 2->2
[2021-12-26T04:51:54.275+0000][3228][gc,heap     ] GC(5) Archive regions: 2->2
[2021-12-26T04:51:54.275+0000][3228][gc,heap     ] GC(5) Humongous regions: 0->0
[2021-12-26T04:51:54.275+0000][3228][gc,metaspace] GC(5) Metaspace: 18001K(18240K)->18001K(18240K) NonClass: 15810K(15936K)->15810K(15936K) Class: 2190K(2304K)->2190K(2304K)
[2021-12-26T04:51:54.275+0000][3228][gc          ] GC(5) Pause Young (Normal) (G1 Evacuation Pause) 253M->16M(512M) 8.327ms
[2021-12-26T04:51:54.275+0000][3228][gc,cpu      ] GC(5) User=0.01s Sys=0.00s Real=0.01s
[2021-12-26T04:51:54.275+0000][3228][safepoint   ] Safepoint "G1CollectForAllocation", Time since last: 219334222 ns, Reaching safepoint: 47112 ns, At safepoint: 8401131 ns, Total: 8448243 ns
[2021-12-26T04:51:54.904+0000][3228][gc,start    ] GC(6) Pause Young (Normal) (G1 Evacuation Pause)
[2021-12-26T04:51:54.904+0000][3228][gc,task     ] GC(6) Using 2 workers of 2 for evacuation
[2021-12-26T04:51:54.904+0000][3228][gc,age      ] GC(6) Desired survivor size 20971520 bytes, new threshold 15 (max threshold 15)
[2021-12-26T04:51:54.913+0000][3228][gc,age      ] GC(6) Age table with threshold 15 (max threshold 15)
[2021-12-26T04:51:54.913+0000][3228][gc,age      ] GC(6) - age   1:    4400624 bytes,    4400624 total
[2021-12-26T04:51:54.913+0000][3228][gc,age      ] GC(6) - age   2:    3612704 bytes,    8013328 total
[2021-12-26T04:51:54.913+0000][3228][gc,age      ] GC(6) - age   3:     416896 bytes,    8430224 total
[2021-12-26T04:51:54.913+0000][3228][gc,age      ] GC(6) - age   4:     636920 bytes,    9067144 total
[2021-12-26T04:51:54.913+0000][3228][gc,phases   ] GC(6)   Pre Evacuate Collection Set: 0.1ms
[2021-12-26T04:51:54.913+0000][3228][gc,phases   ] GC(6)   Merge Heap Roots: 0.0ms
[2021-12-26T04:51:54.913+0000][3228][gc,phases   ] GC(6)   Evacuate Collection Set: 8.1ms
[2021-12-26T04:51:54.913+0000][3228][gc,phases   ] GC(6)   Post Evacuate Collection Set: 0.7ms
[2021-12-26T04:51:54.913+0000][3228][gc,phases   ] GC(6)   Other: 0.2ms
[2021-12-26T04:51:54.913+0000][3228][gc,heap     ] GC(6) Eden regions: 74->0(73)
[2021-12-26T04:51:54.913+0000][3228][gc,heap     ] GC(6) Survivor regions: 2->3(10)
[2021-12-26T04:51:54.913+0000][3228][gc,heap     ] GC(6) Old regions: 2->2
[2021-12-26T04:51:54.913+0000][3228][gc,heap     ] GC(6) Archive regions: 2->2
[2021-12-26T04:51:54.913+0000][3228][gc,heap     ] GC(6) Humongous regions: 0->0
[2021-12-26T04:51:54.913+0000][3228][gc,metaspace] GC(6) Metaspace: 18872K(19264K)->18872K(19264K) NonClass: 16557K(16768K)->16557K(16768K) Class: 2314K(2496K)->2314K(2496K)
[2021-12-26T04:51:54.913+0000][3228][gc          ] GC(6) Pause Young (Normal) (G1 Evacuation Pause) 312M->19M(512M) 9.149ms
[2021-12-26T04:51:54.913+0000][3228][gc,cpu      ] GC(6) User=0.02s Sys=0.00s Real=0.00s
[2021-12-26T04:51:54.913+0000][3228][safepoint   ] Safepoint "G1CollectForAllocation", Time since last: 629247108 ns, Reaching safepoint: 49530 ns, At safepoint: 9219337 ns, Total: 9268867 ns
[2021-12-26T04:51:55.532+0000][3228][gc,start    ] GC(7) Pause Young (Normal) (G1 Evacuation Pause)
[2021-12-26T04:51:55.532+0000][3228][gc,task     ] GC(7) Using 2 workers of 2 for evacuation
[2021-12-26T04:51:55.532+0000][3228][gc,age      ] GC(7) Desired survivor size 20971520 bytes, new threshold 15 (max threshold 15)
[2021-12-26T04:51:55.542+0000][3228][gc,age      ] GC(7) Age table with threshold 15 (max threshold 15)
[2021-12-26T04:51:55.542+0000][3228][gc,age      ] GC(7) - age   1:    1705128 bytes,    1705128 total
[2021-12-26T04:51:55.542+0000][3228][gc,age      ] GC(7) - age   2:    3800456 bytes,    5505584 total
[2021-12-26T04:51:55.542+0000][3228][gc,age      ] GC(7) - age   3:    3612280 bytes,    9117864 total
[2021-12-26T04:51:55.542+0000][3228][gc,age      ] GC(7) - age   4:     416896 bytes,    9534760 total
[2021-12-26T04:51:55.542+0000][3228][gc,age      ] GC(7) - age   5:     636920 bytes,   10171680 total
[2021-12-26T04:51:55.542+0000][3228][gc,phases   ] GC(7)   Pre Evacuate Collection Set: 0.1ms
[2021-12-26T04:51:55.542+0000][3228][gc,phases   ] GC(7)   Merge Heap Roots: 0.0ms
[2021-12-26T04:51:55.542+0000][3228][gc,phases   ] GC(7)   Evacuate Collection Set: 8.8ms
[2021-12-26T04:51:55.542+0000][3228][gc,phases   ] GC(7)   Post Evacuate Collection Set: 0.7ms
[2021-12-26T04:51:55.542+0000][3228][gc,phases   ] GC(7)   Other: 0.2ms
[2021-12-26T04:51:55.542+0000][3228][gc,heap     ] GC(7) Eden regions: 73->0(73)
[2021-12-26T04:51:55.542+0000][3228][gc,heap     ] GC(7) Survivor regions: 3->3(10)
[2021-12-26T04:51:55.542+0000][3228][gc,heap     ] GC(7) Old regions: 2->2
[2021-12-26T04:51:55.542+0000][3228][gc,heap     ] GC(7) Archive regions: 2->2
[2021-12-26T04:51:55.542+0000][3228][gc,heap     ] GC(7) Humongous regions: 0->0
[2021-12-26T04:51:55.542+0000][3228][gc,metaspace] GC(7) Metaspace: 19676K(20032K)->19676K(20032K) NonClass: 17249K(17472K)->17249K(17472K) Class: 2427K(2560K)->2427K(2560K)
[2021-12-26T04:51:55.542+0000][3228][gc          ] GC(7) Pause Young (Normal) (G1 Evacuation Pause) 311M->21M(512M) 9.949ms
[2021-12-26T04:51:55.542+0000][3228][gc,cpu      ] GC(7) User=0.02s Sys=0.00s Real=0.01s
[2021-12-26T04:51:55.542+0000][3228][safepoint   ] Safepoint "G1CollectForAllocation", Time since last: 618716559 ns, Reaching safepoint: 64607 ns, At safepoint: 10018353 ns, Total: 10082960 ns
[2021-12-26T04:51:56.159+0000][3228][gc,start    ] GC(8) Pause Young (Normal) (G1 Evacuation Pause)
[2021-12-26T04:51:56.159+0000][3228][gc,task     ] GC(8) Using 2 workers of 2 for evacuation
[2021-12-26T04:51:56.159+0000][3228][gc,age      ] GC(8) Desired survivor size 20971520 bytes, new threshold 15 (max threshold 15)
[2021-12-26T04:51:56.171+0000][3228][gc,age      ] GC(8) Age table with threshold 15 (max threshold 15)
[2021-12-26T04:51:56.171+0000][3228][gc,age      ] GC(8) - age   1:    2781264 bytes,    2781264 total
[2021-12-26T04:51:56.171+0000][3228][gc,age      ] GC(8) - age   2:     598536 bytes,    3379800 total
[2021-12-26T04:51:56.171+0000][3228][gc,age      ] GC(8) - age   3:    3796472 bytes,    7176272 total
[2021-12-26T04:51:56.171+0000][3228][gc,age      ] GC(8) - age   4:    3610816 bytes,   10787088 total
[2021-12-26T04:51:56.171+0000][3228][gc,age      ] GC(8) - age   5:     416896 bytes,   11203984 total
[2021-12-26T04:51:56.171+0000][3228][gc,age      ] GC(8) - age   6:     636840 bytes,   11840824 total
[2021-12-26T04:51:56.171+0000][3228][gc,phases   ] GC(8)   Pre Evacuate Collection Set: 0.1ms
[2021-12-26T04:51:56.171+0000][3228][gc,phases   ] GC(8)   Merge Heap Roots: 0.0ms
[2021-12-26T04:51:56.171+0000][3228][gc,phases   ] GC(8)   Evacuate Collection Set: 10.4ms
[2021-12-26T04:51:56.171+0000][3228][gc,phases   ] GC(8)   Post Evacuate Collection Set: 0.9ms
[2021-12-26T04:51:56.171+0000][3228][gc,phases   ] GC(8)   Other: 0.2ms
[2021-12-26T04:51:56.171+0000][3228][gc,heap     ] GC(8) Eden regions: 73->0(72)
[2021-12-26T04:51:56.171+0000][3228][gc,heap     ] GC(8) Survivor regions: 3->4(10)
[2021-12-26T04:51:56.171+0000][3228][gc,heap     ] GC(8) Old regions: 2->2
[2021-12-26T04:51:56.171+0000][3228][gc,heap     ] GC(8) Archive regions: 2->2
[2021-12-26T04:51:56.171+0000][3228][gc,heap     ] GC(8) Humongous regions: 0->0
[2021-12-26T04:51:56.171+0000][3228][gc,metaspace] GC(8) Metaspace: 20800K(21248K)->20800K(21248K) NonClass: 18225K(18496K)->18225K(18496K) Class: 2574K(2752K)->2574K(2752K)
[2021-12-26T04:51:56.171+0000][3228][gc          ] GC(8) Pause Young (Normal) (G1 Evacuation Pause) 313M->23M(512M) 11.633ms
[2021-12-26T04:51:56.171+0000][3228][gc,cpu      ] GC(8) User=0.02s Sys=0.00s Real=0.01s
[2021-12-26T04:51:56.171+0000][3228][safepoint   ] Safepoint "G1CollectForAllocation", Time since last: 616425463 ns, Reaching safepoint: 601723 ns, At safepoint: 11704148 ns, Total: 12305871 ns
[2021-12-26T04:51:56.457+0000][3228][gc,start    ] GC(9) Pause Young (Concurrent Start) (Metadata GC Threshold)
[2021-12-26T04:51:56.457+0000][3228][gc,task     ] GC(9) Using 2 workers of 2 for evacuation
[2021-12-26T04:51:56.457+0000][3228][gc,age      ] GC(9) Desired survivor size 20971520 bytes, new threshold 15 (max threshold 15)
[2021-12-26T04:51:56.470+0000][3228][gc,age      ] GC(9) Age table with threshold 15 (max threshold 15)
[2021-12-26T04:51:56.470+0000][3228][gc,age      ] GC(9) - age   1:     542336 bytes,     542336 total
[2021-12-26T04:51:56.470+0000][3228][gc,age      ] GC(9) - age   2:    1780912 bytes,    2323248 total
[2021-12-26T04:51:56.470+0000][3228][gc,age      ] GC(9) - age   3:     597000 bytes,    2920248 total
[2021-12-26T04:51:56.470+0000][3228][gc,age      ] GC(9) - age   4:    3796408 bytes,    6716656 total
[2021-12-26T04:51:56.470+0000][3228][gc,age      ] GC(9) - age   5:    3609392 bytes,   10326048 total
[2021-12-26T04:51:56.470+0000][3228][gc,age      ] GC(9) - age   6:     416896 bytes,   10742944 total
[2021-12-26T04:51:56.470+0000][3228][gc,age      ] GC(9) - age   7:     636840 bytes,   11379784 total
[2021-12-26T04:51:56.470+0000][3228][gc,phases   ] GC(9)   Pre Evacuate Collection Set: 0.1ms
[2021-12-26T04:51:56.470+0000][3228][gc,phases   ] GC(9)   Merge Heap Roots: 0.0ms
[2021-12-26T04:51:56.470+0000][3228][gc,phases   ] GC(9)   Evacuate Collection Set: 12.2ms
[2021-12-26T04:51:56.470+0000][3228][gc,phases   ] GC(9)   Post Evacuate Collection Set: 0.8ms
[2021-12-26T04:51:56.470+0000][3228][gc,phases   ] GC(9)   Other: 0.3ms
[2021-12-26T04:51:56.470+0000][3228][gc,heap     ] GC(9) Eden regions: 41->0(73)
[2021-12-26T04:51:56.470+0000][3228][gc,heap     ] GC(9) Survivor regions: 4->3(10)
[2021-12-26T04:51:56.470+0000][3228][gc,heap     ] GC(9) Old regions: 2->2
[2021-12-26T04:51:56.470+0000][3228][gc,heap     ] GC(9) Archive regions: 2->2
[2021-12-26T04:51:56.470+0000][3228][gc,heap     ] GC(9) Humongous regions: 0->0
[2021-12-26T04:51:56.470+0000][3228][gc,metaspace] GC(9) Metaspace: 21042K(21504K)->21042K(21504K) NonClass: 18430K(18688K)->18430K(18688K) Class: 2612K(2816K)->2612K(2816K)
[2021-12-26T04:51:56.470+0000][3228][gc          ] GC(9) Pause Young (Concurrent Start) (Metadata GC Threshold) 187M->23M(512M) 13.514ms
[2021-12-26T04:51:56.470+0000][3228][gc,cpu      ] GC(9) User=0.02s Sys=0.00s Real=0.01s
[2021-12-26T04:51:56.470+0000][3228][safepoint   ] Safepoint "CollectForMetadataAllocation", Time since last: 285560277 ns, Reaching safepoint: 52271 ns, At safepoint: 13660928 ns, Total: 13713199 ns
[2021-12-26T04:51:56.470+0000][3228][gc          ] GC(10) Concurrent Mark Cycle
[2021-12-26T04:51:56.470+0000][3228][gc,marking  ] GC(10) Concurrent Clear Claimed Marks
[2021-12-26T04:51:56.470+0000][3228][gc,marking  ] GC(10) Concurrent Clear Claimed Marks 0.033ms
[2021-12-26T04:51:56.470+0000][3228][gc,marking  ] GC(10) Concurrent Scan Root Regions
[2021-12-26T04:51:56.492+0000][3228][gc,marking  ] GC(10) Concurrent Scan Root Regions 21.780ms
[2021-12-26T04:51:56.492+0000][3228][gc,marking  ] GC(10) Concurrent Mark
[2021-12-26T04:51:56.492+0000][3228][gc,marking  ] GC(10) Concurrent Mark From Roots
[2021-12-26T04:51:56.492+0000][3228][gc,task     ] GC(10) Using 1 workers of 1 for marking
[2021-12-26T04:51:56.525+0000][3228][gc,marking  ] GC(10) Concurrent Mark From Roots 32.952ms
[2021-12-26T04:51:56.525+0000][3228][gc,marking  ] GC(10) Concurrent Preclean
[2021-12-26T04:51:56.525+0000][3228][gc,marking  ] GC(10) Concurrent Preclean 0.110ms
[2021-12-26T04:51:56.525+0000][3228][gc,start    ] GC(10) Pause Remark
[2021-12-26T04:51:56.538+0000][3228][gc          ] GC(10) Pause Remark 57M->57M(512M) 12.230ms
[2021-12-26T04:51:56.538+0000][3228][gc,cpu      ] GC(10) User=0.02s Sys=0.00s Real=0.01s
[2021-12-26T04:51:56.538+0000][3228][safepoint   ] Safepoint "G1Concurrent", Time since last: 55068680 ns, Reaching safepoint: 109091 ns, At safepoint: 12320269 ns, Total: 12429360 ns
[2021-12-26T04:51:56.538+0000][3228][gc,marking  ] GC(10) Concurrent Mark 45.604ms
[2021-12-26T04:51:56.538+0000][3228][gc,marking  ] GC(10) Concurrent Rebuild Remembered Sets
[2021-12-26T04:51:56.555+0000][3228][gc,marking  ] GC(10) Concurrent Rebuild Remembered Sets 17.340ms
[2021-12-26T04:51:56.555+0000][3228][gc,start    ] GC(10) Pause Cleanup
[2021-12-26T04:51:56.556+0000][3228][gc          ] GC(10) Pause Cleanup 67M->67M(512M) 0.067ms
[2021-12-26T04:51:56.556+0000][3228][gc,cpu      ] GC(10) User=0.00s Sys=0.00s Real=0.00s
[2021-12-26T04:51:56.556+0000][3228][safepoint   ] Safepoint "G1Concurrent", Time since last: 17449123 ns, Reaching safepoint: 362563 ns, At safepoint: 105990 ns, Total: 468553 ns
[2021-12-26T04:51:56.556+0000][3228][gc,marking  ] GC(10) Concurrent Cleanup for Next Mark
[2021-12-26T04:51:56.557+0000][3228][gc,marking  ] GC(10) Concurrent Cleanup for Next Mark 1.076ms
[2021-12-26T04:51:56.557+0000][3228][gc          ] GC(10) Concurrent Mark Cycle 86.517ms
[2021-12-26T04:51:56.942+0000][3228][gc,start    ] GC(11) Pause Young (Normal) (G1 Evacuation Pause)
[2021-12-26T04:51:56.942+0000][3228][gc,task     ] GC(11) Using 2 workers of 2 for evacuation
[2021-12-26T04:51:56.942+0000][3228][gc,age      ] GC(11) Desired survivor size 20971520 bytes, new threshold 15 (max threshold 15)
[2021-12-26T04:51:56.954+0000][3228][gc,age      ] GC(11) Age table with threshold 15 (max threshold 15)
[2021-12-26T04:51:56.954+0000][3228][gc,age      ] GC(11) - age   1:    1274312 bytes,    1274312 total
[2021-12-26T04:51:56.954+0000][3228][gc,age      ] GC(11) - age   2:     540600 bytes,    1814912 total
[2021-12-26T04:51:56.954+0000][3228][gc,age      ] GC(11) - age   3:    1780600 bytes,    3595512 total
[2021-12-26T04:51:56.954+0000][3228][gc,age      ] GC(11) - age   4:     596424 bytes,    4191936 total
[2021-12-26T04:51:56.954+0000][3228][gc,age      ] GC(11) - age   5:    3796168 bytes,    7988104 total
[2021-12-26T04:51:56.954+0000][3228][gc,age      ] GC(11) - age   6:    3607680 bytes,   11595784 total
[2021-12-26T04:51:56.954+0000][3228][gc,age      ] GC(11) - age   7:     416864 bytes,   12012648 total
[2021-12-26T04:51:56.954+0000][3228][gc,age      ] GC(11) - age   8:     617248 bytes,   12629896 total
[2021-12-26T04:51:56.954+0000][3228][gc,phases   ] GC(11)   Pre Evacuate Collection Set: 0.1ms
[2021-12-26T04:51:56.954+0000][3228][gc,phases   ] GC(11)   Merge Heap Roots: 0.1ms
[2021-12-26T04:51:56.954+0000][3228][gc,phases   ] GC(11)   Evacuate Collection Set: 10.5ms
[2021-12-26T04:51:56.954+0000][3228][gc,phases   ] GC(11)   Post Evacuate Collection Set: 0.8ms
[2021-12-26T04:51:56.954+0000][3228][gc,phases   ] GC(11)   Other: 0.2ms
[2021-12-26T04:51:56.954+0000][3228][gc,heap     ] GC(11) Eden regions: 73->0(72)
[2021-12-26T04:51:56.954+0000][3228][gc,heap     ] GC(11) Survivor regions: 3->4(10)
[2021-12-26T04:51:56.954+0000][3228][gc,heap     ] GC(11) Old regions: 2->2
[2021-12-26T04:51:56.954+0000][3228][gc,heap     ] GC(11) Archive regions: 2->2
[2021-12-26T04:51:56.954+0000][3228][gc,heap     ] GC(11) Humongous regions: 0->0
[2021-12-26T04:51:56.954+0000][3228][gc,metaspace] GC(11) Metaspace: 21125K(21632K)->21125K(21632K) NonClass: 18495K(18816K)->18495K(18816K) Class: 2629K(2816K)->2629K(2816K)
[2021-12-26T04:51:56.954+0000][3228][gc          ] GC(11) Pause Young (Normal) (G1 Evacuation Pause) 315M->24M(512M) 11.763ms
[2021-12-26T04:51:56.954+0000][3228][gc,cpu      ] GC(11) User=0.02s Sys=0.00s Real=0.02s
[2021-12-26T04:51:56.954+0000][3228][safepoint   ] Safepoint "G1CollectForAllocation", Time since last: 386671869 ns, Reaching safepoint: 56317 ns, At safepoint: 11830778 ns, Total: 11887095 ns
[2021-12-26T04:51:57.387+0000][3228][safepoint   ] Safepoint "ICBufferFull", Time since last: 432337850 ns, Reaching safepoint: 720104 ns, At safepoint: 6387 ns, Total: 726491 ns
[2021-12-26T04:51:57.388+0000][3228][safepoint   ] Safepoint "ICBufferFull", Time since last: 1086097 ns, Reaching safepoint: 33807 ns, At safepoint: 2834 ns, Total: 36641 ns
[2021-12-26T04:51:57.389+0000][3228][safepoint   ] Safepoint "ICBufferFull", Time since last: 1030972 ns, Reaching safepoint: 22306 ns, At safepoint: 2691 ns, Total: 24997 ns
[2021-12-26T04:51:57.390+0000][3228][safepoint   ] Safepoint "ICBufferFull", Time since last: 1026357 ns, Reaching safepoint: 21740 ns, At safepoint: 2520 ns, Total: 24260 ns
[2021-12-26T04:51:57.407+0000][3228][safepoint   ] Safepoint "ICBufferFull", Time since last: 16658051 ns, Reaching safepoint: 43669 ns, At safepoint: 10979 ns, Total: 54648 ns
[2021-12-26T04:51:57.408+0000][3228][safepoint   ] Safepoint "ICBufferFull", Time since last: 990607 ns, Reaching safepoint: 21368 ns, At safepoint: 8728 ns, Total: 30096 ns
[2021-12-26T04:51:57.459+0000][3228][safepoint   ] Safepoint "ICBufferFull", Time since last: 51257898 ns, Reaching safepoint: 44264 ns, At safepoint: 11270 ns, Total: 55534 ns
[2021-12-26T04:51:57.461+0000][3228][safepoint   ] Safepoint "ICBufferFull", Time since last: 1147198 ns, Reaching safepoint: 161956 ns, At safepoint: 5432 ns, Total: 167388 ns
[2021-12-26T04:51:57.496+0000][3228][safepoint   ] Safepoint "ICBufferFull", Time since last: 35286831 ns, Reaching safepoint: 36088 ns, At safepoint: 3773 ns, Total: 39861 ns
[2021-12-26T04:51:57.572+0000][3228][safepoint   ] Safepoint "ICBufferFull", Time since last: 75421212 ns, Reaching safepoint: 171061 ns, At safepoint: 5372 ns, Total: 176433 ns
[2021-12-26T04:51:57.573+0000][3228][safepoint   ] Safepoint "ICBufferFull", Time since last: 1042029 ns, Reaching safepoint: 21344 ns, At safepoint: 2936 ns, Total: 24280 ns
[2021-12-26T04:51:57.574+0000][3228][safepoint   ] Safepoint "ICBufferFull", Time since last: 1131998 ns, Reaching safepoint: 19746 ns, At safepoint: 2827 ns, Total: 22573 ns
[2021-12-26T04:51:57.594+0000][3228][safepoint   ] Safepoint "ICBufferFull", Time since last: 19715885 ns, Reaching safepoint: 184890 ns, At safepoint: 8561 ns, Total: 193451 ns
[2021-12-26T04:51:57.595+0000][3228][safepoint   ] Safepoint "ICBufferFull", Time since last: 1043556 ns, Reaching safepoint: 178328 ns, At safepoint: 3509 ns, Total: 181837 ns
[2021-12-26T04:51:57.718+0000][3228][safepoint   ] Safepoint "ICBufferFull", Time since last: 122548712 ns, Reaching safepoint: 50364 ns, At safepoint: 3947 ns, Total: 54311 ns
[2021-12-26T04:51:57.719+0000][3228][safepoint   ] Safepoint "ICBufferFull", Time since last: 1503357 ns, Reaching safepoint: 23549 ns, At safepoint: 3420 ns, Total: 26969 ns
[2021-12-26T04:51:57.721+0000][3228][safepoint   ] Safepoint "ICBufferFull", Time since last: 1769820 ns, Reaching safepoint: 21289 ns, At safepoint: 2945 ns, Total: 24234 ns
[2021-12-26T04:51:57.724+0000][3228][safepoint   ] Safepoint "ICBufferFull", Time since last: 2725601 ns, Reaching safepoint: 23800 ns, At safepoint: 2931 ns, Total: 26731 ns
[2021-12-26T04:51:57.726+0000][3228][safepoint   ] Safepoint "ICBufferFull", Time since last: 1850371 ns, Reaching safepoint: 21844 ns, At safepoint: 2767 ns, Total: 24611 ns
[2021-12-26T04:51:57.728+0000][3228][safepoint   ] Safepoint "ICBufferFull", Time since last: 2673216 ns, Reaching safepoint: 23302 ns, At safepoint: 2867 ns, Total: 26169 ns
[2021-12-26T04:51:57.730+0000][3228][safepoint   ] Safepoint "ICBufferFull", Time since last: 1418234 ns, Reaching safepoint: 20972 ns, At safepoint: 2791 ns, Total: 23763 ns
[2021-12-26T04:51:57.731+0000][3228][safepoint   ] Safepoint "ICBufferFull", Time since last: 1637351 ns, Reaching safepoint: 19398 ns, At safepoint: 2866 ns, Total: 22264 ns
[2021-12-26T04:51:57.733+0000][3228][safepoint   ] Safepoint "ICBufferFull", Time since last: 1583757 ns, Reaching safepoint: 36438 ns, At safepoint: 3004 ns, Total: 39442 ns
[2021-12-26T04:51:57.734+0000][3228][safepoint   ] Safepoint "ICBufferFull", Time since last: 1395198 ns, Reaching safepoint: 19726 ns, At safepoint: 2949 ns, Total: 22675 ns
[2021-12-26T04:51:57.736+0000][3228][safepoint   ] Safepoint "ICBufferFull", Time since last: 1302313 ns, Reaching safepoint: 33314 ns, At safepoint: 2736 ns, Total: 36050 ns
[2021-12-26T04:51:57.739+0000][3228][safepoint   ] Safepoint "ICBufferFull", Time since last: 3325300 ns, Reaching safepoint: 20168 ns, At safepoint: 2784 ns, Total: 22952 ns
[2021-12-26T04:51:57.741+0000][3228][safepoint   ] Safepoint "ICBufferFull", Time since last: 1958552 ns, Reaching safepoint: 20552 ns, At safepoint: 2734 ns, Total: 23286 ns
[2021-12-26T04:51:57.742+0000][3228][safepoint   ] Safepoint "ICBufferFull", Time since last: 1237084 ns, Reaching safepoint: 19448 ns, At safepoint: 2866 ns, Total: 22314 ns
[2021-12-26T04:51:57.744+0000][3228][safepoint   ] Safepoint "ICBufferFull", Time since last: 1490512 ns, Reaching safepoint: 18760 ns, At safepoint: 2537 ns, Total: 21297 ns
[2021-12-26T04:51:57.745+0000][3228][safepoint   ] Safepoint "ICBufferFull", Time since last: 1217547 ns, Reaching safepoint: 18782 ns, At safepoint: 2703 ns, Total: 21485 ns
[2021-12-26T04:51:57.747+0000][3228][safepoint   ] Safepoint "ICBufferFull", Time since last: 1665973 ns, Reaching safepoint: 19325 ns, At safepoint: 2992 ns, Total: 22317 ns
[2021-12-26T04:51:57.748+0000][3228][safepoint   ] Safepoint "ICBufferFull", Time since last: 1074375 ns, Reaching safepoint: 21065 ns, At safepoint: 2871 ns, Total: 23936 ns
[2021-12-26T04:51:57.749+0000][3228][safepoint   ] Safepoint "ICBufferFull", Time since last: 1099278 ns, Reaching safepoint: 19168 ns, At safepoint: 2771 ns, Total: 21939 ns
[2021-12-26T04:51:57.750+0000][3228][safepoint   ] Safepoint "ICBufferFull", Time since last: 1123520 ns, Reaching safepoint: 17861 ns, At safepoint: 2608 ns, Total: 20469 ns
[2021-12-26T04:51:57.754+0000][3228][safepoint   ] Safepoint "ICBufferFull", Time since last: 4218718 ns, Reaching safepoint: 22912 ns, At safepoint: 2598 ns, Total: 25510 ns
[2021-12-26T04:51:57.756+0000][3228][safepoint   ] Safepoint "ICBufferFull", Time since last: 1095719 ns, Reaching safepoint: 17842 ns, At safepoint: 2796 ns, Total: 20638 ns
[2021-12-26T04:51:57.757+0000][3228][safepoint   ] Safepoint "ICBufferFull", Time since last: 1031569 ns, Reaching safepoint: 18277 ns, At safepoint: 2646 ns, Total: 20923 ns
[2021-12-26T04:51:57.758+0000][3228][safepoint   ] Safepoint "ICBufferFull", Time since last: 1017434 ns, Reaching safepoint: 16921 ns, At safepoint: 2584 ns, Total: 19505 ns
[2021-12-26T04:51:57.762+0000][3228][safepoint   ] Safepoint "ICBufferFull", Time since last: 3947083 ns, Reaching safepoint: 19805 ns, At safepoint: 2890 ns, Total: 22695 ns
[2021-12-26T04:51:57.763+0000][3228][safepoint   ] Safepoint "ICBufferFull", Time since last: 1051129 ns, Reaching safepoint: 18604 ns, At safepoint: 2644 ns, Total: 21248 ns
[2021-12-26T04:51:57.764+0000][3228][safepoint   ] Safepoint "ICBufferFull", Time since last: 1262620 ns, Reaching safepoint: 18501 ns, At safepoint: 2844 ns, Total: 21345 ns
[2021-12-26T04:51:57.765+0000][3228][safepoint   ] Safepoint "ICBufferFull", Time since last: 1020965 ns, Reaching safepoint: 18479 ns, At safepoint: 16352 ns, Total: 34831 ns
[2021-12-26T04:51:57.766+0000][3228][safepoint   ] Safepoint "ICBufferFull", Time since last: 1023980 ns, Reaching safepoint: 20441 ns, At safepoint: 2657 ns, Total: 23098 ns
[2021-12-26T04:51:57.767+0000][3228][safepoint   ] Safepoint "ICBufferFull", Time since last: 1331812 ns, Reaching safepoint: 21990 ns, At safepoint: 3237 ns, Total: 25227 ns
[2021-12-26T04:51:57.769+0000][3228][safepoint   ] Safepoint "ICBufferFull", Time since last: 1124620 ns, Reaching safepoint: 20529 ns, At safepoint: 2834 ns, Total: 23363 ns
[2021-12-26T04:51:57.770+0000][3228][safepoint   ] Safepoint "ICBufferFull", Time since last: 1174110 ns, Reaching safepoint: 18964 ns, At safepoint: 2700 ns, Total: 21664 ns
[2021-12-26T04:51:57.771+0000][3228][safepoint   ] Safepoint "ICBufferFull", Time since last: 1113904 ns, Reaching safepoint: 20263 ns, At safepoint: 2899 ns, Total: 23162 ns
[2021-12-26T04:51:57.772+0000][3228][safepoint   ] Safepoint "ICBufferFull", Time since last: 1025558 ns, Reaching safepoint: 17621 ns, At safepoint: 2809 ns, Total: 20430 ns
[2021-12-26T04:51:57.773+0000][3228][safepoint   ] Safepoint "ICBufferFull", Time since last: 1099691 ns, Reaching safepoint: 19033 ns, At safepoint: 2703 ns, Total: 21736 ns
[2021-12-26T04:51:57.774+0000][3228][safepoint   ] Safepoint "ICBufferFull", Time since last: 1027297 ns, Reaching safepoint: 18092 ns, At safepoint: 2580 ns, Total: 20672 ns
[2021-12-26T04:51:57.776+0000][3228][safepoint   ] Safepoint "ICBufferFull", Time since last: 1541866 ns, Reaching safepoint: 18251 ns, At safepoint: 2668 ns, Total: 20919 ns
[2021-12-26T04:51:57.777+0000][3228][safepoint   ] Safepoint "ICBufferFull", Time since last: 1675835 ns, Reaching safepoint: 22335 ns, At safepoint: 2756 ns, Total: 25091 ns
[2021-12-26T04:51:57.779+0000][3228][safepoint   ] Safepoint "ICBufferFull", Time since last: 1934466 ns, Reaching safepoint: 24542 ns, At safepoint: 4481 ns, Total: 29023 ns
[2021-12-26T04:51:57.781+0000][3228][safepoint   ] Safepoint "ICBufferFull", Time since last: 1790790 ns, Reaching safepoint: 19519 ns, At safepoint: 3015 ns, Total: 22534 ns
[2021-12-26T04:51:57.783+0000][3228][safepoint   ] Safepoint "ICBufferFull", Time since last: 1600448 ns, Reaching safepoint: 29086 ns, At safepoint: 2669 ns, Total: 31755 ns
[2021-12-26T04:51:57.784+0000][3228][safepoint   ] Safepoint "ICBufferFull", Time since last: 1113683 ns, Reaching safepoint: 18347 ns, At safepoint: 2800 ns, Total: 21147 ns
[2021-12-26T04:51:57.786+0000][3228][safepoint   ] Safepoint "ICBufferFull", Time since last: 2144060 ns, Reaching safepoint: 28111 ns, At safepoint: 2667 ns, Total: 30778 ns
[2021-12-26T04:51:57.787+0000][3228][safepoint   ] Safepoint "ICBufferFull", Time since last: 1265110 ns, Reaching safepoint: 19596 ns, At safepoint: 2802 ns, Total: 22398 ns
[2021-12-26T04:51:57.789+0000][3228][safepoint   ] Safepoint "ICBufferFull", Time since last: 1439684 ns, Reaching safepoint: 19539 ns, At safepoint: 2610 ns, Total: 22149 ns
[2021-12-26T04:51:57.790+0000][3228][safepoint   ] Safepoint "ICBufferFull", Time since last: 1323691 ns, Reaching safepoint: 19117 ns, At safepoint: 2689 ns, Total: 21806 ns
[2021-12-26T04:51:57.792+0000][3228][safepoint   ] Safepoint "ICBufferFull", Time since last: 1503312 ns, Reaching safepoint: 19585 ns, At safepoint: 2560 ns, Total: 22145 ns
[2021-12-26T04:51:57.793+0000][3228][safepoint   ] Safepoint "ICBufferFull", Time since last: 1228465 ns, Reaching safepoint: 18949 ns, At safepoint: 2546 ns, Total: 21495 ns
[2021-12-26T04:51:57.795+0000][3228][safepoint   ] Safepoint "ICBufferFull", Time since last: 2114408 ns, Reaching safepoint: 21102 ns, At safepoint: 2950 ns, Total: 24052 ns
[2021-12-26T04:51:57.796+0000][3228][safepoint   ] Safepoint "ICBufferFull", Time since last: 1245574 ns, Reaching safepoint: 19154 ns, At safepoint: 2638 ns, Total: 21792 ns
[2021-12-26T04:51:57.798+0000][3228][safepoint   ] Safepoint "ICBufferFull", Time since last: 1412986 ns, Reaching safepoint: 23777 ns, At safepoint: 2860 ns, Total: 26637 ns
[2021-12-26T04:51:57.799+0000][3228][safepoint   ] Safepoint "ICBufferFull", Time since last: 1110021 ns, Reaching safepoint: 18662 ns, At safepoint: 2814 ns, Total: 21476 ns
[2021-12-26T04:51:57.800+0000][3228][safepoint   ] Safepoint "ICBufferFull", Time since last: 1155289 ns, Reaching safepoint: 18461 ns, At safepoint: 2687 ns, Total: 21148 ns
[2021-12-26T04:51:57.804+0000][3228][safepoint   ] Safepoint "ICBufferFull", Time since last: 3378667 ns, Reaching safepoint: 43689 ns, At safepoint: 2804 ns, Total: 46493 ns
[2021-12-26T04:51:57.808+0000][3228][safepoint   ] Safepoint "ICBufferFull", Time since last: 3983334 ns, Reaching safepoint: 20848 ns, At safepoint: 2816 ns, Total: 23664 ns
[2021-12-26T04:51:57.810+0000][3228][safepoint   ] Safepoint "ICBufferFull", Time since last: 2020783 ns, Reaching safepoint: 19619 ns, At safepoint: 2775 ns, Total: 22394 ns
[2021-12-26T04:51:57.811+0000][3228][safepoint   ] Safepoint "ICBufferFull", Time since last: 1702521 ns, Reaching safepoint: 19741 ns, At safepoint: 2763 ns, Total: 22504 ns
[2021-12-26T04:51:57.814+0000][3228][safepoint   ] Safepoint "ICBufferFull", Time since last: 2557473 ns, Reaching safepoint: 20792 ns, At safepoint: 2599 ns, Total: 23391 ns
[2021-12-26T04:51:57.815+0000][3228][safepoint   ] Safepoint "ICBufferFull", Time since last: 1049821 ns, Reaching safepoint: 17988 ns, At safepoint: 2572 ns, Total: 20560 ns
[2021-12-26T04:51:57.816+0000][3228][safepoint   ] Safepoint "ICBufferFull", Time since last: 1154417 ns, Reaching safepoint: 18535 ns, At safepoint: 2536 ns, Total: 21071 ns
[2021-12-26T04:51:57.817+0000][3228][safepoint   ] Safepoint "ICBufferFull", Time since last: 1045460 ns, Reaching safepoint: 17628 ns, At safepoint: 2445 ns, Total: 20073 ns
[2021-12-26T04:51:57.818+0000][3228][safepoint   ] Safepoint "ICBufferFull", Time since last: 1071622 ns, Reaching safepoint: 17920 ns, At safepoint: 2612 ns, Total: 20532 ns
[2021-12-26T04:51:57.819+0000][3228][safepoint   ] Safepoint "ICBufferFull", Time since last: 1018063 ns, Reaching safepoint: 17942 ns, At safepoint: 2505 ns, Total: 20447 ns
[2021-12-26T04:51:57.820+0000][3228][safepoint   ] Safepoint "ICBufferFull", Time since last: 1032104 ns, Reaching safepoint: 17318 ns, At safepoint: 2398 ns, Total: 19716 ns
[2021-12-26T04:51:57.821+0000][3228][safepoint   ] Safepoint "ICBufferFull", Time since last: 996560 ns, Reaching safepoint: 17638 ns, At safepoint: 2504 ns, Total: 20142 ns
[2021-12-26T04:51:57.823+0000][3228][safepoint   ] Safepoint "ICBufferFull", Time since last: 1232838 ns, Reaching safepoint: 19104 ns, At safepoint: 2581 ns, Total: 21685 ns
[2021-12-26T04:51:57.824+0000][3228][safepoint   ] Safepoint "ICBufferFull", Time since last: 1005941 ns, Reaching safepoint: 17995 ns, At safepoint: 2790 ns, Total: 20785 ns
[2021-12-26T04:51:57.825+0000][3228][safepoint   ] Safepoint "ICBufferFull", Time since last: 1022915 ns, Reaching safepoint: 23178 ns, At safepoint: 3237 ns, Total: 26415 ns
[2021-12-26T04:51:57.826+0000][3228][safepoint   ] Safepoint "ICBufferFull", Time since last: 1544642 ns, Reaching safepoint: 18480 ns, At safepoint: 2695 ns, Total: 21175 ns
[2021-12-26T04:51:57.833+0000][3228][safepoint   ] Safepoint "ICBufferFull", Time since last: 6498318 ns, Reaching safepoint: 31197 ns, At safepoint: 2815 ns, Total: 34012 ns
[2021-12-26T04:51:57.834+0000][3228][safepoint   ] Safepoint "ICBufferFull", Time since last: 1121363 ns, Reaching safepoint: 19940 ns, At safepoint: 2659 ns, Total: 22599 ns
[2021-12-26T04:51:57.835+0000][3228][safepoint   ] Safepoint "ICBufferFull", Time since last: 1129652 ns, Reaching safepoint: 19812 ns, At safepoint: 2627 ns, Total: 22439 ns
[2021-12-26T04:51:57.836+0000][3228][safepoint   ] Safepoint "ICBufferFull", Time since last: 1114270 ns, Reaching safepoint: 19039 ns, At safepoint: 2758 ns, Total: 21797 ns
[2021-12-26T04:51:57.838+0000][3228][safepoint   ] Safepoint "ICBufferFull", Time since last: 1221953 ns, Reaching safepoint: 17783 ns, At safepoint: 2782 ns, Total: 20565 ns
[2021-12-26T04:51:57.839+0000][3228][safepoint   ] Safepoint "ICBufferFull", Time since last: 1420550 ns, Reaching safepoint: 18513 ns, At safepoint: 2724 ns, Total: 21237 ns
[2021-12-26T04:51:57.840+0000][3228][safepoint   ] Safepoint "ICBufferFull", Time since last: 1208399 ns, Reaching safepoint: 19293 ns, At safepoint: 2693 ns, Total: 21986 ns
[2021-12-26T04:51:57.841+0000][3228][safepoint   ] Safepoint "ICBufferFull", Time since last: 1100186 ns, Reaching safepoint: 18155 ns, At safepoint: 2602 ns, Total: 20757 ns
[2021-12-26T04:51:57.842+0000][3228][safepoint   ] Safepoint "ICBufferFull", Time since last: 1106986 ns, Reaching safepoint: 18634 ns, At safepoint: 2679 ns, Total: 21313 ns
[2021-12-26T04:51:57.844+0000][3228][safepoint   ] Safepoint "ICBufferFull", Time since last: 1114159 ns, Reaching safepoint: 19063 ns, At safepoint: 2711 ns, Total: 21774 ns
[2021-12-26T04:51:57.845+0000][3228][safepoint   ] Safepoint "ICBufferFull", Time since last: 1101001 ns, Reaching safepoint: 17435 ns, At safepoint: 2568 ns, Total: 20003 ns
[2021-12-26T04:51:57.846+0000][3228][safepoint   ] Safepoint "ICBufferFull", Time since last: 971819 ns, Reaching safepoint: 17785 ns, At safepoint: 2733 ns, Total: 20518 ns
[2021-12-26T04:51:57.848+0000][3228][safepoint   ] Safepoint "ICBufferFull", Time since last: 2264642 ns, Reaching safepoint: 23796 ns, At safepoint: 2712 ns, Total: 26508 ns
[2021-12-26T04:51:57.850+0000][3228][safepoint   ] Safepoint "ICBufferFull", Time since last: 1911814 ns, Reaching safepoint: 19411 ns, At safepoint: 2794 ns, Total: 22205 ns
[2021-12-26T04:51:57.855+0000][3228][safepoint   ] Safepoint "ICBufferFull", Time since last: 4701239 ns, Reaching safepoint: 33283 ns, At safepoint: 2725 ns, Total: 36008 ns
[2021-12-26T04:51:57.856+0000][3228][safepoint   ] Safepoint "ICBufferFull", Time since last: 1131634 ns, Reaching safepoint: 22727 ns, At safepoint: 2722 ns, Total: 25449 ns
[2021-12-26T04:51:57.857+0000][3228][safepoint   ] Safepoint "ICBufferFull", Time since last: 1279805 ns, Reaching safepoint: 22275 ns, At safepoint: 2802 ns, Total: 25077 ns
[2021-12-26T04:51:57.858+0000][3228][safepoint   ] Safepoint "ICBufferFull", Time since last: 1050298 ns, Reaching safepoint: 21500 ns, At safepoint: 2613 ns, Total: 24113 ns
[2021-12-26T04:51:57.859+0000][3228][safepoint   ] Safepoint "ICBufferFull", Time since last: 1084705 ns, Reaching safepoint: 22719 ns, At safepoint: 2631 ns, Total: 25350 ns
[2021-12-26T04:51:57.865+0000][3228][safepoint   ] Safepoint "ICBufferFull", Time since last: 6008506 ns, Reaching safepoint: 30313 ns, At safepoint: 2986 ns, Total: 33299 ns
[2021-12-26T04:51:57.867+0000][3228][safepoint   ] Safepoint "ICBufferFull", Time since last: 1530650 ns, Reaching safepoint: 22321 ns, At safepoint: 2616 ns, Total: 24937 ns
[2021-12-26T04:51:57.868+0000][3228][safepoint   ] Safepoint "ICBufferFull", Time since last: 1469469 ns, Reaching safepoint: 22094 ns, At safepoint: 2761 ns, Total: 24855 ns
[2021-12-26T04:51:57.871+0000][3228][safepoint   ] Safepoint "ICBufferFull", Time since last: 2244017 ns, Reaching safepoint: 21338 ns, At safepoint: 2518 ns, Total: 23856 ns
[2021-12-26T04:51:57.872+0000][3228][safepoint   ] Safepoint "ICBufferFull", Time since last: 1800805 ns, Reaching safepoint: 20962 ns, At safepoint: 2554 ns, Total: 23516 ns
[2021-12-26T04:51:57.874+0000][3228][safepoint   ] Safepoint "ICBufferFull", Time since last: 1111778 ns, Reaching safepoint: 21067 ns, At safepoint: 2581 ns, Total: 23648 ns
[2021-12-26T04:51:57.875+0000][3228][safepoint   ] Safepoint "ICBufferFull", Time since last: 1213492 ns, Reaching safepoint: 20837 ns, At safepoint: 2703 ns, Total: 23540 ns
[2021-12-26T04:51:57.876+0000][3228][safepoint   ] Safepoint "ICBufferFull", Time since last: 1186055 ns, Reaching safepoint: 21572 ns, At safepoint: 2705 ns, Total: 24277 ns
[2021-12-26T04:51:57.877+0000][3228][safepoint   ] Safepoint "ICBufferFull", Time since last: 1305299 ns, Reaching safepoint: 20840 ns, At safepoint: 2513 ns, Total: 23353 ns
[2021-12-26T04:51:57.879+0000][3228][safepoint   ] Safepoint "ICBufferFull", Time since last: 1174345 ns, Reaching safepoint: 21065 ns, At safepoint: 2578 ns, Total: 23643 ns
[2021-12-26T04:51:57.880+0000][3228][safepoint   ] Safepoint "ICBufferFull", Time since last: 1107269 ns, Reaching safepoint: 20727 ns, At safepoint: 2602 ns, Total: 23329 ns
[2021-12-26T04:51:57.881+0000][3228][safepoint   ] Safepoint "ICBufferFull", Time since last: 1335593 ns, Reaching safepoint: 22709 ns, At safepoint: 2599 ns, Total: 25308 ns
[2021-12-26T04:51:57.882+0000][3228][safepoint   ] Safepoint "ICBufferFull", Time since last: 1088544 ns, Reaching safepoint: 20936 ns, At safepoint: 2678 ns, Total: 23614 ns
[2021-12-26T04:51:57.884+0000][3228][safepoint   ] Safepoint "ICBufferFull", Time since last: 1275143 ns, Reaching safepoint: 24882 ns, At safepoint: 2945 ns, Total: 27827 ns
[2021-12-26T04:51:57.885+0000][3228][safepoint   ] Safepoint "ICBufferFull", Time since last: 1106747 ns, Reaching safepoint: 22323 ns, At safepoint: 2540 ns, Total: 24863 ns
[2021-12-26T04:51:57.886+0000][3228][safepoint   ] Safepoint "ICBufferFull", Time since last: 1143852 ns, Reaching safepoint: 22348 ns, At safepoint: 2891 ns, Total: 25239 ns
[2021-12-26T04:51:57.887+0000][3228][safepoint   ] Safepoint "ICBufferFull", Time since last: 1076715 ns, Reaching safepoint: 21429 ns, At safepoint: 2832 ns, Total: 24261 ns
[2021-12-26T04:51:57.888+0000][3228][safepoint   ] Safepoint "ICBufferFull", Time since last: 1047258 ns, Reaching safepoint: 20494 ns, At safepoint: 2499 ns, Total: 22993 ns
[2021-12-26T04:51:57.889+0000][3228][safepoint   ] Safepoint "ICBufferFull", Time since last: 999239 ns, Reaching safepoint: 21749 ns, At safepoint: 2706 ns, Total: 24455 ns
[2021-12-26T04:51:57.890+0000][3228][safepoint   ] Safepoint "ICBufferFull", Time since last: 1078100 ns, Reaching safepoint: 21845 ns, At safepoint: 2749 ns, Total: 24594 ns
[2021-12-26T04:51:57.892+0000][3228][safepoint   ] Safepoint "ICBufferFull", Time since last: 1382075 ns, Reaching safepoint: 26422 ns, At safepoint: 2956 ns, Total: 29378 ns
[2021-12-26T04:51:57.893+0000][3228][safepoint   ] Safepoint "ICBufferFull", Time since last: 1250959 ns, Reaching safepoint: 23686 ns, At safepoint: 3298 ns, Total: 26984 ns
[2021-12-26T04:51:57.894+0000][3228][safepoint   ] Safepoint "ICBufferFull", Time since last: 1099194 ns, Reaching safepoint: 22751 ns, At safepoint: 2704 ns, Total: 25455 ns
[2021-12-26T04:51:57.895+0000][3228][safepoint   ] Safepoint "ICBufferFull", Time since last: 1123162 ns, Reaching safepoint: 22649 ns, At safepoint: 2774 ns, Total: 25423 ns
[2021-12-26T04:51:57.896+0000][3228][safepoint   ] Safepoint "ICBufferFull", Time since last: 1069441 ns, Reaching safepoint: 206965 ns, At safepoint: 7007 ns, Total: 213972 ns
[2021-12-26T04:51:57.898+0000][3228][safepoint   ] Safepoint "ICBufferFull", Time since last: 1272930 ns, Reaching safepoint: 20501 ns, At safepoint: 2776 ns, Total: 23277 ns
[2021-12-26T04:51:57.899+0000][3228][safepoint   ] Safepoint "ICBufferFull", Time since last: 1125124 ns, Reaching safepoint: 19535 ns, At safepoint: 3732 ns, Total: 23267 ns
[2021-12-26T04:51:57.900+0000][3228][safepoint   ] Safepoint "ICBufferFull", Time since last: 1311185 ns, Reaching safepoint: 21162 ns, At safepoint: 2569 ns, Total: 23731 ns
[2021-12-26T04:51:57.901+0000][3228][safepoint   ] Safepoint "ICBufferFull", Time since last: 1272202 ns, Reaching safepoint: 18994 ns, At safepoint: 2664 ns, Total: 21658 ns
[2021-12-26T04:51:57.903+0000][3228][safepoint   ] Safepoint "ICBufferFull", Time since last: 1238490 ns, Reaching safepoint: 19275 ns, At safepoint: 2819 ns, Total: 22094 ns
[2021-12-26T04:51:57.904+0000][3228][safepoint   ] Safepoint "ICBufferFull", Time since last: 1189755 ns, Reaching safepoint: 19144 ns, At safepoint: 2658 ns, Total: 21802 ns
[2021-12-26T04:51:57.905+0000][3228][safepoint   ] Safepoint "ICBufferFull", Time since last: 1215378 ns, Reaching safepoint: 21936 ns, At safepoint: 2802 ns, Total: 24738 ns
[2021-12-26T04:51:57.906+0000][3228][safepoint   ] Safepoint "ICBufferFull", Time since last: 1158717 ns, Reaching safepoint: 18856 ns, At safepoint: 2725 ns, Total: 21581 ns
[2021-12-26T04:51:57.907+0000][3228][safepoint   ] Safepoint "ICBufferFull", Time since last: 1142156 ns, Reaching safepoint: 18673 ns, At safepoint: 3662 ns, Total: 22335 ns
[2021-12-26T04:51:57.909+0000][3228][safepoint   ] Safepoint "ICBufferFull", Time since last: 1044591 ns, Reaching safepoint: 19423 ns, At safepoint: 2610 ns, Total: 22033 ns
[2021-12-26T04:51:57.910+0000][3228][safepoint   ] Safepoint "ICBufferFull", Time since last: 1481747 ns, Reaching safepoint: 19568 ns, At safepoint: 2711 ns, Total: 22279 ns
[2021-12-26T04:51:57.911+0000][3228][safepoint   ] Safepoint "ICBufferFull", Time since last: 1133097 ns, Reaching safepoint: 18192 ns, At safepoint: 2566 ns, Total: 20758 ns
[2021-12-26T04:51:57.913+0000][3228][safepoint   ] Safepoint "ICBufferFull", Time since last: 1623794 ns, Reaching safepoint: 18447 ns, At safepoint: 2622 ns, Total: 21069 ns
[2021-12-26T04:51:57.914+0000][3228][safepoint   ] Safepoint "ICBufferFull", Time since last: 1075751 ns, Reaching safepoint: 18210 ns, At safepoint: 2626 ns, Total: 20836 ns
[2021-12-26T04:51:57.916+0000][3228][safepoint   ] Safepoint "ICBufferFull", Time since last: 2424646 ns, Reaching safepoint: 22685 ns, At safepoint: 2680 ns, Total: 25365 ns
[2021-12-26T04:51:57.919+0000][3228][safepoint   ] Safepoint "ICBufferFull", Time since last: 2703706 ns, Reaching safepoint: 19258 ns, At safepoint: 2767 ns, Total: 22025 ns
[2021-12-26T04:51:57.920+0000][3228][safepoint   ] Safepoint "ICBufferFull", Time since last: 1269014 ns, Reaching safepoint: 18737 ns, At safepoint: 2762 ns, Total: 21499 ns
[2021-12-26T04:51:57.923+0000][3228][safepoint   ] Safepoint "ICBufferFull", Time since last: 2777029 ns, Reaching safepoint: 23169 ns, At safepoint: 2735 ns, Total: 25904 ns
[2021-12-26T04:51:57.925+0000][3228][safepoint   ] Safepoint "ICBufferFull", Time since last: 1455033 ns, Reaching safepoint: 19534 ns, At safepoint: 2832 ns, Total: 22366 ns
[2021-12-26T04:51:57.928+0000][3228][safepoint   ] Safepoint "ICBufferFull", Time since last: 3045064 ns, Reaching safepoint: 21457 ns, At safepoint: 2899 ns, Total: 24356 ns
[2021-12-26T04:51:57.929+0000][3228][safepoint   ] Safepoint "ICBufferFull", Time since last: 1199266 ns, Reaching safepoint: 18227 ns, At safepoint: 2595 ns, Total: 20822 ns
[2021-12-26T04:51:57.930+0000][3228][safepoint   ] Safepoint "ICBufferFull", Time since last: 1227805 ns, Reaching safepoint: 18596 ns, At safepoint: 2696 ns, Total: 21292 ns
[2021-12-26T04:51:57.933+0000][3228][safepoint   ] Safepoint "ICBufferFull", Time since last: 2146579 ns, Reaching safepoint: 135306 ns, At safepoint: 4761 ns, Total: 140067 ns
[2021-12-26T04:51:57.934+0000][3228][safepoint   ] Safepoint "ICBufferFull", Time since last: 1216050 ns, Reaching safepoint: 333931 ns, At safepoint: 3763 ns, Total: 337694 ns
[2021-12-26T04:51:58.940+0000][3228][safepoint   ] Safepoint "Cleanup", Time since last: 1005969065 ns, Reaching safepoint: 184319 ns, At safepoint: 5701 ns, Total: 190020 ns
[2021-12-26T04:51:59.941+0000][3228][safepoint   ] Safepoint "Cleanup", Time since last: 1000808592 ns, Reaching safepoint: 176162 ns, At safepoint: 5708 ns, Total: 181870 ns
[2021-12-26T04:52:00.305+0000][3228][gc,start    ] GC(12) Pause Young (Normal) (G1 Evacuation Pause)
[2021-12-26T04:52:00.305+0000][3228][gc,task     ] GC(12) Using 2 workers of 2 for evacuation
[2021-12-26T04:52:00.306+0000][3228][gc,age      ] GC(12) Desired survivor size 20971520 bytes, new threshold 15 (max threshold 15)
[2021-12-26T04:52:00.416+0000][3228][gc,age      ] GC(12) Age table with threshold 15 (max threshold 15)
[2021-12-26T04:52:00.416+0000][3228][gc,age      ] GC(12) - age   1:   26454328 bytes,   26454328 total
[2021-12-26T04:52:00.416+0000][3228][gc,age      ] GC(12) - age   2:     650056 bytes,   27104384 total
[2021-12-26T04:52:00.416+0000][3228][gc,age      ] GC(12) - age   3:     529312 bytes,   27633696 total
[2021-12-26T04:52:00.416+0000][3228][gc,age      ] GC(12) - age   4:    1759816 bytes,   29393512 total
[2021-12-26T04:52:00.416+0000][3228][gc,age      ] GC(12) - age   5:     585360 bytes,   29978872 total
[2021-12-26T04:52:00.416+0000][3228][gc,age      ] GC(12) - age   6:    3780072 bytes,   33758944 total
[2021-12-26T04:52:00.416+0000][3228][gc,age      ] GC(12) - age   7:    3561192 bytes,   37320136 total
[2021-12-26T04:52:00.416+0000][3228][gc,age      ] GC(12) - age   8:     372712 bytes,   37692848 total
[2021-12-26T04:52:00.416+0000][3228][gc,age      ] GC(12) - age   9:     616608 bytes,   38309456 total
[2021-12-26T04:52:00.416+0000][3228][gc,phases   ] GC(12)   Pre Evacuate Collection Set: 0.1ms
[2021-12-26T04:52:00.416+0000][3228][gc,phases   ] GC(12)   Merge Heap Roots: 0.1ms
[2021-12-26T04:52:00.416+0000][3228][gc,phases   ] GC(12)   Evacuate Collection Set: 107.3ms
[2021-12-26T04:52:00.416+0000][3228][gc,phases   ] GC(12)   Post Evacuate Collection Set: 2.7ms
[2021-12-26T04:52:00.416+0000][3228][gc,phases   ] GC(12)   Other: 0.3ms
[2021-12-26T04:52:00.416+0000][3228][gc,heap     ] GC(12) Eden regions: 72->0(66)
[2021-12-26T04:52:00.416+0000][3228][gc,heap     ] GC(12) Survivor regions: 4->10(10)
[2021-12-26T04:52:00.416+0000][3228][gc,heap     ] GC(12) Old regions: 2->2
[2021-12-26T04:52:00.416+0000][3228][gc,heap     ] GC(12) Archive regions: 2->2
[2021-12-26T04:52:00.416+0000][3228][gc,heap     ] GC(12) Humongous regions: 0->0
[2021-12-26T04:52:00.416+0000][3228][gc,metaspace] GC(12) Metaspace: 30830K(31680K)->30830K(31680K) NonClass: 26865K(27392K)->26865K(27392K) Class: 3965K(4288K)->3965K(4288K)
[2021-12-26T04:52:00.416+0000][3228][gc          ] GC(12) Pause Young (Normal) (G1 Evacuation Pause) 312M->48M(512M) 110.633ms
[2021-12-26T04:52:00.416+0000][3228][gc,cpu      ] GC(12) User=0.23s Sys=0.00s Real=0.11s
[2021-12-26T04:52:00.416+0000][3228][safepoint   ] Safepoint "G1CollectForAllocation", Time since last: 364097463 ns, Reaching safepoint: 63916 ns, At safepoint: 110738551 ns, Total: 110802467 ns
[2021-12-26T04:52:00.872+0000][3228][gc,start    ] GC(13) Pause Young (Concurrent Start) (Metadata GC Threshold)
[2021-12-26T04:52:00.872+0000][3228][gc,task     ] GC(13) Using 2 workers of 2 for evacuation
[2021-12-26T04:52:00.872+0000][3228][gc,age      ] GC(13) Desired survivor size 20971520 bytes, new threshold 1 (max threshold 15)
[2021-12-26T04:52:00.930+0000][3228][gc,age      ] GC(13) Age table with threshold 1 (max threshold 15)
[2021-12-26T04:52:00.930+0000][3228][gc,age      ] GC(13) - age   1:    1475048 bytes,    1475048 total
[2021-12-26T04:52:00.930+0000][3228][gc,phases   ] GC(13)   Pre Evacuate Collection Set: 0.1ms
[2021-12-26T04:52:00.930+0000][3228][gc,phases   ] GC(13)   Merge Heap Roots: 0.1ms
[2021-12-26T04:52:00.930+0000][3228][gc,phases   ] GC(13)   Evacuate Collection Set: 56.7ms
[2021-12-26T04:52:00.930+0000][3228][gc,phases   ] GC(13)   Post Evacuate Collection Set: 1.0ms
[2021-12-26T04:52:00.930+0000][3228][gc,phases   ] GC(13)   Other: 0.3ms
[2021-12-26T04:52:00.930+0000][3228][gc,heap     ] GC(13) Eden regions: 7->0(75)
[2021-12-26T04:52:00.930+0000][3228][gc,heap     ] GC(13) Survivor regions: 10->1(10)
[2021-12-26T04:52:00.930+0000][3228][gc,heap     ] GC(13) Old regions: 2->11
[2021-12-26T04:52:00.930+0000][3228][gc,heap     ] GC(13) Archive regions: 2->2
[2021-12-26T04:52:00.930+0000][3228][gc,heap     ] GC(13) Humongous regions: 0->0
[2021-12-26T04:52:00.930+0000][3228][gc,metaspace] GC(13) Metaspace: 35038K(35968K)->35038K(35968K) NonClass: 30384K(30912K)->30384K(30912K) Class: 4654K(5056K)->4654K(5056K)
[2021-12-26T04:52:00.930+0000][3228][gc          ] GC(13) Pause Young (Concurrent Start) (Metadata GC Threshold) 74M->51M(512M) 58.298ms
[2021-12-26T04:52:00.930+0000][3228][gc,cpu      ] GC(13) User=0.11s Sys=0.00s Real=0.06s
[2021-12-26T04:52:00.930+0000][3228][gc          ] GC(14) Concurrent Mark Cycle
[2021-12-26T04:52:00.930+0000][3228][gc,marking  ] GC(14) Concurrent Clear Claimed Marks
[2021-12-26T04:52:00.930+0000][3228][safepoint   ] Safepoint "CollectForMetadataAllocation", Time since last: 455643852 ns, Reaching safepoint: 104620 ns, At safepoint: 58464437 ns, Total: 58569057 ns
[2021-12-26T04:52:00.930+0000][3228][gc,marking  ] GC(14) Concurrent Clear Claimed Marks 0.080ms
[2021-12-26T04:52:00.930+0000][3228][gc,marking  ] GC(14) Concurrent Scan Root Regions
[2021-12-26T04:52:00.965+0000][3228][safepoint   ] Safepoint "CollectForMetadataAllocation", Time since last: 34352434 ns, Reaching safepoint: 119720 ns, At safepoint: 76367 ns, Total: 196087 ns
[2021-12-26T04:52:00.969+0000][3228][gc,marking  ] GC(14) Concurrent Scan Root Regions 38.163ms
[2021-12-26T04:52:00.969+0000][3228][gc,marking  ] GC(14) Concurrent Mark
[2021-12-26T04:52:00.969+0000][3228][gc,marking  ] GC(14) Concurrent Mark From Roots
[2021-12-26T04:52:00.969+0000][3228][gc,task     ] GC(14) Using 1 workers of 1 for marking
[2021-12-26T04:52:00.984+0000][3228][gc,marking  ] GC(14) Concurrent Mark From Roots 15.510ms
[2021-12-26T04:52:00.984+0000][3228][gc,marking  ] GC(14) Concurrent Preclean
[2021-12-26T04:52:00.984+0000][3228][gc,marking  ] GC(14) Concurrent Preclean 0.090ms
[2021-12-26T04:52:00.998+0000][3228][gc,start    ] GC(14) Pause Remark
[2021-12-26T04:52:01.003+0000][3228][gc          ] GC(14) Pause Remark 55M->55M(512M) 4.922ms
[2021-12-26T04:52:01.003+0000][3228][gc,cpu      ] GC(14) User=0.01s Sys=0.00s Real=0.00s
[2021-12-26T04:52:01.003+0000][3228][safepoint   ] Safepoint "G1Concurrent", Time since last: 32822144 ns, Reaching safepoint: 352961 ns, At safepoint: 5000033 ns, Total: 5352994 ns
[2021-12-26T04:52:01.003+0000][3228][gc,marking  ] GC(14) Concurrent Mark 34.498ms
[2021-12-26T04:52:01.003+0000][3228][gc,marking  ] GC(14) Concurrent Rebuild Remembered Sets
[2021-12-26T04:52:01.004+0000][3228][safepoint   ] Safepoint "CollectForMetadataAllocation", Time since last: 857566 ns, Reaching safepoint: 124395 ns, At safepoint: 15253 ns, Total: 139648 ns
[2021-12-26T04:52:01.122+0000][3228][gc,marking  ] GC(14) Concurrent Rebuild Remembered Sets 118.960ms
[2021-12-26T04:52:01.123+0000][3228][gc,start    ] GC(14) Pause Cleanup
[2021-12-26T04:52:01.125+0000][3228][gc          ] GC(14) Pause Cleanup 59M->59M(512M) 2.220ms
[2021-12-26T04:52:01.125+0000][3228][gc,cpu      ] GC(14) User=0.01s Sys=0.00s Real=0.01s
[2021-12-26T04:52:01.125+0000][3228][safepoint   ] Safepoint "G1Concurrent", Time since last: 118381120 ns, Reaching safepoint: 185149 ns, At safepoint: 2287279 ns, Total: 2472428 ns
[2021-12-26T04:52:01.125+0000][3228][gc,marking  ] GC(14) Concurrent Cleanup for Next Mark
[2021-12-26T04:52:01.134+0000][3228][gc,marking  ] GC(14) Concurrent Cleanup for Next Mark 9.034ms
[2021-12-26T04:52:01.134+0000][3228][gc          ] GC(14) Concurrent Mark Cycle 203.859ms
[2021-12-26T04:52:02.591+0000][3228][safepoint   ] Safepoint "ICBufferFull", Time since last: 1466156464 ns, Reaching safepoint: 170970 ns, At safepoint: 4312 ns, Total: 175282 ns
[2021-12-26T04:52:03.594+0000][3228][safepoint   ] Safepoint "Cleanup", Time since last: 1002799486 ns, Reaching safepoint: 208480 ns, At safepoint: 5569 ns, Total: 214049 ns
[2021-12-26T04:52:03.929+0000][3228][gc,start    ] GC(15) Pause Young (Prepare Mixed) (G1 Evacuation Pause)
[2021-12-26T04:52:03.929+0000][3228][gc,task     ] GC(15) Using 2 workers of 2 for evacuation
[2021-12-26T04:52:03.929+0000][3228][gc,age      ] GC(15) Desired survivor size 20971520 bytes, new threshold 15 (max threshold 15)
[2021-12-26T04:52:03.946+0000][3228][gc,age      ] GC(15) Age table with threshold 15 (max threshold 15)
[2021-12-26T04:52:03.946+0000][3228][gc,age      ] GC(15) - age   1:    6123392 bytes,    6123392 total
[2021-12-26T04:52:03.946+0000][3228][gc,age      ] GC(15) - age   2:    1390248 bytes,    7513640 total
[2021-12-26T04:52:03.946+0000][3228][gc,phases   ] GC(15)   Pre Evacuate Collection Set: 0.1ms
[2021-12-26T04:52:03.946+0000][3228][gc,phases   ] GC(15)   Merge Heap Roots: 0.2ms
[2021-12-26T04:52:03.946+0000][3228][gc,phases   ] GC(15)   Evacuate Collection Set: 15.1ms
[2021-12-26T04:52:03.946+0000][3228][gc,phases   ] GC(15)   Post Evacuate Collection Set: 1.8ms
[2021-12-26T04:52:03.946+0000][3228][gc,phases   ] GC(15)   Other: 0.2ms
[2021-12-26T04:52:03.946+0000][3228][gc,heap     ] GC(15) Eden regions: 75->0(4)
[2021-12-26T04:52:03.946+0000][3228][gc,heap     ] GC(15) Survivor regions: 1->2(10)
[2021-12-26T04:52:03.946+0000][3228][gc,heap     ] GC(15) Old regions: 11->11
[2021-12-26T04:52:03.946+0000][3228][gc,heap     ] GC(15) Archive regions: 2->2
[2021-12-26T04:52:03.946+0000][3228][gc,heap     ] GC(15) Humongous regions: 0->0
[2021-12-26T04:52:03.946+0000][3228][gc,metaspace] GC(15) Metaspace: 52262K(53376K)->52262K(53376K) NonClass: 45164K(45824K)->45164K(45824K) Class: 7097K(7552K)->7097K(7552K)
[2021-12-26T04:52:03.946+0000][3228][gc          ] GC(15) Pause Young (Prepare Mixed) (G1 Evacuation Pause) 351M->55M(512M) 17.339ms
[2021-12-26T04:52:03.946+0000][3228][gc,cpu      ] GC(15) User=0.03s Sys=0.00s Real=0.02s
[2021-12-26T04:52:03.946+0000][3228][safepoint   ] Safepoint "G1CollectForAllocation", Time since last: 334705166 ns, Reaching safepoint: 73510 ns, At safepoint: 17416367 ns, Total: 17489877 ns
[2021-12-26T04:52:04.042+0000][3228][gc,start    ] GC(16) Pause Young (Mixed) (G1 Evacuation Pause)
[2021-12-26T04:52:04.042+0000][3228][gc,task     ] GC(16) Using 2 workers of 2 for evacuation
[2021-12-26T04:52:04.042+0000][3228][gc,age      ] GC(16) Desired survivor size 2097152 bytes, new threshold 1 (max threshold 15)
[2021-12-26T04:52:04.072+0000][3228][gc,age      ] GC(16) Age table with threshold 1 (max threshold 15)
[2021-12-26T04:52:04.072+0000][3228][gc,age      ] GC(16) - age   1:       7680 bytes,       7680 total
[2021-12-26T04:52:04.073+0000][3228][gc,phases   ] GC(16)   Pre Evacuate Collection Set: 0.1ms
[2021-12-26T04:52:04.073+0000][3228][gc,phases   ] GC(16)   Merge Heap Roots: 0.3ms
[2021-12-26T04:52:04.073+0000][3228][gc,phases   ] GC(16)   Evacuate Collection Set: 28.8ms
[2021-12-26T04:52:04.073+0000][3228][gc,phases   ] GC(16)   Post Evacuate Collection Set: 1.1ms
[2021-12-26T04:52:04.073+0000][3228][gc,phases   ] GC(16)   Other: 0.2ms
[2021-12-26T04:52:04.073+0000][3228][gc,heap     ] GC(16) Eden regions: 4->0(75)
[2021-12-26T04:52:04.073+0000][3228][gc,heap     ] GC(16) Survivor regions: 2->1(1)
[2021-12-26T04:52:04.073+0000][3228][gc,heap     ] GC(16) Old regions: 11->13
[2021-12-26T04:52:04.073+0000][3228][gc,heap     ] GC(16) Archive regions: 2->2
[2021-12-26T04:52:04.073+0000][3228][gc,heap     ] GC(16) Humongous regions: 0->0
[2021-12-26T04:52:04.073+0000][3228][gc,metaspace] GC(16) Metaspace: 52267K(53376K)->52267K(53376K) NonClass: 45168K(45824K)->45168K(45824K) Class: 7099K(7552K)->7099K(7552K)
[2021-12-26T04:52:04.073+0000][3228][gc          ] GC(16) Pause Young (Mixed) (G1 Evacuation Pause) 71M->56M(512M) 30.483ms
[2021-12-26T04:52:04.073+0000][3228][gc,cpu      ] GC(16) User=0.06s Sys=0.00s Real=0.03s
[2021-12-26T04:52:04.073+0000][3228][safepoint   ] Safepoint "G1CollectForAllocation", Time since last: 95291725 ns, Reaching safepoint: 345641 ns, At safepoint: 30561823 ns, Total: 30907464 ns
[2021-12-26T04:52:05.535+0000][3228][safepoint   ] Safepoint "ICBufferFull", Time since last: 1461555469 ns, Reaching safepoint: 1117421 ns, At safepoint: 8123 ns, Total: 1125544 ns
[2021-12-26T04:52:06.138+0000][3228][gc,start    ] GC(17) Pause Young (Concurrent Start) (Metadata GC Threshold)
[2021-12-26T04:52:06.138+0000][3228][gc,task     ] GC(17) Using 2 workers of 2 for evacuation
[2021-12-26T04:52:06.138+0000][3228][gc,age      ] GC(17) Desired survivor size 20971520 bytes, new threshold 15 (max threshold 15)
[2021-12-26T04:52:06.150+0000][3228][gc,age      ] GC(17) Age table with threshold 15 (max threshold 15)
[2021-12-26T04:52:06.150+0000][3228][gc,age      ] GC(17) - age   1:    5335792 bytes,    5335792 total
[2021-12-26T04:52:06.150+0000][3228][gc,age      ] GC(17) - age   2:       2768 bytes,    5338560 total
[2021-12-26T04:52:06.150+0000][3228][gc,phases   ] GC(17)   Pre Evacuate Collection Set: 0.1ms
[2021-12-26T04:52:06.150+0000][3228][gc,phases   ] GC(17)   Merge Heap Roots: 0.1ms
[2021-12-26T04:52:06.150+0000][3228][gc,phases   ] GC(17)   Evacuate Collection Set: 11.1ms
[2021-12-26T04:52:06.150+0000][3228][gc,phases   ] GC(17)   Post Evacuate Collection Set: 1.0ms
[2021-12-26T04:52:06.150+0000][3228][gc,phases   ] GC(17)   Other: 0.3ms
[2021-12-26T04:52:06.150+0000][3228][gc,heap     ] GC(17) Eden regions: 39->0(74)
[2021-12-26T04:52:06.150+0000][3228][gc,heap     ] GC(17) Survivor regions: 1->2(10)
[2021-12-26T04:52:06.150+0000][3228][gc,heap     ] GC(17) Old regions: 13->13
[2021-12-26T04:52:06.150+0000][3228][gc,heap     ] GC(17) Archive regions: 2->2
[2021-12-26T04:52:06.150+0000][3228][gc,heap     ] GC(17) Humongous regions: 0->0
[2021-12-26T04:52:06.150+0000][3228][gc,metaspace] GC(17) Metaspace: 59826K(61056K)->59826K(61056K) NonClass: 51680K(52416K)->51680K(52416K) Class: 8145K(8640K)->8145K(8640K)
[2021-12-26T04:52:06.150+0000][3228][gc          ] GC(17) Pause Young (Concurrent Start) (Metadata GC Threshold) 212M->59M(512M) 12.771ms
[2021-12-26T04:52:06.150+0000][3228][gc,cpu      ] GC(17) User=0.03s Sys=0.00s Real=0.01s
[2021-12-26T04:52:06.150+0000][3228][gc          ] GC(18) Concurrent Mark Cycle
[2021-12-26T04:52:06.151+0000][3228][gc,marking  ] GC(18) Concurrent Clear Claimed Marks
[2021-12-26T04:52:06.151+0000][3228][safepoint   ] Safepoint "CollectForMetadataAllocation", Time since last: 602162593 ns, Reaching safepoint: 125105 ns, At safepoint: 12935263 ns, Total: 13060368 ns
[2021-12-26T04:52:06.151+0000][3228][gc,marking  ] GC(18) Concurrent Clear Claimed Marks 0.071ms
[2021-12-26T04:52:06.151+0000][3228][gc,marking  ] GC(18) Concurrent Scan Root Regions
[2021-12-26T04:52:06.169+0000][3228][gc,marking  ] GC(18) Concurrent Scan Root Regions 18.455ms
[2021-12-26T04:52:06.169+0000][3228][gc,marking  ] GC(18) Concurrent Mark
[2021-12-26T04:52:06.169+0000][3228][gc,marking  ] GC(18) Concurrent Mark From Roots
[2021-12-26T04:52:06.169+0000][3228][gc,task     ] GC(18) Using 1 workers of 1 for marking
[2021-12-26T04:52:06.273+0000][3228][safepoint   ] Safepoint "CollectForMetadataAllocation", Time since last: 122596202 ns, Reaching safepoint: 65892 ns, At safepoint: 89751 ns, Total: 155643 ns
[2021-12-26T04:52:06.342+0000][3228][safepoint   ] Safepoint "CollectForMetadataAllocation", Time since last: 68372400 ns, Reaching safepoint: 62626 ns, At safepoint: 87779 ns, Total: 150405 ns
[2021-12-26T04:52:06.388+0000][3228][gc,marking  ] GC(18) Concurrent Mark From Roots 218.931ms
[2021-12-26T04:52:06.388+0000][3228][gc,marking  ] GC(18) Concurrent Preclean
[2021-12-26T04:52:06.388+0000][3228][gc,marking  ] GC(18) Concurrent Preclean 0.159ms
[2021-12-26T04:52:06.389+0000][3228][gc,start    ] GC(18) Pause Remark
[2021-12-26T04:52:06.406+0000][3228][gc          ] GC(18) Pause Remark 65M->65M(512M) 16.862ms
[2021-12-26T04:52:06.406+0000][3228][gc,cpu      ] GC(18) User=0.03s Sys=0.00s Real=0.02s
[2021-12-26T04:52:06.406+0000][3228][safepoint   ] Safepoint "G1Concurrent", Time since last: 46968678 ns, Reaching safepoint: 122879 ns, At safepoint: 16951533 ns, Total: 17074412 ns
[2021-12-26T04:52:06.406+0000][3228][gc,marking  ] GC(18) Concurrent Mark 236.801ms
[2021-12-26T04:52:06.406+0000][3228][gc,marking  ] GC(18) Concurrent Rebuild Remembered Sets
[2021-12-26T04:52:06.574+0000][3228][gc,marking  ] GC(18) Concurrent Rebuild Remembered Sets 167.815ms
[2021-12-26T04:52:06.574+0000][3228][gc,start    ] GC(18) Pause Cleanup
[2021-12-26T04:52:06.574+0000][3228][gc          ] GC(18) Pause Cleanup 69M->69M(512M) 0.073ms
[2021-12-26T04:52:06.574+0000][3228][gc,cpu      ] GC(18) User=0.00s Sys=0.00s Real=0.00s
[2021-12-26T04:52:06.574+0000][3228][safepoint   ] Safepoint "G1Concurrent", Time since last: 167920084 ns, Reaching safepoint: 264072 ns, At safepoint: 115299 ns, Total: 379371 ns
[2021-12-26T04:52:06.574+0000][3228][gc,marking  ] GC(18) Concurrent Cleanup for Next Mark
[2021-12-26T04:52:06.575+0000][3228][gc,marking  ] GC(18) Concurrent Cleanup for Next Mark 1.029ms
[2021-12-26T04:52:06.575+0000][3228][gc          ] GC(18) Concurrent Mark Cycle 424.777ms
[2021-12-26T04:52:07.681+0000][3228][safepoint   ] Safepoint "Cleanup", Time since last: 1106087537 ns, Reaching safepoint: 282230 ns, At safepoint: 11036 ns, Total: 293266 ns
[2021-12-26T04:52:08.537+0000][3228][safepoint   ] Safepoint "ICBufferFull", Time since last: 856257793 ns, Reaching safepoint: 400681 ns, At safepoint: 6864 ns, Total: 407545 ns
[2021-12-26T04:52:09.696+0000][3228][safepoint   ] Safepoint "Cleanup", Time since last: 1158241760 ns, Reaching safepoint: 245647 ns, At safepoint: 9014 ns, Total: 254661 ns
[2021-12-26T04:52:10.269+0000][3228][safepoint   ] Safepoint "ICBufferFull", Time since last: 573370939 ns, Reaching safepoint: 189946 ns, At safepoint: 7760 ns, Total: 197706 ns
[2021-12-26T04:52:11.144+0000][3228][safepoint   ] Safepoint "ICBufferFull", Time since last: 874960394 ns, Reaching safepoint: 188238 ns, At safepoint: 7315 ns, Total: 195553 ns
[2021-12-26T04:52:11.386+0000][3228][gc,start    ] GC(19) Pause Young (Concurrent Start) (G1 Evacuation Pause)
[2021-12-26T04:52:11.386+0000][3228][gc,task     ] GC(19) Using 2 workers of 2 for evacuation
[2021-12-26T04:52:11.386+0000][3228][gc,age      ] GC(19) Desired survivor size 20971520 bytes, new threshold 15 (max threshold 15)
[2021-12-26T04:52:11.430+0000][3228][gc,age      ] GC(19) Age table with threshold 15 (max threshold 15)
[2021-12-26T04:52:11.430+0000][3228][gc,age      ] GC(19) - age   1:   16275264 bytes,   16275264 total
[2021-12-26T04:52:11.430+0000][3228][gc,age      ] GC(19) - age   2:    5198776 bytes,   21474040 total
[2021-12-26T04:52:11.430+0000][3228][gc,age      ] GC(19) - age   3:       2768 bytes,   21476808 total
[2021-12-26T04:52:11.430+0000][3228][gc,phases   ] GC(19)   Pre Evacuate Collection Set: 0.2ms
[2021-12-26T04:52:11.430+0000][3228][gc,phases   ] GC(19)   Merge Heap Roots: 0.3ms
[2021-12-26T04:52:11.430+0000][3228][gc,phases   ] GC(19)   Evacuate Collection Set: 40.7ms
[2021-12-26T04:52:11.430+0000][3228][gc,phases   ] GC(19)   Post Evacuate Collection Set: 2.4ms
[2021-12-26T04:52:11.430+0000][3228][gc,phases   ] GC(19)   Other: 0.3ms
[2021-12-26T04:52:11.430+0000][3228][gc,heap     ] GC(19) Eden regions: 74->0(70)
[2021-12-26T04:52:11.430+0000][3228][gc,heap     ] GC(19) Survivor regions: 2->6(10)
[2021-12-26T04:52:11.430+0000][3228][gc,heap     ] GC(19) Old regions: 13->13
[2021-12-26T04:52:11.430+0000][3228][gc,heap     ] GC(19) Archive regions: 2->2
[2021-12-26T04:52:11.430+0000][3228][gc,heap     ] GC(19) Humongous regions: 2->2
[2021-12-26T04:52:11.430+0000][3228][gc,metaspace] GC(19) Metaspace: 97789K(99200K)->97789K(99200K) NonClass: 83976K(84864K)->83976K(84864K) Class: 13812K(14336K)->13812K(14336K)
[2021-12-26T04:52:11.430+0000][3228][gc          ] GC(19) Pause Young (Concurrent Start) (G1 Evacuation Pause) 363M->83M(512M) 43.925ms
[2021-12-26T04:52:11.430+0000][3228][gc,cpu      ] GC(19) User=0.09s Sys=0.00s Real=0.04s
[2021-12-26T04:52:11.430+0000][3228][safepoint   ] Safepoint "G1CollectForAllocation", Time since last: 241603456 ns, Reaching safepoint: 117799 ns, At safepoint: 44025748 ns, Total: 44143547 ns
[2021-12-26T04:52:11.430+0000][3228][gc          ] GC(20) Concurrent Mark Cycle
[2021-12-26T04:52:11.442+0000][3228][gc,marking  ] GC(20) Concurrent Clear Claimed Marks
[2021-12-26T04:52:11.442+0000][3228][gc,marking  ] GC(20) Concurrent Clear Claimed Marks 0.125ms
[2021-12-26T04:52:11.442+0000][3228][gc,marking  ] GC(20) Concurrent Scan Root Regions
[2021-12-26T04:52:11.495+0000][3228][gc,marking  ] GC(20) Concurrent Scan Root Regions 53.357ms
[2021-12-26T04:52:11.495+0000][3228][gc,marking  ] GC(20) Concurrent Mark
[2021-12-26T04:52:11.495+0000][3228][gc,marking  ] GC(20) Concurrent Mark From Roots
[2021-12-26T04:52:11.495+0000][3228][gc,task     ] GC(20) Using 1 workers of 1 for marking
[2021-12-26T04:52:11.635+0000][3228][gc,marking  ] GC(20) Concurrent Mark From Roots 139.302ms
[2021-12-26T04:52:11.635+0000][3228][gc,marking  ] GC(20) Concurrent Preclean
[2021-12-26T04:52:11.635+0000][3228][gc,marking  ] GC(20) Concurrent Preclean 0.162ms
[2021-12-26T04:52:11.635+0000][3228][gc,start    ] GC(20) Pause Remark
[2021-12-26T04:52:11.651+0000][3228][gc          ] GC(20) Pause Remark 92M->92M(512M) 15.861ms
[2021-12-26T04:52:11.651+0000][3228][gc,cpu      ] GC(20) User=0.03s Sys=0.00s Real=0.01s
[2021-12-26T04:52:11.651+0000][3228][safepoint   ] Safepoint "G1Concurrent", Time since last: 204865350 ns, Reaching safepoint: 77415 ns, At safepoint: 15983318 ns, Total: 16060733 ns
[2021-12-26T04:52:11.651+0000][3228][gc,marking  ] GC(20) Concurrent Mark 155.681ms
[2021-12-26T04:52:11.651+0000][3228][gc,marking  ] GC(20) Concurrent Rebuild Remembered Sets
[2021-12-26T04:52:11.733+0000][3228][gc,marking  ] GC(20) Concurrent Rebuild Remembered Sets 82.047ms
[2021-12-26T04:52:11.746+0000][3228][gc,start    ] GC(20) Pause Cleanup
[2021-12-26T04:52:11.746+0000][3228][gc          ] GC(20) Pause Cleanup 96M->96M(512M) 0.093ms
[2021-12-26T04:52:11.746+0000][3228][gc,cpu      ] GC(20) User=0.00s Sys=0.00s Real=0.00s
[2021-12-26T04:52:11.746+0000][3228][safepoint   ] Safepoint "G1Concurrent", Time since last: 94253941 ns, Reaching safepoint: 203898 ns, At safepoint: 148383 ns, Total: 352281 ns
[2021-12-26T04:52:11.746+0000][3228][gc,marking  ] GC(20) Concurrent Cleanup for Next Mark
[2021-12-26T04:52:11.781+0000][3228][gc,marking  ] GC(20) Concurrent Cleanup for Next Mark 34.584ms
[2021-12-26T04:52:11.781+0000][3228][gc          ] GC(20) Concurrent Mark Cycle 350.867ms
[2021-12-26T04:52:12.751+0000][3228][safepoint   ] Safepoint "Cleanup", Time since last: 1005041562 ns, Reaching safepoint: 286456 ns, At safepoint: 10415 ns, Total: 296871 ns
[2021-12-26T04:52:13.980+0000][3228][safepoint   ] Safepoint "Cleanup", Time since last: 1228612326 ns, Reaching safepoint: 191741 ns, At safepoint: 12319 ns, Total: 204060 ns
[2021-12-26T04:52:14.980+0000][3228][safepoint   ] Safepoint "Cleanup", Time since last: 1000196078 ns, Reaching safepoint: 73890 ns, At safepoint: 4835 ns, Total: 78725 ns
[2021-12-26T04:52:16.981+0000][3228][safepoint   ] Safepoint "Cleanup", Time since last: 2000292225 ns, Reaching safepoint: 64669 ns, At safepoint: 4901 ns, Total: 69570 ns
[2021-12-26T04:52:17.981+0000][3228][safepoint   ] Safepoint "Cleanup", Time since last: 1000181313 ns, Reaching safepoint: 75067 ns, At safepoint: 5093 ns, Total: 80160 ns
[2021-12-26T04:52:19.981+0000][3228][safepoint   ] Safepoint "Cleanup", Time since last: 2000325053 ns, Reaching safepoint: 61229 ns, At safepoint: 5130 ns, Total: 66359 ns
[2021-12-26T04:52:21.982+0000][3228][safepoint   ] Safepoint "Cleanup", Time since last: 2000334126 ns, Reaching safepoint: 68181 ns, At safepoint: 5776 ns, Total: 73957 ns
[2021-12-26T04:52:22.982+0000][3228][safepoint   ] Safepoint "Cleanup", Time since last: 1000187535 ns, Reaching safepoint: 78462 ns, At safepoint: 5217 ns, Total: 83679 ns
[2021-12-26T04:52:24.982+0000][3228][safepoint   ] Safepoint "Cleanup", Time since last: 2000266949 ns, Reaching safepoint: 62423 ns, At safepoint: 4588 ns, Total: 67011 ns
[2021-12-26T04:52:27.983+0000][3228][safepoint   ] Safepoint "Cleanup", Time since last: 3000364560 ns, Reaching safepoint: 76158 ns, At safepoint: 5453 ns, Total: 81611 ns
[2021-12-26T04:52:28.983+0000][3228][safepoint   ] Safepoint "Cleanup", Time since last: 1000148160 ns, Reaching safepoint: 57957 ns, At safepoint: 4801 ns, Total: 62758 ns
[2021-12-26T04:52:29.983+0000][3228][safepoint   ] Safepoint "Cleanup", Time since last: 1000135030 ns, Reaching safepoint: 80349 ns, At safepoint: 7761 ns, Total: 88110 ns
[2021-12-26T04:52:32.983+0000][3228][safepoint   ] Safepoint "Cleanup", Time since last: 3000335337 ns, Reaching safepoint: 92392 ns, At safepoint: 5880 ns, Total: 98272 ns
[2021-12-26T04:52:34.984+0000][3228][safepoint   ] Safepoint "Cleanup", Time since last: 2000216483 ns, Reaching safepoint: 64171 ns, At safepoint: 5467 ns, Total: 69638 ns
[2021-12-26T04:52:35.984+0000][3228][safepoint   ] Safepoint "Cleanup", Time since last: 1000140408 ns, Reaching safepoint: 73527 ns, At safepoint: 5156 ns, Total: 78683 ns
[2021-12-26T04:52:36.984+0000][3228][safepoint   ] Safepoint "Cleanup", Time since last: 1000159024 ns, Reaching safepoint: 67750 ns, At safepoint: 5803 ns, Total: 73553 ns
[2021-12-26T04:52:38.985+0000][3228][safepoint   ] Safepoint "Cleanup", Time since last: 2000254623 ns, Reaching safepoint: 65910 ns, At safepoint: 5514 ns, Total: 71424 ns
[2021-12-26T04:52:40.985+0000][3228][safepoint   ] Safepoint "Cleanup", Time since last: 2000264343 ns, Reaching safepoint: 90507 ns, At safepoint: 7927 ns, Total: 98434 ns
[2021-12-26T04:52:41.985+0000][3228][safepoint   ] Safepoint "Cleanup", Time since last: 1000158347 ns, Reaching safepoint: 97112 ns, At safepoint: 7601 ns, Total: 104713 ns
[2021-12-26T04:52:42.985+0000][3228][safepoint   ] Safepoint "Cleanup", Time since last: 1000137839 ns, Reaching safepoint: 70661 ns, At safepoint: 6021 ns, Total: 76682 ns
[2021-12-26T04:52:47.986+0000][3228][safepoint   ] Safepoint "Cleanup", Time since last: 5000462781 ns, Reaching safepoint: 61725 ns, At safepoint: 4850 ns, Total: 66575 ns
[2021-12-26T04:52:53.987+0000][3228][safepoint   ] Safepoint "Cleanup", Time since last: 6000554564 ns, Reaching safepoint: 66110 ns, At safepoint: 6012 ns, Total: 72122 ns
[2021-12-26T04:52:54.987+0000][3228][safepoint   ] Safepoint "Cleanup", Time since last: 1000140799 ns, Reaching safepoint: 66676 ns, At safepoint: 5640 ns, Total: 72316 ns
[2021-12-26T04:52:56.865+0000][3228][safepoint   ] Safepoint "Cleanup", Time since last: 1878432110 ns, Reaching safepoint: 77507 ns, At safepoint: 7988 ns, Total: 85495 ns
[2021-12-26T04:52:58.675+0000][3228][safepoint   ] Safepoint "ICBufferFull", Time since last: 1809227301 ns, Reaching safepoint: 182867 ns, At safepoint: 10968 ns, Total: 193835 ns
[2021-12-26T04:52:59.431+0000][3228][safepoint   ] Safepoint "ICBufferFull", Time since last: 755924388 ns, Reaching safepoint: 176176 ns, At safepoint: 6440 ns, Total: 182616 ns
[2021-12-26T04:52:59.432+0000][3228][safepoint   ] Safepoint "ICBufferFull", Time since last: 566801 ns, Reaching safepoint: 168925 ns, At safepoint: 7970 ns, Total: 176895 ns
[2021-12-26T04:52:59.447+0000][3228][gc,start    ] GC(21) Pause Young (Normal) (G1 Evacuation Pause)
[2021-12-26T04:52:59.447+0000][3228][gc,task     ] GC(21) Using 2 workers of 2 for evacuation
[2021-12-26T04:52:59.447+0000][3228][gc,age      ] GC(21) Desired survivor size 20971520 bytes, new threshold 2 (max threshold 15)
[2021-12-26T04:52:59.490+0000][3228][gc,age      ] GC(21) Age table with threshold 2 (max threshold 15)
[2021-12-26T04:52:59.490+0000][3228][gc,age      ] GC(21) - age   1:    9009464 bytes,    9009464 total
[2021-12-26T04:52:59.490+0000][3228][gc,age      ] GC(21) - age   2:   15683144 bytes,   24692608 total
[2021-12-26T04:52:59.490+0000][3228][gc,phases   ] GC(21)   Pre Evacuate Collection Set: 0.1ms
[2021-12-26T04:52:59.490+0000][3228][gc,phases   ] GC(21)   Merge Heap Roots: 0.2ms
[2021-12-26T04:52:59.490+0000][3228][gc,phases   ] GC(21)   Evacuate Collection Set: 40.7ms
[2021-12-26T04:52:59.490+0000][3228][gc,phases   ] GC(21)   Post Evacuate Collection Set: 2.7ms
[2021-12-26T04:52:59.490+0000][3228][gc,phases   ] GC(21)   Other: 0.2ms
[2021-12-26T04:52:59.490+0000][3228][gc,heap     ] GC(21) Eden regions: 70->0(70)
[2021-12-26T04:52:59.490+0000][3228][gc,heap     ] GC(21) Survivor regions: 6->6(10)
[2021-12-26T04:52:59.490+0000][3228][gc,heap     ] GC(21) Old regions: 13->14
[2021-12-26T04:52:59.490+0000][3228][gc,heap     ] GC(21) Archive regions: 2->2
[2021-12-26T04:52:59.490+0000][3228][gc,heap     ] GC(21) Humongous regions: 2->2
[2021-12-26T04:52:59.490+0000][3228][gc,metaspace] GC(21) Metaspace: 104267K(105856K)->104267K(105856K) NonClass: 89555K(90496K)->89555K(90496K) Class: 14712K(15360K)->14712K(15360K)
[2021-12-26T04:52:59.490+0000][3228][gc          ] GC(21) Pause Young (Normal) (G1 Evacuation Pause) 363M->91M(512M) 43.896ms
[2021-12-26T04:52:59.490+0000][3228][gc,cpu      ] GC(21) User=0.08s Sys=0.00s Real=0.04s
[2021-12-26T04:52:59.490+0000][3228][safepoint   ] Safepoint "G1CollectForAllocation", Time since last: 14850857 ns, Reaching safepoint: 83031 ns, At safepoint: 43995374 ns, Total: 44078405 ns
[2021-12-26T04:52:59.899+0000][3228][safepoint   ] Safepoint "ICBufferFull", Time since last: 408761381 ns, Reaching safepoint: 193554 ns, At safepoint: 6717 ns, Total: 200271 ns
[2021-12-26T04:53:00.948+0000][3228][safepoint   ] Safepoint "ICBufferFull", Time since last: 1048131562 ns, Reaching safepoint: 196320 ns, At safepoint: 9591 ns, Total: 205911 ns
[2021-12-26T04:53:01.948+0000][3228][safepoint   ] Safepoint "Cleanup", Time since last: 1000127925 ns, Reaching safepoint: 181751 ns, At safepoint: 6330 ns, Total: 188081 ns
[2021-12-26T04:53:02.948+0000][3228][safepoint   ] Safepoint "Cleanup", Time since last: 1000124560 ns, Reaching safepoint: 128720 ns, At safepoint: 7786 ns, Total: 136506 ns
[2021-12-26T04:53:03.949+0000][3228][safepoint   ] Safepoint "Cleanup", Time since last: 1000139581 ns, Reaching safepoint: 61336 ns, At safepoint: 5696 ns, Total: 67032 ns
[2021-12-26T04:53:04.949+0000][3228][safepoint   ] Safepoint "Cleanup", Time since last: 1000158204 ns, Reaching safepoint: 74782 ns, At safepoint: 5411 ns, Total: 80193 ns
[2021-12-26T04:53:06.949+0000][3228][safepoint   ] Safepoint "Cleanup", Time since last: 2000304949 ns, Reaching safepoint: 65803 ns, At safepoint: 5388 ns, Total: 71191 ns
[2021-12-26T04:53:07.949+0000][3228][safepoint   ] Safepoint "Cleanup", Time since last: 1000149561 ns, Reaching safepoint: 54932 ns, At safepoint: 5704 ns, Total: 60636 ns
[2021-12-26T04:53:10.950+0000][3228][safepoint   ] Safepoint "Cleanup", Time since last: 3000362160 ns, Reaching safepoint: 80564 ns, At safepoint: 7198 ns, Total: 87762 ns
[2021-12-26T04:53:11.950+0000][3228][safepoint   ] Safepoint "Cleanup", Time since last: 1000137044 ns, Reaching safepoint: 80548 ns, At safepoint: 7559 ns, Total: 88107 ns
[2021-12-26T04:53:19.951+0000][3228][safepoint   ] Safepoint "Cleanup", Time since last: 8000819493 ns, Reaching safepoint: 72502 ns, At safepoint: 5930 ns, Total: 78432 ns
[2021-12-26T04:53:21.951+0000][3228][safepoint   ] Safepoint "Cleanup", Time since last: 2000247467 ns, Reaching safepoint: 93020 ns, At safepoint: 4931 ns, Total: 97951 ns
[2021-12-26T04:53:22.952+0000][3228][safepoint   ] Safepoint "Cleanup", Time since last: 1000173179 ns, Reaching safepoint: 62976 ns, At safepoint: 5851 ns, Total: 68827 ns
[2021-12-26T04:53:27.952+0000][3228][safepoint   ] Safepoint "Cleanup", Time since last: 5000544978 ns, Reaching safepoint: 70620 ns, At safepoint: 5926 ns, Total: 76546 ns
[2021-12-26T04:53:28.952+0000][3228][safepoint   ] Safepoint "Cleanup", Time since last: 1000191151 ns, Reaching safepoint: 73374 ns, At safepoint: 5184 ns, Total: 78558 ns
[2021-12-26T04:53:29.953+0000][3228][safepoint   ] Safepoint "Cleanup", Time since last: 1000183383 ns, Reaching safepoint: 68339 ns, At safepoint: 5288 ns, Total: 73627 ns
[2021-12-26T04:53:38.668+0000][3228][safepoint   ] Safepoint "Cleanup", Time since last: 8714832802 ns, Reaching safepoint: 53623 ns, At safepoint: 9986 ns, Total: 63609 ns
[2021-12-26T04:53:39.668+0000][3228][safepoint   ] Safepoint "Cleanup", Time since last: 1000164887 ns, Reaching safepoint: 153334 ns, At safepoint: 7711 ns, Total: 161045 ns
[2021-12-26T04:53:40.668+0000][3228][safepoint   ] Safepoint "Cleanup", Time since last: 1000171772 ns, Reaching safepoint: 101720 ns, At safepoint: 7383 ns, Total: 109103 ns
[2021-12-26T04:53:41.669+0000][3228][safepoint   ] Safepoint "Cleanup", Time since last: 1000179006 ns, Reaching safepoint: 145400 ns, At safepoint: 7742 ns, Total: 153142 ns
[2021-12-26T04:53:42.669+0000][3228][safepoint   ] Safepoint "Cleanup", Time since last: 1000137935 ns, Reaching safepoint: 189383 ns, At safepoint: 7334 ns, Total: 196717 ns
[2021-12-26T04:53:43.669+0000][3228][safepoint   ] Safepoint "Cleanup", Time since last: 1000193918 ns, Reaching safepoint: 166095 ns, At safepoint: 12588 ns, Total: 178683 ns
[2021-12-26T04:53:44.670+0000][3228][safepoint   ] Safepoint "Cleanup", Time since last: 1000166309 ns, Reaching safepoint: 170343 ns, At safepoint: 7463 ns, Total: 177806 ns
[2021-12-26T04:53:45.670+0000][3228][safepoint   ] Safepoint "Cleanup", Time since last: 1000178588 ns, Reaching safepoint: 138700 ns, At safepoint: 7512 ns, Total: 146212 ns
[2021-12-26T04:53:46.670+0000][3228][safepoint   ] Safepoint "Cleanup", Time since last: 1000170357 ns, Reaching safepoint: 71432 ns, At safepoint: 5296 ns, Total: 76728 ns
[2021-12-26T04:53:47.670+0000][3228][safepoint   ] Safepoint "Cleanup", Time since last: 1000184809 ns, Reaching safepoint: 126122 ns, At safepoint: 7703 ns, Total: 133825 ns
[2021-12-26T04:53:49.671+0000][3228][safepoint   ] Safepoint "Cleanup", Time since last: 2000271482 ns, Reaching safepoint: 66907 ns, At safepoint: 5974 ns, Total: 72881 ns
[2021-12-26T04:53:51.671+0000][3228][safepoint   ] Safepoint "Cleanup", Time since last: 2000296532 ns, Reaching safepoint: 103530 ns, At safepoint: 6124 ns, Total: 109654 ns
[2021-12-26T04:53:52.671+0000][3228][safepoint   ] Safepoint "Cleanup", Time since last: 1000181314 ns, Reaching safepoint: 71988 ns, At safepoint: 4957 ns, Total: 76945 ns
[2021-12-26T04:53:58.672+0000][3228][safepoint   ] Safepoint "Cleanup", Time since last: 6000721590 ns, Reaching safepoint: 106600 ns, At safepoint: 7720 ns, Total: 114320 ns
[2021-12-26T04:53:59.673+0000][3228][safepoint   ] Safepoint "Cleanup", Time since last: 1000180591 ns, Reaching safepoint: 71633 ns, At safepoint: 5120 ns, Total: 76753 ns
[2021-12-26T04:54:00.673+0000][3228][safepoint   ] Safepoint "Cleanup", Time since last: 1000195804 ns, Reaching safepoint: 74289 ns, At safepoint: 5810 ns, Total: 80099 ns
[2021-12-26T04:54:02.673+0000][3228][safepoint   ] Safepoint "Cleanup", Time since last: 2000285560 ns, Reaching safepoint: 68676 ns, At safepoint: 5574 ns, Total: 74250 ns
[2021-12-26T04:54:03.673+0000][3228][safepoint   ] Safepoint "Cleanup", Time since last: 1000175150 ns, Reaching safepoint: 72230 ns, At safepoint: 5327 ns, Total: 77557 ns
[2021-12-26T04:54:09.674+0000][3228][safepoint   ] Safepoint "Cleanup", Time since last: 6000721104 ns, Reaching safepoint: 65044 ns, At safepoint: 5527 ns, Total: 70571 ns
[2021-12-26T04:54:10.674+0000][3228][safepoint   ] Safepoint "Cleanup", Time since last: 1000149159 ns, Reaching safepoint: 67481 ns, At safepoint: 5205 ns, Total: 72686 ns
[2021-12-26T04:54:11.675+0000][3228][safepoint   ] Safepoint "Cleanup", Time since last: 1000163309 ns, Reaching safepoint: 81896 ns, At safepoint: 7749 ns, Total: 89645 ns
[2021-12-26T04:54:12.675+0000][3228][safepoint   ] Safepoint "Cleanup", Time since last: 1000151719 ns, Reaching safepoint: 73419 ns, At safepoint: 4939 ns, Total: 78358 ns
[2021-12-26T04:54:13.675+0000][3228][safepoint   ] Safepoint "Cleanup", Time since last: 1000167742 ns, Reaching safepoint: 77407 ns, At safepoint: 5201 ns, Total: 82608 ns
[2021-12-26T04:54:19.676+0000][3228][safepoint   ] Safepoint "Cleanup", Time since last: 6000767771 ns, Reaching safepoint: 78391 ns, At safepoint: 7752 ns, Total: 86143 ns
[2021-12-26T04:54:23.677+0000][3228][safepoint   ] Safepoint "Cleanup", Time since last: 4000586818 ns, Reaching safepoint: 99918 ns, At safepoint: 4833 ns, Total: 104751 ns
[2021-12-26T04:54:31.678+0000][3228][safepoint   ] Safepoint "Cleanup", Time since last: 8000990960 ns, Reaching safepoint: 109173 ns, At safepoint: 6077 ns, Total: 115250 ns
[2021-12-26T04:54:37.679+0000][3228][safepoint   ] Safepoint "Cleanup", Time since last: 6000744118 ns, Reaching safepoint: 82866 ns, At safepoint: 5824 ns, Total: 88690 ns
[2021-12-26T04:54:39.679+0000][3228][safepoint   ] Safepoint "Cleanup", Time since last: 2000363095 ns, Reaching safepoint: 136936 ns, At safepoint: 13047 ns, Total: 149983 ns
[2021-12-26T04:54:40.680+0000][3228][safepoint   ] Safepoint "Cleanup", Time since last: 1000165315 ns, Reaching safepoint: 164756 ns, At safepoint: 8500 ns, Total: 173256 ns
[2021-12-26T04:54:41.680+0000][3228][safepoint   ] Safepoint "Cleanup", Time since last: 1000142126 ns, Reaching safepoint: 117179 ns, At safepoint: 8154 ns, Total: 125333 ns
[2021-12-26T04:54:42.680+0000][3228][safepoint   ] Safepoint "Cleanup", Time since last: 1000166279 ns, Reaching safepoint: 115296 ns, At safepoint: 8234 ns, Total: 123530 ns
[2021-12-26T04:54:43.095+0000][3228][gc,heap,exit] Heap
[2021-12-26T04:54:43.095+0000][3228][gc,heap,exit]  garbage-first heap   total 524288K, used 376713K [0x00000000e0000000, 0x0000000100000000)
[2021-12-26T04:54:43.095+0000][3228][gc,heap,exit]   region size 4096K, 76 young (311296K), 6 survivors (24576K)
[2021-12-26T04:54:43.095+0000][3228][gc,heap,exit]  Metaspace       used 107218K, committed 108736K, reserved 1146880K
[2021-12-26T04:54:43.095+0000][3228][gc,heap,exit]   class space    used 15005K, committed 15616K, reserved 1048576K
