[2021-12-26T03:07:32.030+0000][25441][gc] Using G1
[2021-12-26T03:07:32.121+0000][25441][gc,init] Version: 17.0.1+12 (release)
[2021-12-26T03:07:32.121+0000][25441][gc,init] CPUs: 2 total, 2 available
[2021-12-26T03:07:32.121+0000][25441][gc,init] Memory: 3786M
[2021-12-26T03:07:32.121+0000][25441][gc,init] Large Page Support: Disabled
[2021-12-26T03:07:32.121+0000][25441][gc,init] NUMA Support: Disabled
[2021-12-26T03:07:32.121+0000][25441][gc,init] Compressed Oops: Enabled (32-bit)
[2021-12-26T03:07:32.121+0000][25441][gc,init] Heap Region Size: 4M
[2021-12-26T03:07:32.121+0000][25441][gc,init] Heap Min Capacity: 512M
[2021-12-26T03:07:32.121+0000][25441][gc,init] Heap Initial Capacity: 512M
[2021-12-26T03:07:32.121+0000][25441][gc,init] Heap Max Capacity: 512M
[2021-12-26T03:07:32.121+0000][25441][gc,init] Pre-touch: Enabled
[2021-12-26T03:07:32.121+0000][25441][gc,init] Parallel Workers: 2
[2021-12-26T03:07:32.121+0000][25441][gc,init] Concurrent Workers: 1
[2021-12-26T03:07:32.121+0000][25441][gc,init] Concurrent Refinement Workers: 2
[2021-12-26T03:07:32.121+0000][25441][gc,init] Periodic GC: Disabled
[2021-12-26T03:07:32.121+0000][25441][gc,metaspace] CDS archive(s) mapped at: [0x0000000800000000-0x0000000800bd1000-0x0000000800bd1000), size 12390400, SharedBaseAddress: 0x0000000800000000, ArchiveRelocationMode: 0.
[2021-12-26T03:07:32.121+0000][25441][gc,metaspace] Compressed class space mapped at: 0x0000000800c00000-0x0000000840c00000, reserved size: 1073741824
[2021-12-26T03:07:32.121+0000][25441][gc,metaspace] Narrow klass base: 0x0000000800000000, Narrow klass shift: 0, Narrow klass range: 0x100000000
[2021-12-26T03:07:32.759+0000][25441][safepoint   ] Safepoint "ICBufferFull", Time since last: 627915757 ns, Reaching safepoint: 223205 ns, At safepoint: 8576 ns, Total: 231781 ns
[2021-12-26T03:07:33.034+0000][25441][gc,start    ] GC(0) Pause Young (Normal) (G1 Evacuation Pause)
[2021-12-26T03:07:33.034+0000][25441][gc,task     ] GC(0) Using 2 workers of 2 for evacuation
[2021-12-26T03:07:33.034+0000][25441][gc,age      ] GC(0) Desired survivor size 2097152 bytes, new threshold 15 (max threshold 15)
[2021-12-26T03:07:33.045+0000][25441][gc,age      ] GC(0) Age table with threshold 15 (max threshold 15)
[2021-12-26T03:07:33.045+0000][25441][gc,age      ] GC(0) - age   1:    4181504 bytes,    4181504 total
[2021-12-26T03:07:33.045+0000][25441][gc,phases   ] GC(0)   Pre Evacuate Collection Set: 0.1ms
[2021-12-26T03:07:33.045+0000][25441][gc,phases   ] GC(0)   Merge Heap Roots: 0.0ms
[2021-12-26T03:07:33.045+0000][25441][gc,phases   ] GC(0)   Evacuate Collection Set: 10.0ms
[2021-12-26T03:07:33.045+0000][25441][gc,phases   ] GC(0)   Post Evacuate Collection Set: 0.7ms
[2021-12-26T03:07:33.045+0000][25441][gc,phases   ] GC(0)   Other: 0.2ms
[2021-12-26T03:07:33.045+0000][25441][gc,heap     ] GC(0) Eden regions: 6->0(5)
[2021-12-26T03:07:33.045+0000][25441][gc,heap     ] GC(0) Survivor regions: 0->1(1)
[2021-12-26T03:07:33.045+0000][25441][gc,heap     ] GC(0) Old regions: 0->1
[2021-12-26T03:07:33.045+0000][25441][gc,heap     ] GC(0) Archive regions: 2->2
[2021-12-26T03:07:33.045+0000][25441][gc,heap     ] GC(0) Humongous regions: 0->0
[2021-12-26T03:07:33.045+0000][25441][gc,metaspace] GC(0) Metaspace: 8022K(8192K)->8022K(8192K) NonClass: 7115K(7232K)->7115K(7232K) Class: 907K(960K)->907K(960K)
[2021-12-26T03:07:33.045+0000][25441][gc          ] GC(0) Pause Young (Normal) (G1 Evacuation Pause) 27M->8M(512M) 11.174ms
[2021-12-26T03:07:33.045+0000][25441][gc,cpu      ] GC(0) User=0.02s Sys=0.00s Real=0.01s
[2021-12-26T03:07:33.045+0000][25441][safepoint   ] Safepoint "G1CollectForAllocation", Time since last: 275355316 ns, Reaching safepoint: 57741 ns, At safepoint: 11346172 ns, Total: 11403913 ns
[2021-12-26T03:07:33.525+0000][25441][gc,start    ] GC(1) Pause Young (Normal) (G1 Evacuation Pause)
[2021-12-26T03:07:33.525+0000][25441][gc,task     ] GC(1) Using 2 workers of 2 for evacuation
[2021-12-26T03:07:33.525+0000][25441][gc,age      ] GC(1) Desired survivor size 2097152 bytes, new threshold 1 (max threshold 15)
[2021-12-26T03:07:33.533+0000][25441][gc,age      ] GC(1) Age table with threshold 1 (max threshold 15)
[2021-12-26T03:07:33.533+0000][25441][gc,age      ] GC(1) - age   1:    1259312 bytes,    1259312 total
[2021-12-26T03:07:33.533+0000][25441][gc,phases   ] GC(1)   Pre Evacuate Collection Set: 0.1ms
[2021-12-26T03:07:33.533+0000][25441][gc,phases   ] GC(1)   Merge Heap Roots: 0.0ms
[2021-12-26T03:07:33.533+0000][25441][gc,phases   ] GC(1)   Evacuate Collection Set: 6.8ms
[2021-12-26T03:07:33.533+0000][25441][gc,phases   ] GC(1)   Post Evacuate Collection Set: 0.5ms
[2021-12-26T03:07:33.533+0000][25441][gc,phases   ] GC(1)   Other: 0.2ms
[2021-12-26T03:07:33.533+0000][25441][gc,heap     ] GC(1) Eden regions: 5->0(5)
[2021-12-26T03:07:33.533+0000][25441][gc,heap     ] GC(1) Survivor regions: 1->1(1)
[2021-12-26T03:07:33.533+0000][25441][gc,heap     ] GC(1) Old regions: 1->2
[2021-12-26T03:07:33.533+0000][25441][gc,heap     ] GC(1) Archive regions: 2->2
[2021-12-26T03:07:33.533+0000][25441][gc,heap     ] GC(1) Humongous regions: 0->0
[2021-12-26T03:07:33.533+0000][25441][gc,metaspace] GC(1) Metaspace: 12164K(12352K)->12164K(12352K) NonClass: 10643K(10752K)->10643K(10752K) Class: 1521K(1600K)->1521K(1600K)
[2021-12-26T03:07:33.533+0000][25441][gc          ] GC(1) Pause Young (Normal) (G1 Evacuation Pause) 28M->9M(512M) 7.684ms
[2021-12-26T03:07:33.533+0000][25441][gc,cpu      ] GC(1) User=0.02s Sys=0.00s Real=0.01s
[2021-12-26T03:07:33.533+0000][25441][safepoint   ] Safepoint "G1CollectForAllocation", Time since last: 479858143 ns, Reaching safepoint: 105868 ns, At safepoint: 7767394 ns, Total: 7873262 ns
[2021-12-26T03:07:33.847+0000][25441][safepoint   ] Safepoint "ICBufferFull", Time since last: 313892342 ns, Reaching safepoint: 144901 ns, At safepoint: 10154 ns, Total: 155055 ns
[2021-12-26T03:07:33.892+0000][25441][gc,start    ] GC(2) Pause Young (Normal) (G1 Evacuation Pause)
[2021-12-26T03:07:33.892+0000][25441][gc,task     ] GC(2) Using 2 workers of 2 for evacuation
[2021-12-26T03:07:33.892+0000][25441][gc,age      ] GC(2) Desired survivor size 2097152 bytes, new threshold 15 (max threshold 15)
[2021-12-26T03:07:33.900+0000][25441][gc,age      ] GC(2) Age table with threshold 15 (max threshold 15)
[2021-12-26T03:07:33.900+0000][25441][gc,age      ] GC(2) - age   1:    2954968 bytes,    2954968 total
[2021-12-26T03:07:33.900+0000][25441][gc,age      ] GC(2) - age   2:    1231536 bytes,    4186504 total
[2021-12-26T03:07:33.900+0000][25441][gc,phases   ] GC(2)   Pre Evacuate Collection Set: 0.1ms
[2021-12-26T03:07:33.900+0000][25441][gc,phases   ] GC(2)   Merge Heap Roots: 0.0ms
[2021-12-26T03:07:33.901+0000][25441][gc,phases   ] GC(2)   Evacuate Collection Set: 7.3ms
[2021-12-26T03:07:33.901+0000][25441][gc,phases   ] GC(2)   Post Evacuate Collection Set: 0.8ms
[2021-12-26T03:07:33.901+0000][25441][gc,phases   ] GC(2)   Other: 0.2ms
[2021-12-26T03:07:33.901+0000][25441][gc,heap     ] GC(2) Eden regions: 5->0(6)
[2021-12-26T03:07:33.901+0000][25441][gc,heap     ] GC(2) Survivor regions: 1->1(1)
[2021-12-26T03:07:33.901+0000][25441][gc,heap     ] GC(2) Old regions: 2->2
[2021-12-26T03:07:33.901+0000][25441][gc,heap     ] GC(2) Archive regions: 2->2
[2021-12-26T03:07:33.901+0000][25441][gc,heap     ] GC(2) Humongous regions: 0->0
[2021-12-26T03:07:33.901+0000][25441][gc,metaspace] GC(2) Metaspace: 14132K(14400K)->14132K(14400K) NonClass: 12410K(12544K)->12410K(12544K) Class: 1721K(1856K)->1721K(1856K)
[2021-12-26T03:07:33.901+0000][25441][gc          ] GC(2) Pause Young (Normal) (G1 Evacuation Pause) 29M->12M(512M) 8.516ms
[2021-12-26T03:07:33.901+0000][25441][gc,cpu      ] GC(2) User=0.02s Sys=0.00s Real=0.00s
[2021-12-26T03:07:33.901+0000][25441][safepoint   ] Safepoint "G1CollectForAllocation", Time since last: 44807262 ns, Reaching safepoint: 51855 ns, At safepoint: 8589377 ns, Total: 8641232 ns
[2021-12-26T03:07:34.329+0000][25441][gc,start    ] GC(3) Pause Young (Normal) (G1 Evacuation Pause)
[2021-12-26T03:07:34.329+0000][25441][gc,task     ] GC(3) Using 2 workers of 2 for evacuation
[2021-12-26T03:07:34.329+0000][25441][gc,age      ] GC(3) Desired survivor size 2097152 bytes, new threshold 1 (max threshold 15)
[2021-12-26T03:07:34.335+0000][25441][gc,age      ] GC(3) Age table with threshold 1 (max threshold 15)
[2021-12-26T03:07:34.335+0000][25441][gc,age      ] GC(3) - age   1:     707816 bytes,     707816 total
[2021-12-26T03:07:34.336+0000][25441][gc,phases   ] GC(3)   Pre Evacuate Collection Set: 0.1ms
[2021-12-26T03:07:34.336+0000][25441][gc,phases   ] GC(3)   Merge Heap Roots: 0.1ms
[2021-12-26T03:07:34.336+0000][25441][gc,phases   ] GC(3)   Evacuate Collection Set: 5.4ms
[2021-12-26T03:07:34.336+0000][25441][gc,phases   ] GC(3)   Post Evacuate Collection Set: 0.5ms
[2021-12-26T03:07:34.336+0000][25441][gc,phases   ] GC(3)   Other: 0.2ms
[2021-12-26T03:07:34.336+0000][25441][gc,heap     ] GC(3) Eden regions: 6->0(11)
[2021-12-26T03:07:34.336+0000][25441][gc,heap     ] GC(3) Survivor regions: 1->1(1)
[2021-12-26T03:07:34.336+0000][25441][gc,heap     ] GC(3) Old regions: 2->2
[2021-12-26T03:07:34.336+0000][25441][gc,heap     ] GC(3) Archive regions: 2->2
[2021-12-26T03:07:34.336+0000][25441][gc,heap     ] GC(3) Humongous regions: 0->0
[2021-12-26T03:07:34.336+0000][25441][gc,metaspace] GC(3) Metaspace: 14836K(15104K)->14836K(15104K) NonClass: 13059K(13184K)->13059K(13184K) Class: 1777K(1920K)->1777K(1920K)
[2021-12-26T03:07:34.336+0000][25441][gc          ] GC(3) Pause Young (Normal) (G1 Evacuation Pause) 36M->12M(512M) 6.283ms
[2021-12-26T03:07:34.336+0000][25441][gc,cpu      ] GC(3) User=0.01s Sys=0.00s Real=0.01s
[2021-12-26T03:07:34.336+0000][25441][safepoint   ] Safepoint "G1CollectForAllocation", Time since last: 428528675 ns, Reaching safepoint: 109895 ns, At safepoint: 6353281 ns, Total: 6463176 ns
[2021-12-26T03:07:34.600+0000][25441][gc,start    ] GC(4) Pause Young (Normal) (G1 Evacuation Pause)
[2021-12-26T03:07:34.600+0000][25441][gc,task     ] GC(4) Using 2 workers of 2 for evacuation
[2021-12-26T03:07:34.600+0000][25441][gc,age      ] GC(4) Desired survivor size 4194304 bytes, new threshold 15 (max threshold 15)
[2021-12-26T03:07:34.609+0000][25441][gc,age      ] GC(4) Age table with threshold 15 (max threshold 15)
[2021-12-26T03:07:34.609+0000][25441][gc,age      ] GC(4) - age   1:    2156264 bytes,    2156264 total
[2021-12-26T03:07:34.609+0000][25441][gc,age      ] GC(4) - age   2:     637648 bytes,    2793912 total
[2021-12-26T03:07:34.610+0000][25441][gc,phases   ] GC(4)   Pre Evacuate Collection Set: 2.3ms
[2021-12-26T03:07:34.610+0000][25441][gc,phases   ] GC(4)   Merge Heap Roots: 0.0ms
[2021-12-26T03:07:34.610+0000][25441][gc,phases   ] GC(4)   Evacuate Collection Set: 6.7ms
[2021-12-26T03:07:34.610+0000][25441][gc,phases   ] GC(4)   Post Evacuate Collection Set: 0.5ms
[2021-12-26T03:07:34.610+0000][25441][gc,phases   ] GC(4)   Other: 0.2ms
[2021-12-26T03:07:34.610+0000][25441][gc,heap     ] GC(4) Eden regions: 11->0(61)
[2021-12-26T03:07:34.610+0000][25441][gc,heap     ] GC(4) Survivor regions: 1->1(2)
[2021-12-26T03:07:34.610+0000][25441][gc,heap     ] GC(4) Old regions: 2->2
[2021-12-26T03:07:34.610+0000][25441][gc,heap     ] GC(4) Archive regions: 2->2
[2021-12-26T03:07:34.610+0000][25441][gc,heap     ] GC(4) Humongous regions: 0->0
[2021-12-26T03:07:34.610+0000][25441][gc,metaspace] GC(4) Metaspace: 15224K(15424K)->15224K(15424K) NonClass: 13420K(13504K)->13420K(13504K) Class: 1804K(1920K)->1804K(1920K)
[2021-12-26T03:07:34.610+0000][25441][gc          ] GC(4) Pause Young (Normal) (G1 Evacuation Pause) 56M->14M(512M) 9.821ms
[2021-12-26T03:07:34.610+0000][25441][gc,cpu      ] GC(4) User=0.01s Sys=0.00s Real=0.01s
[2021-12-26T03:07:34.610+0000][25441][safepoint   ] Safepoint "G1CollectForAllocation", Time since last: 263776982 ns, Reaching safepoint: 401341 ns, At safepoint: 9894369 ns, Total: 10295710 ns
[2021-12-26T03:07:34.976+0000][25441][safepoint   ] Safepoint "ICBufferFull", Time since last: 366128106 ns, Reaching safepoint: 78804 ns, At safepoint: 3609 ns, Total: 82413 ns
[2021-12-26T03:07:34.977+0000][25441][safepoint   ] Safepoint "ICBufferFull", Time since last: 1149228 ns, Reaching safepoint: 100196 ns, At safepoint: 4567 ns, Total: 104763 ns
[2021-12-26T03:07:34.980+0000][25441][safepoint   ] Safepoint "ICBufferFull", Time since last: 2307874 ns, Reaching safepoint: 117776 ns, At safepoint: 3726 ns, Total: 121502 ns
[2021-12-26T03:07:34.982+0000][25441][safepoint   ] Safepoint "ICBufferFull", Time since last: 2499009 ns, Reaching safepoint: 33957 ns, At safepoint: 2767 ns, Total: 36724 ns
[2021-12-26T03:07:34.983+0000][25441][safepoint   ] Safepoint "ICBufferFull", Time since last: 1151303 ns, Reaching safepoint: 19674 ns, At safepoint: 2777 ns, Total: 22451 ns
[2021-12-26T03:07:35.506+0000][25441][gc,start    ] GC(5) Pause Young (Normal) (G1 Evacuation Pause)
[2021-12-26T03:07:35.506+0000][25441][gc,task     ] GC(5) Using 2 workers of 2 for evacuation
[2021-12-26T03:07:35.506+0000][25441][gc,age      ] GC(5) Desired survivor size 16777216 bytes, new threshold 15 (max threshold 15)
[2021-12-26T03:07:35.516+0000][25441][gc,age      ] GC(5) Age table with threshold 15 (max threshold 15)
[2021-12-26T03:07:35.516+0000][25441][gc,age      ] GC(5) - age   1:    4473792 bytes,    4473792 total
[2021-12-26T03:07:35.516+0000][25441][gc,age      ] GC(5) - age   2:     398432 bytes,    4872224 total
[2021-12-26T03:07:35.516+0000][25441][gc,age      ] GC(5) - age   3:     637440 bytes,    5509664 total
[2021-12-26T03:07:35.516+0000][25441][gc,phases   ] GC(5)   Pre Evacuate Collection Set: 0.1ms
[2021-12-26T03:07:35.516+0000][25441][gc,phases   ] GC(5)   Merge Heap Roots: 0.0ms
[2021-12-26T03:07:35.516+0000][25441][gc,phases   ] GC(5)   Evacuate Collection Set: 9.1ms
[2021-12-26T03:07:35.516+0000][25441][gc,phases   ] GC(5)   Post Evacuate Collection Set: 0.8ms
[2021-12-26T03:07:35.516+0000][25441][gc,phases   ] GC(5)   Other: 0.2ms
[2021-12-26T03:07:35.516+0000][25441][gc,heap     ] GC(5) Eden regions: 61->0(74)
[2021-12-26T03:07:35.516+0000][25441][gc,heap     ] GC(5) Survivor regions: 1->2(8)
[2021-12-26T03:07:35.516+0000][25441][gc,heap     ] GC(5) Old regions: 2->2
[2021-12-26T03:07:35.516+0000][25441][gc,heap     ] GC(5) Archive regions: 2->2
[2021-12-26T03:07:35.516+0000][25441][gc,heap     ] GC(5) Humongous regions: 0->0
[2021-12-26T03:07:35.516+0000][25441][gc,metaspace] GC(5) Metaspace: 18007K(18304K)->18007K(18304K) NonClass: 15818K(16000K)->15818K(16000K) Class: 2188K(2304K)->2188K(2304K)
[2021-12-26T03:07:35.516+0000][25441][gc          ] GC(5) Pause Young (Normal) (G1 Evacuation Pause) 258M->16M(512M) 10.313ms
[2021-12-26T03:07:35.516+0000][25441][gc,cpu      ] GC(5) User=0.02s Sys=0.00s Real=0.01s
[2021-12-26T03:07:35.516+0000][25441][safepoint   ] Safepoint "G1CollectForAllocation", Time since last: 522353913 ns, Reaching safepoint: 85243 ns, At safepoint: 10429141 ns, Total: 10514384 ns
[2021-12-26T03:07:36.177+0000][25441][gc,start    ] GC(6) Pause Young (Normal) (G1 Evacuation Pause)
[2021-12-26T03:07:36.177+0000][25441][gc,task     ] GC(6) Using 2 workers of 2 for evacuation
[2021-12-26T03:07:36.177+0000][25441][gc,age      ] GC(6) Desired survivor size 20971520 bytes, new threshold 15 (max threshold 15)
[2021-12-26T03:07:36.186+0000][25441][gc,age      ] GC(6) Age table with threshold 15 (max threshold 15)
[2021-12-26T03:07:36.186+0000][25441][gc,age      ] GC(6) - age   1:    4475040 bytes,    4475040 total
[2021-12-26T03:07:36.186+0000][25441][gc,age      ] GC(6) - age   2:    3613456 bytes,    8088496 total
[2021-12-26T03:07:36.186+0000][25441][gc,age      ] GC(6) - age   3:     398352 bytes,    8486848 total
[2021-12-26T03:07:36.186+0000][25441][gc,age      ] GC(6) - age   4:     637440 bytes,    9124288 total
[2021-12-26T03:07:36.186+0000][25441][gc,phases   ] GC(6)   Pre Evacuate Collection Set: 0.1ms
[2021-12-26T03:07:36.186+0000][25441][gc,phases   ] GC(6)   Merge Heap Roots: 0.0ms
[2021-12-26T03:07:36.186+0000][25441][gc,phases   ] GC(6)   Evacuate Collection Set: 8.3ms
[2021-12-26T03:07:36.186+0000][25441][gc,phases   ] GC(6)   Post Evacuate Collection Set: 0.8ms
[2021-12-26T03:07:36.186+0000][25441][gc,phases   ] GC(6)   Other: 0.2ms
[2021-12-26T03:07:36.186+0000][25441][gc,heap     ] GC(6) Eden regions: 74->0(73)
[2021-12-26T03:07:36.186+0000][25441][gc,heap     ] GC(6) Survivor regions: 2->3(10)
[2021-12-26T03:07:36.186+0000][25441][gc,heap     ] GC(6) Old regions: 2->2
[2021-12-26T03:07:36.186+0000][25441][gc,heap     ] GC(6) Archive regions: 2->2
[2021-12-26T03:07:36.186+0000][25441][gc,heap     ] GC(6) Humongous regions: 0->0
[2021-12-26T03:07:36.186+0000][25441][gc,metaspace] GC(6) Metaspace: 18882K(19264K)->18882K(19264K) NonClass: 16568K(16768K)->16568K(16768K) Class: 2314K(2496K)->2314K(2496K)
[2021-12-26T03:07:36.186+0000][25441][gc          ] GC(6) Pause Young (Normal) (G1 Evacuation Pause) 312M->20M(512M) 9.490ms
[2021-12-26T03:07:36.186+0000][25441][gc,cpu      ] GC(6) User=0.02s Sys=0.00s Real=0.01s
[2021-12-26T03:07:36.186+0000][25441][safepoint   ] Safepoint "G1CollectForAllocation", Time since last: 660696798 ns, Reaching safepoint: 49761 ns, At safepoint: 9560920 ns, Total: 9610681 ns
[2021-12-26T03:07:36.784+0000][25441][gc,start    ] GC(7) Pause Young (Normal) (G1 Evacuation Pause)
[2021-12-26T03:07:36.784+0000][25441][gc,task     ] GC(7) Using 2 workers of 2 for evacuation
[2021-12-26T03:07:36.784+0000][25441][gc,age      ] GC(7) Desired survivor size 20971520 bytes, new threshold 15 (max threshold 15)
[2021-12-26T03:07:36.794+0000][25441][gc,age      ] GC(7) Age table with threshold 15 (max threshold 15)
[2021-12-26T03:07:36.794+0000][25441][gc,age      ] GC(7) - age   1:    1815552 bytes,    1815552 total
[2021-12-26T03:07:36.794+0000][25441][gc,age      ] GC(7) - age   2:    3800456 bytes,    5616008 total
[2021-12-26T03:07:36.794+0000][25441][gc,age      ] GC(7) - age   3:    3613088 bytes,    9229096 total
[2021-12-26T03:07:36.794+0000][25441][gc,age      ] GC(7) - age   4:     398352 bytes,    9627448 total
[2021-12-26T03:07:36.794+0000][25441][gc,age      ] GC(7) - age   5:     637440 bytes,   10264888 total
[2021-12-26T03:07:36.794+0000][25441][gc,phases   ] GC(7)   Pre Evacuate Collection Set: 0.4ms
[2021-12-26T03:07:36.794+0000][25441][gc,phases   ] GC(7)   Merge Heap Roots: 0.1ms
[2021-12-26T03:07:36.794+0000][25441][gc,phases   ] GC(7)   Evacuate Collection Set: 8.8ms
[2021-12-26T03:07:36.794+0000][25441][gc,phases   ] GC(7)   Post Evacuate Collection Set: 0.7ms
[2021-12-26T03:07:36.794+0000][25441][gc,phases   ] GC(7)   Other: 0.2ms
[2021-12-26T03:07:36.794+0000][25441][gc,heap     ] GC(7) Eden regions: 73->0(73)
[2021-12-26T03:07:36.794+0000][25441][gc,heap     ] GC(7) Survivor regions: 3->3(10)
[2021-12-26T03:07:36.794+0000][25441][gc,heap     ] GC(7) Old regions: 2->2
[2021-12-26T03:07:36.794+0000][25441][gc,heap     ] GC(7) Archive regions: 2->2
[2021-12-26T03:07:36.794+0000][25441][gc,heap     ] GC(7) Humongous regions: 0->0
[2021-12-26T03:07:36.794+0000][25441][gc,metaspace] GC(7) Metaspace: 19628K(20032K)->19628K(20032K) NonClass: 17206K(17472K)->17206K(17472K) Class: 2421K(2560K)->2421K(2560K)
[2021-12-26T03:07:36.794+0000][25441][gc          ] GC(7) Pause Young (Normal) (G1 Evacuation Pause) 312M->21M(512M) 10.242ms
[2021-12-26T03:07:36.794+0000][25441][gc,cpu      ] GC(7) User=0.01s Sys=0.00s Real=0.01s
[2021-12-26T03:07:36.794+0000][25441][safepoint   ] Safepoint "G1CollectForAllocation", Time since last: 596932386 ns, Reaching safepoint: 90831 ns, At safepoint: 10316303 ns, Total: 10407134 ns
[2021-12-26T03:07:37.453+0000][25441][safepoint   ] Safepoint "ICBufferFull", Time since last: 658864374 ns, Reaching safepoint: 158388 ns, At safepoint: 3741 ns, Total: 162129 ns
[2021-12-26T03:07:37.454+0000][25441][gc,start    ] GC(8) Pause Young (Normal) (G1 Evacuation Pause)
[2021-12-26T03:07:37.454+0000][25441][gc,task     ] GC(8) Using 2 workers of 2 for evacuation
[2021-12-26T03:07:37.454+0000][25441][gc,age      ] GC(8) Desired survivor size 20971520 bytes, new threshold 15 (max threshold 15)
[2021-12-26T03:07:37.465+0000][25441][gc,age      ] GC(8) Age table with threshold 15 (max threshold 15)
[2021-12-26T03:07:37.465+0000][25441][gc,age      ] GC(8) - age   1:    2585856 bytes,    2585856 total
[2021-12-26T03:07:37.465+0000][25441][gc,age      ] GC(8) - age   2:     589096 bytes,    3174952 total
[2021-12-26T03:07:37.465+0000][25441][gc,age      ] GC(8) - age   3:    3796472 bytes,    6971424 total
[2021-12-26T03:07:37.465+0000][25441][gc,age      ] GC(8) - age   4:    3611624 bytes,   10583048 total
[2021-12-26T03:07:37.465+0000][25441][gc,age      ] GC(8) - age   5:     398352 bytes,   10981400 total
[2021-12-26T03:07:37.465+0000][25441][gc,age      ] GC(8) - age   6:     637360 bytes,   11618760 total
[2021-12-26T03:07:37.465+0000][25441][gc,phases   ] GC(8)   Pre Evacuate Collection Set: 0.1ms
[2021-12-26T03:07:37.465+0000][25441][gc,phases   ] GC(8)   Merge Heap Roots: 0.0ms
[2021-12-26T03:07:37.465+0000][25441][gc,phases   ] GC(8)   Evacuate Collection Set: 9.8ms
[2021-12-26T03:07:37.465+0000][25441][gc,phases   ] GC(8)   Post Evacuate Collection Set: 0.7ms
[2021-12-26T03:07:37.465+0000][25441][gc,phases   ] GC(8)   Other: 0.2ms
[2021-12-26T03:07:37.465+0000][25441][gc,heap     ] GC(8) Eden regions: 73->0(73)
[2021-12-26T03:07:37.465+0000][25441][gc,heap     ] GC(8) Survivor regions: 3->3(10)
[2021-12-26T03:07:37.465+0000][25441][gc,heap     ] GC(8) Old regions: 2->2
[2021-12-26T03:07:37.465+0000][25441][gc,heap     ] GC(8) Archive regions: 2->2
[2021-12-26T03:07:37.465+0000][25441][gc,heap     ] GC(8) Humongous regions: 0->0
[2021-12-26T03:07:37.465+0000][25441][gc,metaspace] GC(8) Metaspace: 20742K(21248K)->20742K(21248K) NonClass: 18173K(18496K)->18173K(18496K) Class: 2569K(2752K)->2569K(2752K)
[2021-12-26T03:07:37.465+0000][25441][gc          ] GC(8) Pause Young (Normal) (G1 Evacuation Pause) 313M->23M(512M) 10.889ms
[2021-12-26T03:07:37.465+0000][25441][gc,cpu      ] GC(8) User=0.02s Sys=0.00s Real=0.01s
[2021-12-26T03:07:37.465+0000][25441][safepoint   ] Safepoint "G1CollectForAllocation", Time since last: 1484468 ns, Reaching safepoint: 25262 ns, At safepoint: 10953440 ns, Total: 10978702 ns
[2021-12-26T03:07:37.742+0000][25441][gc,start    ] GC(9) Pause Young (Concurrent Start) (Metadata GC Threshold)
[2021-12-26T03:07:37.742+0000][25441][gc,task     ] GC(9) Using 2 workers of 2 for evacuation
[2021-12-26T03:07:37.742+0000][25441][gc,age      ] GC(9) Desired survivor size 20971520 bytes, new threshold 15 (max threshold 15)
[2021-12-26T03:07:37.754+0000][25441][gc,age      ] GC(9) Age table with threshold 15 (max threshold 15)
[2021-12-26T03:07:37.754+0000][25441][gc,age      ] GC(9) - age   1:     542104 bytes,     542104 total
[2021-12-26T03:07:37.754+0000][25441][gc,age      ] GC(9) - age   2:    1780768 bytes,    2322872 total
[2021-12-26T03:07:37.754+0000][25441][gc,age      ] GC(9) - age   3:     587560 bytes,    2910432 total
[2021-12-26T03:07:37.754+0000][25441][gc,age      ] GC(9) - age   4:    3796408 bytes,    6706840 total
[2021-12-26T03:07:37.754+0000][25441][gc,age      ] GC(9) - age   5:    3610200 bytes,   10317040 total
[2021-12-26T03:07:37.754+0000][25441][gc,age      ] GC(9) - age   6:     398352 bytes,   10715392 total
[2021-12-26T03:07:37.754+0000][25441][gc,age      ] GC(9) - age   7:     637360 bytes,   11352752 total
[2021-12-26T03:07:37.754+0000][25441][gc,phases   ] GC(9)   Pre Evacuate Collection Set: 0.1ms
[2021-12-26T03:07:37.754+0000][25441][gc,phases   ] GC(9)   Merge Heap Roots: 0.0ms
[2021-12-26T03:07:37.754+0000][25441][gc,phases   ] GC(9)   Evacuate Collection Set: 10.7ms
[2021-12-26T03:07:37.754+0000][25441][gc,phases   ] GC(9)   Post Evacuate Collection Set: 0.8ms
[2021-12-26T03:07:37.754+0000][25441][gc,phases   ] GC(9)   Other: 0.3ms
[2021-12-26T03:07:37.754+0000][25441][gc,heap     ] GC(9) Eden regions: 42->0(73)
[2021-12-26T03:07:37.754+0000][25441][gc,heap     ] GC(9) Survivor regions: 3->3(10)
[2021-12-26T03:07:37.754+0000][25441][gc,heap     ] GC(9) Old regions: 2->2
[2021-12-26T03:07:37.754+0000][25441][gc,heap     ] GC(9) Archive regions: 2->2
[2021-12-26T03:07:37.754+0000][25441][gc,heap     ] GC(9) Humongous regions: 0->0
[2021-12-26T03:07:37.754+0000][25441][gc,metaspace] GC(9) Metaspace: 20977K(21504K)->20977K(21504K) NonClass: 18370K(18688K)->18370K(18688K) Class: 2607K(2816K)->2607K(2816K)
[2021-12-26T03:07:37.754+0000][25441][gc          ] GC(9) Pause Young (Concurrent Start) (Metadata GC Threshold) 189M->22M(512M) 12.006ms
[2021-12-26T03:07:37.754+0000][25441][gc,cpu      ] GC(9) User=0.02s Sys=0.00s Real=0.01s
[2021-12-26T03:07:37.754+0000][25441][safepoint   ] Safepoint "CollectForMetadataAllocation", Time since last: 276853201 ns, Reaching safepoint: 58606 ns, At safepoint: 12170127 ns, Total: 12228733 ns
[2021-12-26T03:07:37.754+0000][25441][gc          ] GC(10) Concurrent Mark Cycle
[2021-12-26T03:07:37.754+0000][25441][gc,marking  ] GC(10) Concurrent Clear Claimed Marks
[2021-12-26T03:07:37.754+0000][25441][gc,marking  ] GC(10) Concurrent Clear Claimed Marks 0.032ms
[2021-12-26T03:07:37.754+0000][25441][gc,marking  ] GC(10) Concurrent Scan Root Regions
[2021-12-26T03:07:37.759+0000][25441][gc,marking  ] GC(10) Concurrent Scan Root Regions 4.741ms
[2021-12-26T03:07:37.759+0000][25441][gc,marking  ] GC(10) Concurrent Mark
[2021-12-26T03:07:37.759+0000][25441][gc,marking  ] GC(10) Concurrent Mark From Roots
[2021-12-26T03:07:37.759+0000][25441][gc,task     ] GC(10) Using 1 workers of 1 for marking
[2021-12-26T03:07:37.794+0000][25441][gc,marking  ] GC(10) Concurrent Mark From Roots 34.524ms
[2021-12-26T03:07:37.794+0000][25441][gc,marking  ] GC(10) Concurrent Preclean
[2021-12-26T03:07:37.794+0000][25441][gc,marking  ] GC(10) Concurrent Preclean 0.101ms
[2021-12-26T03:07:37.794+0000][25441][gc,start    ] GC(10) Pause Remark
[2021-12-26T03:07:37.802+0000][25441][gc          ] GC(10) Pause Remark 36M->36M(512M) 8.293ms
[2021-12-26T03:07:37.802+0000][25441][gc,cpu      ] GC(10) User=0.02s Sys=0.00s Real=0.01s
[2021-12-26T03:07:37.802+0000][25441][safepoint   ] Safepoint "G1Concurrent", Time since last: 39568169 ns, Reaching safepoint: 133617 ns, At safepoint: 8366227 ns, Total: 8499844 ns
[2021-12-26T03:07:37.802+0000][25441][gc,marking  ] GC(10) Concurrent Mark 43.231ms
[2021-12-26T03:07:37.802+0000][25441][gc,marking  ] GC(10) Concurrent Rebuild Remembered Sets
[2021-12-26T03:07:37.822+0000][25441][gc,marking  ] GC(10) Concurrent Rebuild Remembered Sets 19.096ms
[2021-12-26T03:07:37.822+0000][25441][gc,start    ] GC(10) Pause Cleanup
[2021-12-26T03:07:37.822+0000][25441][gc          ] GC(10) Pause Cleanup 40M->40M(512M) 0.092ms
[2021-12-26T03:07:37.822+0000][25441][gc,cpu      ] GC(10) User=0.00s Sys=0.00s Real=0.00s
[2021-12-26T03:07:37.822+0000][25441][safepoint   ] Safepoint "G1Concurrent", Time since last: 19182267 ns, Reaching safepoint: 121427 ns, At safepoint: 134577 ns, Total: 256004 ns
[2021-12-26T03:07:37.822+0000][25441][gc,marking  ] GC(10) Concurrent Cleanup for Next Mark
[2021-12-26T03:07:37.823+0000][25441][gc,marking  ] GC(10) Concurrent Cleanup for Next Mark 1.136ms
[2021-12-26T03:07:37.823+0000][25441][gc          ] GC(10) Concurrent Mark Cycle 68.676ms
[2021-12-26T03:07:38.302+0000][25441][gc,start    ] GC(11) Pause Young (Normal) (G1 Evacuation Pause)
[2021-12-26T03:07:38.302+0000][25441][gc,task     ] GC(11) Using 2 workers of 2 for evacuation
[2021-12-26T03:07:38.303+0000][25441][gc,age      ] GC(11) Desired survivor size 20971520 bytes, new threshold 15 (max threshold 15)
[2021-12-26T03:07:38.314+0000][25441][gc,age      ] GC(11) Age table with threshold 15 (max threshold 15)
[2021-12-26T03:07:38.314+0000][25441][gc,age      ] GC(11) - age   1:    1114472 bytes,    1114472 total
[2021-12-26T03:07:38.314+0000][25441][gc,age      ] GC(11) - age   2:     540368 bytes,    1654840 total
[2021-12-26T03:07:38.314+0000][25441][gc,age      ] GC(11) - age   3:    1780456 bytes,    3435296 total
[2021-12-26T03:07:38.314+0000][25441][gc,age      ] GC(11) - age   4:     586984 bytes,    4022280 total
[2021-12-26T03:07:38.314+0000][25441][gc,age      ] GC(11) - age   5:    3796168 bytes,    7818448 total
[2021-12-26T03:07:38.314+0000][25441][gc,age      ] GC(11) - age   6:    3608552 bytes,   11427000 total
[2021-12-26T03:07:38.314+0000][25441][gc,age      ] GC(11) - age   7:     398320 bytes,   11825320 total
[2021-12-26T03:07:38.314+0000][25441][gc,age      ] GC(11) - age   8:     617448 bytes,   12442768 total
[2021-12-26T03:07:38.314+0000][25441][gc,phases   ] GC(11)   Pre Evacuate Collection Set: 0.1ms
[2021-12-26T03:07:38.314+0000][25441][gc,phases   ] GC(11)   Merge Heap Roots: 0.1ms
[2021-12-26T03:07:38.314+0000][25441][gc,phases   ] GC(11)   Evacuate Collection Set: 10.7ms
[2021-12-26T03:07:38.314+0000][25441][gc,phases   ] GC(11)   Post Evacuate Collection Set: 0.8ms
[2021-12-26T03:07:38.314+0000][25441][gc,phases   ] GC(11)   Other: 0.3ms
[2021-12-26T03:07:38.314+0000][25441][gc,heap     ] GC(11) Eden regions: 73->0(72)
[2021-12-26T03:07:38.314+0000][25441][gc,heap     ] GC(11) Survivor regions: 3->4(10)
[2021-12-26T03:07:38.314+0000][25441][gc,heap     ] GC(11) Old regions: 2->2
[2021-12-26T03:07:38.314+0000][25441][gc,heap     ] GC(11) Archive regions: 2->2
[2021-12-26T03:07:38.314+0000][25441][gc,heap     ] GC(11) Humongous regions: 0->0
[2021-12-26T03:07:38.314+0000][25441][gc,metaspace] GC(11) Metaspace: 21058K(21632K)->21058K(21632K) NonClass: 18433K(18816K)->18433K(18816K) Class: 2624K(2816K)->2624K(2816K)
[2021-12-26T03:07:38.314+0000][25441][gc          ] GC(11) Pause Young (Normal) (G1 Evacuation Pause) 314M->24M(512M) 11.979ms
[2021-12-26T03:07:38.314+0000][25441][gc,cpu      ] GC(11) User=0.02s Sys=0.00s Real=0.01s
[2021-12-26T03:07:38.314+0000][25441][safepoint   ] Safepoint "G1CollectForAllocation", Time since last: 480443716 ns, Reaching safepoint: 64492 ns, At safepoint: 12056378 ns, Total: 12120870 ns
[2021-12-26T03:07:38.745+0000][25441][safepoint   ] Safepoint "ICBufferFull", Time since last: 429884365 ns, Reaching safepoint: 178753 ns, At safepoint: 6136 ns, Total: 184889 ns
[2021-12-26T03:07:38.746+0000][25441][safepoint   ] Safepoint "ICBufferFull", Time since last: 1020438 ns, Reaching safepoint: 138090 ns, At safepoint: 5625 ns, Total: 143715 ns
[2021-12-26T03:07:38.747+0000][25441][safepoint   ] Safepoint "ICBufferFull", Time since last: 1087287 ns, Reaching safepoint: 230358 ns, At safepoint: 8988 ns, Total: 239346 ns
[2021-12-26T03:07:38.748+0000][25441][safepoint   ] Safepoint "ICBufferFull", Time since last: 1037601 ns, Reaching safepoint: 131732 ns, At safepoint: 7743 ns, Total: 139475 ns
[2021-12-26T03:07:38.765+0000][25441][safepoint   ] Safepoint "ICBufferFull", Time since last: 16265544 ns, Reaching safepoint: 703387 ns, At safepoint: 4839 ns, Total: 708226 ns
[2021-12-26T03:07:38.766+0000][25441][safepoint   ] Safepoint "ICBufferFull", Time since last: 997730 ns, Reaching safepoint: 22790 ns, At safepoint: 2672 ns, Total: 25462 ns
[2021-12-26T03:07:38.811+0000][25441][safepoint   ] Safepoint "ICBufferFull", Time since last: 45190376 ns, Reaching safepoint: 40320 ns, At safepoint: 3497 ns, Total: 43817 ns
[2021-12-26T03:07:38.818+0000][25441][safepoint   ] Safepoint "ICBufferFull", Time since last: 6619878 ns, Reaching safepoint: 138077 ns, At safepoint: 5214 ns, Total: 143291 ns
[2021-12-26T03:07:38.841+0000][25441][safepoint   ] Safepoint "ICBufferFull", Time since last: 22498440 ns, Reaching safepoint: 33330 ns, At safepoint: 3401 ns, Total: 36731 ns
[2021-12-26T03:07:38.927+0000][25441][safepoint   ] Safepoint "ICBufferFull", Time since last: 86365593 ns, Reaching safepoint: 192772 ns, At safepoint: 5195 ns, Total: 197967 ns
[2021-12-26T03:07:38.928+0000][25441][safepoint   ] Safepoint "ICBufferFull", Time since last: 1027422 ns, Reaching safepoint: 25735 ns, At safepoint: 3133 ns, Total: 28868 ns
[2021-12-26T03:07:38.930+0000][25441][safepoint   ] Safepoint "ICBufferFull", Time since last: 1814067 ns, Reaching safepoint: 25014 ns, At safepoint: 2737 ns, Total: 27751 ns
[2021-12-26T03:07:38.949+0000][25441][safepoint   ] Safepoint "ICBufferFull", Time since last: 18700111 ns, Reaching safepoint: 25801 ns, At safepoint: 2837 ns, Total: 28638 ns
[2021-12-26T03:07:38.950+0000][25441][safepoint   ] Safepoint "ICBufferFull", Time since last: 972866 ns, Reaching safepoint: 22555 ns, At safepoint: 2613 ns, Total: 25168 ns
[2021-12-26T03:07:39.074+0000][25441][safepoint   ] Safepoint "ICBufferFull", Time since last: 123552297 ns, Reaching safepoint: 73263 ns, At safepoint: 4115 ns, Total: 77378 ns
[2021-12-26T03:07:39.076+0000][25441][safepoint   ] Safepoint "ICBufferFull", Time since last: 2374739 ns, Reaching safepoint: 57936 ns, At safepoint: 3701 ns, Total: 61637 ns
[2021-12-26T03:07:39.078+0000][25441][safepoint   ] Safepoint "ICBufferFull", Time since last: 2194285 ns, Reaching safepoint: 24286 ns, At safepoint: 2822 ns, Total: 27108 ns
[2021-12-26T03:07:39.079+0000][25441][safepoint   ] Safepoint "ICBufferFull", Time since last: 957028 ns, Reaching safepoint: 45275 ns, At safepoint: 3375 ns, Total: 48650 ns
[2021-12-26T03:07:39.081+0000][25441][safepoint   ] Safepoint "ICBufferFull", Time since last: 1857644 ns, Reaching safepoint: 26045 ns, At safepoint: 2821 ns, Total: 28866 ns
[2021-12-26T03:07:39.082+0000][25441][safepoint   ] Safepoint "ICBufferFull", Time since last: 1337713 ns, Reaching safepoint: 22427 ns, At safepoint: 3953 ns, Total: 26380 ns
[2021-12-26T03:07:40.129+0000][25441][safepoint   ] Safepoint "Cleanup", Time since last: 1046670497 ns, Reaching safepoint: 239024 ns, At safepoint: 11275 ns, Total: 250299 ns
[2021-12-26T03:07:41.130+0000][25441][safepoint   ] Safepoint "Cleanup", Time since last: 1000749181 ns, Reaching safepoint: 168591 ns, At safepoint: 5749 ns, Total: 174340 ns
[2021-12-26T03:07:41.697+0000][25441][gc,start    ] GC(12) Pause Young (Normal) (G1 Evacuation Pause)
[2021-12-26T03:07:41.697+0000][25441][gc,task     ] GC(12) Using 2 workers of 2 for evacuation
[2021-12-26T03:07:41.697+0000][25441][gc,age      ] GC(12) Desired survivor size 20971520 bytes, new threshold 15 (max threshold 15)
[2021-12-26T03:07:41.778+0000][25441][gc,age      ] GC(12) Age table with threshold 15 (max threshold 15)
[2021-12-26T03:07:41.778+0000][25441][gc,age      ] GC(12) - age   1:   26095808 bytes,   26095808 total
[2021-12-26T03:07:41.778+0000][25441][gc,age      ] GC(12) - age   2:     649560 bytes,   26745368 total
[2021-12-26T03:07:41.778+0000][25441][gc,age      ] GC(12) - age   3:     529016 bytes,   27274384 total
[2021-12-26T03:07:41.778+0000][25441][gc,age      ] GC(12) - age   4:    1759784 bytes,   29034168 total
[2021-12-26T03:07:41.778+0000][25441][gc,age      ] GC(12) - age   5:     575952 bytes,   29610120 total
[2021-12-26T03:07:41.778+0000][25441][gc,age      ] GC(12) - age   6:    3779784 bytes,   33389904 total
[2021-12-26T03:07:41.778+0000][25441][gc,age      ] GC(12) - age   7:    3561944 bytes,   36951848 total
[2021-12-26T03:07:41.778+0000][25441][gc,age      ] GC(12) - age   8:     354192 bytes,   37306040 total
[2021-12-26T03:07:41.778+0000][25441][gc,age      ] GC(12) - age   9:     616776 bytes,   37922816 total
[2021-12-26T03:07:41.778+0000][25441][gc,phases   ] GC(12)   Pre Evacuate Collection Set: 0.1ms
[2021-12-26T03:07:41.778+0000][25441][gc,phases   ] GC(12)   Merge Heap Roots: 0.1ms
[2021-12-26T03:07:41.778+0000][25441][gc,phases   ] GC(12)   Evacuate Collection Set: 72.1ms
[2021-12-26T03:07:41.778+0000][25441][gc,phases   ] GC(12)   Post Evacuate Collection Set: 8.3ms
[2021-12-26T03:07:41.778+0000][25441][gc,phases   ] GC(12)   Other: 0.3ms
[2021-12-26T03:07:41.778+0000][25441][gc,heap     ] GC(12) Eden regions: 72->0(66)
[2021-12-26T03:07:41.778+0000][25441][gc,heap     ] GC(12) Survivor regions: 4->10(10)
[2021-12-26T03:07:41.778+0000][25441][gc,heap     ] GC(12) Old regions: 2->2
[2021-12-26T03:07:41.778+0000][25441][gc,heap     ] GC(12) Archive regions: 2->2
[2021-12-26T03:07:41.778+0000][25441][gc,heap     ] GC(12) Humongous regions: 0->0
[2021-12-26T03:07:41.778+0000][25441][gc,metaspace] GC(12) Metaspace: 31232K(32256K)->31232K(32256K) NonClass: 27221K(27840K)->27221K(27840K) Class: 4010K(4416K)->4010K(4416K)
[2021-12-26T03:07:41.778+0000][25441][gc          ] GC(12) Pause Young (Normal) (G1 Evacuation Pause) 312M->48M(512M) 80.866ms
[2021-12-26T03:07:41.778+0000][25441][gc,cpu      ] GC(12) User=0.17s Sys=0.00s Real=0.08s
[2021-12-26T03:07:41.778+0000][25441][safepoint   ] Safepoint "G1CollectForAllocation", Time since last: 566675482 ns, Reaching safepoint: 109219 ns, At safepoint: 80966362 ns, Total: 81075581 ns
[2021-12-26T03:07:42.190+0000][25441][gc,start    ] GC(13) Pause Young (Concurrent Start) (Metadata GC Threshold)
[2021-12-26T03:07:42.190+0000][25441][gc,task     ] GC(13) Using 2 workers of 2 for evacuation
[2021-12-26T03:07:42.190+0000][25441][gc,age      ] GC(13) Desired survivor size 20971520 bytes, new threshold 1 (max threshold 15)
[2021-12-26T03:07:42.249+0000][25441][gc,age      ] GC(13) Age table with threshold 1 (max threshold 15)
[2021-12-26T03:07:42.249+0000][25441][gc,age      ] GC(13) - age   1:    1282904 bytes,    1282904 total
[2021-12-26T03:07:42.249+0000][25441][gc,phases   ] GC(13)   Pre Evacuate Collection Set: 0.1ms
[2021-12-26T03:07:42.249+0000][25441][gc,phases   ] GC(13)   Merge Heap Roots: 0.1ms
[2021-12-26T03:07:42.249+0000][25441][gc,phases   ] GC(13)   Evacuate Collection Set: 57.2ms
[2021-12-26T03:07:42.249+0000][25441][gc,phases   ] GC(13)   Post Evacuate Collection Set: 1.3ms
[2021-12-26T03:07:42.249+0000][25441][gc,phases   ] GC(13)   Other: 0.2ms
[2021-12-26T03:07:42.249+0000][25441][gc,heap     ] GC(13) Eden regions: 7->0(75)
[2021-12-26T03:07:42.249+0000][25441][gc,heap     ] GC(13) Survivor regions: 10->1(10)
[2021-12-26T03:07:42.249+0000][25441][gc,heap     ] GC(13) Old regions: 2->11
[2021-12-26T03:07:42.249+0000][25441][gc,heap     ] GC(13) Archive regions: 2->2
[2021-12-26T03:07:42.249+0000][25441][gc,heap     ] GC(13) Humongous regions: 0->0
[2021-12-26T03:07:42.249+0000][25441][gc,metaspace] GC(13) Metaspace: 34997K(35968K)->34997K(35968K) NonClass: 30348K(30912K)->30348K(30912K) Class: 4648K(5056K)->4648K(5056K)
[2021-12-26T03:07:42.249+0000][25441][gc          ] GC(13) Pause Young (Concurrent Start) (Metadata GC Threshold) 76M->51M(512M) 58.976ms
[2021-12-26T03:07:42.249+0000][25441][gc,cpu      ] GC(13) User=0.12s Sys=0.00s Real=0.06s
[2021-12-26T03:07:42.249+0000][25441][gc          ] GC(14) Concurrent Mark Cycle
[2021-12-26T03:07:42.249+0000][25441][gc,marking  ] GC(14) Concurrent Clear Claimed Marks
[2021-12-26T03:07:42.249+0000][25441][safepoint   ] Safepoint "CollectForMetadataAllocation", Time since last: 412071645 ns, Reaching safepoint: 140685 ns, At safepoint: 59127813 ns, Total: 59268498 ns
[2021-12-26T03:07:42.249+0000][25441][gc,marking  ] GC(14) Concurrent Clear Claimed Marks 0.083ms
[2021-12-26T03:07:42.249+0000][25441][gc,marking  ] GC(14) Concurrent Scan Root Regions
[2021-12-26T03:07:42.289+0000][25441][gc,marking  ] GC(14) Concurrent Scan Root Regions 39.246ms
[2021-12-26T03:07:42.289+0000][25441][gc,marking  ] GC(14) Concurrent Mark
[2021-12-26T03:07:42.289+0000][25441][gc,marking  ] GC(14) Concurrent Mark From Roots
[2021-12-26T03:07:42.289+0000][25441][gc,task     ] GC(14) Using 1 workers of 1 for marking
[2021-12-26T03:07:42.293+0000][25441][safepoint   ] Safepoint "CollectForMetadataAllocation", Time since last: 42752703 ns, Reaching safepoint: 1047535 ns, At safepoint: 86077 ns, Total: 1133612 ns
[2021-12-26T03:07:42.306+0000][25441][gc,marking  ] GC(14) Concurrent Mark From Roots 16.785ms
[2021-12-26T03:07:42.306+0000][25441][gc,marking  ] GC(14) Concurrent Preclean
[2021-12-26T03:07:42.306+0000][25441][gc,marking  ] GC(14) Concurrent Preclean 0.089ms
[2021-12-26T03:07:42.306+0000][25441][gc,start    ] GC(14) Pause Remark
[2021-12-26T03:07:42.312+0000][25441][gc          ] GC(14) Pause Remark 53M->53M(512M) 5.385ms
[2021-12-26T03:07:42.312+0000][25441][gc,cpu      ] GC(14) User=0.00s Sys=0.00s Real=0.01s
[2021-12-26T03:07:42.312+0000][25441][safepoint   ] Safepoint "G1Concurrent", Time since last: 12425810 ns, Reaching safepoint: 456062 ns, At safepoint: 5449609 ns, Total: 5905671 ns
[2021-12-26T03:07:42.312+0000][25441][gc,marking  ] GC(14) Concurrent Mark 22.886ms
[2021-12-26T03:07:42.312+0000][25441][gc,marking  ] GC(14) Concurrent Rebuild Remembered Sets
[2021-12-26T03:07:42.424+0000][25441][gc,marking  ] GC(14) Concurrent Rebuild Remembered Sets 112.135ms
[2021-12-26T03:07:42.424+0000][25441][gc,start    ] GC(14) Pause Cleanup
[2021-12-26T03:07:42.424+0000][25441][gc          ] GC(14) Pause Cleanup 61M->61M(512M) 0.093ms
[2021-12-26T03:07:42.424+0000][25441][gc,cpu      ] GC(14) User=0.00s Sys=0.00s Real=0.00s
[2021-12-26T03:07:42.424+0000][25441][safepoint   ] Safepoint "G1Concurrent", Time since last: 112247964 ns, Reaching safepoint: 162962 ns, At safepoint: 157009 ns, Total: 319971 ns
[2021-12-26T03:07:42.434+0000][25441][gc,marking  ] GC(14) Concurrent Cleanup for Next Mark
[2021-12-26T03:07:42.445+0000][25441][gc,marking  ] GC(14) Concurrent Cleanup for Next Mark 10.969ms
[2021-12-26T03:07:42.445+0000][25441][gc          ] GC(14) Concurrent Mark Cycle 195.845ms
[2021-12-26T03:07:43.827+0000][25441][safepoint   ] Safepoint "Cleanup", Time since last: 1403151372 ns, Reaching safepoint: 135649 ns, At safepoint: 4812 ns, Total: 140461 ns
[2021-12-26T03:07:44.863+0000][25441][safepoint   ] Safepoint "Cleanup", Time since last: 1035656887 ns, Reaching safepoint: 214414 ns, At safepoint: 7055 ns, Total: 221469 ns
[2021-12-26T03:07:45.658+0000][25441][gc,start    ] GC(15) Pause Young (Prepare Mixed) (G1 Evacuation Pause)
[2021-12-26T03:07:45.658+0000][25441][gc,task     ] GC(15) Using 2 workers of 2 for evacuation
[2021-12-26T03:07:45.658+0000][25441][gc,age      ] GC(15) Desired survivor size 20971520 bytes, new threshold 15 (max threshold 15)
[2021-12-26T03:07:45.676+0000][25441][gc,age      ] GC(15) Age table with threshold 15 (max threshold 15)
[2021-12-26T03:07:45.676+0000][25441][gc,age      ] GC(15) - age   1:    6127144 bytes,    6127144 total
[2021-12-26T03:07:45.676+0000][25441][gc,age      ] GC(15) - age   2:    1219272 bytes,    7346416 total
[2021-12-26T03:07:45.676+0000][25441][gc,phases   ] GC(15)   Pre Evacuate Collection Set: 0.1ms
[2021-12-26T03:07:45.676+0000][25441][gc,phases   ] GC(15)   Merge Heap Roots: 0.1ms
[2021-12-26T03:07:45.676+0000][25441][gc,phases   ] GC(15)   Evacuate Collection Set: 16.5ms
[2021-12-26T03:07:45.676+0000][25441][gc,phases   ] GC(15)   Post Evacuate Collection Set: 1.2ms
[2021-12-26T03:07:45.676+0000][25441][gc,phases   ] GC(15)   Other: 0.2ms
[2021-12-26T03:07:45.676+0000][25441][gc,heap     ] GC(15) Eden regions: 75->0(4)
[2021-12-26T03:07:45.676+0000][25441][gc,heap     ] GC(15) Survivor regions: 1->2(10)
[2021-12-26T03:07:45.676+0000][25441][gc,heap     ] GC(15) Old regions: 11->11
[2021-12-26T03:07:45.676+0000][25441][gc,heap     ] GC(15) Archive regions: 2->2
[2021-12-26T03:07:45.676+0000][25441][gc,heap     ] GC(15) Humongous regions: 0->0
[2021-12-26T03:07:45.676+0000][25441][gc,metaspace] GC(15) Metaspace: 52216K(53440K)->52216K(53440K) NonClass: 45126K(45888K)->45126K(45888K) Class: 7090K(7552K)->7090K(7552K)
[2021-12-26T03:07:45.676+0000][25441][gc          ] GC(15) Pause Young (Prepare Mixed) (G1 Evacuation Pause) 351M->55M(512M) 18.140ms
[2021-12-26T03:07:45.676+0000][25441][gc,cpu      ] GC(15) User=0.03s Sys=0.00s Real=0.02s
[2021-12-26T03:07:45.676+0000][25441][safepoint   ] Safepoint "G1CollectForAllocation", Time since last: 794275594 ns, Reaching safepoint: 119320 ns, At safepoint: 18216425 ns, Total: 18335745 ns
[2021-12-26T03:07:45.791+0000][25441][gc,start    ] GC(16) Pause Young (Mixed) (G1 Evacuation Pause)
[2021-12-26T03:07:45.791+0000][25441][gc,task     ] GC(16) Using 2 workers of 2 for evacuation
[2021-12-26T03:07:45.791+0000][25441][gc,age      ] GC(16) Desired survivor size 2097152 bytes, new threshold 1 (max threshold 15)
[2021-12-26T03:07:45.815+0000][25441][gc,age      ] GC(16) Age table with threshold 1 (max threshold 15)
[2021-12-26T03:07:45.815+0000][25441][gc,age      ] GC(16) - age   1:       5336 bytes,       5336 total
[2021-12-26T03:07:45.815+0000][25441][gc,phases   ] GC(16)   Pre Evacuate Collection Set: 0.1ms
[2021-12-26T03:07:45.815+0000][25441][gc,phases   ] GC(16)   Merge Heap Roots: 0.3ms
[2021-12-26T03:07:45.815+0000][25441][gc,phases   ] GC(16)   Evacuate Collection Set: 23.1ms
[2021-12-26T03:07:45.815+0000][25441][gc,phases   ] GC(16)   Post Evacuate Collection Set: 1.1ms
[2021-12-26T03:07:45.815+0000][25441][gc,phases   ] GC(16)   Other: 0.2ms
[2021-12-26T03:07:45.815+0000][25441][gc,heap     ] GC(16) Eden regions: 4->0(75)
[2021-12-26T03:07:45.815+0000][25441][gc,heap     ] GC(16) Survivor regions: 2->1(1)
[2021-12-26T03:07:45.815+0000][25441][gc,heap     ] GC(16) Old regions: 11->13
[2021-12-26T03:07:45.815+0000][25441][gc,heap     ] GC(16) Archive regions: 2->2
[2021-12-26T03:07:45.816+0000][25441][gc,heap     ] GC(16) Humongous regions: 0->0
[2021-12-26T03:07:45.816+0000][25441][gc,metaspace] GC(16) Metaspace: 52222K(53440K)->52222K(53440K) NonClass: 45129K(45888K)->45129K(45888K) Class: 7092K(7552K)->7092K(7552K)
[2021-12-26T03:07:45.816+0000][25441][gc          ] GC(16) Pause Young (Mixed) (G1 Evacuation Pause) 71M->56M(512M) 24.795ms
[2021-12-26T03:07:45.816+0000][25441][gc,cpu      ] GC(16) User=0.05s Sys=0.00s Real=0.03s
[2021-12-26T03:07:45.816+0000][25441][safepoint   ] Safepoint "G1CollectForAllocation", Time since last: 114710504 ns, Reaching safepoint: 28253 ns, At safepoint: 24867584 ns, Total: 24895837 ns
[2021-12-26T03:07:47.363+0000][25441][gc,start    ] GC(17) Pause Young (Concurrent Start) (Metadata GC Threshold)
[2021-12-26T03:07:47.363+0000][25441][gc,task     ] GC(17) Using 2 workers of 2 for evacuation
[2021-12-26T03:07:47.363+0000][25441][gc,age      ] GC(17) Desired survivor size 20971520 bytes, new threshold 15 (max threshold 15)
[2021-12-26T03:07:47.374+0000][25441][gc,age      ] GC(17) Age table with threshold 15 (max threshold 15)
[2021-12-26T03:07:47.374+0000][25441][gc,age      ] GC(17) - age   1:    4181280 bytes,    4181280 total
[2021-12-26T03:07:47.374+0000][25441][gc,age      ] GC(17) - age   2:       2768 bytes,    4184048 total
[2021-12-26T03:07:47.375+0000][25441][gc,phases   ] GC(17)   Pre Evacuate Collection Set: 0.1ms
[2021-12-26T03:07:47.375+0000][25441][gc,phases   ] GC(17)   Merge Heap Roots: 0.1ms
[2021-12-26T03:07:47.375+0000][25441][gc,phases   ] GC(17)   Evacuate Collection Set: 9.9ms
[2021-12-26T03:07:47.375+0000][25441][gc,phases   ] GC(17)   Post Evacuate Collection Set: 1.2ms
[2021-12-26T03:07:47.375+0000][25441][gc,phases   ] GC(17)   Other: 0.2ms
[2021-12-26T03:07:47.375+0000][25441][gc,heap     ] GC(17) Eden regions: 20->0(74)
[2021-12-26T03:07:47.375+0000][25441][gc,heap     ] GC(17) Survivor regions: 1->2(10)
[2021-12-26T03:07:47.375+0000][25441][gc,heap     ] GC(17) Old regions: 13->13
[2021-12-26T03:07:47.375+0000][25441][gc,heap     ] GC(17) Archive regions: 2->2
[2021-12-26T03:07:47.375+0000][25441][gc,heap     ] GC(17) Humongous regions: 0->0
[2021-12-26T03:07:47.375+0000][25441][gc,metaspace] GC(17) Metaspace: 59415K(60608K)->59415K(60608K) NonClass: 51320K(52032K)->51320K(52032K) Class: 8095K(8576K)->8095K(8576K)
[2021-12-26T03:07:47.375+0000][25441][gc          ] GC(17) Pause Young (Concurrent Start) (Metadata GC Threshold) 134M->58M(512M) 11.649ms
[2021-12-26T03:07:47.375+0000][25441][gc,cpu      ] GC(17) User=0.02s Sys=0.00s Real=0.01s
[2021-12-26T03:07:47.375+0000][25441][gc          ] GC(18) Concurrent Mark Cycle
[2021-12-26T03:07:47.375+0000][25441][gc,marking  ] GC(18) Concurrent Clear Claimed Marks
[2021-12-26T03:07:47.375+0000][25441][safepoint   ] Safepoint "CollectForMetadataAllocation", Time since last: 1546213195 ns, Reaching safepoint: 1156880 ns, At safepoint: 11801182 ns, Total: 12958062 ns
[2021-12-26T03:07:47.375+0000][25441][gc,marking  ] GC(18) Concurrent Clear Claimed Marks 0.055ms
[2021-12-26T03:07:47.375+0000][25441][gc,marking  ] GC(18) Concurrent Scan Root Regions
[2021-12-26T03:07:47.382+0000][25441][gc,marking  ] GC(18) Concurrent Scan Root Regions 7.696ms
[2021-12-26T03:07:47.382+0000][25441][gc,marking  ] GC(18) Concurrent Mark
[2021-12-26T03:07:47.383+0000][25441][gc,marking  ] GC(18) Concurrent Mark From Roots
[2021-12-26T03:07:47.383+0000][25441][gc,task     ] GC(18) Using 1 workers of 1 for marking
[2021-12-26T03:07:47.523+0000][25441][gc,marking  ] GC(18) Concurrent Mark From Roots 140.876ms
[2021-12-26T03:07:47.523+0000][25441][gc,marking  ] GC(18) Concurrent Preclean
[2021-12-26T03:07:47.524+0000][25441][gc,marking  ] GC(18) Concurrent Preclean 0.177ms
[2021-12-26T03:07:47.524+0000][25441][gc,start    ] GC(18) Pause Remark
[2021-12-26T03:07:47.532+0000][25441][gc          ] GC(18) Pause Remark 66M->66M(512M) 7.662ms
[2021-12-26T03:07:47.532+0000][25441][gc,cpu      ] GC(18) User=0.01s Sys=0.00s Real=0.01s
[2021-12-26T03:07:47.532+0000][25441][safepoint   ] Safepoint "G1Concurrent", Time since last: 148902044 ns, Reaching safepoint: 583157 ns, At safepoint: 7741617 ns, Total: 8324774 ns
[2021-12-26T03:07:47.532+0000][25441][gc,marking  ] GC(18) Concurrent Mark 149.504ms
[2021-12-26T03:07:47.532+0000][25441][gc,marking  ] GC(18) Concurrent Rebuild Remembered Sets
[2021-12-26T03:07:47.691+0000][25441][gc,marking  ] GC(18) Concurrent Rebuild Remembered Sets 158.527ms
[2021-12-26T03:07:47.701+0000][25441][gc,start    ] GC(18) Pause Cleanup
[2021-12-26T03:07:47.701+0000][25441][gc          ] GC(18) Pause Cleanup 78M->78M(512M) 0.094ms
[2021-12-26T03:07:47.701+0000][25441][gc,cpu      ] GC(18) User=0.00s Sys=0.00s Real=0.00s
[2021-12-26T03:07:47.701+0000][25441][safepoint   ] Safepoint "G1Concurrent", Time since last: 169156892 ns, Reaching safepoint: 138092 ns, At safepoint: 134835 ns, Total: 272927 ns
[2021-12-26T03:07:47.701+0000][25441][gc,marking  ] GC(18) Concurrent Cleanup for Next Mark
[2021-12-26T03:07:47.702+0000][25441][gc,marking  ] GC(18) Concurrent Cleanup for Next Mark 1.067ms
[2021-12-26T03:07:47.703+0000][25441][gc          ] GC(18) Concurrent Mark Cycle 327.839ms
[2021-12-26T03:07:49.219+0000][25441][safepoint   ] Safepoint "Cleanup", Time since last: 1516734503 ns, Reaching safepoint: 536593 ns, At safepoint: 11392 ns, Total: 547985 ns
[2021-12-26T03:07:50.014+0000][25441][safepoint   ] Safepoint "ICBufferFull", Time since last: 795171648 ns, Reaching safepoint: 381961 ns, At safepoint: 10831 ns, Total: 392792 ns
[2021-12-26T03:07:51.094+0000][25441][safepoint   ] Safepoint "Cleanup", Time since last: 1079074438 ns, Reaching safepoint: 340053 ns, At safepoint: 13097 ns, Total: 353150 ns
[2021-12-26T03:07:51.617+0000][25441][safepoint   ] Safepoint "ICBufferFull", Time since last: 523511889 ns, Reaching safepoint: 160907 ns, At safepoint: 4926 ns, Total: 165833 ns
[2021-12-26T03:07:51.682+0000][25441][gc,start    ] GC(19) Pause Young (Normal) (G1 Evacuation Pause)
[2021-12-26T03:07:51.682+0000][25441][gc,task     ] GC(19) Using 2 workers of 2 for evacuation
[2021-12-26T03:07:51.682+0000][25441][gc,age      ] GC(19) Desired survivor size 20971520 bytes, new threshold 15 (max threshold 15)
[2021-12-26T03:07:51.719+0000][25441][gc,age      ] GC(19) Age table with threshold 15 (max threshold 15)
[2021-12-26T03:07:51.719+0000][25441][gc,age      ] GC(19) - age   1:   12493944 bytes,   12493944 total
[2021-12-26T03:07:51.719+0000][25441][gc,age      ] GC(19) - age   2:    4016952 bytes,   16510896 total
[2021-12-26T03:07:51.719+0000][25441][gc,age      ] GC(19) - age   3:       2768 bytes,   16513664 total
[2021-12-26T03:07:51.719+0000][25441][gc,phases   ] GC(19)   Pre Evacuate Collection Set: 0.1ms
[2021-12-26T03:07:51.719+0000][25441][gc,phases   ] GC(19)   Merge Heap Roots: 0.3ms
[2021-12-26T03:07:51.719+0000][25441][gc,phases   ] GC(19)   Evacuate Collection Set: 33.5ms
[2021-12-26T03:07:51.719+0000][25441][gc,phases   ] GC(19)   Post Evacuate Collection Set: 2.5ms
[2021-12-26T03:07:51.719+0000][25441][gc,phases   ] GC(19)   Other: 0.2ms
[2021-12-26T03:07:51.719+0000][25441][gc,heap     ] GC(19) Eden regions: 74->0(72)
[2021-12-26T03:07:51.719+0000][25441][gc,heap     ] GC(19) Survivor regions: 2->4(10)
[2021-12-26T03:07:51.719+0000][25441][gc,heap     ] GC(19) Old regions: 13->13
[2021-12-26T03:07:51.719+0000][25441][gc,heap     ] GC(19) Archive regions: 2->2
[2021-12-26T03:07:51.719+0000][25441][gc,heap     ] GC(19) Humongous regions: 0->0
[2021-12-26T03:07:51.719+0000][25441][gc,metaspace] GC(19) Metaspace: 89819K(91328K)->89819K(91328K) NonClass: 77285K(78208K)->77285K(78208K) Class: 12533K(13120K)->12533K(13120K)
[2021-12-26T03:07:51.719+0000][25441][gc          ] GC(19) Pause Young (Normal) (G1 Evacuation Pause) 354M->70M(512M) 36.588ms
[2021-12-26T03:07:51.719+0000][25441][gc,cpu      ] GC(19) User=0.07s Sys=0.01s Real=0.03s
[2021-12-26T03:07:51.719+0000][25441][safepoint   ] Safepoint "G1CollectForAllocation", Time since last: 64344987 ns, Reaching safepoint: 364143 ns, At safepoint: 36673711 ns, Total: 37037854 ns
[2021-12-26T03:07:52.804+0000][25441][safepoint   ] Safepoint "ICBufferFull", Time since last: 1085064124 ns, Reaching safepoint: 292780 ns, At safepoint: 32756 ns, Total: 325536 ns
[2021-12-26T03:07:53.512+0000][25441][gc,start    ] GC(20) Pause Young (Concurrent Start) (Metadata GC Threshold)
[2021-12-26T03:07:53.512+0000][25441][gc,task     ] GC(20) Using 2 workers of 2 for evacuation
[2021-12-26T03:07:53.512+0000][25441][gc,age      ] GC(20) Desired survivor size 20971520 bytes, new threshold 15 (max threshold 15)
[2021-12-26T03:07:53.577+0000][25441][gc,age      ] GC(20) Age table with threshold 15 (max threshold 15)
[2021-12-26T03:07:53.577+0000][25441][gc,age      ] GC(20) - age   1:    6580768 bytes,    6580768 total
[2021-12-26T03:07:53.577+0000][25441][gc,age      ] GC(20) - age   2:   12128520 bytes,   18709288 total
[2021-12-26T03:07:53.577+0000][25441][gc,age      ] GC(20) - age   3:    4005296 bytes,   22714584 total
[2021-12-26T03:07:53.577+0000][25441][gc,age      ] GC(20) - age   4:       2768 bytes,   22717352 total
[2021-12-26T03:07:53.577+0000][25441][gc,phases   ] GC(20)   Pre Evacuate Collection Set: 0.2ms
[2021-12-26T03:07:53.577+0000][25441][gc,phases   ] GC(20)   Merge Heap Roots: 0.2ms
[2021-12-26T03:07:53.577+0000][25441][gc,phases   ] GC(20)   Evacuate Collection Set: 62.8ms
[2021-12-26T03:07:53.577+0000][25441][gc,phases   ] GC(20)   Post Evacuate Collection Set: 1.7ms
[2021-12-26T03:07:53.577+0000][25441][gc,phases   ] GC(20)   Other: 0.3ms
[2021-12-26T03:07:53.577+0000][25441][gc,heap     ] GC(20) Eden regions: 33->0(70)
[2021-12-26T03:07:53.577+0000][25441][gc,heap     ] GC(20) Survivor regions: 4->6(10)
[2021-12-26T03:07:53.577+0000][25441][gc,heap     ] GC(20) Old regions: 13->13
[2021-12-26T03:07:53.577+0000][25441][gc,heap     ] GC(20) Archive regions: 2->2
[2021-12-26T03:07:53.577+0000][25441][gc,heap     ] GC(20) Humongous regions: 2->2
[2021-12-26T03:07:53.577+0000][25441][gc,metaspace] GC(20) Metaspace: 99810K(101248K)->99810K(101248K) NonClass: 85669K(86528K)->85669K(86528K) Class: 14140K(14720K)->14140K(14720K)
[2021-12-26T03:07:53.577+0000][25441][gc          ] GC(20) Pause Young (Concurrent Start) (Metadata GC Threshold) 209M->85M(512M) 65.242ms
[2021-12-26T03:07:53.577+0000][25441][gc,cpu      ] GC(20) User=0.13s Sys=0.00s Real=0.06s
[2021-12-26T03:07:53.577+0000][25441][gc          ] GC(21) Concurrent Mark Cycle
[2021-12-26T03:07:53.577+0000][25441][gc,marking  ] GC(21) Concurrent Clear Claimed Marks
[2021-12-26T03:07:53.577+0000][25441][safepoint   ] Safepoint "CollectForMetadataAllocation", Time since last: 707165968 ns, Reaching safepoint: 187040 ns, At safepoint: 65422867 ns, Total: 65609907 ns
[2021-12-26T03:07:53.577+0000][25441][gc,marking  ] GC(21) Concurrent Clear Claimed Marks 0.117ms
[2021-12-26T03:07:53.577+0000][25441][gc,marking  ] GC(21) Concurrent Scan Root Regions
[2021-12-26T03:07:53.588+0000][25441][safepoint   ] Safepoint "CollectForMetadataAllocation", Time since last: 11313716 ns, Reaching safepoint: 40341 ns, At safepoint: 10126 ns, Total: 50467 ns
[2021-12-26T03:07:53.666+0000][25441][gc,marking  ] GC(21) Concurrent Scan Root Regions 89.141ms
[2021-12-26T03:07:53.666+0000][25441][gc,marking  ] GC(21) Concurrent Mark
[2021-12-26T03:07:53.666+0000][25441][gc,marking  ] GC(21) Concurrent Mark From Roots
[2021-12-26T03:07:53.666+0000][25441][gc,task     ] GC(21) Using 1 workers of 1 for marking
[2021-12-26T03:07:53.673+0000][25441][safepoint   ] Safepoint "CollectForMetadataAllocation", Time since last: 83604887 ns, Reaching safepoint: 1180283 ns, At safepoint: 93961 ns, Total: 1274244 ns
[2021-12-26T03:07:53.698+0000][25441][safepoint   ] Safepoint "CollectForMetadataAllocation", Time since last: 17987371 ns, Reaching safepoint: 7135311 ns, At safepoint: 20237 ns, Total: 7155548 ns
[2021-12-26T03:07:53.777+0000][25441][safepoint   ] Safepoint "CollectForMetadataAllocation", Time since last: 52316856 ns, Reaching safepoint: 26670648 ns, At safepoint: 104495 ns, Total: 26775143 ns
[2021-12-26T03:07:53.826+0000][25441][safepoint   ] Safepoint "CollectForMetadataAllocation", Time since last: 21820949 ns, Reaching safepoint: 27074044 ns, At safepoint: 24141 ns, Total: 27098185 ns
[2021-12-26T03:07:53.852+0000][25441][safepoint   ] Safepoint "CollectForMetadataAllocation", Time since last: 25339523 ns, Reaching safepoint: 197063 ns, At safepoint: 80275 ns, Total: 277338 ns
[2021-12-26T03:07:53.892+0000][25441][safepoint   ] Safepoint "CollectForMetadataAllocation", Time since last: 40209387 ns, Reaching safepoint: 268711 ns, At safepoint: 79656 ns, Total: 348367 ns
[2021-12-26T03:07:54.002+0000][25441][safepoint   ] Safepoint "CollectForMetadataAllocation", Time since last: 100673629 ns, Reaching safepoint: 9050521 ns, At safepoint: 83942 ns, Total: 9134463 ns
[2021-12-26T03:07:54.060+0000][25441][gc,marking  ] GC(21) Concurrent Mark From Roots 393.972ms
[2021-12-26T03:07:54.060+0000][25441][gc,marking  ] GC(21) Concurrent Preclean
[2021-12-26T03:07:54.060+0000][25441][gc,marking  ] GC(21) Concurrent Preclean 0.207ms
[2021-12-26T03:07:54.060+0000][25441][gc,start    ] GC(21) Pause Remark
[2021-12-26T03:07:54.077+0000][25441][gc          ] GC(21) Pause Remark 140M->140M(512M) 16.998ms
[2021-12-26T03:07:54.078+0000][25441][gc,cpu      ] GC(21) User=0.04s Sys=0.00s Real=0.02s
[2021-12-26T03:07:54.078+0000][25441][safepoint   ] Safepoint "G1Concurrent", Time since last: 58145488 ns, Reaching safepoint: 47243 ns, At safepoint: 17109221 ns, Total: 17156464 ns
[2021-12-26T03:07:54.078+0000][25441][gc,marking  ] GC(21) Concurrent Mark 411.765ms
[2021-12-26T03:07:54.078+0000][25441][gc,marking  ] GC(21) Concurrent Rebuild Remembered Sets
[2021-12-26T03:07:54.169+0000][25441][gc,marking  ] GC(21) Concurrent Rebuild Remembered Sets 90.555ms
[2021-12-26T03:07:54.169+0000][25441][gc,start    ] GC(21) Pause Cleanup
[2021-12-26T03:07:54.169+0000][25441][gc          ] GC(21) Pause Cleanup 152M->152M(512M) 0.080ms
[2021-12-26T03:07:54.169+0000][25441][gc,cpu      ] GC(21) User=0.00s Sys=0.00s Real=0.00s
[2021-12-26T03:07:54.169+0000][25441][safepoint   ] Safepoint "G1Concurrent", Time since last: 90989621 ns, Reaching safepoint: 153581 ns, At safepoint: 135872 ns, Total: 289453 ns
[2021-12-26T03:07:54.169+0000][25441][gc,marking  ] GC(21) Concurrent Cleanup for Next Mark
[2021-12-26T03:07:54.170+0000][25441][gc,marking  ] GC(21) Concurrent Cleanup for Next Mark 1.101ms
[2021-12-26T03:07:54.170+0000][25441][gc          ] GC(21) Concurrent Mark Cycle 593.189ms
[2021-12-26T03:07:55.808+0000][25441][safepoint   ] Safepoint "Cleanup", Time since last: 1639366353 ns, Reaching safepoint: 187497 ns, At safepoint: 8324 ns, Total: 195821 ns
[2021-12-26T03:07:56.809+0000][25441][safepoint   ] Safepoint "Cleanup", Time since last: 1000136632 ns, Reaching safepoint: 79948 ns, At safepoint: 7573 ns, Total: 87521 ns
[2021-12-26T03:07:58.809+0000][25441][safepoint   ] Safepoint "Cleanup", Time since last: 2000222705 ns, Reaching safepoint: 74888 ns, At safepoint: 5471 ns, Total: 80359 ns
[2021-12-26T03:07:59.809+0000][25441][safepoint   ] Safepoint "Cleanup", Time since last: 1000139957 ns, Reaching safepoint: 71625 ns, At safepoint: 5727 ns, Total: 77352 ns
[2021-12-26T03:08:01.809+0000][25441][safepoint   ] Safepoint "Cleanup", Time since last: 2000216432 ns, Reaching safepoint: 64157 ns, At safepoint: 5364 ns, Total: 69521 ns
[2021-12-26T03:08:02.810+0000][25441][safepoint   ] Safepoint "Cleanup", Time since last: 1000141480 ns, Reaching safepoint: 87135 ns, At safepoint: 6649 ns, Total: 93784 ns
[2021-12-26T03:08:08.810+0000][25441][safepoint   ] Safepoint "Cleanup", Time since last: 6000565966 ns, Reaching safepoint: 95434 ns, At safepoint: 7360 ns, Total: 102794 ns
[2021-12-26T03:08:09.811+0000][25441][safepoint   ] Safepoint "Cleanup", Time since last: 1000130850 ns, Reaching safepoint: 72227 ns, At safepoint: 7532 ns, Total: 79759 ns
[2021-12-26T03:08:11.811+0000][25441][safepoint   ] Safepoint "Cleanup", Time since last: 2000209785 ns, Reaching safepoint: 63720 ns, At safepoint: 5985 ns, Total: 69705 ns
[2021-12-26T03:08:13.811+0000][25441][safepoint   ] Safepoint "Cleanup", Time since last: 2000225378 ns, Reaching safepoint: 76407 ns, At safepoint: 6363 ns, Total: 82770 ns
[2021-12-26T03:08:16.812+0000][25441][safepoint   ] Safepoint "Cleanup", Time since last: 3000328453 ns, Reaching safepoint: 73049 ns, At safepoint: 4997 ns, Total: 78046 ns
[2021-12-26T03:08:18.812+0000][25441][safepoint   ] Safepoint "Cleanup", Time since last: 2000224341 ns, Reaching safepoint: 66113 ns, At safepoint: 5976 ns, Total: 72089 ns
[2021-12-26T03:08:19.812+0000][25441][safepoint   ] Safepoint "Cleanup", Time since last: 1000148113 ns, Reaching safepoint: 71376 ns, At safepoint: 6655 ns, Total: 78031 ns
[2021-12-26T03:08:20.812+0000][25441][safepoint   ] Safepoint "Cleanup", Time since last: 1000150862 ns, Reaching safepoint: 86070 ns, At safepoint: 14776 ns, Total: 100846 ns
[2021-12-26T03:08:21.813+0000][25441][safepoint   ] Safepoint "Cleanup", Time since last: 1000125432 ns, Reaching safepoint: 53133 ns, At safepoint: 4898 ns, Total: 58031 ns
[2021-12-26T03:08:22.813+0000][25441][safepoint   ] Safepoint "Cleanup", Time since last: 1000136183 ns, Reaching safepoint: 68208 ns, At safepoint: 10054 ns, Total: 78262 ns
[2021-12-26T03:08:23.813+0000][25441][safepoint   ] Safepoint "Cleanup", Time since last: 1000139994 ns, Reaching safepoint: 94982 ns, At safepoint: 8405 ns, Total: 103387 ns
[2021-12-26T03:08:28.814+0000][25441][safepoint   ] Safepoint "Cleanup", Time since last: 5000485761 ns, Reaching safepoint: 69407 ns, At safepoint: 5363 ns, Total: 74770 ns
[2021-12-26T03:08:29.814+0000][25441][safepoint   ] Safepoint "Cleanup", Time since last: 1000138910 ns, Reaching safepoint: 64828 ns, At safepoint: 6770 ns, Total: 71598 ns
[2021-12-26T03:08:31.814+0000][25441][safepoint   ] Safepoint "Cleanup", Time since last: 2000239107 ns, Reaching safepoint: 77203 ns, At safepoint: 6069 ns, Total: 83272 ns
[2021-12-26T03:08:38.815+0000][25441][safepoint   ] Safepoint "Cleanup", Time since last: 7000719888 ns, Reaching safepoint: 75673 ns, At safepoint: 5297 ns, Total: 80970 ns
[2021-12-26T03:08:41.815+0000][25441][safepoint   ] Safepoint "Cleanup", Time since last: 3000312668 ns, Reaching safepoint: 56926 ns, At safepoint: 6192 ns, Total: 63118 ns
[2021-12-26T03:08:42.815+0000][25441][safepoint   ] Safepoint "Cleanup", Time since last: 1000144247 ns, Reaching safepoint: 71416 ns, At safepoint: 5058 ns, Total: 76474 ns
[2021-12-26T03:08:43.816+0000][25441][safepoint   ] Safepoint "Cleanup", Time since last: 1000148615 ns, Reaching safepoint: 62564 ns, At safepoint: 5411 ns, Total: 67975 ns
[2021-12-26T03:08:44.816+0000][25441][safepoint   ] Safepoint "Cleanup", Time since last: 1000139129 ns, Reaching safepoint: 68196 ns, At safepoint: 5318 ns, Total: 73514 ns
[2021-12-26T03:08:48.816+0000][25441][safepoint   ] Safepoint "Cleanup", Time since last: 4000392540 ns, Reaching safepoint: 65782 ns, At safepoint: 5544 ns, Total: 71326 ns
[2021-12-26T03:08:52.817+0000][25441][safepoint   ] Safepoint "Cleanup", Time since last: 4000382093 ns, Reaching safepoint: 47560 ns, At safepoint: 4108 ns, Total: 51668 ns
[2021-12-26T03:08:53.817+0000][25441][safepoint   ] Safepoint "Cleanup", Time since last: 1000122338 ns, Reaching safepoint: 60894 ns, At safepoint: 5494 ns, Total: 66388 ns
[2021-12-26T03:08:56.817+0000][25441][safepoint   ] Safepoint "Cleanup", Time since last: 3000302447 ns, Reaching safepoint: 58500 ns, At safepoint: 5311 ns, Total: 63811 ns
[2021-12-26T03:08:58.818+0000][25441][safepoint   ] Safepoint "Cleanup", Time since last: 2000219168 ns, Reaching safepoint: 58285 ns, At safepoint: 4623 ns, Total: 62908 ns
[2021-12-26T03:09:03.818+0000][25441][safepoint   ] Safepoint "Cleanup", Time since last: 5000498840 ns, Reaching safepoint: 72446 ns, At safepoint: 5586 ns, Total: 78032 ns
[2021-12-26T03:09:07.819+0000][25441][safepoint   ] Safepoint "Cleanup", Time since last: 4000449449 ns, Reaching safepoint: 101860 ns, At safepoint: 6616 ns, Total: 108476 ns
[2021-12-26T03:09:10.819+0000][25441][safepoint   ] Safepoint "Cleanup", Time since last: 3000315152 ns, Reaching safepoint: 69652 ns, At safepoint: 5430 ns, Total: 75082 ns
[2021-12-26T03:09:13.820+0000][25441][safepoint   ] Safepoint "Cleanup", Time since last: 3000359063 ns, Reaching safepoint: 58701 ns, At safepoint: 5656 ns, Total: 64357 ns
[2021-12-26T03:09:15.820+0000][25441][safepoint   ] Safepoint "Cleanup", Time since last: 2000236751 ns, Reaching safepoint: 65889 ns, At safepoint: 5401 ns, Total: 71290 ns
[2021-12-26T03:09:17.820+0000][25441][safepoint   ] Safepoint "Cleanup", Time since last: 2000239891 ns, Reaching safepoint: 63645 ns, At safepoint: 5336 ns, Total: 68981 ns
[2021-12-26T03:09:19.821+0000][25441][safepoint   ] Safepoint "Cleanup", Time since last: 2000245302 ns, Reaching safepoint: 67510 ns, At safepoint: 5613 ns, Total: 73123 ns
[2021-12-26T03:09:20.821+0000][25441][safepoint   ] Safepoint "Cleanup", Time since last: 1000134960 ns, Reaching safepoint: 54098 ns, At safepoint: 7633 ns, Total: 61731 ns
[2021-12-26T03:09:22.821+0000][25441][safepoint   ] Safepoint "Cleanup", Time since last: 2000250475 ns, Reaching safepoint: 59072 ns, At safepoint: 5374 ns, Total: 64446 ns
[2021-12-26T03:09:26.821+0000][25441][safepoint   ] Safepoint "Cleanup", Time since last: 4000382197 ns, Reaching safepoint: 69132 ns, At safepoint: 5272 ns, Total: 74404 ns
[2021-12-26T03:09:32.822+0000][25441][safepoint   ] Safepoint "Cleanup", Time since last: 6000571947 ns, Reaching safepoint: 107701 ns, At safepoint: 7920 ns, Total: 115621 ns
[2021-12-26T03:09:51.824+0000][25441][safepoint   ] Safepoint "Cleanup", Time since last: 19001755037 ns, Reaching safepoint: 112860 ns, At safepoint: 5436 ns, Total: 118296 ns
[2021-12-26T03:09:52.824+0000][25441][safepoint   ] Safepoint "Cleanup", Time since last: 1000119515 ns, Reaching safepoint: 41347 ns, At safepoint: 4463 ns, Total: 45810 ns
[2021-12-26T03:09:53.824+0000][25441][safepoint   ] Safepoint "Cleanup", Time since last: 1000134717 ns, Reaching safepoint: 56596 ns, At safepoint: 6480 ns, Total: 63076 ns
[2021-12-26T03:09:58.825+0000][25441][safepoint   ] Safepoint "Cleanup", Time since last: 5000506446 ns, Reaching safepoint: 71743 ns, At safepoint: 5436 ns, Total: 77179 ns
[2021-12-26T03:09:59.825+0000][25441][safepoint   ] Safepoint "Cleanup", Time since last: 1000146519 ns, Reaching safepoint: 67498 ns, At safepoint: 7451 ns, Total: 74949 ns
[2021-12-26T03:10:00.825+0000][25441][safepoint   ] Safepoint "Cleanup", Time since last: 1000148290 ns, Reaching safepoint: 73889 ns, At safepoint: 5620 ns, Total: 79509 ns
[2021-12-26T03:10:01.826+0000][25441][safepoint   ] Safepoint "Cleanup", Time since last: 1000205964 ns, Reaching safepoint: 71922 ns, At safepoint: 5402 ns, Total: 77324 ns
[2021-12-26T03:10:02.826+0000][25441][safepoint   ] Safepoint "Cleanup", Time since last: 1000143718 ns, Reaching safepoint: 72598 ns, At safepoint: 5119 ns, Total: 77717 ns
[2021-12-26T03:10:16.827+0000][25441][safepoint   ] Safepoint "Cleanup", Time since last: 14001279532 ns, Reaching safepoint: 91495 ns, At safepoint: 6246 ns, Total: 97741 ns
[2021-12-26T03:10:22.828+0000][25441][safepoint   ] Safepoint "Cleanup", Time since last: 6000568139 ns, Reaching safepoint: 45043 ns, At safepoint: 4759 ns, Total: 49802 ns
[2021-12-26T03:10:23.828+0000][25441][safepoint   ] Safepoint "Cleanup", Time since last: 1000135189 ns, Reaching safepoint: 91018 ns, At safepoint: 6722 ns, Total: 97740 ns
[2021-12-26T03:10:28.829+0000][25441][safepoint   ] Safepoint "Cleanup", Time since last: 5000542630 ns, Reaching safepoint: 82827 ns, At safepoint: 7845 ns, Total: 90672 ns
[2021-12-26T03:10:29.829+0000][25441][safepoint   ] Safepoint "Cleanup", Time since last: 1000155655 ns, Reaching safepoint: 60766 ns, At safepoint: 5251 ns, Total: 66017 ns
[2021-12-26T03:10:31.829+0000][25441][safepoint   ] Safepoint "Cleanup", Time since last: 2000256763 ns, Reaching safepoint: 71974 ns, At safepoint: 5402 ns, Total: 77376 ns
[2021-12-26T03:10:40.830+0000][25441][safepoint   ] Safepoint "Cleanup", Time since last: 9000884474 ns, Reaching safepoint: 88736 ns, At safepoint: 5544 ns, Total: 94280 ns
[2021-12-26T03:10:45.831+0000][25441][safepoint   ] Safepoint "Cleanup", Time since last: 5000502494 ns, Reaching safepoint: 75987 ns, At safepoint: 5983 ns, Total: 81970 ns
[2021-12-26T03:10:51.832+0000][25441][safepoint   ] Safepoint "Cleanup", Time since last: 6000578449 ns, Reaching safepoint: 85287 ns, At safepoint: 5863 ns, Total: 91150 ns
[2021-12-26T03:10:52.832+0000][25441][safepoint   ] Safepoint "Cleanup", Time since last: 1000130863 ns, Reaching safepoint: 55792 ns, At safepoint: 6780 ns, Total: 62572 ns
[2021-12-26T03:10:55.832+0000][25441][safepoint   ] Safepoint "Cleanup", Time since last: 3000278773 ns, Reaching safepoint: 75126 ns, At safepoint: 6107 ns, Total: 81233 ns
[2021-12-26T03:10:58.769+0000][25441][gc,start    ] GC(22) Pause Young (Concurrent Start) (G1 Evacuation Pause)
[2021-12-26T03:10:58.769+0000][25441][gc,task     ] GC(22) Using 2 workers of 2 for evacuation
[2021-12-26T03:10:58.769+0000][25441][gc,age      ] GC(22) Desired survivor size 20971520 bytes, new threshold 3 (max threshold 15)
[2021-12-26T03:10:58.811+0000][25441][gc,age      ] GC(22) Age table with threshold 3 (max threshold 15)
[2021-12-26T03:10:58.811+0000][25441][gc,age      ] GC(22) - age   1:     889896 bytes,     889896 total
[2021-12-26T03:10:58.811+0000][25441][gc,age      ] GC(22) - age   2:    5337536 bytes,    6227432 total
[2021-12-26T03:10:58.811+0000][25441][gc,age      ] GC(22) - age   3:   12070632 bytes,   18298064 total
[2021-12-26T03:10:58.811+0000][25441][gc,phases   ] GC(22)   Pre Evacuate Collection Set: 0.2ms
[2021-12-26T03:10:58.811+0000][25441][gc,phases   ] GC(22)   Merge Heap Roots: 0.2ms
[2021-12-26T03:10:58.811+0000][25441][gc,phases   ] GC(22)   Evacuate Collection Set: 39.0ms
[2021-12-26T03:10:58.811+0000][25441][gc,phases   ] GC(22)   Post Evacuate Collection Set: 2.7ms
[2021-12-26T03:10:58.811+0000][25441][gc,phases   ] GC(22)   Other: 0.3ms
[2021-12-26T03:10:58.811+0000][25441][gc,heap     ] GC(22) Eden regions: 70->0(71)
[2021-12-26T03:10:58.811+0000][25441][gc,heap     ] GC(22) Survivor regions: 6->5(10)
[2021-12-26T03:10:58.811+0000][25441][gc,heap     ] GC(22) Old regions: 13->14
[2021-12-26T03:10:58.811+0000][25441][gc,heap     ] GC(22) Archive regions: 2->2
[2021-12-26T03:10:58.811+0000][25441][gc,heap     ] GC(22) Humongous regions: 2->2
[2021-12-26T03:10:58.811+0000][25441][gc,metaspace] GC(22) Metaspace: 102202K(103680K)->102202K(103680K) NonClass: 87801K(88704K)->87801K(88704K) Class: 14400K(14976K)->14400K(14976K)
[2021-12-26T03:10:58.811+0000][25441][gc          ] GC(22) Pause Young (Concurrent Start) (G1 Evacuation Pause) 365M->84M(512M) 42.389ms
[2021-12-26T03:10:58.811+0000][25441][gc,cpu      ] GC(22) User=0.08s Sys=0.00s Real=0.04s
[2021-12-26T03:10:58.811+0000][25441][gc          ] GC(23) Concurrent Mark Cycle
[2021-12-26T03:10:58.811+0000][25441][gc,marking  ] GC(23) Concurrent Clear Claimed Marks
[2021-12-26T03:10:58.811+0000][25441][gc,marking  ] GC(23) Concurrent Clear Claimed Marks 0.107ms
[2021-12-26T03:10:58.811+0000][25441][gc,marking  ] GC(23) Concurrent Scan Root Regions
[2021-12-26T03:10:58.811+0000][25441][safepoint   ] Safepoint "G1CollectForAllocation", Time since last: 2936420251 ns, Reaching safepoint: 41438 ns, At safepoint: 42512343 ns, Total: 42553781 ns
[2021-12-26T03:10:58.831+0000][25441][gc,marking  ] GC(23) Concurrent Scan Root Regions 19.364ms
[2021-12-26T03:10:58.831+0000][25441][gc,marking  ] GC(23) Concurrent Mark
[2021-12-26T03:10:58.831+0000][25441][gc,marking  ] GC(23) Concurrent Mark From Roots
[2021-12-26T03:10:58.831+0000][25441][gc,task     ] GC(23) Using 1 workers of 1 for marking
[2021-12-26T03:10:58.917+0000][25441][gc,marking  ] GC(23) Concurrent Mark From Roots 86.803ms
[2021-12-26T03:10:58.918+0000][25441][gc,marking  ] GC(23) Concurrent Preclean
[2021-12-26T03:10:58.918+0000][25441][gc,marking  ] GC(23) Concurrent Preclean 0.110ms
[2021-12-26T03:10:58.918+0000][25441][gc,start    ] GC(23) Pause Remark
[2021-12-26T03:10:58.927+0000][25441][gc          ] GC(23) Pause Remark 86M->86M(512M) 9.664ms
[2021-12-26T03:10:58.927+0000][25441][gc,cpu      ] GC(23) User=0.01s Sys=0.00s Real=0.01s
[2021-12-26T03:10:58.927+0000][25441][safepoint   ] Safepoint "G1Concurrent", Time since last: 106570649 ns, Reaching safepoint: 38452 ns, At safepoint: 9754046 ns, Total: 9792498 ns
[2021-12-26T03:10:58.928+0000][25441][gc,marking  ] GC(23) Concurrent Mark 96.864ms
[2021-12-26T03:10:58.928+0000][25441][gc,marking  ] GC(23) Concurrent Rebuild Remembered Sets
[2021-12-26T03:10:58.978+0000][25441][gc,marking  ] GC(23) Concurrent Rebuild Remembered Sets 50.193ms
[2021-12-26T03:10:58.978+0000][25441][gc,start    ] GC(23) Pause Cleanup
[2021-12-26T03:10:58.978+0000][25441][gc          ] GC(23) Pause Cleanup 86M->86M(512M) 0.105ms
[2021-12-26T03:10:58.978+0000][25441][gc,cpu      ] GC(23) User=0.00s Sys=0.00s Real=0.00s
[2021-12-26T03:10:58.978+0000][25441][safepoint   ] Safepoint "G1Concurrent", Time since last: 50353207 ns, Reaching safepoint: 34621 ns, At safepoint: 153645 ns, Total: 188266 ns
[2021-12-26T03:10:58.978+0000][25441][gc,marking  ] GC(23) Concurrent Cleanup for Next Mark
[2021-12-26T03:10:58.979+0000][25441][gc,marking  ] GC(23) Concurrent Cleanup for Next Mark 1.380ms
[2021-12-26T03:10:58.979+0000][25441][gc          ] GC(23) Concurrent Mark Cycle 168.365ms
[2021-12-26T03:11:06.979+0000][25441][safepoint   ] Safepoint "Cleanup", Time since last: 8000720755 ns, Reaching safepoint: 68076 ns, At safepoint: 5335 ns, Total: 73411 ns
[2021-12-26T03:11:22.980+0000][25441][safepoint   ] Safepoint "Cleanup", Time since last: 16001517151 ns, Reaching safepoint: 115494 ns, At safepoint: 9280 ns, Total: 124774 ns
[2021-12-26T03:11:32.981+0000][25441][safepoint   ] Safepoint "Cleanup", Time since last: 10000882732 ns, Reaching safepoint: 63046 ns, At safepoint: 5913 ns, Total: 68959 ns
[2021-12-26T03:11:38.982+0000][25441][safepoint   ] Safepoint "Cleanup", Time since last: 6000560003 ns, Reaching safepoint: 68200 ns, At safepoint: 6340 ns, Total: 74540 ns
[2021-12-26T03:11:45.983+0000][25441][safepoint   ] Safepoint "Cleanup", Time since last: 7000678339 ns, Reaching safepoint: 56541 ns, At safepoint: 5588 ns, Total: 62129 ns
[2021-12-26T03:11:52.984+0000][25441][safepoint   ] Safepoint "Cleanup", Time since last: 7000675944 ns, Reaching safepoint: 95635 ns, At safepoint: 6047 ns, Total: 101682 ns
[2021-12-26T03:11:56.984+0000][25441][safepoint   ] Safepoint "Cleanup", Time since last: 4000379028 ns, Reaching safepoint: 112013 ns, At safepoint: 28801 ns, Total: 140814 ns
[2021-12-26T03:12:00.985+0000][25441][safepoint   ] Safepoint "Cleanup", Time since last: 4000380563 ns, Reaching safepoint: 60638 ns, At safepoint: 5253 ns, Total: 65891 ns
[2021-12-26T03:12:23.986+0000][25441][safepoint   ] Safepoint "Cleanup", Time since last: 23001831843 ns, Reaching safepoint: 60084 ns, At safepoint: 5724 ns, Total: 65808 ns
[2021-12-26T03:12:31.987+0000][25441][safepoint   ] Safepoint "Cleanup", Time since last: 8000703026 ns, Reaching safepoint: 73934 ns, At safepoint: 6508 ns, Total: 80442 ns
[2021-12-26T03:12:38.988+0000][25441][safepoint   ] Safepoint "Cleanup", Time since last: 7000626511 ns, Reaching safepoint: 52863 ns, At safepoint: 4965 ns, Total: 57828 ns
[2021-12-26T03:12:56.990+0000][25441][safepoint   ] Safepoint "Cleanup", Time since last: 18001768294 ns, Reaching safepoint: 104862 ns, At safepoint: 7023 ns, Total: 111885 ns
[2021-12-26T03:12:57.990+0000][25441][safepoint   ] Safepoint "Cleanup", Time since last: 1000167807 ns, Reaching safepoint: 147170 ns, At safepoint: 34201 ns, Total: 181371 ns
[2021-12-26T03:13:00.991+0000][25441][safepoint   ] Safepoint "Cleanup", Time since last: 3000380452 ns, Reaching safepoint: 59101 ns, At safepoint: 6306 ns, Total: 65407 ns
[2021-12-26T03:13:01.991+0000][25441][safepoint   ] Safepoint "Cleanup", Time since last: 1000149058 ns, Reaching safepoint: 68262 ns, At safepoint: 6547 ns, Total: 74809 ns
[2021-12-26T03:13:02.991+0000][25441][safepoint   ] Safepoint "Cleanup", Time since last: 1000172427 ns, Reaching safepoint: 62641 ns, At safepoint: 5378 ns, Total: 68019 ns
[2021-12-26T03:13:06.992+0000][25441][safepoint   ] Safepoint "Cleanup", Time since last: 4000430572 ns, Reaching safepoint: 61731 ns, At safepoint: 5914 ns, Total: 67645 ns
[2021-12-26T03:13:22.993+0000][25441][safepoint   ] Safepoint "Cleanup", Time since last: 16001560872 ns, Reaching safepoint: 117189 ns, At safepoint: 5923 ns, Total: 123112 ns
[2021-12-26T03:13:38.995+0000][25441][safepoint   ] Safepoint "Cleanup", Time since last: 16001497659 ns, Reaching safepoint: 64502 ns, At safepoint: 6196 ns, Total: 70698 ns
[2021-12-26T03:13:52.996+0000][25441][safepoint   ] Safepoint "Cleanup", Time since last: 14001372380 ns, Reaching safepoint: 85829 ns, At safepoint: 5741 ns, Total: 91570 ns
[2021-12-26T03:14:05.998+0000][25441][safepoint   ] Safepoint "Cleanup", Time since last: 13001206991 ns, Reaching safepoint: 54430 ns, At safepoint: 4903 ns, Total: 59333 ns
[2021-12-26T03:14:15.998+0000][25441][safepoint   ] Safepoint "Cleanup", Time since last: 10000870684 ns, Reaching safepoint: 59011 ns, At safepoint: 4569 ns, Total: 63580 ns
[2021-12-26T03:14:19.999+0000][25441][safepoint   ] Safepoint "Cleanup", Time since last: 4000438309 ns, Reaching safepoint: 59707 ns, At safepoint: 5459 ns, Total: 65166 ns
[2021-12-26T03:14:21.999+0000][25441][safepoint   ] Safepoint "Cleanup", Time since last: 2000223480 ns, Reaching safepoint: 72186 ns, At safepoint: 9200 ns, Total: 81386 ns
[2021-12-26T03:14:42.001+0000][25441][safepoint   ] Safepoint "Cleanup", Time since last: 20001770171 ns, Reaching safepoint: 50995 ns, At safepoint: 5481 ns, Total: 56476 ns
[2021-12-26T03:14:43.001+0000][25441][safepoint   ] Safepoint "Cleanup", Time since last: 1000149547 ns, Reaching safepoint: 55928 ns, At safepoint: 5410 ns, Total: 61338 ns
[2021-12-26T03:14:44.002+0000][25441][safepoint   ] Safepoint "Cleanup", Time since last: 1000169868 ns, Reaching safepoint: 155248 ns, At safepoint: 12069 ns, Total: 167317 ns
[2021-12-26T03:15:11.004+0000][25441][safepoint   ] Safepoint "Cleanup", Time since last: 27002480280 ns, Reaching safepoint: 96986 ns, At safepoint: 6072 ns, Total: 103058 ns
[2021-12-26T03:15:23.005+0000][25441][safepoint   ] Safepoint "Cleanup", Time since last: 12001021528 ns, Reaching safepoint: 99900 ns, At safepoint: 6922 ns, Total: 106822 ns
[2021-12-26T03:15:25.006+0000][25441][safepoint   ] Safepoint "Cleanup", Time since last: 2000234225 ns, Reaching safepoint: 57883 ns, At safepoint: 4952 ns, Total: 62835 ns
[2021-12-26T03:15:35.007+0000][25441][safepoint   ] Safepoint "Cleanup", Time since last: 10000927283 ns, Reaching safepoint: 88787 ns, At safepoint: 5711 ns, Total: 94498 ns
[2021-12-26T03:15:36.007+0000][25441][safepoint   ] Safepoint "Cleanup", Time since last: 1000146522 ns, Reaching safepoint: 73538 ns, At safepoint: 5901 ns, Total: 79439 ns
[2021-12-26T03:15:46.008+0000][25441][safepoint   ] Safepoint "Cleanup", Time since last: 10000913576 ns, Reaching safepoint: 69549 ns, At safepoint: 6910 ns, Total: 76459 ns
[2021-12-26T03:15:52.009+0000][25441][safepoint   ] Safepoint "Cleanup", Time since last: 6000652105 ns, Reaching safepoint: 99460 ns, At safepoint: 9254 ns, Total: 108714 ns
[2021-12-26T03:15:53.009+0000][25441][safepoint   ] Safepoint "Cleanup", Time since last: 1000125329 ns, Reaching safepoint: 67769 ns, At safepoint: 4827 ns, Total: 72596 ns
[2021-12-26T03:16:00.010+0000][25441][safepoint   ] Safepoint "Cleanup", Time since last: 7000601838 ns, Reaching safepoint: 55577 ns, At safepoint: 5779 ns, Total: 61356 ns
[2021-12-26T03:16:48.014+0000][25441][safepoint   ] Safepoint "Cleanup", Time since last: 48004201333 ns, Reaching safepoint: 100710 ns, At safepoint: 5654 ns, Total: 106364 ns
[2021-12-26T03:16:51.014+0000][25441][safepoint   ] Safepoint "Cleanup", Time since last: 3000357169 ns, Reaching safepoint: 67298 ns, At safepoint: 5123 ns, Total: 72421 ns
[2021-12-26T03:17:14.114+0000][25441][gc,start    ] GC(24) Pause Young (Prepare Mixed) (G1 Evacuation Pause)
[2021-12-26T03:17:14.114+0000][25441][gc,task     ] GC(24) Using 2 workers of 2 for evacuation
[2021-12-26T03:17:14.114+0000][25441][gc,age      ] GC(24) Desired survivor size 20971520 bytes, new threshold 15 (max threshold 15)
[2021-12-26T03:17:14.149+0000][25441][gc,age      ] GC(24) Age table with threshold 15 (max threshold 15)
[2021-12-26T03:17:14.149+0000][25441][gc,age      ] GC(24) - age   1:      58584 bytes,      58584 total
[2021-12-26T03:17:14.149+0000][25441][gc,age      ] GC(24) - age   2:     820440 bytes,     879024 total
[2021-12-26T03:17:14.149+0000][25441][gc,age      ] GC(24) - age   3:    5301328 bytes,    6180352 total
[2021-12-26T03:17:14.149+0000][25441][gc,age      ] GC(24) - age   4:   12048568 bytes,   18228920 total
[2021-12-26T03:17:14.149+0000][25441][gc,phases   ] GC(24)   Pre Evacuate Collection Set: 0.1ms
[2021-12-26T03:17:14.149+0000][25441][gc,phases   ] GC(24)   Merge Heap Roots: 0.2ms
[2021-12-26T03:17:14.149+0000][25441][gc,phases   ] GC(24)   Evacuate Collection Set: 32.9ms
[2021-12-26T03:17:14.149+0000][25441][gc,phases   ] GC(24)   Post Evacuate Collection Set: 1.8ms
[2021-12-26T03:17:14.149+0000][25441][gc,phases   ] GC(24)   Other: 0.3ms
[2021-12-26T03:17:14.149+0000][25441][gc,heap     ] GC(24) Eden regions: 71->0(1)
[2021-12-26T03:17:14.149+0000][25441][gc,heap     ] GC(24) Survivor regions: 5->5(10)
[2021-12-26T03:17:14.149+0000][25441][gc,heap     ] GC(24) Old regions: 14->14
[2021-12-26T03:17:14.149+0000][25441][gc,heap     ] GC(24) Archive regions: 2->2
[2021-12-26T03:17:14.149+0000][25441][gc,heap     ] GC(24) Humongous regions: 2->2
[2021-12-26T03:17:14.149+0000][25441][gc,metaspace] GC(24) Metaspace: 102307K(103808K)->102307K(103808K) NonClass: 87903K(88832K)->87903K(88832K) Class: 14404K(14976K)->14404K(14976K)
[2021-12-26T03:17:14.149+0000][25441][gc          ] GC(24) Pause Young (Prepare Mixed) (G1 Evacuation Pause) 368M->86M(512M) 35.308ms
[2021-12-26T03:17:14.149+0000][25441][gc,cpu      ] GC(24) User=0.07s Sys=0.00s Real=0.03s
[2021-12-26T03:17:14.149+0000][25441][safepoint   ] Safepoint "G1CollectForAllocation", Time since last: 23099273226 ns, Reaching safepoint: 68989 ns, At safepoint: 35401641 ns, Total: 35470630 ns
[2021-12-26T03:17:19.155+0000][25441][gc,start    ] GC(25) Pause Young (Mixed) (G1 Evacuation Pause)
[2021-12-26T03:17:19.155+0000][25441][gc,task     ] GC(25) Using 2 workers of 2 for evacuation
[2021-12-26T03:17:19.155+0000][25441][gc,age      ] GC(25) Desired survivor size 2097152 bytes, new threshold 3 (max threshold 15)
[2021-12-26T03:17:19.192+0000][25441][gc,age      ] GC(25) Age table with threshold 3 (max threshold 15)
[2021-12-26T03:17:19.192+0000][25441][gc,age      ] GC(25) - age   1:       4496 bytes,       4496 total
[2021-12-26T03:17:19.192+0000][25441][gc,age      ] GC(25) - age   2:      53792 bytes,      58288 total
[2021-12-26T03:17:19.192+0000][25441][gc,age      ] GC(25) - age   3:     731008 bytes,     789296 total
[2021-12-26T03:17:19.192+0000][25441][gc,phases   ] GC(25)   Pre Evacuate Collection Set: 0.1ms
[2021-12-26T03:17:19.192+0000][25441][gc,phases   ] GC(25)   Merge Heap Roots: 0.1ms
[2021-12-26T03:17:19.192+0000][25441][gc,phases   ] GC(25)   Evacuate Collection Set: 34.9ms
[2021-12-26T03:17:19.192+0000][25441][gc,phases   ] GC(25)   Post Evacuate Collection Set: 1.6ms
[2021-12-26T03:17:19.192+0000][25441][gc,phases   ] GC(25)   Other: 0.2ms
[2021-12-26T03:17:19.192+0000][25441][gc,heap     ] GC(25) Eden regions: 1->0(75)
[2021-12-26T03:17:19.192+0000][25441][gc,heap     ] GC(25) Survivor regions: 5->1(1)
[2021-12-26T03:17:19.192+0000][25441][gc,heap     ] GC(25) Old regions: 14->18
[2021-12-26T03:17:19.192+0000][25441][gc,heap     ] GC(25) Archive regions: 2->2
[2021-12-26T03:17:19.192+0000][25441][gc,heap     ] GC(25) Humongous regions: 2->2
[2021-12-26T03:17:19.192+0000][25441][gc,metaspace] GC(25) Metaspace: 102307K(103808K)->102307K(103808K) NonClass: 87903K(88832K)->87903K(88832K) Class: 14404K(14976K)->14404K(14976K)
[2021-12-26T03:17:19.192+0000][25441][gc          ] GC(25) Pause Young (Mixed) (G1 Evacuation Pause) 90M->85M(512M) 36.977ms
[2021-12-26T03:17:19.192+0000][25441][gc,cpu      ] GC(25) User=0.07s Sys=0.00s Real=0.04s
[2021-12-26T03:17:19.192+0000][25441][safepoint   ] Safepoint "G1CollectForAllocation", Time since last: 5005927172 ns, Reaching safepoint: 44669 ns, At safepoint: 37060302 ns, Total: 37104971 ns
[2021-12-26T03:17:22.192+0000][25441][safepoint   ] Safepoint "Cleanup", Time since last: 3000270829 ns, Reaching safepoint: 83242 ns, At safepoint: 5754 ns, Total: 88996 ns
[2021-12-26T03:17:23.193+0000][25441][safepoint   ] Safepoint "Cleanup", Time since last: 1000125082 ns, Reaching safepoint: 63957 ns, At safepoint: 4950 ns, Total: 68907 ns
[2021-12-26T03:17:53.195+0000][25441][safepoint   ] Safepoint "Cleanup", Time since last: 30002526502 ns, Reaching safepoint: 170389 ns, At safepoint: 7028 ns, Total: 177417 ns
[2021-12-26T03:18:01.196+0000][25441][safepoint   ] Safepoint "Cleanup", Time since last: 8000677412 ns, Reaching safepoint: 80031 ns, At safepoint: 5461 ns, Total: 85492 ns
[2021-12-26T03:18:02.196+0000][25441][safepoint   ] Safepoint "Cleanup", Time since last: 1000136194 ns, Reaching safepoint: 67026 ns, At safepoint: 5358 ns, Total: 72384 ns
[2021-12-26T03:18:12.197+0000][25441][safepoint   ] Safepoint "Cleanup", Time since last: 10000844786 ns, Reaching safepoint: 68178 ns, At safepoint: 5711 ns, Total: 73889 ns
[2021-12-26T03:18:13.197+0000][25441][safepoint   ] Safepoint "Cleanup", Time since last: 1000137034 ns, Reaching safepoint: 62997 ns, At safepoint: 5254 ns, Total: 68251 ns
[2021-12-26T03:18:41.200+0000][25441][safepoint   ] Safepoint "Cleanup", Time since last: 28002379590 ns, Reaching safepoint: 90748 ns, At safepoint: 5562 ns, Total: 96310 ns
[2021-12-26T03:18:43.200+0000][25441][safepoint   ] Safepoint "Cleanup", Time since last: 2000224790 ns, Reaching safepoint: 89963 ns, At safepoint: 6871 ns, Total: 96834 ns
[2021-12-26T03:18:53.201+0000][25441][safepoint   ] Safepoint "Cleanup", Time since last: 10000925536 ns, Reaching safepoint: 73220 ns, At safepoint: 6918 ns, Total: 80138 ns
[2021-12-26T03:18:56.202+0000][25441][safepoint   ] Safepoint "Cleanup", Time since last: 3000281576 ns, Reaching safepoint: 59062 ns, At safepoint: 4666 ns, Total: 63728 ns
[2021-12-26T03:19:14.203+0000][25441][safepoint   ] Safepoint "Cleanup", Time since last: 18001816455 ns, Reaching safepoint: 104255 ns, At safepoint: 4799 ns, Total: 109054 ns
[2021-12-26T03:19:53.207+0000][25441][safepoint   ] Safepoint "Cleanup", Time since last: 39003242343 ns, Reaching safepoint: 98469 ns, At safepoint: 5653 ns, Total: 104122 ns
[2021-12-26T03:19:56.207+0000][25441][safepoint   ] Safepoint "Cleanup", Time since last: 3000288272 ns, Reaching safepoint: 87967 ns, At safepoint: 7903 ns, Total: 95870 ns
[2021-12-26T03:20:04.208+0000][25441][safepoint   ] Safepoint "Cleanup", Time since last: 8000724344 ns, Reaching safepoint: 92216 ns, At safepoint: 4875 ns, Total: 97091 ns
[2021-12-26T03:20:22.220+0000][25441][safepoint   ] Safepoint "Cleanup", Time since last: 18012135590 ns, Reaching safepoint: 170515 ns, At safepoint: 8933 ns, Total: 179448 ns
[2021-12-26T03:20:23.233+0000][25441][safepoint   ] Safepoint "Cleanup", Time since last: 1012291942 ns, Reaching safepoint: 199997 ns, At safepoint: 5335 ns, Total: 205332 ns
[2021-12-26T03:20:24.238+0000][25441][safepoint   ] Safepoint "Cleanup", Time since last: 1005329191 ns, Reaching safepoint: 135289 ns, At safepoint: 6168 ns, Total: 141457 ns
[2021-12-26T03:20:25.246+0000][25441][safepoint   ] Safepoint "Cleanup", Time since last: 1007857690 ns, Reaching safepoint: 88576 ns, At safepoint: 7260 ns, Total: 95836 ns
[2021-12-26T03:20:29.263+0000][25441][safepoint   ] Safepoint "Cleanup", Time since last: 4016691169 ns, Reaching safepoint: 66501 ns, At safepoint: 4919 ns, Total: 71420 ns
[2021-12-26T03:20:30.263+0000][25441][safepoint   ] Safepoint "Cleanup", Time since last: 1000141992 ns, Reaching safepoint: 67978 ns, At safepoint: 5708 ns, Total: 73686 ns
[2021-12-26T03:20:36.264+0000][25441][safepoint   ] Safepoint "Cleanup", Time since last: 6000587871 ns, Reaching safepoint: 65564 ns, At safepoint: 5871 ns, Total: 71435 ns
[2021-12-26T03:20:52.265+0000][25441][safepoint   ] Safepoint "Cleanup", Time since last: 16001444713 ns, Reaching safepoint: 71378 ns, At safepoint: 5657 ns, Total: 77035 ns
[2021-12-26T03:20:53.266+0000][25441][safepoint   ] Safepoint "Cleanup", Time since last: 1000179106 ns, Reaching safepoint: 65021 ns, At safepoint: 5906 ns, Total: 70927 ns
[2021-12-26T03:21:01.266+0000][25441][safepoint   ] Safepoint "Cleanup", Time since last: 8000769325 ns, Reaching safepoint: 71764 ns, At safepoint: 5462 ns, Total: 77226 ns
[2021-12-26T03:21:22.268+0000][25441][safepoint   ] Safepoint "Cleanup", Time since last: 21001781979 ns, Reaching safepoint: 92131 ns, At safepoint: 6235 ns, Total: 98366 ns
[2021-12-26T03:21:23.269+0000][25441][safepoint   ] Safepoint "Cleanup", Time since last: 1000133210 ns, Reaching safepoint: 64205 ns, At safepoint: 5857 ns, Total: 70062 ns
[2021-12-26T03:21:41.270+0000][25441][safepoint   ] Safepoint "Cleanup", Time since last: 18001682029 ns, Reaching safepoint: 64318 ns, At safepoint: 5859 ns, Total: 70177 ns
[2021-12-26T03:21:42.271+0000][25441][safepoint   ] Safepoint "Cleanup", Time since last: 1000152865 ns, Reaching safepoint: 65618 ns, At safepoint: 6061 ns, Total: 71679 ns
[2021-12-26T03:21:43.271+0000][25441][safepoint   ] Safepoint "Cleanup", Time since last: 1000151746 ns, Reaching safepoint: 68035 ns, At safepoint: 5871 ns, Total: 73906 ns
[2021-12-26T03:21:52.272+0000][25441][safepoint   ] Safepoint "Cleanup", Time since last: 9000851611 ns, Reaching safepoint: 87918 ns, At safepoint: 6259 ns, Total: 94177 ns
[2021-12-26T03:22:19.274+0000][25441][safepoint   ] Safepoint "Cleanup", Time since last: 27002264558 ns, Reaching safepoint: 67133 ns, At safepoint: 5525 ns, Total: 72658 ns
[2021-12-26T03:22:22.274+0000][25441][safepoint   ] Safepoint "Cleanup", Time since last: 3000296513 ns, Reaching safepoint: 83776 ns, At safepoint: 7144 ns, Total: 90920 ns
[2021-12-26T03:22:24.427+0000][25441][gc,start    ] GC(26) Pause Young (Normal) (G1 Evacuation Pause)
[2021-12-26T03:22:24.427+0000][25441][gc,task     ] GC(26) Using 2 workers of 2 for evacuation
[2021-12-26T03:22:24.427+0000][25441][gc,age      ] GC(26) Desired survivor size 20971520 bytes, new threshold 15 (max threshold 15)
[2021-12-26T03:22:24.437+0000][25441][gc,age      ] GC(26) Age table with threshold 15 (max threshold 15)
[2021-12-26T03:22:24.437+0000][25441][gc,age      ] GC(26) - age   1:    1341000 bytes,    1341000 total
[2021-12-26T03:22:24.437+0000][25441][gc,age      ] GC(26) - age   3:      46952 bytes,    1387952 total
[2021-12-26T03:22:24.437+0000][25441][gc,age      ] GC(26) - age   4:     658384 bytes,    2046336 total
[2021-12-26T03:22:24.437+0000][25441][gc,phases   ] GC(26)   Pre Evacuate Collection Set: 0.1ms
[2021-12-26T03:22:24.437+0000][25441][gc,phases   ] GC(26)   Merge Heap Roots: 0.1ms
[2021-12-26T03:22:24.437+0000][25441][gc,phases   ] GC(26)   Evacuate Collection Set: 8.6ms
[2021-12-26T03:22:24.437+0000][25441][gc,phases   ] GC(26)   Post Evacuate Collection Set: 1.5ms
[2021-12-26T03:22:24.437+0000][25441][gc,phases   ] GC(26)   Other: 0.3ms
[2021-12-26T03:22:24.437+0000][25441][gc,heap     ] GC(26) Eden regions: 75->0(75)
[2021-12-26T03:22:24.438+0000][25441][gc,heap     ] GC(26) Survivor regions: 1->1(10)
[2021-12-26T03:22:24.438+0000][25441][gc,heap     ] GC(26) Old regions: 18->18
[2021-12-26T03:22:24.438+0000][25441][gc,heap     ] GC(26) Archive regions: 2->2
[2021-12-26T03:22:24.438+0000][25441][gc,heap     ] GC(26) Humongous regions: 2->2
[2021-12-26T03:22:24.438+0000][25441][gc,metaspace] GC(26) Metaspace: 104100K(105664K)->104100K(105664K) NonClass: 89438K(90368K)->89438K(90368K) Class: 14661K(15296K)->14661K(15296K)
[2021-12-26T03:22:24.438+0000][25441][gc          ] GC(26) Pause Young (Normal) (G1 Evacuation Pause) 385M->84M(512M) 10.500ms
[2021-12-26T03:22:24.438+0000][25441][gc,cpu      ] GC(26) User=0.02s Sys=0.01s Real=0.01s
[2021-12-26T03:22:24.438+0000][25441][safepoint   ] Safepoint "G1CollectForAllocation", Time since last: 2152507330 ns, Reaching safepoint: 44142 ns, At safepoint: 10595435 ns, Total: 10639577 ns
[2021-12-26T03:22:29.794+0000][25441][safepoint   ] Safepoint "Cleanup", Time since last: 5356537727 ns, Reaching safepoint: 101361 ns, At safepoint: 20538 ns, Total: 121899 ns
[2021-12-26T03:22:30.795+0000][25441][safepoint   ] Safepoint "Cleanup", Time since last: 1000117599 ns, Reaching safepoint: 157064 ns, At safepoint: 7143 ns, Total: 164207 ns
[2021-12-26T03:22:52.797+0000][25441][safepoint   ] Safepoint "Cleanup", Time since last: 22001881503 ns, Reaching safepoint: 77849 ns, At safepoint: 7066 ns, Total: 84915 ns
[2021-12-26T03:22:58.798+0000][25441][safepoint   ] Safepoint "Cleanup", Time since last: 6001013022 ns, Reaching safepoint: 123018 ns, At safepoint: 6926 ns, Total: 129944 ns
[2021-12-26T03:22:59.798+0000][25441][safepoint   ] Safepoint "Cleanup", Time since last: 1000122859 ns, Reaching safepoint: 63695 ns, At safepoint: 5933 ns, Total: 69628 ns
[2021-12-26T03:23:03.798+0000][25441][safepoint   ] Safepoint "Cleanup", Time since last: 4000377649 ns, Reaching safepoint: 54053 ns, At safepoint: 5623 ns, Total: 59676 ns
[2021-12-26T03:23:04.798+0000][25441][safepoint   ] Safepoint "Cleanup", Time since last: 1000135596 ns, Reaching safepoint: 61470 ns, At safepoint: 5938 ns, Total: 67408 ns
[2021-12-26T03:23:35.826+0000][25441][safepoint   ] Safepoint "Cleanup", Time since last: 31027455561 ns, Reaching safepoint: 93882 ns, At safepoint: 6392 ns, Total: 100274 ns
[2021-12-26T03:23:51.828+0000][25441][safepoint   ] Safepoint "Cleanup", Time since last: 16001529122 ns, Reaching safepoint: 71621 ns, At safepoint: 4765 ns, Total: 76386 ns
[2021-12-26T03:23:52.828+0000][25441][safepoint   ] Safepoint "Cleanup", Time since last: 1000146414 ns, Reaching safepoint: 74262 ns, At safepoint: 6696 ns, Total: 80958 ns
[2021-12-26T03:24:12.830+0000][25441][safepoint   ] Safepoint "Cleanup", Time since last: 20001763035 ns, Reaching safepoint: 59183 ns, At safepoint: 7936 ns, Total: 67119 ns
[2021-12-26T03:24:14.830+0000][25441][safepoint   ] Safepoint "Cleanup", Time since last: 2000207752 ns, Reaching safepoint: 65222 ns, At safepoint: 6136 ns, Total: 71358 ns
[2021-12-26T03:24:22.831+0000][25441][safepoint   ] Safepoint "Cleanup", Time since last: 8000687244 ns, Reaching safepoint: 68877 ns, At safepoint: 6649 ns, Total: 75526 ns
[2021-12-26T03:24:38.832+0000][25441][safepoint   ] Safepoint "Cleanup", Time since last: 16001384411 ns, Reaching safepoint: 62756 ns, At safepoint: 5788 ns, Total: 68544 ns
[2021-12-26T03:24:39.832+0000][25441][safepoint   ] Safepoint "Cleanup", Time since last: 1000150973 ns, Reaching safepoint: 64317 ns, At safepoint: 6594 ns, Total: 70911 ns
[2021-12-26T03:24:40.833+0000][25441][safepoint   ] Safepoint "Cleanup", Time since last: 1000129224 ns, Reaching safepoint: 60648 ns, At safepoint: 5622 ns, Total: 66270 ns
[2021-12-26T03:24:52.834+0000][25441][safepoint   ] Safepoint "Cleanup", Time since last: 12001022715 ns, Reaching safepoint: 65100 ns, At safepoint: 4466 ns, Total: 69566 ns
[2021-12-26T03:24:57.834+0000][25441][safepoint   ] Safepoint "Cleanup", Time since last: 5000419964 ns, Reaching safepoint: 56175 ns, At safepoint: 5495 ns, Total: 61670 ns
[2021-12-26T03:25:01.835+0000][25441][safepoint   ] Safepoint "Cleanup", Time since last: 4000366575 ns, Reaching safepoint: 52348 ns, At safepoint: 4988 ns, Total: 57336 ns
[2021-12-26T03:25:26.837+0000][25441][safepoint   ] Safepoint "Cleanup", Time since last: 25002530717 ns, Reaching safepoint: 102014 ns, At safepoint: 5713 ns, Total: 107727 ns
[2021-12-26T03:25:31.838+0000][25441][safepoint   ] Safepoint "Cleanup", Time since last: 5000513059 ns, Reaching safepoint: 61795 ns, At safepoint: 5700 ns, Total: 67495 ns
[2021-12-26T03:25:53.840+0000][25441][safepoint   ] Safepoint "Cleanup", Time since last: 22002393547 ns, Reaching safepoint: 102287 ns, At safepoint: 5844 ns, Total: 108131 ns
[2021-12-26T03:25:59.841+0000][25441][safepoint   ] Safepoint "Cleanup", Time since last: 6000664922 ns, Reaching safepoint: 67910 ns, At safepoint: 6096 ns, Total: 74006 ns
[2021-12-26T03:26:22.844+0000][25441][safepoint   ] Safepoint "Cleanup", Time since last: 23002421479 ns, Reaching safepoint: 88772 ns, At safepoint: 10309 ns, Total: 99081 ns
[2021-12-26T03:26:36.845+0000][25441][safepoint   ] Safepoint "Cleanup", Time since last: 14001477951 ns, Reaching safepoint: 103459 ns, At safepoint: 5399 ns, Total: 108858 ns
[2021-12-26T03:26:42.846+0000][25441][safepoint   ] Safepoint "Cleanup", Time since last: 6000665354 ns, Reaching safepoint: 96092 ns, At safepoint: 5484 ns, Total: 101576 ns
[2021-12-26T03:26:45.846+0000][25441][safepoint   ] Safepoint "Cleanup", Time since last: 3000376758 ns, Reaching safepoint: 68650 ns, At safepoint: 5812 ns, Total: 74462 ns
[2021-12-26T03:26:52.847+0000][25441][safepoint   ] Safepoint "Cleanup", Time since last: 7000812196 ns, Reaching safepoint: 56216 ns, At safepoint: 4313 ns, Total: 60529 ns
[2021-12-26T03:26:58.848+0000][25441][safepoint   ] Safepoint "Cleanup", Time since last: 6000676288 ns, Reaching safepoint: 57764 ns, At safepoint: 5645 ns, Total: 63409 ns
[2021-12-26T03:27:15.850+0000][25441][safepoint   ] Safepoint "Cleanup", Time since last: 17001861744 ns, Reaching safepoint: 101596 ns, At safepoint: 5312 ns, Total: 106908 ns
[2021-12-26T03:27:31.884+0000][25441][safepoint   ] Safepoint "Cleanup", Time since last: 16033501670 ns, Reaching safepoint: 78623 ns, At safepoint: 4965 ns, Total: 83588 ns
[2021-12-26T03:27:32.884+0000][25441][safepoint   ] Safepoint "Cleanup", Time since last: 1000147141 ns, Reaching safepoint: 54993 ns, At safepoint: 4635 ns, Total: 59628 ns
[2021-12-26T03:27:40.885+0000][25441][safepoint   ] Safepoint "Cleanup", Time since last: 8000893834 ns, Reaching safepoint: 71812 ns, At safepoint: 5500 ns, Total: 77312 ns
[2021-12-26T03:27:42.885+0000][25441][safepoint   ] Safepoint "Cleanup", Time since last: 2000304069 ns, Reaching safepoint: 79808 ns, At safepoint: 5266 ns, Total: 85074 ns
[2021-12-26T03:27:52.886+0000][25441][safepoint   ] Safepoint "Cleanup", Time since last: 10001113056 ns, Reaching safepoint: 121064 ns, At safepoint: 7466 ns, Total: 128530 ns
[2021-12-26T03:28:08.888+0000][25441][safepoint   ] Safepoint "Cleanup", Time since last: 16001653163 ns, Reaching safepoint: 100228 ns, At safepoint: 5375 ns, Total: 105603 ns
[2021-12-26T03:28:11.889+0000][25441][safepoint   ] Safepoint "Cleanup", Time since last: 3000361039 ns, Reaching safepoint: 70024 ns, At safepoint: 5937 ns, Total: 75961 ns
[2021-12-26T03:28:12.704+0000][25441][gc,start    ] GC(27) Pause Young (Normal) (G1 Evacuation Pause)
[2021-12-26T03:28:12.704+0000][25441][gc,task     ] GC(27) Using 2 workers of 2 for evacuation
[2021-12-26T03:28:12.704+0000][25441][gc,age      ] GC(27) Desired survivor size 20971520 bytes, new threshold 15 (max threshold 15)
[2021-12-26T03:28:12.712+0000][25441][gc,age      ] GC(27) Age table with threshold 15 (max threshold 15)
[2021-12-26T03:28:12.712+0000][25441][gc,age      ] GC(27) - age   1:     585704 bytes,     585704 total
[2021-12-26T03:28:12.712+0000][25441][gc,age      ] GC(27) - age   2:     939240 bytes,    1524944 total
[2021-12-26T03:28:12.712+0000][25441][gc,age      ] GC(27) - age   4:      45480 bytes,    1570424 total
[2021-12-26T03:28:12.712+0000][25441][gc,age      ] GC(27) - age   5:     657904 bytes,    2228328 total
[2021-12-26T03:28:12.712+0000][25441][gc,phases   ] GC(27)   Pre Evacuate Collection Set: 0.1ms
[2021-12-26T03:28:12.712+0000][25441][gc,phases   ] GC(27)   Merge Heap Roots: 0.1ms
[2021-12-26T03:28:12.712+0000][25441][gc,phases   ] GC(27)   Evacuate Collection Set: 6.4ms
[2021-12-26T03:28:12.712+0000][25441][gc,phases   ] GC(27)   Post Evacuate Collection Set: 1.6ms
[2021-12-26T03:28:12.712+0000][25441][gc,phases   ] GC(27)   Other: 0.2ms
[2021-12-26T03:28:12.712+0000][25441][gc,heap     ] GC(27) Eden regions: 75->0(75)
[2021-12-26T03:28:12.712+0000][25441][gc,heap     ] GC(27) Survivor regions: 1->1(10)
[2021-12-26T03:28:12.712+0000][25441][gc,heap     ] GC(27) Old regions: 18->18
[2021-12-26T03:28:12.712+0000][25441][gc,heap     ] GC(27) Archive regions: 2->2
[2021-12-26T03:28:12.712+0000][25441][gc,heap     ] GC(27) Humongous regions: 2->2
[2021-12-26T03:28:12.712+0000][25441][gc,metaspace] GC(27) Metaspace: 104509K(106048K)->104509K(106048K) NonClass: 89817K(90752K)->89817K(90752K) Class: 14691K(15296K)->14691K(15296K)
[2021-12-26T03:28:12.712+0000][25441][gc          ] GC(27) Pause Young (Normal) (G1 Evacuation Pause) 384M->84M(512M) 8.454ms
[2021-12-26T03:28:12.712+0000][25441][gc,cpu      ] GC(27) User=0.02s Sys=0.00s Real=0.01s
[2021-12-26T03:28:12.713+0000][25441][safepoint   ] Safepoint "G1CollectForAllocation", Time since last: 815363563 ns, Reaching safepoint: 43897 ns, At safepoint: 8550221 ns, Total: 8594118 ns
[2021-12-26T03:28:22.714+0000][25441][safepoint   ] Safepoint "Cleanup", Time since last: 10001053671 ns, Reaching safepoint: 92299 ns, At safepoint: 5341 ns, Total: 97640 ns
[2021-12-26T03:28:30.715+0000][25441][safepoint   ] Safepoint "Cleanup", Time since last: 8000874119 ns, Reaching safepoint: 61386 ns, At safepoint: 4927 ns, Total: 66313 ns
[2021-12-26T03:28:52.717+0000][25441][safepoint   ] Safepoint "Cleanup", Time since last: 22002507350 ns, Reaching safepoint: 91414 ns, At safepoint: 6114 ns, Total: 97528 ns
[2021-12-26T03:28:59.718+0000][25441][safepoint   ] Safepoint "Cleanup", Time since last: 7000769332 ns, Reaching safepoint: 63922 ns, At safepoint: 4784 ns, Total: 68706 ns
[2021-12-26T03:29:22.721+0000][25441][safepoint   ] Safepoint "Cleanup", Time since last: 23002448904 ns, Reaching safepoint: 98007 ns, At safepoint: 5921 ns, Total: 103928 ns
[2021-12-26T03:29:25.721+0000][25441][safepoint   ] Safepoint "Cleanup", Time since last: 3000396458 ns, Reaching safepoint: 69764 ns, At safepoint: 6142 ns, Total: 75906 ns
[2021-12-26T03:29:59.725+0000][25441][safepoint   ] Safepoint "Cleanup", Time since last: 34003532840 ns, Reaching safepoint: 90365 ns, At safepoint: 8840 ns, Total: 99205 ns
[2021-12-26T03:30:22.727+0000][25441][safepoint   ] Safepoint "Cleanup", Time since last: 23001985217 ns, Reaching safepoint: 131153 ns, At safepoint: 8927 ns, Total: 140080 ns
[2021-12-26T03:30:23.727+0000][25441][safepoint   ] Safepoint "Cleanup", Time since last: 1000139482 ns, Reaching safepoint: 62137 ns, At safepoint: 4953 ns, Total: 67090 ns
[2021-12-26T03:30:29.728+0000][25441][safepoint   ] Safepoint "Cleanup", Time since last: 6000626398 ns, Reaching safepoint: 49834 ns, At safepoint: 4100 ns, Total: 53934 ns
[2021-12-26T03:30:52.730+0000][25441][safepoint   ] Safepoint "Cleanup", Time since last: 23002370059 ns, Reaching safepoint: 133940 ns, At safepoint: 5811 ns, Total: 139751 ns
[2021-12-26T03:30:53.730+0000][25441][safepoint   ] Safepoint "Cleanup", Time since last: 1000154817 ns, Reaching safepoint: 56198 ns, At safepoint: 5857 ns, Total: 62055 ns
[2021-12-26T03:30:57.731+0000][25441][safepoint   ] Safepoint "Cleanup", Time since last: 4000492138 ns, Reaching safepoint: 62270 ns, At safepoint: 4761 ns, Total: 67031 ns
[2021-12-26T03:30:59.731+0000][25441][safepoint   ] Safepoint "Cleanup", Time since last: 2000252323 ns, Reaching safepoint: 60663 ns, At safepoint: 4989 ns, Total: 65652 ns
[2021-12-26T03:31:01.732+0000][25441][safepoint   ] Safepoint "Cleanup", Time since last: 2000278411 ns, Reaching safepoint: 67123 ns, At safepoint: 5608 ns, Total: 72731 ns
[2021-12-26T03:31:21.734+0000][25441][safepoint   ] Safepoint "Cleanup", Time since last: 20002157334 ns, Reaching safepoint: 99811 ns, At safepoint: 10696 ns, Total: 110507 ns
[2021-12-26T03:31:22.734+0000][25441][safepoint   ] Safepoint "Cleanup", Time since last: 1000169832 ns, Reaching safepoint: 63375 ns, At safepoint: 5996 ns, Total: 69371 ns
[2021-12-26T03:31:26.735+0000][25441][safepoint   ] Safepoint "Cleanup", Time since last: 4000536889 ns, Reaching safepoint: 74723 ns, At safepoint: 5866 ns, Total: 80589 ns
[2021-12-26T03:32:22.741+0000][25441][safepoint   ] Safepoint "Cleanup", Time since last: 56005635607 ns, Reaching safepoint: 101823 ns, At safepoint: 6825 ns, Total: 108648 ns
[2021-12-26T03:33:22.747+0000][25441][safepoint   ] Safepoint "Cleanup", Time since last: 60006330188 ns, Reaching safepoint: 94795 ns, At safepoint: 6093 ns, Total: 100888 ns
[2021-12-26T03:33:23.747+0000][25441][safepoint   ] Safepoint "Cleanup", Time since last: 1000147406 ns, Reaching safepoint: 62481 ns, At safepoint: 5072 ns, Total: 67553 ns
[2021-12-26T03:33:59.751+0000][25441][safepoint   ] Safepoint "Cleanup", Time since last: 36003747179 ns, Reaching safepoint: 78465 ns, At safepoint: 4752 ns, Total: 83217 ns
[2021-12-26T03:34:05.752+0000][25441][safepoint   ] Safepoint "Cleanup", Time since last: 6000629159 ns, Reaching safepoint: 90287 ns, At safepoint: 8852 ns, Total: 99139 ns
[2021-12-26T03:34:22.754+0000][25441][safepoint   ] Safepoint "Cleanup", Time since last: 17001851916 ns, Reaching safepoint: 90925 ns, At safepoint: 6169 ns, Total: 97094 ns
[2021-12-26T03:34:44.993+0000][25441][gc,start    ] GC(28) Pause Young (Normal) (G1 Evacuation Pause)
[2021-12-26T03:34:44.993+0000][25441][gc,task     ] GC(28) Using 2 workers of 2 for evacuation
[2021-12-26T03:34:44.993+0000][25441][gc,age      ] GC(28) Desired survivor size 20971520 bytes, new threshold 15 (max threshold 15)
[2021-12-26T03:34:45.001+0000][25441][gc,age      ] GC(28) Age table with threshold 15 (max threshold 15)
[2021-12-26T03:34:45.001+0000][25441][gc,age      ] GC(28) - age   1:      19968 bytes,      19968 total
[2021-12-26T03:34:45.001+0000][25441][gc,age      ] GC(28) - age   2:     571192 bytes,     591160 total
[2021-12-26T03:34:45.001+0000][25441][gc,age      ] GC(28) - age   3:     899576 bytes,    1490736 total
[2021-12-26T03:34:45.001+0000][25441][gc,age      ] GC(28) - age   5:      45480 bytes,    1536216 total
[2021-12-26T03:34:45.001+0000][25441][gc,age      ] GC(28) - age   6:     657904 bytes,    2194120 total
[2021-12-26T03:34:45.001+0000][25441][gc,phases   ] GC(28)   Pre Evacuate Collection Set: 0.1ms
[2021-12-26T03:34:45.001+0000][25441][gc,phases   ] GC(28)   Merge Heap Roots: 0.1ms
[2021-12-26T03:34:45.001+0000][25441][gc,phases   ] GC(28)   Evacuate Collection Set: 6.8ms
[2021-12-26T03:34:45.001+0000][25441][gc,phases   ] GC(28)   Post Evacuate Collection Set: 1.4ms
[2021-12-26T03:34:45.001+0000][25441][gc,phases   ] GC(28)   Other: 0.2ms
[2021-12-26T03:34:45.001+0000][25441][gc,heap     ] GC(28) Eden regions: 75->0(75)
[2021-12-26T03:34:45.001+0000][25441][gc,heap     ] GC(28) Survivor regions: 1->1(10)
[2021-12-26T03:34:45.001+0000][25441][gc,heap     ] GC(28) Old regions: 18->18
[2021-12-26T03:34:45.001+0000][25441][gc,heap     ] GC(28) Archive regions: 2->2
[2021-12-26T03:34:45.001+0000][25441][gc,heap     ] GC(28) Humongous regions: 2->2
[2021-12-26T03:34:45.001+0000][25441][gc,metaspace] GC(28) Metaspace: 104637K(106112K)->104637K(106112K) NonClass: 89943K(90816K)->89943K(90816K) Class: 14693K(15296K)->14693K(15296K)
[2021-12-26T03:34:45.001+0000][25441][gc          ] GC(28) Pause Young (Normal) (G1 Evacuation Pause) 384M->84M(512M) 8.706ms
[2021-12-26T03:34:45.001+0000][25441][gc,cpu      ] GC(28) User=0.02s Sys=0.00s Real=0.01s
[2021-12-26T03:34:45.001+0000][25441][safepoint   ] Safepoint "G1CollectForAllocation", Time since last: 22238888390 ns, Reaching safepoint: 64835 ns, At safepoint: 8797510 ns, Total: 8862345 ns
[2021-12-26T03:35:01.003+0000][25441][safepoint   ] Safepoint "Cleanup", Time since last: 16001772159 ns, Reaching safepoint: 77659 ns, At safepoint: 5569 ns, Total: 83228 ns
[2021-12-26T03:35:52.009+0000][25441][safepoint   ] Safepoint "Cleanup", Time since last: 51005438034 ns, Reaching safepoint: 150804 ns, At safepoint: 6161 ns, Total: 156965 ns
[2021-12-26T03:35:53.009+0000][25441][safepoint   ] Safepoint "Cleanup", Time since last: 1000161712 ns, Reaching safepoint: 83511 ns, At safepoint: 5807 ns, Total: 89318 ns
[2021-12-26T03:36:23.043+0000][25441][safepoint   ] Safepoint "Cleanup", Time since last: 30033485947 ns, Reaching safepoint: 110041 ns, At safepoint: 6297 ns, Total: 116338 ns
[2021-12-26T03:36:26.043+0000][25441][safepoint   ] Safepoint "Cleanup", Time since last: 3000388696 ns, Reaching safepoint: 72399 ns, At safepoint: 5200 ns, Total: 77599 ns
[2021-12-26T03:36:30.044+0000][25441][safepoint   ] Safepoint "Cleanup", Time since last: 4000539233 ns, Reaching safepoint: 73340 ns, At safepoint: 5530 ns, Total: 78870 ns
[2021-12-26T03:37:24.050+0000][25441][safepoint   ] Safepoint "Cleanup", Time since last: 54005964480 ns, Reaching safepoint: 101277 ns, At safepoint: 6012 ns, Total: 107289 ns
[2021-12-26T03:37:52.053+0000][25441][safepoint   ] Safepoint "Cleanup", Time since last: 28003050470 ns, Reaching safepoint: 92109 ns, At safepoint: 5800 ns, Total: 97909 ns
[2021-12-26T03:37:53.053+0000][25441][safepoint   ] Safepoint "Cleanup", Time since last: 1000165168 ns, Reaching safepoint: 70544 ns, At safepoint: 5215 ns, Total: 75759 ns
[2021-12-26T03:38:27.098+0000][25441][safepoint   ] Safepoint "Cleanup", Time since last: 34044392463 ns, Reaching safepoint: 112614 ns, At safepoint: 7139 ns, Total: 119753 ns
[2021-12-26T03:38:42.100+0000][25441][safepoint   ] Safepoint "Cleanup", Time since last: 15001698414 ns, Reaching safepoint: 99578 ns, At safepoint: 5974 ns, Total: 105552 ns
[2021-12-26T03:38:53.101+0000][25441][safepoint   ] Safepoint "Cleanup", Time since last: 11001232032 ns, Reaching safepoint: 64418 ns, At safepoint: 6708 ns, Total: 71126 ns
[2021-12-26T03:39:02.102+0000][25441][safepoint   ] Safepoint "Cleanup", Time since last: 9000999565 ns, Reaching safepoint: 64445 ns, At safepoint: 4871 ns, Total: 69316 ns
[2021-12-26T03:39:06.103+0000][25441][safepoint   ] Safepoint "Cleanup", Time since last: 4000456442 ns, Reaching safepoint: 96552 ns, At safepoint: 6254 ns, Total: 102806 ns
[2021-12-26T03:39:23.104+0000][25441][safepoint   ] Safepoint "Cleanup", Time since last: 17001849469 ns, Reaching safepoint: 70101 ns, At safepoint: 4820 ns, Total: 74921 ns
[2021-12-26T03:39:30.105+0000][25441][safepoint   ] Safepoint "Cleanup", Time since last: 7000745819 ns, Reaching safepoint: 64577 ns, At safepoint: 6073 ns, Total: 70650 ns
[2021-12-26T03:39:53.108+0000][25441][safepoint   ] Safepoint "Cleanup", Time since last: 23002523602 ns, Reaching safepoint: 92982 ns, At safepoint: 6049 ns, Total: 99031 ns
[2021-12-26T03:40:07.110+0000][25441][safepoint   ] Safepoint "Cleanup", Time since last: 14001499018 ns, Reaching safepoint: 96475 ns, At safepoint: 9034 ns, Total: 105509 ns
[2021-12-26T03:40:23.111+0000][25441][safepoint   ] Safepoint "Cleanup", Time since last: 16001610423 ns, Reaching safepoint: 69189 ns, At safepoint: 5499 ns, Total: 74688 ns
[2021-12-26T03:40:53.114+0000][25441][safepoint   ] Safepoint "Cleanup", Time since last: 30003180761 ns, Reaching safepoint: 99669 ns, At safepoint: 5448 ns, Total: 105117 ns
[2021-12-26T03:41:16.117+0000][25441][safepoint   ] Safepoint "Cleanup", Time since last: 23002385670 ns, Reaching safepoint: 96246 ns, At safepoint: 5521 ns, Total: 101767 ns
[2021-12-26T03:41:20.308+0000][25441][gc,start    ] GC(29) Pause Young (Normal) (G1 Evacuation Pause)
[2021-12-26T03:41:20.308+0000][25441][gc,task     ] GC(29) Using 2 workers of 2 for evacuation
[2021-12-26T03:41:20.309+0000][25441][gc,age      ] GC(29) Desired survivor size 20971520 bytes, new threshold 15 (max threshold 15)
[2021-12-26T03:41:20.317+0000][25441][gc,age      ] GC(29) Age table with threshold 15 (max threshold 15)
[2021-12-26T03:41:20.317+0000][25441][gc,age      ] GC(29) - age   1:      20232 bytes,      20232 total
[2021-12-26T03:41:20.317+0000][25441][gc,age      ] GC(29) - age   2:       6552 bytes,      26784 total
[2021-12-26T03:41:20.317+0000][25441][gc,age      ] GC(29) - age   3:     508176 bytes,     534960 total
[2021-12-26T03:41:20.317+0000][25441][gc,age      ] GC(29) - age   4:     826760 bytes,    1361720 total
[2021-12-26T03:41:20.317+0000][25441][gc,age      ] GC(29) - age   6:      45480 bytes,    1407200 total
[2021-12-26T03:41:20.317+0000][25441][gc,age      ] GC(29) - age   7:     657904 bytes,    2065104 total
[2021-12-26T03:41:20.317+0000][25441][gc,phases   ] GC(29)   Pre Evacuate Collection Set: 0.1ms
[2021-12-26T03:41:20.317+0000][25441][gc,phases   ] GC(29)   Merge Heap Roots: 0.1ms
[2021-12-26T03:41:20.317+0000][25441][gc,phases   ] GC(29)   Evacuate Collection Set: 7.0ms
[2021-12-26T03:41:20.317+0000][25441][gc,phases   ] GC(29)   Post Evacuate Collection Set: 1.6ms
[2021-12-26T03:41:20.317+0000][25441][gc,phases   ] GC(29)   Other: 0.2ms
[2021-12-26T03:41:20.317+0000][25441][gc,heap     ] GC(29) Eden regions: 75->0(75)
[2021-12-26T03:41:20.317+0000][25441][gc,heap     ] GC(29) Survivor regions: 1->1(10)
[2021-12-26T03:41:20.317+0000][25441][gc,heap     ] GC(29) Old regions: 18->18
[2021-12-26T03:41:20.317+0000][25441][gc,heap     ] GC(29) Archive regions: 2->2
[2021-12-26T03:41:20.317+0000][25441][gc,heap     ] GC(29) Humongous regions: 2->2
[2021-12-26T03:41:20.317+0000][25441][gc,metaspace] GC(29) Metaspace: 104751K(106240K)->104751K(106240K) NonClass: 90057K(90944K)->90057K(90944K) Class: 14693K(15296K)->14693K(15296K)
[2021-12-26T03:41:20.317+0000][25441][gc          ] GC(29) Pause Young (Normal) (G1 Evacuation Pause) 384M->84M(512M) 9.007ms
[2021-12-26T03:41:20.317+0000][25441][gc,cpu      ] GC(29) User=0.01s Sys=0.00s Real=0.01s
[2021-12-26T03:41:20.317+0000][25441][safepoint   ] Safepoint "G1CollectForAllocation", Time since last: 4191370570 ns, Reaching safepoint: 40519 ns, At safepoint: 9098931 ns, Total: 9139450 ns
[2021-12-26T03:41:23.318+0000][25441][safepoint   ] Safepoint "Cleanup", Time since last: 3000305738 ns, Reaching safepoint: 71513 ns, At safepoint: 5562 ns, Total: 77075 ns
[2021-12-26T03:42:22.324+0000][25441][safepoint   ] Safepoint "Cleanup", Time since last: 59005868126 ns, Reaching safepoint: 92740 ns, At safepoint: 5834 ns, Total: 98574 ns
[2021-12-26T03:42:52.327+0000][25441][safepoint   ] Safepoint "Cleanup", Time since last: 30003112219 ns, Reaching safepoint: 87772 ns, At safepoint: 5138 ns, Total: 92910 ns
[2021-12-26T03:43:52.333+0000][25441][safepoint   ] Safepoint "Cleanup", Time since last: 60005816840 ns, Reaching safepoint: 100965 ns, At safepoint: 5656 ns, Total: 106621 ns
[2021-12-26T03:44:08.335+0000][25441][safepoint   ] Safepoint "Cleanup", Time since last: 16001450599 ns, Reaching safepoint: 90474 ns, At safepoint: 17000 ns, Total: 107474 ns
[2021-12-26T03:44:10.193+0000][25441][gc,heap,exit] Heap
[2021-12-26T03:44:10.193+0000][25441][gc,heap,exit]  garbage-first heap   total 524288K, used 226867K [0x00000000e0000000, 0x0000000100000000)
[2021-12-26T03:44:10.193+0000][25441][gc,heap,exit]   region size 4096K, 36 young (147456K), 1 survivors (4096K)
[2021-12-26T03:44:10.193+0000][25441][gc,heap,exit]  Metaspace       used 104956K, committed 106496K, reserved 1146880K
[2021-12-26T03:44:10.193+0000][25441][gc,heap,exit]   class space    used 14726K, committed 15360K, reserved 1048576K
