[2021-12-27T02:42:36.033+0000][10291][gc] Using G1
[2021-12-27T02:42:36.149+0000][10291][gc,init] Version: 17.0.1+12 (release)
[2021-12-27T02:42:36.149+0000][10291][gc,init] CPUs: 2 total, 2 available
[2021-12-27T02:42:36.149+0000][10291][gc,init] Memory: 3786M
[2021-12-27T02:42:36.149+0000][10291][gc,init] Large Page Support: Disabled
[2021-12-27T02:42:36.149+0000][10291][gc,init] NUMA Support: Disabled
[2021-12-27T02:42:36.149+0000][10291][gc,init] Compressed Oops: Enabled (32-bit)
[2021-12-27T02:42:36.149+0000][10291][gc,init] Heap Region Size: 4M
[2021-12-27T02:42:36.149+0000][10291][gc,init] Heap Min Capacity: 512M
[2021-12-27T02:42:36.149+0000][10291][gc,init] Heap Initial Capacity: 512M
[2021-12-27T02:42:36.149+0000][10291][gc,init] Heap Max Capacity: 512M
[2021-12-27T02:42:36.149+0000][10291][gc,init] Pre-touch: Enabled
[2021-12-27T02:42:36.149+0000][10291][gc,init] Parallel Workers: 2
[2021-12-27T02:42:36.149+0000][10291][gc,init] Concurrent Workers: 1
[2021-12-27T02:42:36.149+0000][10291][gc,init] Concurrent Refinement Workers: 2
[2021-12-27T02:42:36.149+0000][10291][gc,init] Periodic GC: Disabled
[2021-12-27T02:42:36.150+0000][10291][gc,metaspace] CDS archive(s) mapped at: [0x0000000800000000-0x0000000800bd1000-0x0000000800bd1000), size 12390400, SharedBaseAddress: 0x0000000800000000, ArchiveRelocationMode: 0.
[2021-12-27T02:42:36.150+0000][10291][gc,metaspace] Compressed class space mapped at: 0x0000000800c00000-0x0000000840c00000, reserved size: 1073741824
[2021-12-27T02:42:36.150+0000][10291][gc,metaspace] Narrow klass base: 0x0000000800000000, Narrow klass shift: 0, Narrow klass range: 0x100000000
[2021-12-27T02:42:36.743+0000][10291][safepoint   ] Safepoint "ICBufferFull", Time since last: 584647840 ns, Reaching safepoint: 125178 ns, At safepoint: 7829 ns, Total: 133007 ns
[2021-12-27T02:42:37.068+0000][10291][gc,start    ] GC(0) Pause Young (Normal) (G1 Evacuation Pause)
[2021-12-27T02:42:37.068+0000][10291][gc,task     ] GC(0) Using 2 workers of 2 for evacuation
[2021-12-27T02:42:37.068+0000][10291][gc,age      ] GC(0) Desired survivor size 2097152 bytes, new threshold 15 (max threshold 15)
[2021-12-27T02:42:37.074+0000][10291][gc,age      ] GC(0) Age table with threshold 15 (max threshold 15)
[2021-12-27T02:42:37.074+0000][10291][gc,age      ] GC(0) - age   1:    4050896 bytes,    4050896 total
[2021-12-27T02:42:37.074+0000][10291][gc,phases   ] GC(0)   Pre Evacuate Collection Set: 0.1ms
[2021-12-27T02:42:37.074+0000][10291][gc,phases   ] GC(0)   Merge Heap Roots: 0.1ms
[2021-12-27T02:42:37.074+0000][10291][gc,phases   ] GC(0)   Evacuate Collection Set: 4.8ms
[2021-12-27T02:42:37.074+0000][10291][gc,phases   ] GC(0)   Post Evacuate Collection Set: 0.6ms
[2021-12-27T02:42:37.074+0000][10291][gc,phases   ] GC(0)   Other: 0.2ms
[2021-12-27T02:42:37.074+0000][10291][gc,heap     ] GC(0) Eden regions: 6->0(5)
[2021-12-27T02:42:37.074+0000][10291][gc,heap     ] GC(0) Survivor regions: 0->1(1)
[2021-12-27T02:42:37.074+0000][10291][gc,heap     ] GC(0) Old regions: 0->0
[2021-12-27T02:42:37.074+0000][10291][gc,heap     ] GC(0) Archive regions: 2->2
[2021-12-27T02:42:37.074+0000][10291][gc,heap     ] GC(0) Humongous regions: 0->0
[2021-12-27T02:42:37.074+0000][10291][gc,metaspace] GC(0) Metaspace: 7533K(7680K)->7533K(7680K) NonClass: 6657K(6720K)->6657K(6720K) Class: 875K(960K)->875K(960K)
[2021-12-27T02:42:37.074+0000][10291][gc          ] GC(0) Pause Young (Normal) (G1 Evacuation Pause) 27M->7M(512M) 5.810ms
[2021-12-27T02:42:37.074+0000][10291][gc,cpu      ] GC(0) User=0.02s Sys=0.00s Real=0.01s
[2021-12-27T02:42:37.074+0000][10291][safepoint   ] Safepoint "G1CollectForAllocation", Time since last: 324804755 ns, Reaching safepoint: 98031 ns, At safepoint: 5954747 ns, Total: 6052778 ns
[2021-12-27T02:42:37.518+0000][10291][gc,start    ] GC(1) Pause Young (Normal) (G1 Evacuation Pause)
[2021-12-27T02:42:37.518+0000][10291][gc,task     ] GC(1) Using 2 workers of 2 for evacuation
[2021-12-27T02:42:37.518+0000][10291][gc,age      ] GC(1) Desired survivor size 2097152 bytes, new threshold 1 (max threshold 15)
[2021-12-27T02:42:37.533+0000][10291][gc,age      ] GC(1) Age table with threshold 1 (max threshold 15)
[2021-12-27T02:42:37.534+0000][10291][gc,age      ] GC(1) - age   1:    1598224 bytes,    1598224 total
[2021-12-27T02:42:37.534+0000][10291][gc,phases   ] GC(1)   Pre Evacuate Collection Set: 0.1ms
[2021-12-27T02:42:37.534+0000][10291][gc,phases   ] GC(1)   Merge Heap Roots: 0.0ms
[2021-12-27T02:42:37.534+0000][10291][gc,phases   ] GC(1)   Evacuate Collection Set: 14.4ms
[2021-12-27T02:42:37.534+0000][10291][gc,phases   ] GC(1)   Post Evacuate Collection Set: 0.7ms
[2021-12-27T02:42:37.534+0000][10291][gc,phases   ] GC(1)   Other: 0.2ms
[2021-12-27T02:42:37.534+0000][10291][gc,heap     ] GC(1) Eden regions: 5->0(5)
[2021-12-27T02:42:37.534+0000][10291][gc,heap     ] GC(1) Survivor regions: 1->1(1)
[2021-12-27T02:42:37.534+0000][10291][gc,heap     ] GC(1) Old regions: 0->1
[2021-12-27T02:42:37.534+0000][10291][gc,heap     ] GC(1) Archive regions: 2->2
[2021-12-27T02:42:37.534+0000][10291][gc,heap     ] GC(1) Humongous regions: 0->0
[2021-12-27T02:42:37.534+0000][10291][gc,metaspace] GC(1) Metaspace: 11108K(11264K)->11108K(11264K) NonClass: 9702K(9792K)->9702K(9792K) Class: 1406K(1472K)->1406K(1472K)
[2021-12-27T02:42:37.534+0000][10291][gc          ] GC(1) Pause Young (Normal) (G1 Evacuation Pause) 27M->9M(512M) 15.480ms
[2021-12-27T02:42:37.534+0000][10291][gc,cpu      ] GC(1) User=0.03s Sys=0.00s Real=0.01s
[2021-12-27T02:42:37.534+0000][10291][safepoint   ] Safepoint "G1CollectForAllocation", Time since last: 443616715 ns, Reaching safepoint: 474207 ns, At safepoint: 15565879 ns, Total: 16040086 ns
[2021-12-27T02:42:37.867+0000][10291][gc,start    ] GC(2) Pause Young (Normal) (G1 Evacuation Pause)
[2021-12-27T02:42:37.867+0000][10291][gc,task     ] GC(2) Using 2 workers of 2 for evacuation
[2021-12-27T02:42:37.867+0000][10291][gc,age      ] GC(2) Desired survivor size 2097152 bytes, new threshold 15 (max threshold 15)
[2021-12-27T02:42:37.873+0000][10291][gc,age      ] GC(2) Age table with threshold 15 (max threshold 15)
[2021-12-27T02:42:37.873+0000][10291][gc,age      ] GC(2) - age   1:    1174784 bytes,    1174784 total
[2021-12-27T02:42:37.873+0000][10291][gc,age      ] GC(2) - age   2:    1529912 bytes,    2704696 total
[2021-12-27T02:42:37.873+0000][10291][gc,phases   ] GC(2)   Pre Evacuate Collection Set: 0.1ms
[2021-12-27T02:42:37.873+0000][10291][gc,phases   ] GC(2)   Merge Heap Roots: 0.0ms
[2021-12-27T02:42:37.873+0000][10291][gc,phases   ] GC(2)   Evacuate Collection Set: 5.5ms
[2021-12-27T02:42:37.873+0000][10291][gc,phases   ] GC(2)   Post Evacuate Collection Set: 0.5ms
[2021-12-27T02:42:37.873+0000][10291][gc,phases   ] GC(2)   Other: 0.2ms
[2021-12-27T02:42:37.873+0000][10291][gc,heap     ] GC(2) Eden regions: 5->0(7)
[2021-12-27T02:42:37.873+0000][10291][gc,heap     ] GC(2) Survivor regions: 1->1(1)
[2021-12-27T02:42:37.873+0000][10291][gc,heap     ] GC(2) Old regions: 1->1
[2021-12-27T02:42:37.873+0000][10291][gc,heap     ] GC(2) Archive regions: 2->2
[2021-12-27T02:42:37.873+0000][10291][gc,heap     ] GC(2) Humongous regions: 0->0
[2021-12-27T02:42:37.873+0000][10291][gc,metaspace] GC(2) Metaspace: 13150K(13376K)->13150K(13376K) NonClass: 11524K(11648K)->11524K(11648K) Class: 1626K(1728K)->1626K(1728K)
[2021-12-27T02:42:37.873+0000][10291][gc          ] GC(2) Pause Young (Normal) (G1 Evacuation Pause) 29M->10M(512M) 6.384ms
[2021-12-27T02:42:37.873+0000][10291][gc,cpu      ] GC(2) User=0.01s Sys=0.00s Real=0.00s
[2021-12-27T02:42:37.873+0000][10291][safepoint   ] Safepoint "G1CollectForAllocation", Time since last: 332846622 ns, Reaching safepoint: 105533 ns, At safepoint: 6465066 ns, Total: 6570599 ns
[2021-12-27T02:42:38.511+0000][10291][gc,start    ] GC(3) Pause Young (Normal) (G1 Evacuation Pause)
[2021-12-27T02:42:38.511+0000][10291][gc,task     ] GC(3) Using 2 workers of 2 for evacuation
[2021-12-27T02:42:38.511+0000][10291][gc,age      ] GC(3) Desired survivor size 2097152 bytes, new threshold 2 (max threshold 15)
[2021-12-27T02:42:38.521+0000][10291][gc,age      ] GC(3) Age table with threshold 2 (max threshold 15)
[2021-12-27T02:42:38.521+0000][10291][gc,age      ] GC(3) - age   1:     831704 bytes,     831704 total
[2021-12-27T02:42:38.521+0000][10291][gc,age      ] GC(3) - age   2:    1157408 bytes,    1989112 total
[2021-12-27T02:42:38.521+0000][10291][gc,phases   ] GC(3)   Pre Evacuate Collection Set: 0.1ms
[2021-12-27T02:42:38.521+0000][10291][gc,phases   ] GC(3)   Merge Heap Roots: 0.0ms
[2021-12-27T02:42:38.521+0000][10291][gc,phases   ] GC(3)   Evacuate Collection Set: 9.2ms
[2021-12-27T02:42:38.521+0000][10291][gc,phases   ] GC(3)   Post Evacuate Collection Set: 0.6ms
[2021-12-27T02:42:38.521+0000][10291][gc,phases   ] GC(3)   Other: 0.2ms
[2021-12-27T02:42:38.521+0000][10291][gc,heap     ] GC(3) Eden regions: 6->0(10)
[2021-12-27T02:42:38.521+0000][10291][gc,heap     ] GC(3) Survivor regions: 1->1(1)
[2021-12-27T02:42:38.521+0000][10291][gc,heap     ] GC(3) Old regions: 1->2
[2021-12-27T02:42:38.521+0000][10291][gc,heap     ] GC(3) Archive regions: 2->2
[2021-12-27T02:42:38.521+0000][10291][gc,heap     ] GC(3) Humongous regions: 0->0
[2021-12-27T02:42:38.521+0000][10291][gc,metaspace] GC(3) Metaspace: 14818K(15104K)->14818K(15104K) NonClass: 13036K(13184K)->13036K(13184K) Class: 1781K(1920K)->1781K(1920K)
[2021-12-27T02:42:38.521+0000][10291][gc          ] GC(3) Pause Young (Normal) (G1 Evacuation Pause) 34M->11M(512M) 10.140ms
[2021-12-27T02:42:38.521+0000][10291][gc,cpu      ] GC(3) User=0.02s Sys=0.00s Real=0.01s
[2021-12-27T02:42:38.521+0000][10291][safepoint   ] Safepoint "G1CollectForAllocation", Time since last: 637910356 ns, Reaching safepoint: 190309 ns, At safepoint: 10210832 ns, Total: 10401141 ns
[2021-12-27T02:42:38.856+0000][10291][gc,start    ] GC(4) Pause Young (Normal) (G1 Evacuation Pause)
[2021-12-27T02:42:38.856+0000][10291][gc,task     ] GC(4) Using 2 workers of 2 for evacuation
[2021-12-27T02:42:38.856+0000][10291][gc,age      ] GC(4) Desired survivor size 4194304 bytes, new threshold 15 (max threshold 15)
[2021-12-27T02:42:38.868+0000][10291][gc,age      ] GC(4) Age table with threshold 15 (max threshold 15)
[2021-12-27T02:42:38.868+0000][10291][gc,age      ] GC(4) - age   1:    1257376 bytes,    1257376 total
[2021-12-27T02:42:38.868+0000][10291][gc,age      ] GC(4) - age   2:     775520 bytes,    2032896 total
[2021-12-27T02:42:38.868+0000][10291][gc,age      ] GC(4) - age   3:    1149784 bytes,    3182680 total
[2021-12-27T02:42:38.868+0000][10291][gc,phases   ] GC(4)   Pre Evacuate Collection Set: 0.1ms
[2021-12-27T02:42:38.868+0000][10291][gc,phases   ] GC(4)   Merge Heap Roots: 0.0ms
[2021-12-27T02:42:38.868+0000][10291][gc,phases   ] GC(4)   Evacuate Collection Set: 11.4ms
[2021-12-27T02:42:38.868+0000][10291][gc,phases   ] GC(4)   Post Evacuate Collection Set: 0.5ms
[2021-12-27T02:42:38.868+0000][10291][gc,phases   ] GC(4)   Other: 0.2ms
[2021-12-27T02:42:38.868+0000][10291][gc,heap     ] GC(4) Eden regions: 10->0(60)
[2021-12-27T02:42:38.868+0000][10291][gc,heap     ] GC(4) Survivor regions: 1->1(2)
[2021-12-27T02:42:38.868+0000][10291][gc,heap     ] GC(4) Old regions: 2->2
[2021-12-27T02:42:38.868+0000][10291][gc,heap     ] GC(4) Archive regions: 2->2
[2021-12-27T02:42:38.868+0000][10291][gc,heap     ] GC(4) Humongous regions: 0->0
[2021-12-27T02:42:38.869+0000][10291][gc,metaspace] GC(4) Metaspace: 15178K(15424K)->15178K(15424K) NonClass: 13369K(13504K)->13369K(13504K) Class: 1809K(1920K)->1809K(1920K)
[2021-12-27T02:42:38.869+0000][10291][gc          ] GC(4) Pause Young (Normal) (G1 Evacuation Pause) 51M->12M(512M) 12.345ms
[2021-12-27T02:42:38.869+0000][10291][gc,cpu      ] GC(4) User=0.03s Sys=0.00s Real=0.01s
[2021-12-27T02:42:38.869+0000][10291][safepoint   ] Safepoint "G1CollectForAllocation", Time since last: 334616657 ns, Reaching safepoint: 83887 ns, At safepoint: 12419779 ns, Total: 12503666 ns
[2021-12-27T02:42:39.207+0000][10291][safepoint   ] Safepoint "ICBufferFull", Time since last: 338403890 ns, Reaching safepoint: 181821 ns, At safepoint: 10577 ns, Total: 192398 ns
[2021-12-27T02:42:39.208+0000][10291][safepoint   ] Safepoint "ICBufferFull", Time since last: 1116543 ns, Reaching safepoint: 140050 ns, At safepoint: 5628 ns, Total: 145678 ns
[2021-12-27T02:42:39.211+0000][10291][safepoint   ] Safepoint "ICBufferFull", Time since last: 2043359 ns, Reaching safepoint: 103150 ns, At safepoint: 8271 ns, Total: 111421 ns
[2021-12-27T02:42:39.212+0000][10291][safepoint   ] Safepoint "ICBufferFull", Time since last: 1241445 ns, Reaching safepoint: 247758 ns, At safepoint: 3696 ns, Total: 251454 ns
[2021-12-27T02:42:39.213+0000][10291][safepoint   ] Safepoint "ICBufferFull", Time since last: 1015143 ns, Reaching safepoint: 22018 ns, At safepoint: 2631 ns, Total: 24649 ns
[2021-12-27T02:42:39.420+0000][10291][safepoint   ] Safepoint "ICBufferFull", Time since last: 206573481 ns, Reaching safepoint: 75388 ns, At safepoint: 3564 ns, Total: 78952 ns
[2021-12-27T02:42:39.695+0000][10291][gc,start    ] GC(5) Pause Young (Normal) (G1 Evacuation Pause)
[2021-12-27T02:42:39.695+0000][10291][gc,task     ] GC(5) Using 2 workers of 2 for evacuation
[2021-12-27T02:42:39.695+0000][10291][gc,age      ] GC(5) Desired survivor size 16777216 bytes, new threshold 15 (max threshold 15)
[2021-12-27T02:42:39.714+0000][10291][gc,age      ] GC(5) Age table with threshold 15 (max threshold 15)
[2021-12-27T02:42:39.714+0000][10291][gc,age      ] GC(5) - age   1:    5012856 bytes,    5012856 total
[2021-12-27T02:42:39.715+0000][10291][gc,age      ] GC(5) - age   2:     400472 bytes,    5413328 total
[2021-12-27T02:42:39.715+0000][10291][gc,age      ] GC(5) - age   3:     774904 bytes,    6188232 total
[2021-12-27T02:42:39.715+0000][10291][gc,age      ] GC(5) - age   4:    1149488 bytes,    7337720 total
[2021-12-27T02:42:39.715+0000][10291][gc,phases   ] GC(5)   Pre Evacuate Collection Set: 0.1ms
[2021-12-27T02:42:39.715+0000][10291][gc,phases   ] GC(5)   Merge Heap Roots: 0.0ms
[2021-12-27T02:42:39.715+0000][10291][gc,phases   ] GC(5)   Evacuate Collection Set: 18.7ms
[2021-12-27T02:42:39.715+0000][10291][gc,phases   ] GC(5)   Post Evacuate Collection Set: 0.9ms
[2021-12-27T02:42:39.715+0000][10291][gc,phases   ] GC(5)   Other: 0.2ms
[2021-12-27T02:42:39.715+0000][10291][gc,heap     ] GC(5) Eden regions: 60->0(74)
[2021-12-27T02:42:39.715+0000][10291][gc,heap     ] GC(5) Survivor regions: 1->2(8)
[2021-12-27T02:42:39.715+0000][10291][gc,heap     ] GC(5) Old regions: 2->2
[2021-12-27T02:42:39.715+0000][10291][gc,heap     ] GC(5) Archive regions: 2->2
[2021-12-27T02:42:39.715+0000][10291][gc,heap     ] GC(5) Humongous regions: 0->0
[2021-12-27T02:42:39.715+0000][10291][gc,metaspace] GC(5) Metaspace: 17919K(18176K)->17919K(18176K) NonClass: 15732K(15872K)->15732K(15872K) Class: 2186K(2304K)->2186K(2304K)
[2021-12-27T02:42:39.715+0000][10291][gc          ] GC(5) Pause Young (Normal) (G1 Evacuation Pause) 252M->16M(512M) 20.003ms
[2021-12-27T02:42:39.715+0000][10291][gc,cpu      ] GC(5) User=0.04s Sys=0.00s Real=0.02s
[2021-12-27T02:42:39.715+0000][10291][safepoint   ] Safepoint "G1CollectForAllocation", Time since last: 274817050 ns, Reaching safepoint: 61663 ns, At safepoint: 20077355 ns, Total: 20139018 ns
[2021-12-27T02:42:40.431+0000][10291][gc,start    ] GC(6) Pause Young (Normal) (G1 Evacuation Pause)
[2021-12-27T02:42:40.431+0000][10291][gc,task     ] GC(6) Using 2 workers of 2 for evacuation
[2021-12-27T02:42:40.431+0000][10291][gc,age      ] GC(6) Desired survivor size 20971520 bytes, new threshold 15 (max threshold 15)
[2021-12-27T02:42:40.443+0000][10291][gc,age      ] GC(6) Age table with threshold 15 (max threshold 15)
[2021-12-27T02:42:40.443+0000][10291][gc,age      ] GC(6) - age   1:    5507048 bytes,    5507048 total
[2021-12-27T02:42:40.443+0000][10291][gc,age      ] GC(6) - age   2:    3565088 bytes,    9072136 total
[2021-12-27T02:42:40.443+0000][10291][gc,age      ] GC(6) - age   3:     400392 bytes,    9472528 total
[2021-12-27T02:42:40.443+0000][10291][gc,age      ] GC(6) - age   4:     774904 bytes,   10247432 total
[2021-12-27T02:42:40.443+0000][10291][gc,age      ] GC(6) - age   5:    1149488 bytes,   11396920 total
[2021-12-27T02:42:40.443+0000][10291][gc,phases   ] GC(6)   Pre Evacuate Collection Set: 0.1ms
[2021-12-27T02:42:40.443+0000][10291][gc,phases   ] GC(6)   Merge Heap Roots: 0.0ms
[2021-12-27T02:42:40.443+0000][10291][gc,phases   ] GC(6)   Evacuate Collection Set: 11.5ms
[2021-12-27T02:42:40.443+0000][10291][gc,phases   ] GC(6)   Post Evacuate Collection Set: 0.8ms
[2021-12-27T02:42:40.443+0000][10291][gc,phases   ] GC(6)   Other: 0.2ms
[2021-12-27T02:42:40.443+0000][10291][gc,heap     ] GC(6) Eden regions: 74->0(73)
[2021-12-27T02:42:40.443+0000][10291][gc,heap     ] GC(6) Survivor regions: 2->3(10)
[2021-12-27T02:42:40.443+0000][10291][gc,heap     ] GC(6) Old regions: 2->2
[2021-12-27T02:42:40.443+0000][10291][gc,heap     ] GC(6) Archive regions: 2->2
[2021-12-27T02:42:40.443+0000][10291][gc,heap     ] GC(6) Humongous regions: 0->0
[2021-12-27T02:42:40.443+0000][10291][gc,metaspace] GC(6) Metaspace: 18806K(19136K)->18806K(19136K) NonClass: 16493K(16704K)->16493K(16704K) Class: 2313K(2432K)->2313K(2432K)
[2021-12-27T02:42:40.443+0000][10291][gc          ] GC(6) Pause Young (Normal) (G1 Evacuation Pause) 312M->20M(512M) 12.720ms
[2021-12-27T02:42:40.443+0000][10291][gc,cpu      ] GC(6) User=0.03s Sys=0.00s Real=0.01s
[2021-12-27T02:42:40.443+0000][10291][safepoint   ] Safepoint "G1CollectForAllocation", Time since last: 715775640 ns, Reaching safepoint: 58482 ns, At safepoint: 12791148 ns, Total: 12849630 ns
[2021-12-27T02:42:41.057+0000][10291][gc,start    ] GC(7) Pause Young (Normal) (G1 Evacuation Pause)
[2021-12-27T02:42:41.057+0000][10291][gc,task     ] GC(7) Using 2 workers of 2 for evacuation
[2021-12-27T02:42:41.057+0000][10291][gc,age      ] GC(7) Desired survivor size 20971520 bytes, new threshold 15 (max threshold 15)
[2021-12-27T02:42:41.077+0000][10291][gc,age      ] GC(7) Age table with threshold 15 (max threshold 15)
[2021-12-27T02:42:41.077+0000][10291][gc,age      ] GC(7) - age   1:    1076592 bytes,    1076592 total
[2021-12-27T02:42:41.077+0000][10291][gc,age      ] GC(7) - age   2:    3821008 bytes,    4897600 total
[2021-12-27T02:42:41.077+0000][10291][gc,age      ] GC(7) - age   3:    3564720 bytes,    8462320 total
[2021-12-27T02:42:41.077+0000][10291][gc,age      ] GC(7) - age   4:     400392 bytes,    8862712 total
[2021-12-27T02:42:41.077+0000][10291][gc,age      ] GC(7) - age   5:     774904 bytes,    9637616 total
[2021-12-27T02:42:41.077+0000][10291][gc,age      ] GC(7) - age   6:    1149312 bytes,   10786928 total
[2021-12-27T02:42:41.077+0000][10291][gc,phases   ] GC(7)   Pre Evacuate Collection Set: 0.1ms
[2021-12-27T02:42:41.077+0000][10291][gc,phases   ] GC(7)   Merge Heap Roots: 0.1ms
[2021-12-27T02:42:41.077+0000][10291][gc,phases   ] GC(7)   Evacuate Collection Set: 18.7ms
[2021-12-27T02:42:41.077+0000][10291][gc,phases   ] GC(7)   Post Evacuate Collection Set: 0.9ms
[2021-12-27T02:42:41.077+0000][10291][gc,phases   ] GC(7)   Other: 0.3ms
[2021-12-27T02:42:41.077+0000][10291][gc,heap     ] GC(7) Eden regions: 73->0(73)
[2021-12-27T02:42:41.077+0000][10291][gc,heap     ] GC(7) Survivor regions: 3->3(10)
[2021-12-27T02:42:41.077+0000][10291][gc,heap     ] GC(7) Old regions: 2->2
[2021-12-27T02:42:41.077+0000][10291][gc,heap     ] GC(7) Archive regions: 2->2
[2021-12-27T02:42:41.077+0000][10291][gc,heap     ] GC(7) Humongous regions: 0->0
[2021-12-27T02:42:41.077+0000][10291][gc,metaspace] GC(7) Metaspace: 19565K(20032K)->19565K(20032K) NonClass: 17141K(17408K)->17141K(17408K) Class: 2423K(2624K)->2423K(2624K)
[2021-12-27T02:42:41.077+0000][10291][gc          ] GC(7) Pause Young (Normal) (G1 Evacuation Pause) 312M->19M(512M) 20.053ms
[2021-12-27T02:42:41.077+0000][10291][gc,cpu      ] GC(7) User=0.04s Sys=0.00s Real=0.02s
[2021-12-27T02:42:41.077+0000][10291][safepoint   ] Safepoint "G1CollectForAllocation", Time since last: 613743639 ns, Reaching safepoint: 60676 ns, At safepoint: 20146349 ns, Total: 20207025 ns
[2021-12-27T02:42:41.695+0000][10291][gc,start    ] GC(8) Pause Young (Normal) (G1 Evacuation Pause)
[2021-12-27T02:42:41.695+0000][10291][gc,task     ] GC(8) Using 2 workers of 2 for evacuation
[2021-12-27T02:42:41.695+0000][10291][gc,age      ] GC(8) Desired survivor size 20971520 bytes, new threshold 15 (max threshold 15)
[2021-12-27T02:42:41.710+0000][10291][gc,age      ] GC(8) Age table with threshold 15 (max threshold 15)
[2021-12-27T02:42:41.710+0000][10291][gc,age      ] GC(8) - age   1:    1771840 bytes,    1771840 total
[2021-12-27T02:42:41.710+0000][10291][gc,age      ] GC(8) - age   2:     605976 bytes,    2377816 total
[2021-12-27T02:42:41.710+0000][10291][gc,age      ] GC(8) - age   3:    3816992 bytes,    6194808 total
[2021-12-27T02:42:41.710+0000][10291][gc,age      ] GC(8) - age   4:    3563288 bytes,    9758096 total
[2021-12-27T02:42:41.710+0000][10291][gc,age      ] GC(8) - age   5:     400392 bytes,   10158488 total
[2021-12-27T02:42:41.710+0000][10291][gc,age      ] GC(8) - age   6:     774192 bytes,   10932680 total
[2021-12-27T02:42:41.710+0000][10291][gc,age      ] GC(8) - age   7:    1149312 bytes,   12081992 total
[2021-12-27T02:42:41.710+0000][10291][gc,phases   ] GC(8)   Pre Evacuate Collection Set: 0.1ms
[2021-12-27T02:42:41.710+0000][10291][gc,phases   ] GC(8)   Merge Heap Roots: 0.0ms
[2021-12-27T02:42:41.710+0000][10291][gc,phases   ] GC(8)   Evacuate Collection Set: 14.0ms
[2021-12-27T02:42:41.711+0000][10291][gc,phases   ] GC(8)   Post Evacuate Collection Set: 0.9ms
[2021-12-27T02:42:41.711+0000][10291][gc,phases   ] GC(8)   Other: 0.2ms
[2021-12-27T02:42:41.711+0000][10291][gc,heap     ] GC(8) Eden regions: 73->0(73)
[2021-12-27T02:42:41.711+0000][10291][gc,heap     ] GC(8) Survivor regions: 3->3(10)
[2021-12-27T02:42:41.711+0000][10291][gc,heap     ] GC(8) Old regions: 2->2
[2021-12-27T02:42:41.711+0000][10291][gc,heap     ] GC(8) Archive regions: 2->2
[2021-12-27T02:42:41.711+0000][10291][gc,heap     ] GC(8) Humongous regions: 0->0
[2021-12-27T02:42:41.711+0000][10291][gc,metaspace] GC(8) Metaspace: 20632K(21120K)->20632K(21120K) NonClass: 18067K(18368K)->18067K(18368K) Class: 2565K(2752K)->2565K(2752K)
[2021-12-27T02:42:41.711+0000][10291][gc          ] GC(8) Pause Young (Normal) (G1 Evacuation Pause) 311M->21M(512M) 15.341ms
[2021-12-27T02:42:41.711+0000][10291][gc,cpu      ] GC(8) User=0.03s Sys=0.00s Real=0.01s
[2021-12-27T02:42:41.711+0000][10291][safepoint   ] Safepoint "G1CollectForAllocation", Time since last: 616245954 ns, Reaching safepoint: 1645601 ns, At safepoint: 15415453 ns, Total: 17061054 ns
[2021-12-27T02:42:42.216+0000][10291][gc,start    ] GC(9) Pause Young (Concurrent Start) (Metadata GC Threshold)
[2021-12-27T02:42:42.216+0000][10291][gc,task     ] GC(9) Using 2 workers of 2 for evacuation
[2021-12-27T02:42:42.217+0000][10291][gc,age      ] GC(9) Desired survivor size 20971520 bytes, new threshold 15 (max threshold 15)
[2021-12-27T02:42:42.229+0000][10291][gc,age      ] GC(9) Age table with threshold 15 (max threshold 15)
[2021-12-27T02:42:42.229+0000][10291][gc,age      ] GC(9) - age   1:     753016 bytes,     753016 total
[2021-12-27T02:42:42.229+0000][10291][gc,age      ] GC(9) - age   2:    1763120 bytes,    2516136 total
[2021-12-27T02:42:42.229+0000][10291][gc,age      ] GC(9) - age   3:     603896 bytes,    3120032 total
[2021-12-27T02:42:42.229+0000][10291][gc,age      ] GC(9) - age   4:    3816928 bytes,    6936960 total
[2021-12-27T02:42:42.229+0000][10291][gc,age      ] GC(9) - age   5:    3561864 bytes,   10498824 total
[2021-12-27T02:42:42.229+0000][10291][gc,age      ] GC(9) - age   6:     400392 bytes,   10899216 total
[2021-12-27T02:42:42.229+0000][10291][gc,age      ] GC(9) - age   7:     774192 bytes,   11673408 total
[2021-12-27T02:42:42.229+0000][10291][gc,age      ] GC(9) - age   8:    1149312 bytes,   12822720 total
[2021-12-27T02:42:42.229+0000][10291][gc,phases   ] GC(9)   Pre Evacuate Collection Set: 0.1ms
[2021-12-27T02:42:42.229+0000][10291][gc,phases   ] GC(9)   Merge Heap Roots: 0.0ms
[2021-12-27T02:42:42.229+0000][10291][gc,phases   ] GC(9)   Evacuate Collection Set: 11.3ms
[2021-12-27T02:42:42.229+0000][10291][gc,phases   ] GC(9)   Post Evacuate Collection Set: 0.8ms
[2021-12-27T02:42:42.229+0000][10291][gc,phases   ] GC(9)   Other: 0.2ms
[2021-12-27T02:42:42.229+0000][10291][gc,heap     ] GC(9) Eden regions: 72->0(72)
[2021-12-27T02:42:42.229+0000][10291][gc,heap     ] GC(9) Survivor regions: 3->4(10)
[2021-12-27T02:42:42.229+0000][10291][gc,heap     ] GC(9) Old regions: 2->2
[2021-12-27T02:42:42.229+0000][10291][gc,heap     ] GC(9) Archive regions: 2->2
[2021-12-27T02:42:42.229+0000][10291][gc,heap     ] GC(9) Humongous regions: 0->0
[2021-12-27T02:42:42.229+0000][10291][gc,metaspace] GC(9) Metaspace: 20960K(21504K)->20960K(21504K) NonClass: 18346K(18624K)->18346K(18624K) Class: 2613K(2880K)->2613K(2880K)
[2021-12-27T02:42:42.229+0000][10291][gc          ] GC(9) Pause Young (Concurrent Start) (Metadata GC Threshold) 309M->22M(512M) 12.549ms
[2021-12-27T02:42:42.229+0000][10291][gc,cpu      ] GC(9) User=0.02s Sys=0.01s Real=0.01s
[2021-12-27T02:42:42.229+0000][10291][gc          ] GC(10) Concurrent Mark Cycle
[2021-12-27T02:42:42.229+0000][10291][gc,marking  ] GC(10) Concurrent Clear Claimed Marks
[2021-12-27T02:42:42.229+0000][10291][safepoint   ] Safepoint "CollectForMetadataAllocation", Time since last: 497184982 ns, Reaching safepoint: 8616669 ns, At safepoint: 12719721 ns, Total: 21336390 ns
[2021-12-27T02:42:42.229+0000][10291][gc,marking  ] GC(10) Concurrent Clear Claimed Marks 0.039ms
[2021-12-27T02:42:42.229+0000][10291][gc,marking  ] GC(10) Concurrent Scan Root Regions
[2021-12-27T02:42:42.242+0000][10291][gc,marking  ] GC(10) Concurrent Scan Root Regions 13.072ms
[2021-12-27T02:42:42.242+0000][10291][gc,marking  ] GC(10) Concurrent Mark
[2021-12-27T02:42:42.242+0000][10291][gc,marking  ] GC(10) Concurrent Mark From Roots
[2021-12-27T02:42:42.242+0000][10291][gc,task     ] GC(10) Using 1 workers of 1 for marking
[2021-12-27T02:42:42.267+0000][10291][gc,marking  ] GC(10) Concurrent Mark From Roots 24.202ms
[2021-12-27T02:42:42.267+0000][10291][gc,marking  ] GC(10) Concurrent Preclean
[2021-12-27T02:42:42.267+0000][10291][gc,marking  ] GC(10) Concurrent Preclean 0.097ms
[2021-12-27T02:42:42.267+0000][10291][gc,start    ] GC(10) Pause Remark
[2021-12-27T02:42:42.279+0000][10291][gc          ] GC(10) Pause Remark 34M->34M(512M) 12.054ms
[2021-12-27T02:42:42.279+0000][10291][gc,cpu      ] GC(10) User=0.03s Sys=0.00s Real=0.01s
[2021-12-27T02:42:42.279+0000][10291][safepoint   ] Safepoint "G1Concurrent", Time since last: 37536760 ns, Reaching safepoint: 108223 ns, At safepoint: 12135214 ns, Total: 12243437 ns
[2021-12-27T02:42:42.279+0000][10291][gc,marking  ] GC(10) Concurrent Mark 36.663ms
[2021-12-27T02:42:42.279+0000][10291][gc,marking  ] GC(10) Concurrent Rebuild Remembered Sets
[2021-12-27T02:42:42.286+0000][10291][gc,marking  ] GC(10) Concurrent Rebuild Remembered Sets 6.568ms
[2021-12-27T02:42:42.286+0000][10291][gc,start    ] GC(10) Pause Cleanup
[2021-12-27T02:42:42.286+0000][10291][gc          ] GC(10) Pause Cleanup 40M->40M(512M) 0.084ms
[2021-12-27T02:42:42.286+0000][10291][gc,cpu      ] GC(10) User=0.00s Sys=0.00s Real=0.00s
[2021-12-27T02:42:42.286+0000][10291][safepoint   ] Safepoint "G1Concurrent", Time since last: 6665508 ns, Reaching safepoint: 132499 ns, At safepoint: 128433 ns, Total: 260932 ns
[2021-12-27T02:42:42.286+0000][10291][gc,marking  ] GC(10) Concurrent Cleanup for Next Mark
[2021-12-27T02:42:42.287+0000][10291][gc,marking  ] GC(10) Concurrent Cleanup for Next Mark 1.057ms
[2021-12-27T02:42:42.287+0000][10291][gc          ] GC(10) Concurrent Mark Cycle 57.884ms
[2021-12-27T02:42:42.795+0000][10291][gc,heap,exit] Heap
[2021-12-27T02:42:42.795+0000][10291][gc,heap,exit]  garbage-first heap   total 524288K, used 268629K [0x00000000e0000000, 0x0000000100000000)
[2021-12-27T02:42:42.795+0000][10291][gc,heap,exit]   region size 4096K, 64 young (262144K), 4 survivors (16384K)
[2021-12-27T02:42:42.795+0000][10291][gc,heap,exit]  Metaspace       used 21672K, committed 22272K, reserved 1073152K
[2021-12-27T02:42:42.795+0000][10291][gc,heap,exit]   class space    used 2738K, committed 2944K, reserved 1048576K
