[2021-12-28T08:14:35.522+0000][1790][gc] Using G1
[2021-12-28T08:14:35.529+0000][1790][gc,init] Version: 17.0.1+12 (release)
[2021-12-28T08:14:35.529+0000][1790][gc,init] CPUs: 2 total, 2 available
[2021-12-28T08:14:35.529+0000][1790][gc,init] Memory: 3786M
[2021-12-28T08:14:35.529+0000][1790][gc,init] Large Page Support: Disabled
[2021-12-28T08:14:35.529+0000][1790][gc,init] NUMA Support: Disabled
[2021-12-28T08:14:35.529+0000][1790][gc,init] Compressed Oops: Enabled (32-bit)
[2021-12-28T08:14:35.529+0000][1790][gc,init] Heap Region Size: 1M
[2021-12-28T08:14:35.529+0000][1790][gc,init] Heap Min Capacity: 512M
[2021-12-28T08:14:35.529+0000][1790][gc,init] Heap Initial Capacity: 512M
[2021-12-28T08:14:35.529+0000][1790][gc,init] Heap Max Capacity: 512M
[2021-12-28T08:14:35.529+0000][1790][gc,init] Pre-touch: Disabled
[2021-12-28T08:14:35.529+0000][1790][gc,init] Parallel Workers: 2
[2021-12-28T08:14:35.529+0000][1790][gc,init] Concurrent Workers: 1
[2021-12-28T08:14:35.529+0000][1790][gc,init] Concurrent Refinement Workers: 2
[2021-12-28T08:14:35.529+0000][1790][gc,init] Periodic GC: Disabled
[2021-12-28T08:14:35.530+0000][1790][gc,metaspace] CDS archive(s) not mapped
[2021-12-28T08:14:35.530+0000][1790][gc,metaspace] Compressed class space mapped at: 0x0000000100000000-0x0000000140000000, reserved size: 1073741824
[2021-12-28T08:14:35.530+0000][1790][gc,metaspace] Narrow klass base: 0x0000000000000000, Narrow klass shift: 3, Narrow klass range: 0x140000000
[2021-12-28T08:14:35.646+0000][1790][gc,heap,exit] Heap
[2021-12-28T08:14:35.646+0000][1790][gc,heap,exit]  garbage-first heap   total 524288K, used 1026K [0x00000000e0000000, 0x0000000100000000)
[2021-12-28T08:14:35.646+0000][1790][gc,heap,exit]   region size 1024K, 2 young (2048K), 0 survivors (0K)
[2021-12-28T08:14:35.646+0000][1790][gc,heap,exit]  Metaspace       used 3400K, committed 3456K, reserved 1056768K
[2021-12-28T08:14:35.646+0000][1790][gc,heap,exit]   class space    used 268K, committed 320K, reserved 1048576K
