[2021-12-26T03:38:15.577+0000][26533][gc] Using G1
[2021-12-26T03:38:15.724+0000][26533][gc,init] Version: 17.0.1+12 (release)
[2021-12-26T03:38:15.724+0000][26533][gc,init] CPUs: 2 total, 2 available
[2021-12-26T03:38:15.725+0000][26533][gc,init] Memory: 3786M
[2021-12-26T03:38:15.725+0000][26533][gc,init] Large Page Support: Disabled
[2021-12-26T03:38:15.725+0000][26533][gc,init] NUMA Support: Disabled
[2021-12-26T03:38:15.725+0000][26533][gc,init] Compressed Oops: Enabled (32-bit)
[2021-12-26T03:38:15.725+0000][26533][gc,init] Heap Region Size: 4M
[2021-12-26T03:38:15.725+0000][26533][gc,init] Heap Min Capacity: 512M
[2021-12-26T03:38:15.725+0000][26533][gc,init] Heap Initial Capacity: 512M
[2021-12-26T03:38:15.725+0000][26533][gc,init] Heap Max Capacity: 512M
[2021-12-26T03:38:15.725+0000][26533][gc,init] Pre-touch: Enabled
[2021-12-26T03:38:15.725+0000][26533][gc,init] Parallel Workers: 2
[2021-12-26T03:38:15.725+0000][26533][gc,init] Concurrent Workers: 1
[2021-12-26T03:38:15.725+0000][26533][gc,init] Concurrent Refinement Workers: 2
[2021-12-26T03:38:15.725+0000][26533][gc,init] Periodic GC: Disabled
[2021-12-26T03:38:15.725+0000][26533][gc,metaspace] CDS archive(s) mapped at: [0x0000000800000000-0x0000000800bd1000-0x0000000800bd1000), size 12390400, SharedBaseAddress: 0x0000000800000000, ArchiveRelocationMode: 0.
[2021-12-26T03:38:15.725+0000][26533][gc,metaspace] Compressed class space mapped at: 0x0000000800c00000-0x0000000840c00000, reserved size: 1073741824
[2021-12-26T03:38:15.725+0000][26533][gc,metaspace] Narrow klass base: 0x0000000800000000, Narrow klass shift: 0, Narrow klass range: 0x100000000
[2021-12-26T03:38:16.350+0000][26533][safepoint   ] Safepoint "ICBufferFull", Time since last: 616305951 ns, Reaching safepoint: 100849 ns, At safepoint: 5148 ns, Total: 105997 ns
[2021-12-26T03:38:16.654+0000][26533][gc,start    ] GC(0) Pause Young (Normal) (G1 Evacuation Pause)
[2021-12-26T03:38:16.654+0000][26533][gc,task     ] GC(0) Using 2 workers of 2 for evacuation
[2021-12-26T03:38:16.654+0000][26533][gc,age      ] GC(0) Desired survivor size 2097152 bytes, new threshold 15 (max threshold 15)
[2021-12-26T03:38:16.665+0000][26533][gc,age      ] GC(0) Age table with threshold 15 (max threshold 15)
[2021-12-26T03:38:16.665+0000][26533][gc,age      ] GC(0) - age   1:    4174832 bytes,    4174832 total
[2021-12-26T03:38:16.665+0000][26533][gc,phases   ] GC(0)   Pre Evacuate Collection Set: 0.1ms
[2021-12-26T03:38:16.665+0000][26533][gc,phases   ] GC(0)   Merge Heap Roots: 0.0ms
[2021-12-26T03:38:16.665+0000][26533][gc,phases   ] GC(0)   Evacuate Collection Set: 10.1ms
[2021-12-26T03:38:16.666+0000][26533][gc,phases   ] GC(0)   Post Evacuate Collection Set: 0.7ms
[2021-12-26T03:38:16.666+0000][26533][gc,phases   ] GC(0)   Other: 0.3ms
[2021-12-26T03:38:16.666+0000][26533][gc,heap     ] GC(0) Eden regions: 6->0(5)
[2021-12-26T03:38:16.666+0000][26533][gc,heap     ] GC(0) Survivor regions: 0->1(1)
[2021-12-26T03:38:16.666+0000][26533][gc,heap     ] GC(0) Old regions: 0->1
[2021-12-26T03:38:16.666+0000][26533][gc,heap     ] GC(0) Archive regions: 2->2
[2021-12-26T03:38:16.666+0000][26533][gc,heap     ] GC(0) Humongous regions: 0->0
[2021-12-26T03:38:16.666+0000][26533][gc,metaspace] GC(0) Metaspace: 7791K(7936K)->7791K(7936K) NonClass: 6904K(6976K)->6904K(6976K) Class: 886K(960K)->886K(960K)
[2021-12-26T03:38:16.666+0000][26533][gc          ] GC(0) Pause Young (Normal) (G1 Evacuation Pause) 27M->8M(512M) 11.320ms
[2021-12-26T03:38:16.666+0000][26533][gc,cpu      ] GC(0) User=0.02s Sys=0.00s Real=0.01s
[2021-12-26T03:38:16.666+0000][26533][safepoint   ] Safepoint "G1CollectForAllocation", Time since last: 300859757 ns, Reaching safepoint: 3012512 ns, At safepoint: 11506678 ns, Total: 14519190 ns
[2021-12-26T03:38:17.179+0000][26533][gc,start    ] GC(1) Pause Young (Normal) (G1 Evacuation Pause)
[2021-12-26T03:38:17.179+0000][26533][gc,task     ] GC(1) Using 2 workers of 2 for evacuation
[2021-12-26T03:38:17.179+0000][26533][gc,age      ] GC(1) Desired survivor size 2097152 bytes, new threshold 1 (max threshold 15)
[2021-12-26T03:38:17.187+0000][26533][gc,age      ] GC(1) Age table with threshold 1 (max threshold 15)
[2021-12-26T03:38:17.187+0000][26533][gc,age      ] GC(1) - age   1:    1229752 bytes,    1229752 total
[2021-12-26T03:38:17.187+0000][26533][gc,phases   ] GC(1)   Pre Evacuate Collection Set: 0.1ms
[2021-12-26T03:38:17.187+0000][26533][gc,phases   ] GC(1)   Merge Heap Roots: 0.0ms
[2021-12-26T03:38:17.187+0000][26533][gc,phases   ] GC(1)   Evacuate Collection Set: 7.2ms
[2021-12-26T03:38:17.187+0000][26533][gc,phases   ] GC(1)   Post Evacuate Collection Set: 0.6ms
[2021-12-26T03:38:17.187+0000][26533][gc,phases   ] GC(1)   Other: 0.2ms
[2021-12-26T03:38:17.187+0000][26533][gc,heap     ] GC(1) Eden regions: 5->0(5)
[2021-12-26T03:38:17.187+0000][26533][gc,heap     ] GC(1) Survivor regions: 1->1(1)
[2021-12-26T03:38:17.187+0000][26533][gc,heap     ] GC(1) Old regions: 1->1
[2021-12-26T03:38:17.187+0000][26533][gc,heap     ] GC(1) Archive regions: 2->2
[2021-12-26T03:38:17.187+0000][26533][gc,heap     ] GC(1) Humongous regions: 0->0
[2021-12-26T03:38:17.187+0000][26533][gc,metaspace] GC(1) Metaspace: 12042K(12224K)->12042K(12224K) NonClass: 10535K(10624K)->10535K(10624K) Class: 1507K(1600K)->1507K(1600K)
[2021-12-26T03:38:17.187+0000][26533][gc          ] GC(1) Pause Young (Normal) (G1 Evacuation Pause) 28M->9M(512M) 8.085ms
[2021-12-26T03:38:17.187+0000][26533][gc,cpu      ] GC(1) User=0.02s Sys=0.00s Real=0.01s
[2021-12-26T03:38:17.187+0000][26533][safepoint   ] Safepoint "G1CollectForAllocation", Time since last: 512788288 ns, Reaching safepoint: 139180 ns, At safepoint: 8148820 ns, Total: 8288000 ns
[2021-12-26T03:38:17.583+0000][26533][gc,start    ] GC(2) Pause Young (Normal) (G1 Evacuation Pause)
[2021-12-26T03:38:17.583+0000][26533][gc,task     ] GC(2) Using 2 workers of 2 for evacuation
[2021-12-26T03:38:17.583+0000][26533][gc,age      ] GC(2) Desired survivor size 2097152 bytes, new threshold 15 (max threshold 15)
[2021-12-26T03:38:17.598+0000][26533][gc,age      ] GC(2) Age table with threshold 15 (max threshold 15)
[2021-12-26T03:38:17.598+0000][26533][gc,age      ] GC(2) - age   1:    2933352 bytes,    2933352 total
[2021-12-26T03:38:17.598+0000][26533][gc,age      ] GC(2) - age   2:    1173816 bytes,    4107168 total
[2021-12-26T03:38:17.598+0000][26533][gc,phases   ] GC(2)   Pre Evacuate Collection Set: 0.1ms
[2021-12-26T03:38:17.598+0000][26533][gc,phases   ] GC(2)   Merge Heap Roots: 0.0ms
[2021-12-26T03:38:17.598+0000][26533][gc,phases   ] GC(2)   Evacuate Collection Set: 14.0ms
[2021-12-26T03:38:17.598+0000][26533][gc,phases   ] GC(2)   Post Evacuate Collection Set: 0.8ms
[2021-12-26T03:38:17.598+0000][26533][gc,phases   ] GC(2)   Other: 0.2ms
[2021-12-26T03:38:17.598+0000][26533][gc,heap     ] GC(2) Eden regions: 5->0(6)
[2021-12-26T03:38:17.598+0000][26533][gc,heap     ] GC(2) Survivor regions: 1->1(1)
[2021-12-26T03:38:17.598+0000][26533][gc,heap     ] GC(2) Old regions: 1->2
[2021-12-26T03:38:17.598+0000][26533][gc,heap     ] GC(2) Archive regions: 2->2
[2021-12-26T03:38:17.598+0000][26533][gc,heap     ] GC(2) Humongous regions: 0->0
[2021-12-26T03:38:17.598+0000][26533][gc,metaspace] GC(2) Metaspace: 13975K(14272K)->13975K(14272K) NonClass: 12266K(12416K)->12266K(12416K) Class: 1709K(1856K)->1709K(1856K)
[2021-12-26T03:38:17.598+0000][26533][gc          ] GC(2) Pause Young (Normal) (G1 Evacuation Pause) 29M->12M(512M) 15.279ms
[2021-12-26T03:38:17.598+0000][26533][gc,cpu      ] GC(2) User=0.03s Sys=0.00s Real=0.01s
[2021-12-26T03:38:17.598+0000][26533][safepoint   ] Safepoint "G1CollectForAllocation", Time since last: 396135667 ns, Reaching safepoint: 107324 ns, At safepoint: 15357509 ns, Total: 15464833 ns
[2021-12-26T03:38:18.088+0000][26533][gc,start    ] GC(3) Pause Young (Normal) (G1 Evacuation Pause)
[2021-12-26T03:38:18.088+0000][26533][gc,task     ] GC(3) Using 2 workers of 2 for evacuation
[2021-12-26T03:38:18.088+0000][26533][gc,age      ] GC(3) Desired survivor size 2097152 bytes, new threshold 1 (max threshold 15)
[2021-12-26T03:38:18.096+0000][26533][gc,age      ] GC(3) Age table with threshold 1 (max threshold 15)
[2021-12-26T03:38:18.096+0000][26533][gc,age      ] GC(3) - age   1:     598512 bytes,     598512 total
[2021-12-26T03:38:18.096+0000][26533][gc,phases   ] GC(3)   Pre Evacuate Collection Set: 0.1ms
[2021-12-26T03:38:18.096+0000][26533][gc,phases   ] GC(3)   Merge Heap Roots: 0.1ms
[2021-12-26T03:38:18.096+0000][26533][gc,phases   ] GC(3)   Evacuate Collection Set: 6.5ms
[2021-12-26T03:38:18.096+0000][26533][gc,phases   ] GC(3)   Post Evacuate Collection Set: 0.5ms
[2021-12-26T03:38:18.096+0000][26533][gc,phases   ] GC(3)   Other: 0.2ms
[2021-12-26T03:38:18.096+0000][26533][gc,heap     ] GC(3) Eden regions: 5->0(11)
[2021-12-26T03:38:18.096+0000][26533][gc,heap     ] GC(3) Survivor regions: 1->1(1)
[2021-12-26T03:38:18.096+0000][26533][gc,heap     ] GC(3) Old regions: 2->2
[2021-12-26T03:38:18.096+0000][26533][gc,heap     ] GC(3) Archive regions: 2->2
[2021-12-26T03:38:18.096+0000][26533][gc,heap     ] GC(3) Humongous regions: 0->0
[2021-12-26T03:38:18.096+0000][26533][gc,metaspace] GC(3) Metaspace: 14654K(14976K)->14654K(14976K) NonClass: 12889K(13056K)->12889K(13056K) Class: 1764K(1920K)->1764K(1920K)
[2021-12-26T03:38:18.096+0000][26533][gc          ] GC(3) Pause Young (Normal) (G1 Evacuation Pause) 32M->11M(512M) 7.365ms
[2021-12-26T03:38:18.096+0000][26533][gc,cpu      ] GC(3) User=0.01s Sys=0.00s Real=0.01s
[2021-12-26T03:38:18.096+0000][26533][safepoint   ] Safepoint "G1CollectForAllocation", Time since last: 489900139 ns, Reaching safepoint: 83494 ns, At safepoint: 7432439 ns, Total: 7515933 ns
[2021-12-26T03:38:18.447+0000][26533][gc,start    ] GC(4) Pause Young (Normal) (G1 Evacuation Pause)
[2021-12-26T03:38:18.447+0000][26533][gc,task     ] GC(4) Using 2 workers of 2 for evacuation
[2021-12-26T03:38:18.447+0000][26533][gc,age      ] GC(4) Desired survivor size 4194304 bytes, new threshold 15 (max threshold 15)
[2021-12-26T03:38:18.458+0000][26533][gc,age      ] GC(4) Age table with threshold 15 (max threshold 15)
[2021-12-26T03:38:18.458+0000][26533][gc,age      ] GC(4) - age   1:    1288992 bytes,    1288992 total
[2021-12-26T03:38:18.458+0000][26533][gc,age      ] GC(4) - age   2:     560120 bytes,    1849112 total
[2021-12-26T03:38:18.458+0000][26533][gc,phases   ] GC(4)   Pre Evacuate Collection Set: 0.1ms
[2021-12-26T03:38:18.458+0000][26533][gc,phases   ] GC(4)   Merge Heap Roots: 0.0ms
[2021-12-26T03:38:18.458+0000][26533][gc,phases   ] GC(4)   Evacuate Collection Set: 9.7ms
[2021-12-26T03:38:18.458+0000][26533][gc,phases   ] GC(4)   Post Evacuate Collection Set: 0.5ms
[2021-12-26T03:38:18.458+0000][26533][gc,phases   ] GC(4)   Other: 0.2ms
[2021-12-26T03:38:18.458+0000][26533][gc,heap     ] GC(4) Eden regions: 11->0(75)
[2021-12-26T03:38:18.458+0000][26533][gc,heap     ] GC(4) Survivor regions: 1->1(2)
[2021-12-26T03:38:18.458+0000][26533][gc,heap     ] GC(4) Old regions: 2->2
[2021-12-26T03:38:18.458+0000][26533][gc,heap     ] GC(4) Archive regions: 2->2
[2021-12-26T03:38:18.458+0000][26533][gc,heap     ] GC(4) Humongous regions: 0->0
[2021-12-26T03:38:18.458+0000][26533][gc,metaspace] GC(4) Metaspace: 15087K(15360K)->15087K(15360K) NonClass: 13294K(13440K)->13294K(13440K) Class: 1792K(1920K)->1792K(1920K)
[2021-12-26T03:38:18.458+0000][26533][gc          ] GC(4) Pause Young (Normal) (G1 Evacuation Pause) 55M->12M(512M) 10.571ms
[2021-12-26T03:38:18.458+0000][26533][gc,cpu      ] GC(4) User=0.02s Sys=0.00s Real=0.01s
[2021-12-26T03:38:18.458+0000][26533][safepoint   ] Safepoint "G1CollectForAllocation", Time since last: 351398823 ns, Reaching safepoint: 86347 ns, At safepoint: 10647296 ns, Total: 10733643 ns
[2021-12-26T03:38:18.822+0000][26533][safepoint   ] Safepoint "ICBufferFull", Time since last: 364289364 ns, Reaching safepoint: 92684 ns, At safepoint: 4108 ns, Total: 96792 ns
[2021-12-26T03:38:18.823+0000][26533][safepoint   ] Safepoint "ICBufferFull", Time since last: 1099645 ns, Reaching safepoint: 21821 ns, At safepoint: 3151 ns, Total: 24972 ns
[2021-12-26T03:38:18.825+0000][26533][safepoint   ] Safepoint "ICBufferFull", Time since last: 2034795 ns, Reaching safepoint: 22764 ns, At safepoint: 2955 ns, Total: 25719 ns
[2021-12-26T03:38:18.827+0000][26533][safepoint   ] Safepoint "ICBufferFull", Time since last: 1222013 ns, Reaching safepoint: 20797 ns, At safepoint: 2843 ns, Total: 23640 ns
[2021-12-26T03:38:18.828+0000][26533][safepoint   ] Safepoint "ICBufferFull", Time since last: 994965 ns, Reaching safepoint: 18409 ns, At safepoint: 2573 ns, Total: 20982 ns
[2021-12-26T03:38:18.994+0000][26533][safepoint   ] Safepoint "ICBufferFull", Time since last: 166614762 ns, Reaching safepoint: 65196 ns, At safepoint: 3473 ns, Total: 68669 ns
[2021-12-26T03:38:19.518+0000][26533][gc,start    ] GC(5) Pause Young (Normal) (G1 Evacuation Pause)
[2021-12-26T03:38:19.518+0000][26533][gc,task     ] GC(5) Using 2 workers of 2 for evacuation
[2021-12-26T03:38:19.518+0000][26533][gc,age      ] GC(5) Desired survivor size 20971520 bytes, new threshold 15 (max threshold 15)
[2021-12-26T03:38:19.529+0000][26533][gc,age      ] GC(5) Age table with threshold 15 (max threshold 15)
[2021-12-26T03:38:19.529+0000][26533][gc,age      ] GC(5) - age   1:    5593288 bytes,    5593288 total
[2021-12-26T03:38:19.529+0000][26533][gc,age      ] GC(5) - age   2:     495944 bytes,    6089232 total
[2021-12-26T03:38:19.529+0000][26533][gc,age      ] GC(5) - age   3:     559912 bytes,    6649144 total
[2021-12-26T03:38:19.529+0000][26533][gc,phases   ] GC(5)   Pre Evacuate Collection Set: 0.1ms
[2021-12-26T03:38:19.529+0000][26533][gc,phases   ] GC(5)   Merge Heap Roots: 0.1ms
[2021-12-26T03:38:19.529+0000][26533][gc,phases   ] GC(5)   Evacuate Collection Set: 9.2ms
[2021-12-26T03:38:19.529+0000][26533][gc,phases   ] GC(5)   Post Evacuate Collection Set: 0.7ms
[2021-12-26T03:38:19.529+0000][26533][gc,phases   ] GC(5)   Other: 0.2ms
[2021-12-26T03:38:19.529+0000][26533][gc,heap     ] GC(5) Eden regions: 75->0(74)
[2021-12-26T03:38:19.529+0000][26533][gc,heap     ] GC(5) Survivor regions: 1->2(10)
[2021-12-26T03:38:19.529+0000][26533][gc,heap     ] GC(5) Old regions: 2->2
[2021-12-26T03:38:19.529+0000][26533][gc,heap     ] GC(5) Archive regions: 2->2
[2021-12-26T03:38:19.529+0000][26533][gc,heap     ] GC(5) Humongous regions: 0->0
[2021-12-26T03:38:19.529+0000][26533][gc,metaspace] GC(5) Metaspace: 18211K(18560K)->18211K(18560K) NonClass: 15961K(16128K)->15961K(16128K) Class: 2250K(2432K)->2250K(2432K)
[2021-12-26T03:38:19.529+0000][26533][gc          ] GC(5) Pause Young (Normal) (G1 Evacuation Pause) 312M->17M(512M) 10.339ms
[2021-12-26T03:38:19.529+0000][26533][gc,cpu      ] GC(5) User=0.02s Sys=0.00s Real=0.01s
[2021-12-26T03:38:19.529+0000][26533][safepoint   ] Safepoint "G1CollectForAllocation", Time since last: 523777885 ns, Reaching safepoint: 124908 ns, At safepoint: 10404296 ns, Total: 10529204 ns
[2021-12-26T03:38:20.220+0000][26533][gc,start    ] GC(6) Pause Young (Normal) (G1 Evacuation Pause)
[2021-12-26T03:38:20.220+0000][26533][gc,task     ] GC(6) Using 2 workers of 2 for evacuation
[2021-12-26T03:38:20.220+0000][26533][gc,age      ] GC(6) Desired survivor size 20971520 bytes, new threshold 15 (max threshold 15)
[2021-12-26T03:38:20.230+0000][26533][gc,age      ] GC(6) Age table with threshold 15 (max threshold 15)
[2021-12-26T03:38:20.230+0000][26533][gc,age      ] GC(6) - age   1:    4075600 bytes,    4075600 total
[2021-12-26T03:38:20.230+0000][26533][gc,age      ] GC(6) - age   2:    4114288 bytes,    8189888 total
[2021-12-26T03:38:20.230+0000][26533][gc,age      ] GC(6) - age   3:     495864 bytes,    8685752 total
[2021-12-26T03:38:20.230+0000][26533][gc,age      ] GC(6) - age   4:     559912 bytes,    9245664 total
[2021-12-26T03:38:20.230+0000][26533][gc,phases   ] GC(6)   Pre Evacuate Collection Set: 0.1ms
[2021-12-26T03:38:20.230+0000][26533][gc,phases   ] GC(6)   Merge Heap Roots: 0.1ms
[2021-12-26T03:38:20.230+0000][26533][gc,phases   ] GC(6)   Evacuate Collection Set: 8.4ms
[2021-12-26T03:38:20.230+0000][26533][gc,phases   ] GC(6)   Post Evacuate Collection Set: 0.7ms
[2021-12-26T03:38:20.230+0000][26533][gc,phases   ] GC(6)   Other: 0.2ms
[2021-12-26T03:38:20.230+0000][26533][gc,heap     ] GC(6) Eden regions: 74->0(73)
[2021-12-26T03:38:20.230+0000][26533][gc,heap     ] GC(6) Survivor regions: 2->3(10)
[2021-12-26T03:38:20.230+0000][26533][gc,heap     ] GC(6) Old regions: 2->2
[2021-12-26T03:38:20.230+0000][26533][gc,heap     ] GC(6) Archive regions: 2->2
[2021-12-26T03:38:20.230+0000][26533][gc,heap     ] GC(6) Humongous regions: 0->0
[2021-12-26T03:38:20.230+0000][26533][gc,metaspace] GC(6) Metaspace: 19198K(19648K)->19198K(19648K) NonClass: 16839K(17088K)->16839K(17088K) Class: 2358K(2560K)->2358K(2560K)
[2021-12-26T03:38:20.230+0000][26533][gc          ] GC(6) Pause Young (Normal) (G1 Evacuation Pause) 313M->20M(512M) 9.520ms
[2021-12-26T03:38:20.230+0000][26533][gc,cpu      ] GC(6) User=0.01s Sys=0.00s Real=0.01s
[2021-12-26T03:38:20.230+0000][26533][safepoint   ] Safepoint "G1CollectForAllocation", Time since last: 691423163 ns, Reaching safepoint: 244868 ns, At safepoint: 9582451 ns, Total: 9827319 ns
[2021-12-26T03:38:20.779+0000][26533][gc,start    ] GC(7) Pause Young (Normal) (G1 Evacuation Pause)
[2021-12-26T03:38:20.779+0000][26533][gc,task     ] GC(7) Using 2 workers of 2 for evacuation
[2021-12-26T03:38:20.779+0000][26533][gc,age      ] GC(7) Desired survivor size 20971520 bytes, new threshold 15 (max threshold 15)
[2021-12-26T03:38:20.789+0000][26533][gc,age      ] GC(7) Age table with threshold 15 (max threshold 15)
[2021-12-26T03:38:20.789+0000][26533][gc,age      ] GC(7) - age   1:     909640 bytes,     909640 total
[2021-12-26T03:38:20.789+0000][26533][gc,age      ] GC(7) - age   2:    3588304 bytes,    4497944 total
[2021-12-26T03:38:20.789+0000][26533][gc,age      ] GC(7) - age   3:    4113136 bytes,    8611080 total
[2021-12-26T03:38:20.789+0000][26533][gc,age      ] GC(7) - age   4:     495864 bytes,    9106944 total
[2021-12-26T03:38:20.789+0000][26533][gc,age      ] GC(7) - age   5:     559912 bytes,    9666856 total
[2021-12-26T03:38:20.789+0000][26533][gc,phases   ] GC(7)   Pre Evacuate Collection Set: 0.1ms
[2021-12-26T03:38:20.789+0000][26533][gc,phases   ] GC(7)   Merge Heap Roots: 0.0ms
[2021-12-26T03:38:20.789+0000][26533][gc,phases   ] GC(7)   Evacuate Collection Set: 9.0ms
[2021-12-26T03:38:20.789+0000][26533][gc,phases   ] GC(7)   Post Evacuate Collection Set: 0.9ms
[2021-12-26T03:38:20.789+0000][26533][gc,phases   ] GC(7)   Other: 0.3ms
[2021-12-26T03:38:20.789+0000][26533][gc,heap     ] GC(7) Eden regions: 73->0(73)
[2021-12-26T03:38:20.789+0000][26533][gc,heap     ] GC(7) Survivor regions: 3->3(10)
[2021-12-26T03:38:20.789+0000][26533][gc,heap     ] GC(7) Old regions: 2->2
[2021-12-26T03:38:20.789+0000][26533][gc,heap     ] GC(7) Archive regions: 2->2
[2021-12-26T03:38:20.789+0000][26533][gc,heap     ] GC(7) Humongous regions: 0->0
[2021-12-26T03:38:20.789+0000][26533][gc,metaspace] GC(7) Metaspace: 19660K(20096K)->19660K(20096K) NonClass: 17223K(17472K)->17223K(17472K) Class: 2437K(2624K)->2437K(2624K)
[2021-12-26T03:38:20.789+0000][26533][gc          ] GC(7) Pause Young (Normal) (G1 Evacuation Pause) 312M->21M(512M) 10.315ms
[2021-12-26T03:38:20.789+0000][26533][gc,cpu      ] GC(7) User=0.02s Sys=0.00s Real=0.01s
[2021-12-26T03:38:20.789+0000][26533][safepoint   ] Safepoint "G1CollectForAllocation", Time since last: 548918311 ns, Reaching safepoint: 68319 ns, At safepoint: 10389806 ns, Total: 10458125 ns
[2021-12-26T03:38:21.429+0000][26533][gc,start    ] GC(8) Pause Young (Normal) (G1 Evacuation Pause)
[2021-12-26T03:38:21.429+0000][26533][gc,task     ] GC(8) Using 2 workers of 2 for evacuation
[2021-12-26T03:38:21.429+0000][26533][gc,age      ] GC(8) Desired survivor size 20971520 bytes, new threshold 15 (max threshold 15)
[2021-12-26T03:38:21.442+0000][26533][gc,age      ] GC(8) Age table with threshold 15 (max threshold 15)
[2021-12-26T03:38:21.443+0000][26533][gc,age      ] GC(8) - age   1:    2155720 bytes,    2155720 total
[2021-12-26T03:38:21.443+0000][26533][gc,age      ] GC(8) - age   2:     384016 bytes,    2539736 total
[2021-12-26T03:38:21.443+0000][26533][gc,age      ] GC(8) - age   3:    3587168 bytes,    6126904 total
[2021-12-26T03:38:21.443+0000][26533][gc,age      ] GC(8) - age   4:    4107672 bytes,   10234576 total
[2021-12-26T03:38:21.443+0000][26533][gc,age      ] GC(8) - age   5:     495864 bytes,   10730440 total
[2021-12-26T03:38:21.443+0000][26533][gc,age      ] GC(8) - age   6:     559832 bytes,   11290272 total
[2021-12-26T03:38:21.443+0000][26533][gc,phases   ] GC(8)   Pre Evacuate Collection Set: 0.1ms
[2021-12-26T03:38:21.443+0000][26533][gc,phases   ] GC(8)   Merge Heap Roots: 0.0ms
[2021-12-26T03:38:21.443+0000][26533][gc,phases   ] GC(8)   Evacuate Collection Set: 12.0ms
[2021-12-26T03:38:21.443+0000][26533][gc,phases   ] GC(8)   Post Evacuate Collection Set: 1.0ms
[2021-12-26T03:38:21.443+0000][26533][gc,phases   ] GC(8)   Other: 0.2ms
[2021-12-26T03:38:21.443+0000][26533][gc,heap     ] GC(8) Eden regions: 73->0(73)
[2021-12-26T03:38:21.443+0000][26533][gc,heap     ] GC(8) Survivor regions: 3->3(10)
[2021-12-26T03:38:21.443+0000][26533][gc,heap     ] GC(8) Old regions: 2->2
[2021-12-26T03:38:21.443+0000][26533][gc,heap     ] GC(8) Archive regions: 2->2
[2021-12-26T03:38:21.443+0000][26533][gc,heap     ] GC(8) Humongous regions: 0->0
[2021-12-26T03:38:21.443+0000][26533][gc,metaspace] GC(8) Metaspace: 20773K(21248K)->20773K(21248K) NonClass: 18188K(18496K)->18188K(18496K) Class: 2584K(2752K)->2584K(2752K)
[2021-12-26T03:38:21.443+0000][26533][gc          ] GC(8) Pause Young (Normal) (G1 Evacuation Pause) 313M->22M(512M) 13.384ms
[2021-12-26T03:38:21.443+0000][26533][gc,cpu      ] GC(8) User=0.03s Sys=0.00s Real=0.02s
[2021-12-26T03:38:21.443+0000][26533][safepoint   ] Safepoint "G1CollectForAllocation", Time since last: 639823941 ns, Reaching safepoint: 141063 ns, At safepoint: 13463705 ns, Total: 13604768 ns
[2021-12-26T03:38:21.928+0000][26533][gc,start    ] GC(9) Pause Young (Normal) (G1 Evacuation Pause)
[2021-12-26T03:38:21.928+0000][26533][gc,task     ] GC(9) Using 2 workers of 2 for evacuation
[2021-12-26T03:38:21.928+0000][26533][gc,age      ] GC(9) Desired survivor size 20971520 bytes, new threshold 15 (max threshold 15)
[2021-12-26T03:38:21.941+0000][26533][gc,age      ] GC(9) Age table with threshold 15 (max threshold 15)
[2021-12-26T03:38:21.941+0000][26533][gc,age      ] GC(9) - age   1:    2384896 bytes,    2384896 total
[2021-12-26T03:38:21.941+0000][26533][gc,age      ] GC(9) - age   2:    2142136 bytes,    4527032 total
[2021-12-26T03:38:21.941+0000][26533][gc,age      ] GC(9) - age   3:     383472 bytes,    4910504 total
[2021-12-26T03:38:21.941+0000][26533][gc,age      ] GC(9) - age   4:    3587168 bytes,    8497672 total
[2021-12-26T03:38:21.941+0000][26533][gc,age      ] GC(9) - age   5:    4107672 bytes,   12605344 total
[2021-12-26T03:38:21.941+0000][26533][gc,age      ] GC(9) - age   6:     495864 bytes,   13101208 total
[2021-12-26T03:38:21.941+0000][26533][gc,age      ] GC(9) - age   7:     559832 bytes,   13661040 total
[2021-12-26T03:38:21.941+0000][26533][gc,phases   ] GC(9)   Pre Evacuate Collection Set: 0.1ms
[2021-12-26T03:38:21.941+0000][26533][gc,phases   ] GC(9)   Merge Heap Roots: 0.1ms
[2021-12-26T03:38:21.941+0000][26533][gc,phases   ] GC(9)   Evacuate Collection Set: 12.3ms
[2021-12-26T03:38:21.941+0000][26533][gc,phases   ] GC(9)   Post Evacuate Collection Set: 0.9ms
[2021-12-26T03:38:21.941+0000][26533][gc,phases   ] GC(9)   Other: 0.2ms
[2021-12-26T03:38:21.941+0000][26533][gc,heap     ] GC(9) Eden regions: 73->0(72)
[2021-12-26T03:38:21.941+0000][26533][gc,heap     ] GC(9) Survivor regions: 3->4(10)
[2021-12-26T03:38:21.941+0000][26533][gc,heap     ] GC(9) Old regions: 2->2
[2021-12-26T03:38:21.941+0000][26533][gc,heap     ] GC(9) Archive regions: 2->2
[2021-12-26T03:38:21.941+0000][26533][gc,heap     ] GC(9) Humongous regions: 0->0
[2021-12-26T03:38:21.941+0000][26533][gc,metaspace] GC(9) Metaspace: 20919K(21440K)->20919K(21440K) NonClass: 18313K(18624K)->18313K(18624K) Class: 2606K(2816K)->2606K(2816K)
[2021-12-26T03:38:21.941+0000][26533][gc          ] GC(9) Pause Young (Normal) (G1 Evacuation Pause) 314M->25M(512M) 13.654ms
[2021-12-26T03:38:21.941+0000][26533][gc,cpu      ] GC(9) User=0.02s Sys=0.00s Real=0.02s
[2021-12-26T03:38:21.941+0000][26533][safepoint   ] Safepoint "G1CollectForAllocation", Time since last: 484631986 ns, Reaching safepoint: 75137 ns, At safepoint: 13734441 ns, Total: 13809578 ns
[2021-12-26T03:38:22.182+0000][26533][gc,start    ] GC(10) Pause Young (Concurrent Start) (Metadata GC Threshold)
[2021-12-26T03:38:22.182+0000][26533][gc,task     ] GC(10) Using 2 workers of 2 for evacuation
[2021-12-26T03:38:22.182+0000][26533][gc,age      ] GC(10) Desired survivor size 20971520 bytes, new threshold 15 (max threshold 15)
[2021-12-26T03:38:22.194+0000][26533][gc,age      ] GC(10) Age table with threshold 15 (max threshold 15)
[2021-12-26T03:38:22.194+0000][26533][gc,age      ] GC(10) - age   1:     523464 bytes,     523464 total
[2021-12-26T03:38:22.194+0000][26533][gc,age      ] GC(10) - age   2:     311000 bytes,     834464 total
[2021-12-26T03:38:22.194+0000][26533][gc,age      ] GC(10) - age   3:    2142136 bytes,    2976600 total
[2021-12-26T03:38:22.194+0000][26533][gc,age      ] GC(10) - age   4:     383472 bytes,    3360072 total
[2021-12-26T03:38:22.194+0000][26533][gc,age      ] GC(10) - age   5:    3586928 bytes,    6947000 total
[2021-12-26T03:38:22.194+0000][26533][gc,age      ] GC(10) - age   6:    4107672 bytes,   11054672 total
[2021-12-26T03:38:22.194+0000][26533][gc,age      ] GC(10) - age   7:     495864 bytes,   11550536 total
[2021-12-26T03:38:22.194+0000][26533][gc,age      ] GC(10) - age   8:     559832 bytes,   12110368 total
[2021-12-26T03:38:22.194+0000][26533][gc,phases   ] GC(10)   Pre Evacuate Collection Set: 0.1ms
[2021-12-26T03:38:22.194+0000][26533][gc,phases   ] GC(10)   Merge Heap Roots: 0.0ms
[2021-12-26T03:38:22.194+0000][26533][gc,phases   ] GC(10)   Evacuate Collection Set: 10.5ms
[2021-12-26T03:38:22.194+0000][26533][gc,phases   ] GC(10)   Post Evacuate Collection Set: 0.8ms
[2021-12-26T03:38:22.194+0000][26533][gc,phases   ] GC(10)   Other: 0.3ms
[2021-12-26T03:38:22.194+0000][26533][gc,heap     ] GC(10) Eden regions: 34->0(73)
[2021-12-26T03:38:22.194+0000][26533][gc,heap     ] GC(10) Survivor regions: 4->3(10)
[2021-12-26T03:38:22.194+0000][26533][gc,heap     ] GC(10) Old regions: 2->2
[2021-12-26T03:38:22.194+0000][26533][gc,heap     ] GC(10) Archive regions: 2->2
[2021-12-26T03:38:22.194+0000][26533][gc,heap     ] GC(10) Humongous regions: 0->0
[2021-12-26T03:38:22.194+0000][26533][gc,metaspace] GC(10) Metaspace: 20982K(21504K)->20982K(21504K) NonClass: 18362K(18688K)->18362K(18688K) Class: 2620K(2816K)->2620K(2816K)
[2021-12-26T03:38:22.194+0000][26533][gc          ] GC(10) Pause Young (Concurrent Start) (Metadata GC Threshold) 161M->23M(512M) 11.737ms
[2021-12-26T03:38:22.194+0000][26533][gc,cpu      ] GC(10) User=0.02s Sys=0.00s Real=0.01s
[2021-12-26T03:38:22.194+0000][26533][gc          ] GC(11) Concurrent Mark Cycle
[2021-12-26T03:38:22.194+0000][26533][gc,marking  ] GC(11) Concurrent Clear Claimed Marks
[2021-12-26T03:38:22.194+0000][26533][safepoint   ] Safepoint "CollectForMetadataAllocation", Time since last: 240963420 ns, Reaching safepoint: 50780 ns, At safepoint: 11896279 ns, Total: 11947059 ns
[2021-12-26T03:38:22.194+0000][26533][gc,marking  ] GC(11) Concurrent Clear Claimed Marks 0.045ms
[2021-12-26T03:38:22.197+0000][26533][gc,marking  ] GC(11) Concurrent Scan Root Regions
[2021-12-26T03:38:22.202+0000][26533][gc,marking  ] GC(11) Concurrent Scan Root Regions 5.048ms
[2021-12-26T03:38:22.202+0000][26533][gc,marking  ] GC(11) Concurrent Mark
[2021-12-26T03:38:22.202+0000][26533][gc,marking  ] GC(11) Concurrent Mark From Roots
[2021-12-26T03:38:22.202+0000][26533][gc,task     ] GC(11) Using 1 workers of 1 for marking
[2021-12-26T03:38:22.229+0000][26533][gc,marking  ] GC(11) Concurrent Mark From Roots 26.985ms
[2021-12-26T03:38:22.229+0000][26533][gc,marking  ] GC(11) Concurrent Preclean
[2021-12-26T03:38:22.229+0000][26533][gc,marking  ] GC(11) Concurrent Preclean 0.106ms
[2021-12-26T03:38:22.229+0000][26533][gc,start    ] GC(11) Pause Remark
[2021-12-26T03:38:22.238+0000][26533][gc          ] GC(11) Pause Remark 25M->25M(512M) 8.255ms
[2021-12-26T03:38:22.238+0000][26533][gc,cpu      ] GC(11) User=0.01s Sys=0.00s Real=0.01s
[2021-12-26T03:38:22.238+0000][26533][safepoint   ] Safepoint "G1Concurrent", Time since last: 35220378 ns, Reaching safepoint: 136179 ns, At safepoint: 8334292 ns, Total: 8470471 ns
[2021-12-26T03:38:22.238+0000][26533][gc,marking  ] GC(11) Concurrent Mark 35.675ms
[2021-12-26T03:38:22.238+0000][26533][gc,marking  ] GC(11) Concurrent Rebuild Remembered Sets
[2021-12-26T03:38:22.246+0000][26533][gc,marking  ] GC(11) Concurrent Rebuild Remembered Sets 8.592ms
[2021-12-26T03:38:22.247+0000][26533][gc,start    ] GC(11) Pause Cleanup
[2021-12-26T03:38:22.247+0000][26533][gc          ] GC(11) Pause Cleanup 25M->25M(512M) 0.072ms
[2021-12-26T03:38:22.247+0000][26533][gc,cpu      ] GC(11) User=0.00s Sys=0.00s Real=0.00s
[2021-12-26T03:38:22.247+0000][26533][safepoint   ] Safepoint "G1Concurrent", Time since last: 8686372 ns, Reaching safepoint: 627022 ns, At safepoint: 111760 ns, Total: 738782 ns
[2021-12-26T03:38:22.247+0000][26533][gc,marking  ] GC(11) Concurrent Cleanup for Next Mark
[2021-12-26T03:38:22.249+0000][26533][gc,marking  ] GC(11) Concurrent Cleanup for Next Mark 1.743ms
[2021-12-26T03:38:22.249+0000][26533][gc          ] GC(11) Concurrent Mark Cycle 54.983ms
[2021-12-26T03:38:22.382+0000][26533][gc,heap,exit] Heap
[2021-12-26T03:38:22.382+0000][26533][gc,heap,exit]  garbage-first heap   total 524288K, used 38019K [0x00000000e0000000, 0x0000000100000000)
[2021-12-26T03:38:22.382+0000][26533][gc,heap,exit]   region size 4096K, 7 young (28672K), 3 survivors (12288K)
[2021-12-26T03:38:22.382+0000][26533][gc,heap,exit]  Metaspace       used 21624K, committed 22208K, reserved 1073152K
[2021-12-26T03:38:22.382+0000][26533][gc,heap,exit]   class space    used 2728K, committed 2944K, reserved 1048576K
