[2021-12-26T03:57:08.815+0000][2204][gc] Using G1
[2021-12-26T03:57:08.904+0000][2204][gc,init] Version: 17.0.1+12 (release)
[2021-12-26T03:57:08.904+0000][2204][gc,init] CPUs: 2 total, 2 available
[2021-12-26T03:57:08.904+0000][2204][gc,init] Memory: 3786M
[2021-12-26T03:57:08.904+0000][2204][gc,init] Large Page Support: Disabled
[2021-12-26T03:57:08.904+0000][2204][gc,init] NUMA Support: Disabled
[2021-12-26T03:57:08.904+0000][2204][gc,init] Compressed Oops: Enabled (32-bit)
[2021-12-26T03:57:08.904+0000][2204][gc,init] Heap Region Size: 4M
[2021-12-26T03:57:08.904+0000][2204][gc,init] Heap Min Capacity: 512M
[2021-12-26T03:57:08.904+0000][2204][gc,init] Heap Initial Capacity: 512M
[2021-12-26T03:57:08.904+0000][2204][gc,init] Heap Max Capacity: 512M
[2021-12-26T03:57:08.904+0000][2204][gc,init] Pre-touch: Enabled
[2021-12-26T03:57:08.904+0000][2204][gc,init] Parallel Workers: 2
[2021-12-26T03:57:08.904+0000][2204][gc,init] Concurrent Workers: 1
[2021-12-26T03:57:08.904+0000][2204][gc,init] Concurrent Refinement Workers: 2
[2021-12-26T03:57:08.904+0000][2204][gc,init] Periodic GC: Disabled
[2021-12-26T03:57:08.904+0000][2204][gc,metaspace] CDS archive(s) mapped at: [0x0000000800000000-0x0000000800bd1000-0x0000000800bd1000), size 12390400, SharedBaseAddress: 0x0000000800000000, ArchiveRelocationMode: 0.
[2021-12-26T03:57:08.904+0000][2204][gc,metaspace] Compressed class space mapped at: 0x0000000800c00000-0x0000000840c00000, reserved size: 1073741824
[2021-12-26T03:57:08.904+0000][2204][gc,metaspace] Narrow klass base: 0x0000000800000000, Narrow klass shift: 0, Narrow klass range: 0x100000000
[2021-12-26T03:57:09.567+0000][2204][safepoint   ] Safepoint "ICBufferFull", Time since last: 653435958 ns, Reaching safepoint: 102905 ns, At safepoint: 5204 ns, Total: 108109 ns
[2021-12-26T03:57:09.870+0000][2204][gc,start    ] GC(0) Pause Young (Normal) (G1 Evacuation Pause)
[2021-12-26T03:57:09.870+0000][2204][gc,task     ] GC(0) Using 2 workers of 2 for evacuation
[2021-12-26T03:57:09.870+0000][2204][gc,age      ] GC(0) Desired survivor size 2097152 bytes, new threshold 15 (max threshold 15)
[2021-12-26T03:57:09.881+0000][2204][gc,age      ] GC(0) Age table with threshold 15 (max threshold 15)
[2021-12-26T03:57:09.881+0000][2204][gc,age      ] GC(0) - age   1:    4181944 bytes,    4181944 total
[2021-12-26T03:57:09.881+0000][2204][gc,phases   ] GC(0)   Pre Evacuate Collection Set: 0.1ms
[2021-12-26T03:57:09.881+0000][2204][gc,phases   ] GC(0)   Merge Heap Roots: 0.0ms
[2021-12-26T03:57:09.881+0000][2204][gc,phases   ] GC(0)   Evacuate Collection Set: 9.7ms
[2021-12-26T03:57:09.881+0000][2204][gc,phases   ] GC(0)   Post Evacuate Collection Set: 0.7ms
[2021-12-26T03:57:09.881+0000][2204][gc,phases   ] GC(0)   Other: 0.2ms
[2021-12-26T03:57:09.881+0000][2204][gc,heap     ] GC(0) Eden regions: 6->0(5)
[2021-12-26T03:57:09.881+0000][2204][gc,heap     ] GC(0) Survivor regions: 0->1(1)
[2021-12-26T03:57:09.881+0000][2204][gc,heap     ] GC(0) Old regions: 0->1
[2021-12-26T03:57:09.881+0000][2204][gc,heap     ] GC(0) Archive regions: 2->2
[2021-12-26T03:57:09.881+0000][2204][gc,heap     ] GC(0) Humongous regions: 0->0
[2021-12-26T03:57:09.881+0000][2204][gc,metaspace] GC(0) Metaspace: 7863K(8064K)->7863K(8064K) NonClass: 6969K(7104K)->6969K(7104K) Class: 893K(960K)->893K(960K)
[2021-12-26T03:57:09.881+0000][2204][gc          ] GC(0) Pause Young (Normal) (G1 Evacuation Pause) 27M->8M(512M) 10.891ms
[2021-12-26T03:57:09.881+0000][2204][gc,cpu      ] GC(0) User=0.02s Sys=0.00s Real=0.01s
[2021-12-26T03:57:09.881+0000][2204][safepoint   ] Safepoint "G1CollectForAllocation", Time since last: 303530684 ns, Reaching safepoint: 61119 ns, At safepoint: 11044045 ns, Total: 11105164 ns
[2021-12-26T03:57:10.363+0000][2204][gc,start    ] GC(1) Pause Young (Normal) (G1 Evacuation Pause)
[2021-12-26T03:57:10.363+0000][2204][gc,task     ] GC(1) Using 2 workers of 2 for evacuation
[2021-12-26T03:57:10.363+0000][2204][gc,age      ] GC(1) Desired survivor size 2097152 bytes, new threshold 1 (max threshold 15)
[2021-12-26T03:57:10.371+0000][2204][gc,age      ] GC(1) Age table with threshold 1 (max threshold 15)
[2021-12-26T03:57:10.371+0000][2204][gc,age      ] GC(1) - age   1:    1189160 bytes,    1189160 total
[2021-12-26T03:57:10.371+0000][2204][gc,phases   ] GC(1)   Pre Evacuate Collection Set: 0.1ms
[2021-12-26T03:57:10.371+0000][2204][gc,phases   ] GC(1)   Merge Heap Roots: 0.0ms
[2021-12-26T03:57:10.371+0000][2204][gc,phases   ] GC(1)   Evacuate Collection Set: 7.0ms
[2021-12-26T03:57:10.371+0000][2204][gc,phases   ] GC(1)   Post Evacuate Collection Set: 0.6ms
[2021-12-26T03:57:10.371+0000][2204][gc,phases   ] GC(1)   Other: 0.2ms
[2021-12-26T03:57:10.371+0000][2204][gc,heap     ] GC(1) Eden regions: 5->0(5)
[2021-12-26T03:57:10.371+0000][2204][gc,heap     ] GC(1) Survivor regions: 1->1(1)
[2021-12-26T03:57:10.371+0000][2204][gc,heap     ] GC(1) Old regions: 1->2
[2021-12-26T03:57:10.371+0000][2204][gc,heap     ] GC(1) Archive regions: 2->2
[2021-12-26T03:57:10.371+0000][2204][gc,heap     ] GC(1) Humongous regions: 0->0
[2021-12-26T03:57:10.371+0000][2204][gc,metaspace] GC(1) Metaspace: 12041K(12288K)->12041K(12288K) NonClass: 10531K(10688K)->10531K(10688K) Class: 1510K(1600K)->1510K(1600K)
[2021-12-26T03:57:10.371+0000][2204][gc          ] GC(1) Pause Young (Normal) (G1 Evacuation Pause) 28M->9M(512M) 7.984ms
[2021-12-26T03:57:10.371+0000][2204][gc,cpu      ] GC(1) User=0.01s Sys=0.00s Real=0.01s
[2021-12-26T03:57:10.371+0000][2204][safepoint   ] Safepoint "G1CollectForAllocation", Time since last: 481877586 ns, Reaching safepoint: 92565 ns, At safepoint: 8043433 ns, Total: 8135998 ns
[2021-12-26T03:57:10.780+0000][2204][gc,start    ] GC(2) Pause Young (Normal) (G1 Evacuation Pause)
[2021-12-26T03:57:10.780+0000][2204][gc,task     ] GC(2) Using 2 workers of 2 for evacuation
[2021-12-26T03:57:10.780+0000][2204][gc,age      ] GC(2) Desired survivor size 2097152 bytes, new threshold 15 (max threshold 15)
[2021-12-26T03:57:10.788+0000][2204][gc,age      ] GC(2) Age table with threshold 15 (max threshold 15)
[2021-12-26T03:57:10.788+0000][2204][gc,age      ] GC(2) - age   1:    3056624 bytes,    3056624 total
[2021-12-26T03:57:10.788+0000][2204][gc,age      ] GC(2) - age   2:    1134808 bytes,    4191432 total
[2021-12-26T03:57:10.788+0000][2204][gc,phases   ] GC(2)   Pre Evacuate Collection Set: 0.1ms
[2021-12-26T03:57:10.788+0000][2204][gc,phases   ] GC(2)   Merge Heap Roots: 0.1ms
[2021-12-26T03:57:10.789+0000][2204][gc,phases   ] GC(2)   Evacuate Collection Set: 7.1ms
[2021-12-26T03:57:10.789+0000][2204][gc,phases   ] GC(2)   Post Evacuate Collection Set: 0.8ms
[2021-12-26T03:57:10.789+0000][2204][gc,phases   ] GC(2)   Other: 0.2ms
[2021-12-26T03:57:10.789+0000][2204][gc,heap     ] GC(2) Eden regions: 5->0(6)
[2021-12-26T03:57:10.789+0000][2204][gc,heap     ] GC(2) Survivor regions: 1->1(1)
[2021-12-26T03:57:10.789+0000][2204][gc,heap     ] GC(2) Old regions: 2->2
[2021-12-26T03:57:10.789+0000][2204][gc,heap     ] GC(2) Archive regions: 2->2
[2021-12-26T03:57:10.789+0000][2204][gc,heap     ] GC(2) Humongous regions: 0->0
[2021-12-26T03:57:10.789+0000][2204][gc,metaspace] GC(2) Metaspace: 14085K(14336K)->14085K(14336K) NonClass: 12361K(12480K)->12361K(12480K) Class: 1724K(1856K)->1724K(1856K)
[2021-12-26T03:57:10.789+0000][2204][gc          ] GC(2) Pause Young (Normal) (G1 Evacuation Pause) 29M->12M(512M) 8.240ms
[2021-12-26T03:57:10.789+0000][2204][gc,cpu      ] GC(2) User=0.01s Sys=0.00s Real=0.01s
[2021-12-26T03:57:10.789+0000][2204][safepoint   ] Safepoint "G1CollectForAllocation", Time since last: 408878231 ns, Reaching safepoint: 244831 ns, At safepoint: 8311009 ns, Total: 8555840 ns
[2021-12-26T03:57:11.391+0000][2204][gc,start    ] GC(3) Pause Young (Normal) (G1 Evacuation Pause)
[2021-12-26T03:57:11.391+0000][2204][gc,task     ] GC(3) Using 2 workers of 2 for evacuation
[2021-12-26T03:57:11.391+0000][2204][gc,age      ] GC(3) Desired survivor size 2097152 bytes, new threshold 1 (max threshold 15)
[2021-12-26T03:57:11.398+0000][2204][gc,age      ] GC(3) Age table with threshold 1 (max threshold 15)
[2021-12-26T03:57:11.398+0000][2204][gc,age      ] GC(3) - age   1:     679096 bytes,     679096 total
[2021-12-26T03:57:11.398+0000][2204][gc,phases   ] GC(3)   Pre Evacuate Collection Set: 0.1ms
[2021-12-26T03:57:11.398+0000][2204][gc,phases   ] GC(3)   Merge Heap Roots: 0.1ms
[2021-12-26T03:57:11.398+0000][2204][gc,phases   ] GC(3)   Evacuate Collection Set: 6.0ms
[2021-12-26T03:57:11.398+0000][2204][gc,phases   ] GC(3)   Post Evacuate Collection Set: 0.5ms
[2021-12-26T03:57:11.398+0000][2204][gc,phases   ] GC(3)   Other: 0.3ms
[2021-12-26T03:57:11.398+0000][2204][gc,heap     ] GC(3) Eden regions: 6->0(11)
[2021-12-26T03:57:11.398+0000][2204][gc,heap     ] GC(3) Survivor regions: 1->1(1)
[2021-12-26T03:57:11.398+0000][2204][gc,heap     ] GC(3) Old regions: 2->2
[2021-12-26T03:57:11.398+0000][2204][gc,heap     ] GC(3) Archive regions: 2->2
[2021-12-26T03:57:11.398+0000][2204][gc,heap     ] GC(3) Humongous regions: 0->0
[2021-12-26T03:57:11.398+0000][2204][gc,metaspace] GC(3) Metaspace: 14865K(15104K)->14865K(15104K) NonClass: 13085K(13184K)->13085K(13184K) Class: 1779K(1920K)->1779K(1920K)
[2021-12-26T03:57:11.398+0000][2204][gc          ] GC(3) Pause Young (Normal) (G1 Evacuation Pause) 36M->12M(512M) 6.894ms
[2021-12-26T03:57:11.398+0000][2204][gc,cpu      ] GC(3) User=0.01s Sys=0.00s Real=0.01s
[2021-12-26T03:57:11.398+0000][2204][safepoint   ] Safepoint "G1CollectForAllocation", Time since last: 602439556 ns, Reaching safepoint: 95475 ns, At safepoint: 7047550 ns, Total: 7143025 ns
[2021-12-26T03:57:11.651+0000][2204][gc,start    ] GC(4) Pause Young (Normal) (G1 Evacuation Pause)
[2021-12-26T03:57:11.651+0000][2204][gc,task     ] GC(4) Using 2 workers of 2 for evacuation
[2021-12-26T03:57:11.651+0000][2204][gc,age      ] GC(4) Desired survivor size 4194304 bytes, new threshold 15 (max threshold 15)
[2021-12-26T03:57:11.658+0000][2204][gc,age      ] GC(4) Age table with threshold 15 (max threshold 15)
[2021-12-26T03:57:11.658+0000][2204][gc,age      ] GC(4) - age   1:    2103800 bytes,    2103800 total
[2021-12-26T03:57:11.658+0000][2204][gc,age      ] GC(4) - age   2:     639048 bytes,    2742848 total
[2021-12-26T03:57:11.658+0000][2204][gc,phases   ] GC(4)   Pre Evacuate Collection Set: 0.9ms
[2021-12-26T03:57:11.658+0000][2204][gc,phases   ] GC(4)   Merge Heap Roots: 0.0ms
[2021-12-26T03:57:11.658+0000][2204][gc,phases   ] GC(4)   Evacuate Collection Set: 4.9ms
[2021-12-26T03:57:11.658+0000][2204][gc,phases   ] GC(4)   Post Evacuate Collection Set: 0.5ms
[2021-12-26T03:57:11.658+0000][2204][gc,phases   ] GC(4)   Other: 0.2ms
[2021-12-26T03:57:11.658+0000][2204][gc,heap     ] GC(4) Eden regions: 11->0(75)
[2021-12-26T03:57:11.658+0000][2204][gc,heap     ] GC(4) Survivor regions: 1->1(2)
[2021-12-26T03:57:11.658+0000][2204][gc,heap     ] GC(4) Old regions: 2->2
[2021-12-26T03:57:11.658+0000][2204][gc,heap     ] GC(4) Archive regions: 2->2
[2021-12-26T03:57:11.658+0000][2204][gc,heap     ] GC(4) Humongous regions: 0->0
[2021-12-26T03:57:11.658+0000][2204][gc,metaspace] GC(4) Metaspace: 15219K(15424K)->15219K(15424K) NonClass: 13411K(13504K)->13411K(13504K) Class: 1807K(1920K)->1807K(1920K)
[2021-12-26T03:57:11.658+0000][2204][gc          ] GC(4) Pause Young (Normal) (G1 Evacuation Pause) 56M->14M(512M) 6.489ms
[2021-12-26T03:57:11.658+0000][2204][gc,cpu      ] GC(4) User=0.01s Sys=0.00s Real=0.01s
[2021-12-26T03:57:11.658+0000][2204][safepoint   ] Safepoint "G1CollectForAllocation", Time since last: 251991071 ns, Reaching safepoint: 916818 ns, At safepoint: 6561871 ns, Total: 7478689 ns
[2021-12-26T03:57:11.945+0000][2204][safepoint   ] Safepoint "ICBufferFull", Time since last: 287259842 ns, Reaching safepoint: 179296 ns, At safepoint: 4426 ns, Total: 183722 ns
[2021-12-26T03:57:11.947+0000][2204][safepoint   ] Safepoint "ICBufferFull", Time since last: 1112225 ns, Reaching safepoint: 291094 ns, At safepoint: 4744 ns, Total: 295838 ns
[2021-12-26T03:57:11.950+0000][2204][safepoint   ] Safepoint "ICBufferFull", Time since last: 2206213 ns, Reaching safepoint: 824958 ns, At safepoint: 8925 ns, Total: 833883 ns
[2021-12-26T03:57:11.951+0000][2204][safepoint   ] Safepoint "ICBufferFull", Time since last: 989253 ns, Reaching safepoint: 131612 ns, At safepoint: 8061 ns, Total: 139673 ns
[2021-12-26T03:57:11.952+0000][2204][safepoint   ] Safepoint "ICBufferFull", Time since last: 1149589 ns, Reaching safepoint: 215013 ns, At safepoint: 5539 ns, Total: 220552 ns
[2021-12-26T03:57:12.233+0000][2204][safepoint   ] Safepoint "ICBufferFull", Time since last: 280862947 ns, Reaching safepoint: 198450 ns, At safepoint: 4209 ns, Total: 202659 ns
[2021-12-26T03:57:12.596+0000][2204][gc,start    ] GC(5) Pause Young (Normal) (G1 Evacuation Pause)
[2021-12-26T03:57:12.596+0000][2204][gc,task     ] GC(5) Using 2 workers of 2 for evacuation
[2021-12-26T03:57:12.596+0000][2204][gc,age      ] GC(5) Desired survivor size 20971520 bytes, new threshold 15 (max threshold 15)
[2021-12-26T03:57:12.614+0000][2204][gc,age      ] GC(5) Age table with threshold 15 (max threshold 15)
[2021-12-26T03:57:12.614+0000][2204][gc,age      ] GC(5) - age   1:    5602152 bytes,    5602152 total
[2021-12-26T03:57:12.614+0000][2204][gc,age      ] GC(5) - age   2:     412608 bytes,    6014760 total
[2021-12-26T03:57:12.614+0000][2204][gc,age      ] GC(5) - age   3:     638840 bytes,    6653600 total
[2021-12-26T03:57:12.614+0000][2204][gc,phases   ] GC(5)   Pre Evacuate Collection Set: 0.1ms
[2021-12-26T03:57:12.614+0000][2204][gc,phases   ] GC(5)   Merge Heap Roots: 0.0ms
[2021-12-26T03:57:12.614+0000][2204][gc,phases   ] GC(5)   Evacuate Collection Set: 16.2ms
[2021-12-26T03:57:12.614+0000][2204][gc,phases   ] GC(5)   Post Evacuate Collection Set: 0.8ms
[2021-12-26T03:57:12.614+0000][2204][gc,phases   ] GC(5)   Other: 0.3ms
[2021-12-26T03:57:12.614+0000][2204][gc,heap     ] GC(5) Eden regions: 75->0(74)
[2021-12-26T03:57:12.614+0000][2204][gc,heap     ] GC(5) Survivor regions: 1->2(10)
[2021-12-26T03:57:12.614+0000][2204][gc,heap     ] GC(5) Old regions: 2->2
[2021-12-26T03:57:12.614+0000][2204][gc,heap     ] GC(5) Archive regions: 2->2
[2021-12-26T03:57:12.614+0000][2204][gc,heap     ] GC(5) Humongous regions: 0->0
[2021-12-26T03:57:12.614+0000][2204][gc,metaspace] GC(5) Metaspace: 18343K(18688K)->18343K(18688K) NonClass: 16082K(16256K)->16082K(16256K) Class: 2261K(2432K)->2261K(2432K)
[2021-12-26T03:57:12.614+0000][2204][gc          ] GC(5) Pause Young (Normal) (G1 Evacuation Pause) 314M->17M(512M) 17.441ms
[2021-12-26T03:57:12.614+0000][2204][gc,cpu      ] GC(5) User=0.03s Sys=0.00s Real=0.01s
[2021-12-26T03:57:12.614+0000][2204][safepoint   ] Safepoint "G1CollectForAllocation", Time since last: 363084756 ns, Reaching safepoint: 64307 ns, At safepoint: 17518904 ns, Total: 17583211 ns
[2021-12-26T03:57:13.239+0000][2204][gc,start    ] GC(6) Pause Young (Normal) (G1 Evacuation Pause)
[2021-12-26T03:57:13.239+0000][2204][gc,task     ] GC(6) Using 2 workers of 2 for evacuation
[2021-12-26T03:57:13.239+0000][2204][gc,age      ] GC(6) Desired survivor size 20971520 bytes, new threshold 15 (max threshold 15)
[2021-12-26T03:57:13.252+0000][2204][gc,age      ] GC(6) Age table with threshold 15 (max threshold 15)
[2021-12-26T03:57:13.252+0000][2204][gc,age      ] GC(6) - age   1:    3979792 bytes,    3979792 total
[2021-12-26T03:57:13.252+0000][2204][gc,age      ] GC(6) - age   2:    4100824 bytes,    8080616 total
[2021-12-26T03:57:13.252+0000][2204][gc,age      ] GC(6) - age   3:     412528 bytes,    8493144 total
[2021-12-26T03:57:13.252+0000][2204][gc,age      ] GC(6) - age   4:     638840 bytes,    9131984 total
[2021-12-26T03:57:13.252+0000][2204][gc,phases   ] GC(6)   Pre Evacuate Collection Set: 0.1ms
[2021-12-26T03:57:13.252+0000][2204][gc,phases   ] GC(6)   Merge Heap Roots: 0.0ms
[2021-12-26T03:57:13.252+0000][2204][gc,phases   ] GC(6)   Evacuate Collection Set: 12.2ms
[2021-12-26T03:57:13.252+0000][2204][gc,phases   ] GC(6)   Post Evacuate Collection Set: 0.9ms
[2021-12-26T03:57:13.252+0000][2204][gc,phases   ] GC(6)   Other: 0.2ms
[2021-12-26T03:57:13.252+0000][2204][gc,heap     ] GC(6) Eden regions: 74->0(73)
[2021-12-26T03:57:13.252+0000][2204][gc,heap     ] GC(6) Survivor regions: 2->3(10)
[2021-12-26T03:57:13.252+0000][2204][gc,heap     ] GC(6) Old regions: 2->2
[2021-12-26T03:57:13.252+0000][2204][gc,heap     ] GC(6) Archive regions: 2->2
[2021-12-26T03:57:13.252+0000][2204][gc,heap     ] GC(6) Humongous regions: 0->0
[2021-12-26T03:57:13.252+0000][2204][gc,metaspace] GC(6) Metaspace: 19277K(19712K)->19277K(19712K) NonClass: 16912K(17152K)->16912K(17152K) Class: 2364K(2560K)->2364K(2560K)
[2021-12-26T03:57:13.252+0000][2204][gc          ] GC(6) Pause Young (Normal) (G1 Evacuation Pause) 313M->20M(512M) 13.568ms
[2021-12-26T03:57:13.252+0000][2204][gc,cpu      ] GC(6) User=0.02s Sys=0.00s Real=0.01s
[2021-12-26T03:57:13.252+0000][2204][safepoint   ] Safepoint "G1CollectForAllocation", Time since last: 624873899 ns, Reaching safepoint: 53200 ns, At safepoint: 13661899 ns, Total: 13715099 ns
[2021-12-26T03:57:13.791+0000][2204][gc,start    ] GC(7) Pause Young (Normal) (G1 Evacuation Pause)
[2021-12-26T03:57:13.791+0000][2204][gc,task     ] GC(7) Using 2 workers of 2 for evacuation
[2021-12-26T03:57:13.791+0000][2204][gc,age      ] GC(7) Desired survivor size 20971520 bytes, new threshold 15 (max threshold 15)
[2021-12-26T03:57:13.800+0000][2204][gc,age      ] GC(7) Age table with threshold 15 (max threshold 15)
[2021-12-26T03:57:13.800+0000][2204][gc,age      ] GC(7) - age   1:     724656 bytes,     724656 total
[2021-12-26T03:57:13.800+0000][2204][gc,age      ] GC(7) - age   2:    3578232 bytes,    4302888 total
[2021-12-26T03:57:13.800+0000][2204][gc,age      ] GC(7) - age   3:    4099672 bytes,    8402560 total
[2021-12-26T03:57:13.800+0000][2204][gc,age      ] GC(7) - age   4:     412528 bytes,    8815088 total
[2021-12-26T03:57:13.800+0000][2204][gc,age      ] GC(7) - age   5:     638840 bytes,    9453928 total
[2021-12-26T03:57:13.800+0000][2204][gc,phases   ] GC(7)   Pre Evacuate Collection Set: 0.1ms
[2021-12-26T03:57:13.800+0000][2204][gc,phases   ] GC(7)   Merge Heap Roots: 0.1ms
[2021-12-26T03:57:13.800+0000][2204][gc,phases   ] GC(7)   Evacuate Collection Set: 8.1ms
[2021-12-26T03:57:13.800+0000][2204][gc,phases   ] GC(7)   Post Evacuate Collection Set: 0.7ms
[2021-12-26T03:57:13.800+0000][2204][gc,phases   ] GC(7)   Other: 0.2ms
[2021-12-26T03:57:13.800+0000][2204][gc,heap     ] GC(7) Eden regions: 73->0(73)
[2021-12-26T03:57:13.800+0000][2204][gc,heap     ] GC(7) Survivor regions: 3->3(10)
[2021-12-26T03:57:13.800+0000][2204][gc,heap     ] GC(7) Old regions: 2->2
[2021-12-26T03:57:13.800+0000][2204][gc,heap     ] GC(7) Archive regions: 2->2
[2021-12-26T03:57:13.800+0000][2204][gc,heap     ] GC(7) Humongous regions: 0->0
[2021-12-26T03:57:13.800+0000][2204][gc,metaspace] GC(7) Metaspace: 19738K(20224K)->19738K(20224K) NonClass: 17296K(17600K)->17296K(17600K) Class: 2442K(2624K)->2442K(2624K)
[2021-12-26T03:57:13.800+0000][2204][gc          ] GC(7) Pause Young (Normal) (G1 Evacuation Pause) 312M->20M(512M) 9.168ms
[2021-12-26T03:57:13.800+0000][2204][gc,cpu      ] GC(7) User=0.01s Sys=0.00s Real=0.01s
[2021-12-26T03:57:13.800+0000][2204][safepoint   ] Safepoint "G1CollectForAllocation", Time since last: 538135034 ns, Reaching safepoint: 67490 ns, At safepoint: 9235436 ns, Total: 9302926 ns
[2021-12-26T03:57:14.415+0000][2204][gc,start    ] GC(8) Pause Young (Normal) (G1 Evacuation Pause)
[2021-12-26T03:57:14.415+0000][2204][gc,task     ] GC(8) Using 2 workers of 2 for evacuation
[2021-12-26T03:57:14.415+0000][2204][gc,age      ] GC(8) Desired survivor size 20971520 bytes, new threshold 15 (max threshold 15)
[2021-12-26T03:57:14.430+0000][2204][gc,age      ] GC(8) Age table with threshold 15 (max threshold 15)
[2021-12-26T03:57:14.430+0000][2204][gc,age      ] GC(8) - age   1:    4078448 bytes,    4078448 total
[2021-12-26T03:57:14.430+0000][2204][gc,age      ] GC(8) - age   2:     383840 bytes,    4462288 total
[2021-12-26T03:57:14.430+0000][2204][gc,age      ] GC(8) - age   3:    3577096 bytes,    8039384 total
[2021-12-26T03:57:14.430+0000][2204][gc,age      ] GC(8) - age   4:    4094208 bytes,   12133592 total
[2021-12-26T03:57:14.430+0000][2204][gc,age      ] GC(8) - age   5:     412528 bytes,   12546120 total
[2021-12-26T03:57:14.430+0000][2204][gc,age      ] GC(8) - age   6:     638760 bytes,   13184880 total
[2021-12-26T03:57:14.430+0000][2204][gc,phases   ] GC(8)   Pre Evacuate Collection Set: 1.0ms
[2021-12-26T03:57:14.430+0000][2204][gc,phases   ] GC(8)   Merge Heap Roots: 0.0ms
[2021-12-26T03:57:14.430+0000][2204][gc,phases   ] GC(8)   Evacuate Collection Set: 12.7ms
[2021-12-26T03:57:14.430+0000][2204][gc,phases   ] GC(8)   Post Evacuate Collection Set: 0.8ms
[2021-12-26T03:57:14.430+0000][2204][gc,phases   ] GC(8)   Other: 0.3ms
[2021-12-26T03:57:14.430+0000][2204][gc,heap     ] GC(8) Eden regions: 73->0(72)
[2021-12-26T03:57:14.430+0000][2204][gc,heap     ] GC(8) Survivor regions: 3->4(10)
[2021-12-26T03:57:14.430+0000][2204][gc,heap     ] GC(8) Old regions: 2->2
[2021-12-26T03:57:14.430+0000][2204][gc,heap     ] GC(8) Archive regions: 2->2
[2021-12-26T03:57:14.430+0000][2204][gc,heap     ] GC(8) Humongous regions: 0->0
[2021-12-26T03:57:14.430+0000][2204][gc,metaspace] GC(8) Metaspace: 20797K(21248K)->20797K(21248K) NonClass: 18220K(18496K)->18220K(18496K) Class: 2577K(2752K)->2577K(2752K)
[2021-12-26T03:57:14.430+0000][2204][gc          ] GC(8) Pause Young (Normal) (G1 Evacuation Pause) 312M->24M(512M) 14.822ms
[2021-12-26T03:57:14.430+0000][2204][gc,cpu      ] GC(8) User=0.02s Sys=0.00s Real=0.01s
[2021-12-26T03:57:14.430+0000][2204][safepoint   ] Safepoint "G1CollectForAllocation", Time since last: 614911842 ns, Reaching safepoint: 168861 ns, At safepoint: 14911973 ns, Total: 15080834 ns
[2021-12-26T03:57:14.908+0000][2204][gc,start    ] GC(9) Pause Young (Normal) (G1 Evacuation Pause)
[2021-12-26T03:57:14.908+0000][2204][gc,task     ] GC(9) Using 2 workers of 2 for evacuation
[2021-12-26T03:57:14.908+0000][2204][gc,age      ] GC(9) Desired survivor size 20971520 bytes, new threshold 15 (max threshold 15)
[2021-12-26T03:57:14.919+0000][2204][gc,age      ] GC(9) Age table with threshold 15 (max threshold 15)
[2021-12-26T03:57:14.919+0000][2204][gc,age      ] GC(9) - age   1:    1152392 bytes,    1152392 total
[2021-12-26T03:57:14.919+0000][2204][gc,age      ] GC(9) - age   2:    2103632 bytes,    3256024 total
[2021-12-26T03:57:14.919+0000][2204][gc,age      ] GC(9) - age   3:     383296 bytes,    3639320 total
[2021-12-26T03:57:14.919+0000][2204][gc,age      ] GC(9) - age   4:    3577096 bytes,    7216416 total
[2021-12-26T03:57:14.919+0000][2204][gc,age      ] GC(9) - age   5:    4094208 bytes,   11310624 total
[2021-12-26T03:57:14.919+0000][2204][gc,age      ] GC(9) - age   6:     412528 bytes,   11723152 total
[2021-12-26T03:57:14.919+0000][2204][gc,age      ] GC(9) - age   7:     638760 bytes,   12361912 total
[2021-12-26T03:57:14.919+0000][2204][gc,phases   ] GC(9)   Pre Evacuate Collection Set: 0.1ms
[2021-12-26T03:57:14.919+0000][2204][gc,phases   ] GC(9)   Merge Heap Roots: 0.0ms
[2021-12-26T03:57:14.919+0000][2204][gc,phases   ] GC(9)   Evacuate Collection Set: 10.1ms
[2021-12-26T03:57:14.919+0000][2204][gc,phases   ] GC(9)   Post Evacuate Collection Set: 0.7ms
[2021-12-26T03:57:14.919+0000][2204][gc,phases   ] GC(9)   Other: 0.2ms
[2021-12-26T03:57:14.919+0000][2204][gc,heap     ] GC(9) Eden regions: 72->0(72)
[2021-12-26T03:57:14.919+0000][2204][gc,heap     ] GC(9) Survivor regions: 4->4(10)
[2021-12-26T03:57:14.919+0000][2204][gc,heap     ] GC(9) Old regions: 2->2
[2021-12-26T03:57:14.919+0000][2204][gc,heap     ] GC(9) Archive regions: 2->2
[2021-12-26T03:57:14.919+0000][2204][gc,heap     ] GC(9) Humongous regions: 0->0
[2021-12-26T03:57:14.919+0000][2204][gc,metaspace] GC(9) Metaspace: 20998K(21504K)->20998K(21504K) NonClass: 18388K(18688K)->18388K(18688K) Class: 2610K(2816K)->2610K(2816K)
[2021-12-26T03:57:14.919+0000][2204][gc          ] GC(9) Pause Young (Normal) (G1 Evacuation Pause) 312M->24M(512M) 11.214ms
[2021-12-26T03:57:14.919+0000][2204][gc,cpu      ] GC(9) User=0.02s Sys=0.00s Real=0.01s
[2021-12-26T03:57:14.919+0000][2204][safepoint   ] Safepoint "G1CollectForAllocation", Time since last: 477858935 ns, Reaching safepoint: 38573 ns, At safepoint: 11283970 ns, Total: 11322543 ns
[2021-12-26T03:57:14.969+0000][2204][gc,start    ] GC(10) Pause Young (Concurrent Start) (Metadata GC Threshold)
[2021-12-26T03:57:14.969+0000][2204][gc,task     ] GC(10) Using 2 workers of 2 for evacuation
[2021-12-26T03:57:14.969+0000][2204][gc,age      ] GC(10) Desired survivor size 20971520 bytes, new threshold 15 (max threshold 15)
[2021-12-26T03:57:14.983+0000][2204][gc,age      ] GC(10) Age table with threshold 15 (max threshold 15)
[2021-12-26T03:57:14.983+0000][2204][gc,age      ] GC(10) - age   1:     270448 bytes,     270448 total
[2021-12-26T03:57:14.983+0000][2204][gc,age      ] GC(10) - age   2:     348800 bytes,     619248 total
[2021-12-26T03:57:14.983+0000][2204][gc,age      ] GC(10) - age   3:    2103632 bytes,    2722880 total
[2021-12-26T03:57:14.983+0000][2204][gc,age      ] GC(10) - age   4:     383296 bytes,    3106176 total
[2021-12-26T03:57:14.983+0000][2204][gc,age      ] GC(10) - age   5:    3576856 bytes,    6683032 total
[2021-12-26T03:57:14.983+0000][2204][gc,age      ] GC(10) - age   6:    4094208 bytes,   10777240 total
[2021-12-26T03:57:14.983+0000][2204][gc,age      ] GC(10) - age   7:     412528 bytes,   11189768 total
[2021-12-26T03:57:14.983+0000][2204][gc,age      ] GC(10) - age   8:     638760 bytes,   11828528 total
[2021-12-26T03:57:14.983+0000][2204][gc,phases   ] GC(10)   Pre Evacuate Collection Set: 1.9ms
[2021-12-26T03:57:14.983+0000][2204][gc,phases   ] GC(10)   Merge Heap Roots: 0.0ms
[2021-12-26T03:57:14.983+0000][2204][gc,phases   ] GC(10)   Evacuate Collection Set: 11.0ms
[2021-12-26T03:57:14.983+0000][2204][gc,phases   ] GC(10)   Post Evacuate Collection Set: 0.8ms
[2021-12-26T03:57:14.983+0000][2204][gc,phases   ] GC(10)   Other: 0.3ms
[2021-12-26T03:57:14.983+0000][2204][gc,heap     ] GC(10) Eden regions: 7->0(73)
[2021-12-26T03:57:14.983+0000][2204][gc,heap     ] GC(10) Survivor regions: 4->3(10)
[2021-12-26T03:57:14.983+0000][2204][gc,heap     ] GC(10) Old regions: 2->2
[2021-12-26T03:57:14.983+0000][2204][gc,heap     ] GC(10) Archive regions: 2->2
[2021-12-26T03:57:14.983+0000][2204][gc,heap     ] GC(10) Humongous regions: 0->0
[2021-12-26T03:57:14.983+0000][2204][gc,metaspace] GC(10) Metaspace: 21024K(21504K)->21024K(21504K) NonClass: 18407K(18688K)->18407K(18688K) Class: 2616K(2816K)->2616K(2816K)
[2021-12-26T03:57:14.983+0000][2204][gc          ] GC(10) Pause Young (Concurrent Start) (Metadata GC Threshold) 50M->23M(512M) 14.082ms
[2021-12-26T03:57:14.983+0000][2204][gc,cpu      ] GC(10) User=0.02s Sys=0.00s Real=0.01s
[2021-12-26T03:57:14.983+0000][2204][safepoint   ] Safepoint "CollectForMetadataAllocation", Time since last: 49204812 ns, Reaching safepoint: 850480 ns, At safepoint: 14221244 ns, Total: 15071724 ns
[2021-12-26T03:57:14.993+0000][2204][gc          ] GC(11) Concurrent Mark Cycle
[2021-12-26T03:57:14.993+0000][2204][gc,marking  ] GC(11) Concurrent Clear Claimed Marks
[2021-12-26T03:57:14.993+0000][2204][gc,marking  ] GC(11) Concurrent Clear Claimed Marks 0.032ms
[2021-12-26T03:57:14.993+0000][2204][gc,marking  ] GC(11) Concurrent Scan Root Regions
[2021-12-26T03:57:14.998+0000][2204][gc,marking  ] GC(11) Concurrent Scan Root Regions 4.665ms
[2021-12-26T03:57:14.998+0000][2204][gc,marking  ] GC(11) Concurrent Mark
[2021-12-26T03:57:14.998+0000][2204][gc,marking  ] GC(11) Concurrent Mark From Roots
[2021-12-26T03:57:14.998+0000][2204][gc,task     ] GC(11) Using 1 workers of 1 for marking
[2021-12-26T03:57:15.021+0000][2204][gc,marking  ] GC(11) Concurrent Mark From Roots 23.547ms
[2021-12-26T03:57:15.021+0000][2204][gc,marking  ] GC(11) Concurrent Preclean
[2021-12-26T03:57:15.022+0000][2204][gc,marking  ] GC(11) Concurrent Preclean 0.095ms
[2021-12-26T03:57:15.022+0000][2204][gc,start    ] GC(11) Pause Remark
[2021-12-26T03:57:15.036+0000][2204][gc          ] GC(11) Pause Remark 47M->47M(512M) 14.223ms
[2021-12-26T03:57:15.036+0000][2204][gc,cpu      ] GC(11) User=0.03s Sys=0.00s Real=0.02s
[2021-12-26T03:57:15.036+0000][2204][safepoint   ] Safepoint "G1Concurrent", Time since last: 38614643 ns, Reaching safepoint: 25847 ns, At safepoint: 14310554 ns, Total: 14336401 ns
[2021-12-26T03:57:15.036+0000][2204][gc,marking  ] GC(11) Concurrent Mark 38.443ms
[2021-12-26T03:57:15.036+0000][2204][gc,marking  ] GC(11) Concurrent Rebuild Remembered Sets
[2021-12-26T03:57:15.052+0000][2204][gc,marking  ] GC(11) Concurrent Rebuild Remembered Sets 15.252ms
[2021-12-26T03:57:15.052+0000][2204][gc,start    ] GC(11) Pause Cleanup
[2021-12-26T03:57:15.052+0000][2204][gc          ] GC(11) Pause Cleanup 55M->55M(512M) 0.076ms
[2021-12-26T03:57:15.052+0000][2204][gc,cpu      ] GC(11) User=0.00s Sys=0.00s Real=0.00s
[2021-12-26T03:57:15.052+0000][2204][safepoint   ] Safepoint "G1Concurrent", Time since last: 15374854 ns, Reaching safepoint: 122048 ns, At safepoint: 116414 ns, Total: 238462 ns
[2021-12-26T03:57:15.054+0000][2204][gc,marking  ] GC(11) Concurrent Cleanup for Next Mark
[2021-12-26T03:57:15.065+0000][2204][gc,marking  ] GC(11) Concurrent Cleanup for Next Mark 10.974ms
[2021-12-26T03:57:15.065+0000][2204][gc          ] GC(11) Concurrent Mark Cycle 72.044ms
[2021-12-26T03:57:15.648+0000][2204][safepoint   ] Safepoint "ICBufferFull", Time since last: 595517742 ns, Reaching safepoint: 149659 ns, At safepoint: 4841 ns, Total: 154500 ns
[2021-12-26T03:57:15.649+0000][2204][safepoint   ] Safepoint "ICBufferFull", Time since last: 1006955 ns, Reaching safepoint: 25776 ns, At safepoint: 2712 ns, Total: 28488 ns
[2021-12-26T03:57:15.650+0000][2204][safepoint   ] Safepoint "ICBufferFull", Time since last: 1033952 ns, Reaching safepoint: 23151 ns, At safepoint: 2683 ns, Total: 25834 ns
[2021-12-26T03:57:15.651+0000][2204][safepoint   ] Safepoint "ICBufferFull", Time since last: 1587137 ns, Reaching safepoint: 24673 ns, At safepoint: 2871 ns, Total: 27544 ns
[2021-12-26T03:57:15.672+0000][2204][safepoint   ] Safepoint "ICBufferFull", Time since last: 20369508 ns, Reaching safepoint: 33196 ns, At safepoint: 2869 ns, Total: 36065 ns
[2021-12-26T03:57:15.673+0000][2204][safepoint   ] Safepoint "ICBufferFull", Time since last: 1003038 ns, Reaching safepoint: 25349 ns, At safepoint: 2774 ns, Total: 28123 ns
[2021-12-26T03:57:15.724+0000][2204][safepoint   ] Safepoint "ICBufferFull", Time since last: 51705482 ns, Reaching safepoint: 38873 ns, At safepoint: 3229 ns, Total: 42102 ns
[2021-12-26T03:57:15.734+0000][2204][safepoint   ] Safepoint "ICBufferFull", Time since last: 9620040 ns, Reaching safepoint: 36708 ns, At safepoint: 3305 ns, Total: 40013 ns
[2021-12-26T03:57:15.764+0000][2204][safepoint   ] Safepoint "ICBufferFull", Time since last: 30334030 ns, Reaching safepoint: 38054 ns, At safepoint: 3296 ns, Total: 41350 ns
[2021-12-26T03:57:15.853+0000][2204][safepoint   ] Safepoint "ICBufferFull", Time since last: 88441185 ns, Reaching safepoint: 182123 ns, At safepoint: 4727 ns, Total: 186850 ns
[2021-12-26T03:57:15.854+0000][2204][safepoint   ] Safepoint "ICBufferFull", Time since last: 1024478 ns, Reaching safepoint: 22772 ns, At safepoint: 3347 ns, Total: 26119 ns
[2021-12-26T03:57:15.856+0000][2204][safepoint   ] Safepoint "ICBufferFull", Time since last: 2199278 ns, Reaching safepoint: 21844 ns, At safepoint: 3061 ns, Total: 24905 ns
[2021-12-26T03:57:15.879+0000][2204][safepoint   ] Safepoint "ICBufferFull", Time since last: 22303282 ns, Reaching safepoint: 28870 ns, At safepoint: 3238 ns, Total: 32108 ns
[2021-12-26T03:57:15.880+0000][2204][safepoint   ] Safepoint "ICBufferFull", Time since last: 1057275 ns, Reaching safepoint: 21742 ns, At safepoint: 3017 ns, Total: 24759 ns
[2021-12-26T03:57:15.987+0000][2204][safepoint   ] Safepoint "ICBufferFull", Time since last: 107095696 ns, Reaching safepoint: 188344 ns, At safepoint: 9353 ns, Total: 197697 ns
[2021-12-26T03:57:15.991+0000][2204][safepoint   ] Safepoint "ICBufferFull", Time since last: 4070228 ns, Reaching safepoint: 28134 ns, At safepoint: 3338 ns, Total: 31472 ns
[2021-12-26T03:57:15.993+0000][2204][safepoint   ] Safepoint "ICBufferFull", Time since last: 1500842 ns, Reaching safepoint: 22367 ns, At safepoint: 3003 ns, Total: 25370 ns
[2021-12-26T03:57:15.994+0000][2204][safepoint   ] Safepoint "ICBufferFull", Time since last: 1408757 ns, Reaching safepoint: 21423 ns, At safepoint: 3048 ns, Total: 24471 ns
[2021-12-26T03:57:15.995+0000][2204][safepoint   ] Safepoint "ICBufferFull", Time since last: 1001045 ns, Reaching safepoint: 18992 ns, At safepoint: 2923 ns, Total: 21915 ns
[2021-12-26T03:57:15.997+0000][2204][safepoint   ] Safepoint "ICBufferFull", Time since last: 1479984 ns, Reaching safepoint: 19592 ns, At safepoint: 2786 ns, Total: 22378 ns
[2021-12-26T03:57:15.999+0000][2204][safepoint   ] Safepoint "ICBufferFull", Time since last: 1835694 ns, Reaching safepoint: 19583 ns, At safepoint: 2673 ns, Total: 22256 ns
[2021-12-26T03:57:16.000+0000][2204][safepoint   ] Safepoint "ICBufferFull", Time since last: 1616857 ns, Reaching safepoint: 18812 ns, At safepoint: 2724 ns, Total: 21536 ns
[2021-12-26T03:57:16.002+0000][2204][safepoint   ] Safepoint "ICBufferFull", Time since last: 1862407 ns, Reaching safepoint: 37623 ns, At safepoint: 3000 ns, Total: 40623 ns
[2021-12-26T03:57:16.134+0000][2204][safepoint   ] Safepoint "ICBufferFull", Time since last: 131994091 ns, Reaching safepoint: 180362 ns, At safepoint: 11670 ns, Total: 192032 ns
[2021-12-26T03:57:17.135+0000][2204][safepoint   ] Safepoint "Cleanup", Time since last: 1000808584 ns, Reaching safepoint: 217235 ns, At safepoint: 6680 ns, Total: 223915 ns
[2021-12-26T03:57:17.797+0000][2204][gc,start    ] GC(12) Pause Young (Normal) (G1 Evacuation Pause)
[2021-12-26T03:57:17.798+0000][2204][gc,task     ] GC(12) Using 2 workers of 2 for evacuation
[2021-12-26T03:57:17.798+0000][2204][gc,age      ] GC(12) Desired survivor size 20971520 bytes, new threshold 15 (max threshold 15)
[2021-12-26T03:57:17.843+0000][2204][gc,age      ] GC(12) Age table with threshold 15 (max threshold 15)
[2021-12-26T03:57:17.843+0000][2204][gc,age      ] GC(12) - age   1:   18003664 bytes,   18003664 total
[2021-12-26T03:57:17.843+0000][2204][gc,age      ] GC(12) - age   2:     255840 bytes,   18259504 total
[2021-12-26T03:57:17.843+0000][2204][gc,age      ] GC(12) - age   3:     335088 bytes,   18594592 total
[2021-12-26T03:57:17.843+0000][2204][gc,age      ] GC(12) - age   4:    2079096 bytes,   20673688 total
[2021-12-26T03:57:17.843+0000][2204][gc,age      ] GC(12) - age   5:     372176 bytes,   21045864 total
[2021-12-26T03:57:17.843+0000][2204][gc,age      ] GC(12) - age   6:    3563216 bytes,   24609080 total
[2021-12-26T03:57:17.843+0000][2204][gc,age      ] GC(12) - age   7:    4053168 bytes,   28662248 total
[2021-12-26T03:57:17.843+0000][2204][gc,age      ] GC(12) - age   8:     368472 bytes,   29030720 total
[2021-12-26T03:57:17.843+0000][2204][gc,age      ] GC(12) - age   9:     617104 bytes,   29647824 total
[2021-12-26T03:57:17.843+0000][2204][gc,phases   ] GC(12)   Pre Evacuate Collection Set: 0.1ms
[2021-12-26T03:57:17.843+0000][2204][gc,phases   ] GC(12)   Merge Heap Roots: 0.1ms
[2021-12-26T03:57:17.843+0000][2204][gc,phases   ] GC(12)   Evacuate Collection Set: 43.6ms
[2021-12-26T03:57:17.843+0000][2204][gc,phases   ] GC(12)   Post Evacuate Collection Set: 1.7ms
[2021-12-26T03:57:17.843+0000][2204][gc,phases   ] GC(12)   Other: 0.3ms
[2021-12-26T03:57:17.843+0000][2204][gc,heap     ] GC(12) Eden regions: 73->0(68)
[2021-12-26T03:57:17.843+0000][2204][gc,heap     ] GC(12) Survivor regions: 3->8(10)
[2021-12-26T03:57:17.843+0000][2204][gc,heap     ] GC(12) Old regions: 2->2
[2021-12-26T03:57:17.843+0000][2204][gc,heap     ] GC(12) Archive regions: 2->2
[2021-12-26T03:57:17.843+0000][2204][gc,heap     ] GC(12) Humongous regions: 0->0
[2021-12-26T03:57:17.843+0000][2204][gc,metaspace] GC(12) Metaspace: 30716K(31616K)->30716K(31616K) NonClass: 26762K(27264K)->26762K(27264K) Class: 3953K(4352K)->3953K(4352K)
[2021-12-26T03:57:17.843+0000][2204][gc          ] GC(12) Pause Young (Normal) (G1 Evacuation Pause) 315M->41M(512M) 45.729ms
[2021-12-26T03:57:17.843+0000][2204][gc,cpu      ] GC(12) User=0.09s Sys=0.00s Real=0.04s
[2021-12-26T03:57:17.843+0000][2204][safepoint   ] Safepoint "G1CollectForAllocation", Time since last: 662087085 ns, Reaching safepoint: 60697 ns, At safepoint: 45810422 ns, Total: 45871119 ns
[2021-12-26T03:57:18.844+0000][2204][safepoint   ] Safepoint "Cleanup", Time since last: 1000818466 ns, Reaching safepoint: 228006 ns, At safepoint: 13869 ns, Total: 241875 ns
[2021-12-26T03:57:19.022+0000][2204][gc,start    ] GC(13) Pause Young (Concurrent Start) (Metadata GC Threshold)
[2021-12-26T03:57:19.022+0000][2204][gc,task     ] GC(13) Using 2 workers of 2 for evacuation
[2021-12-26T03:57:19.022+0000][2204][gc,age      ] GC(13) Desired survivor size 20971520 bytes, new threshold 5 (max threshold 15)
[2021-12-26T03:57:19.079+0000][2204][gc,age      ] GC(13) Age table with threshold 5 (max threshold 15)
[2021-12-26T03:57:19.079+0000][2204][gc,age      ] GC(13) - age   1:    9855784 bytes,    9855784 total
[2021-12-26T03:57:19.079+0000][2204][gc,age      ] GC(13) - age   2:   17651832 bytes,   27507616 total
[2021-12-26T03:57:19.079+0000][2204][gc,age      ] GC(13) - age   3:     255808 bytes,   27763424 total
[2021-12-26T03:57:19.079+0000][2204][gc,age      ] GC(13) - age   4:     335056 bytes,   28098480 total
[2021-12-26T03:57:19.079+0000][2204][gc,age      ] GC(13) - age   5:    2078128 bytes,   30176608 total
[2021-12-26T03:57:19.079+0000][2204][gc,phases   ] GC(13)   Pre Evacuate Collection Set: 0.1ms
[2021-12-26T03:57:19.079+0000][2204][gc,phases   ] GC(13)   Merge Heap Roots: 0.1ms
[2021-12-26T03:57:19.079+0000][2204][gc,phases   ] GC(13)   Evacuate Collection Set: 55.3ms
[2021-12-26T03:57:19.079+0000][2204][gc,phases   ] GC(13)   Post Evacuate Collection Set: 1.2ms
[2021-12-26T03:57:19.079+0000][2204][gc,phases   ] GC(13)   Other: 0.3ms
[2021-12-26T03:57:19.079+0000][2204][gc,heap     ] GC(13) Eden regions: 31->0(68)
[2021-12-26T03:57:19.079+0000][2204][gc,heap     ] GC(13) Survivor regions: 8->8(10)
[2021-12-26T03:57:19.079+0000][2204][gc,heap     ] GC(13) Old regions: 2->4
[2021-12-26T03:57:19.079+0000][2204][gc,heap     ] GC(13) Archive regions: 2->2
[2021-12-26T03:57:19.079+0000][2204][gc,heap     ] GC(13) Humongous regions: 0->0
[2021-12-26T03:57:19.079+0000][2204][gc,metaspace] GC(13) Metaspace: 35039K(35968K)->35039K(35968K) NonClass: 30387K(30912K)->30387K(30912K) Class: 4652K(5056K)->4652K(5056K)
[2021-12-26T03:57:19.079+0000][2204][gc          ] GC(13) Pause Young (Concurrent Start) (Metadata GC Threshold) 163M->49M(512M) 57.019ms
[2021-12-26T03:57:19.079+0000][2204][gc,cpu      ] GC(13) User=0.11s Sys=0.00s Real=0.06s
[2021-12-26T03:57:19.079+0000][2204][gc          ] GC(14) Concurrent Mark Cycle
[2021-12-26T03:57:19.079+0000][2204][gc,marking  ] GC(14) Concurrent Clear Claimed Marks
[2021-12-26T03:57:19.079+0000][2204][safepoint   ] Safepoint "CollectForMetadataAllocation", Time since last: 177438302 ns, Reaching safepoint: 52355 ns, At safepoint: 57172782 ns, Total: 57225137 ns
[2021-12-26T03:57:19.079+0000][2204][gc,marking  ] GC(14) Concurrent Clear Claimed Marks 0.078ms
[2021-12-26T03:57:19.079+0000][2204][gc,marking  ] GC(14) Concurrent Scan Root Regions
[2021-12-26T03:57:19.114+0000][2204][safepoint   ] Safepoint "CollectForMetadataAllocation", Time since last: 29011740 ns, Reaching safepoint: 6077511 ns, At safepoint: 75441 ns, Total: 6152952 ns
[2021-12-26T03:57:19.142+0000][2204][gc,marking  ] GC(14) Concurrent Scan Root Regions 62.989ms
[2021-12-26T03:57:19.142+0000][2204][gc,marking  ] GC(14) Concurrent Mark
[2021-12-26T03:57:19.142+0000][2204][gc,marking  ] GC(14) Concurrent Mark From Roots
[2021-12-26T03:57:19.142+0000][2204][gc,task     ] GC(14) Using 1 workers of 1 for marking
[2021-12-26T03:57:19.157+0000][2204][gc,marking  ] GC(14) Concurrent Mark From Roots 15.384ms
[2021-12-26T03:57:19.157+0000][2204][gc,marking  ] GC(14) Concurrent Preclean
[2021-12-26T03:57:19.158+0000][2204][gc,marking  ] GC(14) Concurrent Preclean 0.089ms
[2021-12-26T03:57:19.158+0000][2204][gc,start    ] GC(14) Pause Remark
[2021-12-26T03:57:19.164+0000][2204][gc          ] GC(14) Pause Remark 51M->51M(512M) 6.137ms
[2021-12-26T03:57:19.164+0000][2204][gc,cpu      ] GC(14) User=0.01s Sys=0.00s Real=0.00s
[2021-12-26T03:57:19.164+0000][2204][safepoint   ] Safepoint "G1Concurrent", Time since last: 43495017 ns, Reaching safepoint: 151163 ns, At safepoint: 6206679 ns, Total: 6357842 ns
[2021-12-26T03:57:19.170+0000][2204][gc,marking  ] GC(14) Concurrent Mark 27.989ms
[2021-12-26T03:57:19.170+0000][2204][gc,marking  ] GC(14) Concurrent Rebuild Remembered Sets
[2021-12-26T03:57:19.185+0000][2204][gc,marking  ] GC(14) Concurrent Rebuild Remembered Sets 14.551ms
[2021-12-26T03:57:19.185+0000][2204][gc,start    ] GC(14) Pause Cleanup
[2021-12-26T03:57:19.185+0000][2204][gc          ] GC(14) Pause Cleanup 53M->53M(512M) 0.089ms
[2021-12-26T03:57:19.185+0000][2204][gc,cpu      ] GC(14) User=0.00s Sys=0.00s Real=0.00s
[2021-12-26T03:57:19.185+0000][2204][safepoint   ] Safepoint "G1Concurrent", Time since last: 20737704 ns, Reaching safepoint: 382523 ns, At safepoint: 135811 ns, Total: 518334 ns
[2021-12-26T03:57:19.185+0000][2204][gc,marking  ] GC(14) Concurrent Cleanup for Next Mark
[2021-12-26T03:57:19.196+0000][2204][gc,marking  ] GC(14) Concurrent Cleanup for Next Mark 10.792ms
[2021-12-26T03:57:19.196+0000][2204][gc          ] GC(14) Concurrent Mark Cycle 117.196ms
[2021-12-26T03:57:20.645+0000][2204][safepoint   ] Safepoint "Cleanup", Time since last: 1459500233 ns, Reaching safepoint: 244076 ns, At safepoint: 14993 ns, Total: 259069 ns
[2021-12-26T03:57:21.719+0000][2204][safepoint   ] Safepoint "Cleanup", Time since last: 1073063054 ns, Reaching safepoint: 1111112 ns, At safepoint: 9329 ns, Total: 1120441 ns
[2021-12-26T03:57:22.135+0000][2204][gc,start    ] GC(15) Pause Young (Prepare Mixed) (G1 Evacuation Pause)
[2021-12-26T03:57:22.135+0000][2204][gc,task     ] GC(15) Using 2 workers of 2 for evacuation
[2021-12-26T03:57:22.135+0000][2204][gc,age      ] GC(15) Desired survivor size 20971520 bytes, new threshold 2 (max threshold 15)
[2021-12-26T03:57:22.222+0000][2204][gc,age      ] GC(15) Age table with threshold 2 (max threshold 15)
[2021-12-26T03:57:22.222+0000][2204][gc,age      ] GC(15) - age   1:    6116288 bytes,    6116288 total
[2021-12-26T03:57:22.222+0000][2204][gc,age      ] GC(15) - age   2:    9781496 bytes,   15897784 total
[2021-12-26T03:57:22.222+0000][2204][gc,phases   ] GC(15)   Pre Evacuate Collection Set: 0.8ms
[2021-12-26T03:57:22.222+0000][2204][gc,phases   ] GC(15)   Merge Heap Roots: 0.1ms
[2021-12-26T03:57:22.222+0000][2204][gc,phases   ] GC(15)   Evacuate Collection Set: 73.1ms
[2021-12-26T03:57:22.222+0000][2204][gc,phases   ] GC(15)   Post Evacuate Collection Set: 12.5ms
[2021-12-26T03:57:22.222+0000][2204][gc,phases   ] GC(15)   Other: 0.3ms
[2021-12-26T03:57:22.222+0000][2204][gc,heap     ] GC(15) Eden regions: 68->0(1)
[2021-12-26T03:57:22.222+0000][2204][gc,heap     ] GC(15) Survivor regions: 8->5(10)
[2021-12-26T03:57:22.222+0000][2204][gc,heap     ] GC(15) Old regions: 4->9
[2021-12-26T03:57:22.222+0000][2204][gc,heap     ] GC(15) Archive regions: 2->2
[2021-12-26T03:57:22.222+0000][2204][gc,heap     ] GC(15) Humongous regions: 0->0
[2021-12-26T03:57:22.222+0000][2204][gc,metaspace] GC(15) Metaspace: 52222K(53504K)->52222K(53504K) NonClass: 45130K(45888K)->45130K(45888K) Class: 7091K(7616K)->7091K(7616K)
[2021-12-26T03:57:22.222+0000][2204][gc          ] GC(15) Pause Young (Prepare Mixed) (G1 Evacuation Pause) 321M->57M(512M) 86.909ms
[2021-12-26T03:57:22.222+0000][2204][gc,cpu      ] GC(15) User=0.17s Sys=0.00s Real=0.08s
[2021-12-26T03:57:22.222+0000][2204][safepoint   ] Safepoint "G1CollectForAllocation", Time since last: 415877414 ns, Reaching safepoint: 63229 ns, At safepoint: 87008565 ns, Total: 87071794 ns
[2021-12-26T03:57:22.264+0000][2204][gc,start    ] GC(16) Pause Young (Mixed) (G1 Evacuation Pause)
[2021-12-26T03:57:22.264+0000][2204][gc,task     ] GC(16) Using 2 workers of 2 for evacuation
[2021-12-26T03:57:22.264+0000][2204][gc,age      ] GC(16) Desired survivor size 2097152 bytes, new threshold 1 (max threshold 15)
[2021-12-26T03:57:22.311+0000][2204][gc,age      ] GC(16) Age table with threshold 1 (max threshold 15)
[2021-12-26T03:57:22.312+0000][2204][gc,age      ] GC(16) - age   1:       1784 bytes,       1784 total
[2021-12-26T03:57:22.312+0000][2204][gc,phases   ] GC(16)   Pre Evacuate Collection Set: 0.0ms
[2021-12-26T03:57:22.312+0000][2204][gc,phases   ] GC(16)   Merge Heap Roots: 0.2ms
[2021-12-26T03:57:22.312+0000][2204][gc,phases   ] GC(16)   Evacuate Collection Set: 46.5ms
[2021-12-26T03:57:22.312+0000][2204][gc,phases   ] GC(16)   Post Evacuate Collection Set: 1.1ms
[2021-12-26T03:57:22.312+0000][2204][gc,phases   ] GC(16)   Other: 0.2ms
[2021-12-26T03:57:22.312+0000][2204][gc,heap     ] GC(16) Eden regions: 1->0(75)
[2021-12-26T03:57:22.312+0000][2204][gc,heap     ] GC(16) Survivor regions: 5->1(1)
[2021-12-26T03:57:22.312+0000][2204][gc,heap     ] GC(16) Old regions: 9->13
[2021-12-26T03:57:22.312+0000][2204][gc,heap     ] GC(16) Archive regions: 2->2
[2021-12-26T03:57:22.312+0000][2204][gc,heap     ] GC(16) Humongous regions: 0->0
[2021-12-26T03:57:22.312+0000][2204][gc,metaspace] GC(16) Metaspace: 52223K(53504K)->52223K(53504K) NonClass: 45132K(45888K)->45132K(45888K) Class: 7091K(7616K)->7091K(7616K)
[2021-12-26T03:57:22.312+0000][2204][gc          ] GC(16) Pause Young (Mixed) (G1 Evacuation Pause) 61M->56M(512M) 48.155ms
[2021-12-26T03:57:22.312+0000][2204][gc,cpu      ] GC(16) User=0.10s Sys=0.00s Real=0.05s
[2021-12-26T03:57:22.312+0000][2204][safepoint   ] Safepoint "G1CollectForAllocation", Time since last: 41413472 ns, Reaching safepoint: 27169 ns, At safepoint: 48244335 ns, Total: 48271504 ns
[2021-12-26T03:57:24.216+0000][2204][safepoint   ] Safepoint "Cleanup", Time since last: 1903253850 ns, Reaching safepoint: 1182339 ns, At safepoint: 8243 ns, Total: 1190582 ns
[2021-12-26T03:57:24.839+0000][2204][gc,start    ] GC(17) Pause Young (Concurrent Start) (Metadata GC Threshold)
[2021-12-26T03:57:24.839+0000][2204][gc,task     ] GC(17) Using 2 workers of 2 for evacuation
[2021-12-26T03:57:24.839+0000][2204][gc,age      ] GC(17) Desired survivor size 20971520 bytes, new threshold 15 (max threshold 15)
[2021-12-26T03:57:24.855+0000][2204][gc,age      ] GC(17) Age table with threshold 15 (max threshold 15)
[2021-12-26T03:57:24.855+0000][2204][gc,age      ] GC(17) - age   1:    5173984 bytes,    5173984 total
[2021-12-26T03:57:24.855+0000][2204][gc,phases   ] GC(17)   Pre Evacuate Collection Set: 0.1ms
[2021-12-26T03:57:24.855+0000][2204][gc,phases   ] GC(17)   Merge Heap Roots: 0.1ms
[2021-12-26T03:57:24.855+0000][2204][gc,phases   ] GC(17)   Evacuate Collection Set: 13.7ms
[2021-12-26T03:57:24.855+0000][2204][gc,phases   ] GC(17)   Post Evacuate Collection Set: 1.3ms
[2021-12-26T03:57:24.855+0000][2204][gc,phases   ] GC(17)   Other: 0.2ms
[2021-12-26T03:57:24.855+0000][2204][gc,heap     ] GC(17) Eden regions: 49->0(74)
[2021-12-26T03:57:24.855+0000][2204][gc,heap     ] GC(17) Survivor regions: 1->2(10)
[2021-12-26T03:57:24.855+0000][2204][gc,heap     ] GC(17) Old regions: 13->13
[2021-12-26T03:57:24.855+0000][2204][gc,heap     ] GC(17) Archive regions: 2->2
[2021-12-26T03:57:24.855+0000][2204][gc,heap     ] GC(17) Humongous regions: 0->0
[2021-12-26T03:57:24.855+0000][2204][gc,metaspace] GC(17) Metaspace: 59746K(60928K)->59746K(60928K) NonClass: 51615K(52288K)->51615K(52288K) Class: 8131K(8640K)->8131K(8640K)
[2021-12-26T03:57:24.855+0000][2204][gc          ] GC(17) Pause Young (Concurrent Start) (Metadata GC Threshold) 252M->60M(512M) 15.443ms
[2021-12-26T03:57:24.855+0000][2204][gc,cpu      ] GC(17) User=0.03s Sys=0.00s Real=0.02s
[2021-12-26T03:57:24.855+0000][2204][gc          ] GC(18) Concurrent Mark Cycle
[2021-12-26T03:57:24.855+0000][2204][gc,marking  ] GC(18) Concurrent Clear Claimed Marks
[2021-12-26T03:57:24.855+0000][2204][safepoint   ] Safepoint "CollectForMetadataAllocation", Time since last: 623030825 ns, Reaching safepoint: 87096 ns, At safepoint: 15581503 ns, Total: 15668599 ns
[2021-12-26T03:57:24.855+0000][2204][gc,marking  ] GC(18) Concurrent Clear Claimed Marks 0.063ms
[2021-12-26T03:57:24.855+0000][2204][gc,marking  ] GC(18) Concurrent Scan Root Regions
[2021-12-26T03:57:24.863+0000][2204][gc,marking  ] GC(18) Concurrent Scan Root Regions 8.308ms
[2021-12-26T03:57:24.863+0000][2204][gc,marking  ] GC(18) Concurrent Mark
[2021-12-26T03:57:24.863+0000][2204][gc,marking  ] GC(18) Concurrent Mark From Roots
[2021-12-26T03:57:24.863+0000][2204][gc,task     ] GC(18) Using 1 workers of 1 for marking
[2021-12-26T03:57:24.927+0000][2204][safepoint   ] Safepoint "CollectForMetadataAllocation", Time since last: 69813430 ns, Reaching safepoint: 2364948 ns, At safepoint: 78896 ns, Total: 2443844 ns
[2021-12-26T03:57:25.004+0000][2204][gc,marking  ] GC(18) Concurrent Mark From Roots 140.311ms
[2021-12-26T03:57:25.004+0000][2204][gc,marking  ] GC(18) Concurrent Preclean
[2021-12-26T03:57:25.004+0000][2204][gc,marking  ] GC(18) Concurrent Preclean 0.166ms
[2021-12-26T03:57:25.004+0000][2204][gc,start    ] GC(18) Pause Remark
[2021-12-26T03:57:25.016+0000][2204][gc          ] GC(18) Pause Remark 66M->66M(512M) 11.636ms
[2021-12-26T03:57:25.016+0000][2204][gc,cpu      ] GC(18) User=0.02s Sys=0.00s Real=0.01s
[2021-12-26T03:57:25.016+0000][2204][safepoint   ] Safepoint "G1Concurrent", Time since last: 76697616 ns, Reaching safepoint: 151604 ns, At safepoint: 11735776 ns, Total: 11887380 ns
[2021-12-26T03:57:25.016+0000][2204][gc,marking  ] GC(18) Concurrent Mark 152.477ms
[2021-12-26T03:57:25.016+0000][2204][gc,marking  ] GC(18) Concurrent Rebuild Remembered Sets
[2021-12-26T03:57:25.133+0000][2204][gc,marking  ] GC(18) Concurrent Rebuild Remembered Sets 117.438ms
[2021-12-26T03:57:25.133+0000][2204][gc,start    ] GC(18) Pause Cleanup
[2021-12-26T03:57:25.133+0000][2204][gc          ] GC(18) Pause Cleanup 68M->68M(512M) 0.069ms
[2021-12-26T03:57:25.134+0000][2204][gc,cpu      ] GC(18) User=0.00s Sys=0.00s Real=0.00s
[2021-12-26T03:57:25.134+0000][2204][safepoint   ] Safepoint "G1Concurrent", Time since last: 117586459 ns, Reaching safepoint: 38206 ns, At safepoint: 114265 ns, Total: 152471 ns
[2021-12-26T03:57:25.134+0000][2204][gc,marking  ] GC(18) Concurrent Cleanup for Next Mark
[2021-12-26T03:57:25.135+0000][2204][gc,marking  ] GC(18) Concurrent Cleanup for Next Mark 1.003ms
[2021-12-26T03:57:25.135+0000][2204][gc          ] GC(18) Concurrent Mark Cycle 279.703ms
[2021-12-26T03:57:26.138+0000][2204][safepoint   ] Safepoint "Cleanup", Time since last: 1004518670 ns, Reaching safepoint: 414937 ns, At safepoint: 7554 ns, Total: 422491 ns
[2021-12-26T03:57:27.073+0000][2204][safepoint   ] Safepoint "ICBufferFull", Time since last: 933764113 ns, Reaching safepoint: 344182 ns, At safepoint: 7390 ns, Total: 351572 ns
[2021-12-26T03:57:28.087+0000][2204][safepoint   ] Safepoint "Cleanup", Time since last: 1014179154 ns, Reaching safepoint: 329072 ns, At safepoint: 4924 ns, Total: 333996 ns
[2021-12-26T03:57:28.844+0000][2204][safepoint   ] Safepoint "ICBufferFull", Time since last: 756593666 ns, Reaching safepoint: 196563 ns, At safepoint: 6668 ns, Total: 203231 ns
[2021-12-26T03:57:29.947+0000][2204][gc,start    ] GC(19) Pause Young (Concurrent Start) (G1 Evacuation Pause)
[2021-12-26T03:57:29.947+0000][2204][gc,task     ] GC(19) Using 2 workers of 2 for evacuation
[2021-12-26T03:57:29.948+0000][2204][gc,age      ] GC(19) Desired survivor size 20971520 bytes, new threshold 15 (max threshold 15)
[2021-12-26T03:57:29.990+0000][2204][gc,age      ] GC(19) Age table with threshold 15 (max threshold 15)
[2021-12-26T03:57:29.990+0000][2204][gc,age      ] GC(19) - age   1:   15590184 bytes,   15590184 total
[2021-12-26T03:57:29.990+0000][2204][gc,age      ] GC(19) - age   2:    5038936 bytes,   20629120 total
[2021-12-26T03:57:29.990+0000][2204][gc,phases   ] GC(19)   Pre Evacuate Collection Set: 0.2ms
[2021-12-26T03:57:29.990+0000][2204][gc,phases   ] GC(19)   Merge Heap Roots: 0.4ms
[2021-12-26T03:57:29.990+0000][2204][gc,phases   ] GC(19)   Evacuate Collection Set: 39.7ms
[2021-12-26T03:57:29.990+0000][2204][gc,phases   ] GC(19)   Post Evacuate Collection Set: 2.3ms
[2021-12-26T03:57:29.990+0000][2204][gc,phases   ] GC(19)   Other: 0.2ms
[2021-12-26T03:57:29.990+0000][2204][gc,heap     ] GC(19) Eden regions: 74->0(71)
[2021-12-26T03:57:29.990+0000][2204][gc,heap     ] GC(19) Survivor regions: 2->5(10)
[2021-12-26T03:57:29.990+0000][2204][gc,heap     ] GC(19) Old regions: 13->13
[2021-12-26T03:57:29.990+0000][2204][gc,heap     ] GC(19) Archive regions: 2->2
[2021-12-26T03:57:29.990+0000][2204][gc,heap     ] GC(19) Humongous regions: 2->2
[2021-12-26T03:57:29.990+0000][2204][gc,metaspace] GC(19) Metaspace: 96388K(97920K)->96388K(97920K) NonClass: 82797K(83712K)->82797K(83712K) Class: 13590K(14208K)->13590K(14208K)
[2021-12-26T03:57:29.990+0000][2204][gc          ] GC(19) Pause Young (Concurrent Start) (G1 Evacuation Pause) 364M->82M(512M) 42.830ms
[2021-12-26T03:57:29.990+0000][2204][gc,cpu      ] GC(19) User=0.08s Sys=0.00s Real=0.04s
[2021-12-26T03:57:29.990+0000][2204][gc          ] GC(20) Concurrent Mark Cycle
[2021-12-26T03:57:29.990+0000][2204][gc,marking  ] GC(20) Concurrent Clear Claimed Marks
[2021-12-26T03:57:29.990+0000][2204][gc,marking  ] GC(20) Concurrent Clear Claimed Marks 0.082ms
[2021-12-26T03:57:29.990+0000][2204][gc,marking  ] GC(20) Concurrent Scan Root Regions
[2021-12-26T03:57:29.990+0000][2204][safepoint   ] Safepoint "G1CollectForAllocation", Time since last: 1101248361 ns, Reaching safepoint: 2283503 ns, At safepoint: 42926444 ns, Total: 45209947 ns
[2021-12-26T03:57:30.044+0000][2204][gc,marking  ] GC(20) Concurrent Scan Root Regions 53.611ms
[2021-12-26T03:57:30.044+0000][2204][gc,marking  ] GC(20) Concurrent Mark
[2021-12-26T03:57:30.044+0000][2204][gc,marking  ] GC(20) Concurrent Mark From Roots
[2021-12-26T03:57:30.044+0000][2204][gc,task     ] GC(20) Using 1 workers of 1 for marking
[2021-12-26T03:57:30.291+0000][2204][gc,marking  ] GC(20) Concurrent Mark From Roots 246.369ms
[2021-12-26T03:57:30.291+0000][2204][gc,marking  ] GC(20) Concurrent Preclean
[2021-12-26T03:57:30.291+0000][2204][gc,marking  ] GC(20) Concurrent Preclean 0.181ms
[2021-12-26T03:57:30.291+0000][2204][gc,start    ] GC(20) Pause Remark
[2021-12-26T03:57:30.304+0000][2204][gc          ] GC(20) Pause Remark 102M->102M(512M) 12.598ms
[2021-12-26T03:57:30.304+0000][2204][gc,cpu      ] GC(20) User=0.02s Sys=0.00s Real=0.01s
[2021-12-26T03:57:30.304+0000][2204][safepoint   ] Safepoint "G1Concurrent", Time since last: 300417723 ns, Reaching safepoint: 97869 ns, At safepoint: 12720508 ns, Total: 12818377 ns
[2021-12-26T03:57:30.304+0000][2204][gc,marking  ] GC(20) Concurrent Mark 259.503ms
[2021-12-26T03:57:30.304+0000][2204][gc,marking  ] GC(20) Concurrent Rebuild Remembered Sets
[2021-12-26T03:57:30.416+0000][2204][gc,marking  ] GC(20) Concurrent Rebuild Remembered Sets 112.119ms
[2021-12-26T03:57:30.416+0000][2204][gc,start    ] GC(20) Pause Cleanup
[2021-12-26T03:57:30.416+0000][2204][gc          ] GC(20) Pause Cleanup 110M->110M(512M) 0.070ms
[2021-12-26T03:57:30.416+0000][2204][gc,cpu      ] GC(20) User=0.00s Sys=0.00s Real=0.00s
[2021-12-26T03:57:30.416+0000][2204][safepoint   ] Safepoint "G1Concurrent", Time since last: 112245603 ns, Reaching safepoint: 65723 ns, At safepoint: 136912 ns, Total: 202635 ns
[2021-12-26T03:57:30.416+0000][2204][gc,marking  ] GC(20) Concurrent Cleanup for Next Mark
[2021-12-26T03:57:30.417+0000][2204][gc,marking  ] GC(20) Concurrent Cleanup for Next Mark 1.332ms
[2021-12-26T03:57:30.417+0000][2204][gc          ] GC(20) Concurrent Mark Cycle 427.095ms
[2021-12-26T03:57:31.449+0000][2204][safepoint   ] Safepoint "Cleanup", Time since last: 1033014409 ns, Reaching safepoint: 249450 ns, At safepoint: 5784 ns, Total: 255234 ns
[2021-12-26T03:57:32.501+0000][2204][safepoint   ] Safepoint "Cleanup", Time since last: 1051894779 ns, Reaching safepoint: 189348 ns, At safepoint: 14103 ns, Total: 203451 ns
[2021-12-26T03:57:33.502+0000][2204][safepoint   ] Safepoint "Cleanup", Time since last: 1000160929 ns, Reaching safepoint: 117062 ns, At safepoint: 15578 ns, Total: 132640 ns
[2021-12-26T03:57:35.502+0000][2204][safepoint   ] Safepoint "Cleanup", Time since last: 2000269278 ns, Reaching safepoint: 59079 ns, At safepoint: 5132 ns, Total: 64211 ns
[2021-12-26T03:57:36.502+0000][2204][safepoint   ] Safepoint "Cleanup", Time since last: 1000144340 ns, Reaching safepoint: 60512 ns, At safepoint: 4705 ns, Total: 65217 ns
[2021-12-26T03:57:37.502+0000][2204][safepoint   ] Safepoint "Cleanup", Time since last: 1000173091 ns, Reaching safepoint: 72459 ns, At safepoint: 5851 ns, Total: 78310 ns
[2021-12-26T03:57:38.503+0000][2204][safepoint   ] Safepoint "Cleanup", Time since last: 1000173585 ns, Reaching safepoint: 70180 ns, At safepoint: 5908 ns, Total: 76088 ns
[2021-12-26T03:57:40.503+0000][2204][safepoint   ] Safepoint "Cleanup", Time since last: 2000240993 ns, Reaching safepoint: 82603 ns, At safepoint: 5172 ns, Total: 87775 ns
[2021-12-26T03:57:41.503+0000][2204][safepoint   ] Safepoint "Cleanup", Time since last: 1000115907 ns, Reaching safepoint: 55403 ns, At safepoint: 4282 ns, Total: 59685 ns
[2021-12-26T03:57:42.503+0000][2204][safepoint   ] Safepoint "Cleanup", Time since last: 1000143300 ns, Reaching safepoint: 67922 ns, At safepoint: 4899 ns, Total: 72821 ns
[2021-12-26T03:57:45.504+0000][2204][safepoint   ] Safepoint "Cleanup", Time since last: 3000344517 ns, Reaching safepoint: 49787 ns, At safepoint: 8110 ns, Total: 57897 ns
[2021-12-26T03:57:47.504+0000][2204][safepoint   ] Safepoint "Cleanup", Time since last: 2000246450 ns, Reaching safepoint: 61590 ns, At safepoint: 4936 ns, Total: 66526 ns
[2021-12-26T03:57:48.504+0000][2204][safepoint   ] Safepoint "Cleanup", Time since last: 1000167090 ns, Reaching safepoint: 71151 ns, At safepoint: 10593 ns, Total: 81744 ns
[2021-12-26T03:57:49.505+0000][2204][safepoint   ] Safepoint "Cleanup", Time since last: 1000163833 ns, Reaching safepoint: 62236 ns, At safepoint: 5101 ns, Total: 67337 ns
[2021-12-26T03:57:50.505+0000][2204][safepoint   ] Safepoint "Cleanup", Time since last: 1000218729 ns, Reaching safepoint: 201599 ns, At safepoint: 18660 ns, Total: 220259 ns
[2021-12-26T03:57:53.506+0000][2204][safepoint   ] Safepoint "Cleanup", Time since last: 3000371033 ns, Reaching safepoint: 64398 ns, At safepoint: 5737 ns, Total: 70135 ns
[2021-12-26T03:57:55.506+0000][2204][safepoint   ] Safepoint "Cleanup", Time since last: 2000257678 ns, Reaching safepoint: 68013 ns, At safepoint: 6075 ns, Total: 74088 ns
[2021-12-26T03:57:57.506+0000][2204][safepoint   ] Safepoint "Cleanup", Time since last: 2000279017 ns, Reaching safepoint: 64151 ns, At safepoint: 5334 ns, Total: 69485 ns
[2021-12-26T03:57:58.506+0000][2204][safepoint   ] Safepoint "Cleanup", Time since last: 1000157337 ns, Reaching safepoint: 67050 ns, At safepoint: 4802 ns, Total: 71852 ns
[2021-12-26T03:57:59.507+0000][2204][safepoint   ] Safepoint "Cleanup", Time since last: 1000158760 ns, Reaching safepoint: 89592 ns, At safepoint: 7292 ns, Total: 96884 ns
[2021-12-26T03:58:00.507+0000][2204][safepoint   ] Safepoint "Cleanup", Time since last: 1000197251 ns, Reaching safepoint: 76874 ns, At safepoint: 5674 ns, Total: 82548 ns
[2021-12-26T03:58:01.507+0000][2204][safepoint   ] Safepoint "Cleanup", Time since last: 1000207556 ns, Reaching safepoint: 76655 ns, At safepoint: 6210 ns, Total: 82865 ns
[2021-12-26T03:58:02.508+0000][2204][safepoint   ] Safepoint "Cleanup", Time since last: 1000171165 ns, Reaching safepoint: 67247 ns, At safepoint: 5354 ns, Total: 72601 ns
[2021-12-26T03:58:03.508+0000][2204][safepoint   ] Safepoint "Cleanup", Time since last: 1000171278 ns, Reaching safepoint: 64787 ns, At safepoint: 5672 ns, Total: 70459 ns
[2021-12-26T03:58:06.508+0000][2204][safepoint   ] Safepoint "Cleanup", Time since last: 3000394554 ns, Reaching safepoint: 61937 ns, At safepoint: 5450 ns, Total: 67387 ns
[2021-12-26T03:58:07.508+0000][2204][safepoint   ] Safepoint "Cleanup", Time since last: 1000152144 ns, Reaching safepoint: 64418 ns, At safepoint: 5358 ns, Total: 69776 ns
[2021-12-26T03:58:09.509+0000][2204][safepoint   ] Safepoint "Cleanup", Time since last: 2000256830 ns, Reaching safepoint: 79175 ns, At safepoint: 7115 ns, Total: 86290 ns
[2021-12-26T03:58:11.509+0000][2204][safepoint   ] Safepoint "Cleanup", Time since last: 2000265810 ns, Reaching safepoint: 75760 ns, At safepoint: 5689 ns, Total: 81449 ns
[2021-12-26T03:58:14.510+0000][2204][safepoint   ] Safepoint "Cleanup", Time since last: 3000354785 ns, Reaching safepoint: 64955 ns, At safepoint: 5536 ns, Total: 70491 ns
[2021-12-26T03:58:15.510+0000][2204][safepoint   ] Safepoint "Cleanup", Time since last: 1000156979 ns, Reaching safepoint: 68017 ns, At safepoint: 5905 ns, Total: 73922 ns
[2021-12-26T03:58:16.510+0000][2204][safepoint   ] Safepoint "Cleanup", Time since last: 1000213866 ns, Reaching safepoint: 84311 ns, At safepoint: 5936 ns, Total: 90247 ns
[2021-12-26T03:58:17.510+0000][2204][safepoint   ] Safepoint "Cleanup", Time since last: 1000161127 ns, Reaching safepoint: 65859 ns, At safepoint: 4862 ns, Total: 70721 ns
[2021-12-26T03:58:18.511+0000][2204][safepoint   ] Safepoint "Cleanup", Time since last: 1000180400 ns, Reaching safepoint: 65977 ns, At safepoint: 4701 ns, Total: 70678 ns
[2021-12-26T03:58:20.511+0000][2204][safepoint   ] Safepoint "Cleanup", Time since last: 2000272366 ns, Reaching safepoint: 68007 ns, At safepoint: 5150 ns, Total: 73157 ns
[2021-12-26T03:58:21.511+0000][2204][safepoint   ] Safepoint "Cleanup", Time since last: 1000157108 ns, Reaching safepoint: 69712 ns, At safepoint: 5391 ns, Total: 75103 ns
[2021-12-26T03:58:22.511+0000][2204][safepoint   ] Safepoint "Cleanup", Time since last: 1000145287 ns, Reaching safepoint: 60371 ns, At safepoint: 5182 ns, Total: 65553 ns
[2021-12-26T03:58:25.512+0000][2204][safepoint   ] Safepoint "Cleanup", Time since last: 3000335338 ns, Reaching safepoint: 73642 ns, At safepoint: 5702 ns, Total: 79344 ns
[2021-12-26T03:58:26.512+0000][2204][safepoint   ] Safepoint "Cleanup", Time since last: 1000155565 ns, Reaching safepoint: 64661 ns, At safepoint: 5039 ns, Total: 69700 ns
[2021-12-26T03:58:28.512+0000][2204][safepoint   ] Safepoint "Cleanup", Time since last: 2000260288 ns, Reaching safepoint: 56897 ns, At safepoint: 4987 ns, Total: 61884 ns
[2021-12-26T03:58:29.849+0000][2204][safepoint   ] Safepoint "Cleanup", Time since last: 1336756140 ns, Reaching safepoint: 280680 ns, At safepoint: 23606 ns, Total: 304286 ns
[2021-12-26T03:58:30.850+0000][2204][safepoint   ] Safepoint "Cleanup", Time since last: 1000180857 ns, Reaching safepoint: 95547 ns, At safepoint: 7070 ns, Total: 102617 ns
[2021-12-26T03:58:37.851+0000][2204][safepoint   ] Safepoint "Cleanup", Time since last: 7000807452 ns, Reaching safepoint: 71833 ns, At safepoint: 5663 ns, Total: 77496 ns
[2021-12-26T03:58:38.851+0000][2204][safepoint   ] Safepoint "Cleanup", Time since last: 1000196572 ns, Reaching safepoint: 73595 ns, At safepoint: 6208 ns, Total: 79803 ns
[2021-12-26T03:58:46.233+0000][2204][safepoint   ] Safepoint "Cleanup", Time since last: 7382277015 ns, Reaching safepoint: 89843 ns, At safepoint: 6278 ns, Total: 96121 ns
[2021-12-26T03:58:48.234+0000][2204][safepoint   ] Safepoint "Cleanup", Time since last: 2000279750 ns, Reaching safepoint: 69969 ns, At safepoint: 5430 ns, Total: 75399 ns
[2021-12-26T03:58:52.234+0000][2204][safepoint   ] Safepoint "Cleanup", Time since last: 4000496534 ns, Reaching safepoint: 154882 ns, At safepoint: 9071 ns, Total: 163953 ns
[2021-12-26T03:58:59.235+0000][2204][safepoint   ] Safepoint "Cleanup", Time since last: 7000865453 ns, Reaching safepoint: 85296 ns, At safepoint: 5691 ns, Total: 90987 ns
[2021-12-26T03:59:10.237+0000][2204][safepoint   ] Safepoint "Cleanup", Time since last: 11001351040 ns, Reaching safepoint: 65056 ns, At safepoint: 5415 ns, Total: 70471 ns
[2021-12-26T03:59:13.237+0000][2204][safepoint   ] Safepoint "Cleanup", Time since last: 3000445806 ns, Reaching safepoint: 64876 ns, At safepoint: 4873 ns, Total: 69749 ns
[2021-12-26T03:59:15.581+0000][2204][gc,start    ] GC(21) Pause Young (Normal) (G1 Evacuation Pause)
[2021-12-26T03:59:15.581+0000][2204][gc,task     ] GC(21) Using 2 workers of 2 for evacuation
[2021-12-26T03:59:15.581+0000][2204][gc,age      ] GC(21) Desired survivor size 20971520 bytes, new threshold 15 (max threshold 15)
[2021-12-26T03:59:15.621+0000][2204][gc,age      ] GC(21) Age table with threshold 15 (max threshold 15)
[2021-12-26T03:59:15.621+0000][2204][gc,age      ] GC(21) - age   1:    2766768 bytes,    2766768 total
[2021-12-26T03:59:15.621+0000][2204][gc,age      ] GC(21) - age   2:   15080792 bytes,   17847560 total
[2021-12-26T03:59:15.621+0000][2204][gc,age      ] GC(21) - age   3:    5033680 bytes,   22881240 total
[2021-12-26T03:59:15.621+0000][2204][gc,phases   ] GC(21)   Pre Evacuate Collection Set: 0.1ms
[2021-12-26T03:59:15.621+0000][2204][gc,phases   ] GC(21)   Merge Heap Roots: 0.1ms
[2021-12-26T03:59:15.621+0000][2204][gc,phases   ] GC(21)   Evacuate Collection Set: 37.2ms
[2021-12-26T03:59:15.621+0000][2204][gc,phases   ] GC(21)   Post Evacuate Collection Set: 1.8ms
[2021-12-26T03:59:15.621+0000][2204][gc,phases   ] GC(21)   Other: 0.3ms
[2021-12-26T03:59:15.621+0000][2204][gc,heap     ] GC(21) Eden regions: 71->0(70)
[2021-12-26T03:59:15.621+0000][2204][gc,heap     ] GC(21) Survivor regions: 5->6(10)
[2021-12-26T03:59:15.621+0000][2204][gc,heap     ] GC(21) Old regions: 13->13
[2021-12-26T03:59:15.621+0000][2204][gc,heap     ] GC(21) Archive regions: 2->2
[2021-12-26T03:59:15.621+0000][2204][gc,heap     ] GC(21) Humongous regions: 2->2
[2021-12-26T03:59:15.621+0000][2204][gc,metaspace] GC(21) Metaspace: 101942K(103616K)->101942K(103616K) NonClass: 87593K(88576K)->87593K(88576K) Class: 14348K(15040K)->14348K(15040K)
[2021-12-26T03:59:15.621+0000][2204][gc          ] GC(21) Pause Young (Normal) (G1 Evacuation Pause) 366M->86M(512M) 39.547ms
[2021-12-26T03:59:15.621+0000][2204][gc,cpu      ] GC(21) User=0.08s Sys=0.00s Real=0.04s
[2021-12-26T03:59:15.621+0000][2204][safepoint   ] Safepoint "G1CollectForAllocation", Time since last: 2344048662 ns, Reaching safepoint: 44836 ns, At safepoint: 39642177 ns, Total: 39687013 ns
[2021-12-26T03:59:17.621+0000][2204][safepoint   ] Safepoint "Cleanup", Time since last: 2000244024 ns, Reaching safepoint: 79676 ns, At safepoint: 5515 ns, Total: 85191 ns
[2021-12-26T03:59:18.621+0000][2204][safepoint   ] Safepoint "Cleanup", Time since last: 1000185482 ns, Reaching safepoint: 70340 ns, At safepoint: 5173 ns, Total: 75513 ns
[2021-12-26T03:59:28.623+0000][2204][safepoint   ] Safepoint "Cleanup", Time since last: 10001126826 ns, Reaching safepoint: 92001 ns, At safepoint: 5286 ns, Total: 97287 ns
[2021-12-26T03:59:29.623+0000][2204][safepoint   ] Safepoint "Cleanup", Time since last: 1000138099 ns, Reaching safepoint: 68059 ns, At safepoint: 4846 ns, Total: 72905 ns
[2021-12-26T03:59:30.623+0000][2204][safepoint   ] Safepoint "Cleanup", Time since last: 1000188667 ns, Reaching safepoint: 67370 ns, At safepoint: 5700 ns, Total: 73070 ns
[2021-12-26T03:59:35.624+0000][2204][safepoint   ] Safepoint "Cleanup", Time since last: 5000597190 ns, Reaching safepoint: 73054 ns, At safepoint: 5527 ns, Total: 78581 ns
[2021-12-26T03:59:37.624+0000][2204][safepoint   ] Safepoint "Cleanup", Time since last: 2000258134 ns, Reaching safepoint: 68863 ns, At safepoint: 5533 ns, Total: 74396 ns
[2021-12-26T03:59:38.624+0000][2204][safepoint   ] Safepoint "Cleanup", Time since last: 1000148347 ns, Reaching safepoint: 68662 ns, At safepoint: 5093 ns, Total: 73755 ns
[2021-12-26T03:59:41.625+0000][2204][safepoint   ] Safepoint "Cleanup", Time since last: 3000376104 ns, Reaching safepoint: 78447 ns, At safepoint: 36674 ns, Total: 115121 ns
[2021-12-26T03:59:48.626+0000][2204][safepoint   ] Safepoint "Cleanup", Time since last: 7000801014 ns, Reaching safepoint: 65633 ns, At safepoint: 5273 ns, Total: 70906 ns
[2021-12-26T03:59:51.626+0000][2204][safepoint   ] Safepoint "Cleanup", Time since last: 3000383718 ns, Reaching safepoint: 93119 ns, At safepoint: 9580 ns, Total: 102699 ns
[2021-12-26T03:59:59.627+0000][2204][safepoint   ] Safepoint "Cleanup", Time since last: 8000844293 ns, Reaching safepoint: 74040 ns, At safepoint: 5424 ns, Total: 79464 ns
[2021-12-26T04:00:00.627+0000][2204][safepoint   ] Safepoint "Cleanup", Time since last: 1000175201 ns, Reaching safepoint: 78090 ns, At safepoint: 6284 ns, Total: 84374 ns
[2021-12-26T04:00:01.628+0000][2204][safepoint   ] Safepoint "Cleanup", Time since last: 1000151411 ns, Reaching safepoint: 59476 ns, At safepoint: 4859 ns, Total: 64335 ns
[2021-12-26T04:00:05.628+0000][2204][safepoint   ] Safepoint "Cleanup", Time since last: 4000475233 ns, Reaching safepoint: 73127 ns, At safepoint: 5328 ns, Total: 78455 ns
[2021-12-26T04:00:12.629+0000][2204][safepoint   ] Safepoint "Cleanup", Time since last: 7000838395 ns, Reaching safepoint: 82866 ns, At safepoint: 5613 ns, Total: 88479 ns
[2021-12-26T04:00:17.630+0000][2204][safepoint   ] Safepoint "Cleanup", Time since last: 5000559952 ns, Reaching safepoint: 72281 ns, At safepoint: 5760 ns, Total: 78041 ns
[2021-12-26T04:00:18.630+0000][2204][safepoint   ] Safepoint "Cleanup", Time since last: 1000175269 ns, Reaching safepoint: 76049 ns, At safepoint: 11543 ns, Total: 87592 ns
[2021-12-26T04:00:19.630+0000][2204][safepoint   ] Safepoint "Cleanup", Time since last: 1000166737 ns, Reaching safepoint: 68355 ns, At safepoint: 5332 ns, Total: 73687 ns
[2021-12-26T04:00:22.631+0000][2204][safepoint   ] Safepoint "Cleanup", Time since last: 3000336532 ns, Reaching safepoint: 95467 ns, At safepoint: 5805 ns, Total: 101272 ns
[2021-12-26T04:00:23.631+0000][2204][safepoint   ] Safepoint "Cleanup", Time since last: 1000133290 ns, Reaching safepoint: 78061 ns, At safepoint: 6290 ns, Total: 84351 ns
[2021-12-26T04:00:28.632+0000][2204][safepoint   ] Safepoint "Cleanup", Time since last: 5000539897 ns, Reaching safepoint: 62491 ns, At safepoint: 6326 ns, Total: 68817 ns
[2021-12-26T04:00:29.632+0000][2204][safepoint   ] Safepoint "Cleanup", Time since last: 1000174487 ns, Reaching safepoint: 67915 ns, At safepoint: 5665 ns, Total: 73580 ns
[2021-12-26T04:00:30.632+0000][2204][safepoint   ] Safepoint "Cleanup", Time since last: 1000150201 ns, Reaching safepoint: 63551 ns, At safepoint: 5387 ns, Total: 68938 ns
[2021-12-26T04:00:31.632+0000][2204][safepoint   ] Safepoint "Cleanup", Time since last: 1000168788 ns, Reaching safepoint: 61304 ns, At safepoint: 5094 ns, Total: 66398 ns
[2021-12-26T04:00:32.632+0000][2204][safepoint   ] Safepoint "Cleanup", Time since last: 1000172614 ns, Reaching safepoint: 61112 ns, At safepoint: 5861 ns, Total: 66973 ns
[2021-12-26T04:00:45.634+0000][2204][safepoint   ] Safepoint "Cleanup", Time since last: 13001286947 ns, Reaching safepoint: 72761 ns, At safepoint: 4731 ns, Total: 77492 ns
[2021-12-26T04:00:51.521+0000][2204][safepoint   ] Safepoint "Cleanup", Time since last: 5887317790 ns, Reaching safepoint: 58419 ns, At safepoint: 12371 ns, Total: 70790 ns
[2021-12-26T04:00:52.521+0000][2204][safepoint   ] Safepoint "Cleanup", Time since last: 1000149207 ns, Reaching safepoint: 69090 ns, At safepoint: 5291 ns, Total: 74381 ns
[2021-12-26T04:00:59.522+0000][2204][safepoint   ] Safepoint "Cleanup", Time since last: 7000733335 ns, Reaching safepoint: 65907 ns, At safepoint: 5385 ns, Total: 71292 ns
[2021-12-26T04:01:00.522+0000][2204][safepoint   ] Safepoint "Cleanup", Time since last: 1000172345 ns, Reaching safepoint: 69523 ns, At safepoint: 5519 ns, Total: 75042 ns
[2021-12-26T04:01:01.523+0000][2204][safepoint   ] Safepoint "Cleanup", Time since last: 1000184598 ns, Reaching safepoint: 63451 ns, At safepoint: 5393 ns, Total: 68844 ns
[2021-12-26T04:01:02.523+0000][2204][safepoint   ] Safepoint "Cleanup", Time since last: 1000180712 ns, Reaching safepoint: 64039 ns, At safepoint: 5276 ns, Total: 69315 ns
[2021-12-26T04:01:07.524+0000][2204][safepoint   ] Safepoint "Cleanup", Time since last: 5000556805 ns, Reaching safepoint: 73095 ns, At safepoint: 6207 ns, Total: 79302 ns
[2021-12-26T04:01:08.524+0000][2204][safepoint   ] Safepoint "Cleanup", Time since last: 1000180512 ns, Reaching safepoint: 71431 ns, At safepoint: 5373 ns, Total: 76804 ns
[2021-12-26T04:01:10.524+0000][2204][safepoint   ] Safepoint "Cleanup", Time since last: 2000279658 ns, Reaching safepoint: 72382 ns, At safepoint: 5913 ns, Total: 78295 ns
[2021-12-26T04:01:21.525+0000][2204][safepoint   ] Safepoint "Cleanup", Time since last: 11001150322 ns, Reaching safepoint: 80127 ns, At safepoint: 8952 ns, Total: 89079 ns
[2021-12-26T04:01:25.526+0000][2204][safepoint   ] Safepoint "Cleanup", Time since last: 4000428592 ns, Reaching safepoint: 64196 ns, At safepoint: 5505 ns, Total: 69701 ns
[2021-12-26T04:01:26.526+0000][2204][safepoint   ] Safepoint "Cleanup", Time since last: 1000152003 ns, Reaching safepoint: 75362 ns, At safepoint: 5537 ns, Total: 80899 ns
[2021-12-26T04:01:29.527+0000][2204][safepoint   ] Safepoint "Cleanup", Time since last: 3000342522 ns, Reaching safepoint: 71918 ns, At safepoint: 4866 ns, Total: 76784 ns
[2021-12-26T04:01:30.527+0000][2204][safepoint   ] Safepoint "Cleanup", Time since last: 1000183771 ns, Reaching safepoint: 76697 ns, At safepoint: 6244 ns, Total: 82941 ns
[2021-12-26T04:02:02.530+0000][2204][safepoint   ] Safepoint "Cleanup", Time since last: 32003381470 ns, Reaching safepoint: 62326 ns, At safepoint: 5364 ns, Total: 67690 ns
[2021-12-26T04:02:08.531+0000][2204][safepoint   ] Safepoint "Cleanup", Time since last: 6000653138 ns, Reaching safepoint: 83972 ns, At safepoint: 5922 ns, Total: 89894 ns
[2021-12-26T04:02:18.532+0000][2204][safepoint   ] Safepoint "Cleanup", Time since last: 10001059231 ns, Reaching safepoint: 78938 ns, At safepoint: 5044 ns, Total: 83982 ns
[2021-12-26T04:02:26.533+0000][2204][safepoint   ] Safepoint "Cleanup", Time since last: 8000940277 ns, Reaching safepoint: 89642 ns, At safepoint: 7553 ns, Total: 97195 ns
[2021-12-26T04:02:26.714+0000][2204][gc,heap,exit] Heap
[2021-12-26T04:02:26.714+0000][2204][gc,heap,exit]  garbage-first heap   total 524288K, used 265488K [0x00000000e0000000, 0x0000000100000000)
[2021-12-26T04:02:26.714+0000][2204][gc,heap,exit]   region size 4096K, 50 young (204800K), 6 survivors (24576K)
[2021-12-26T04:02:26.714+0000][2204][gc,heap,exit]  Metaspace       used 103403K, committed 105024K, reserved 1138688K
[2021-12-26T04:02:26.714+0000][2204][gc,heap,exit]   class space    used 14542K, committed 15232K, reserved 1048576K
