[2021-12-26T05:24:15.010+0000][5435][gc] Using G1
[2021-12-26T05:24:15.098+0000][5435][gc,init] Version: 17.0.1+12 (release)
[2021-12-26T05:24:15.098+0000][5435][gc,init] CPUs: 2 total, 2 available
[2021-12-26T05:24:15.098+0000][5435][gc,init] Memory: 3786M
[2021-12-26T05:24:15.098+0000][5435][gc,init] Large Page Support: Disabled
[2021-12-26T05:24:15.098+0000][5435][gc,init] NUMA Support: Disabled
[2021-12-26T05:24:15.098+0000][5435][gc,init] Compressed Oops: Enabled (32-bit)
[2021-12-26T05:24:15.098+0000][5435][gc,init] Heap Region Size: 4M
[2021-12-26T05:24:15.098+0000][5435][gc,init] Heap Min Capacity: 512M
[2021-12-26T05:24:15.098+0000][5435][gc,init] Heap Initial Capacity: 512M
[2021-12-26T05:24:15.098+0000][5435][gc,init] Heap Max Capacity: 512M
[2021-12-26T05:24:15.098+0000][5435][gc,init] Pre-touch: Enabled
[2021-12-26T05:24:15.098+0000][5435][gc,init] Parallel Workers: 2
[2021-12-26T05:24:15.098+0000][5435][gc,init] Concurrent Workers: 1
[2021-12-26T05:24:15.098+0000][5435][gc,init] Concurrent Refinement Workers: 2
[2021-12-26T05:24:15.098+0000][5435][gc,init] Periodic GC: Disabled
[2021-12-26T05:24:15.098+0000][5435][gc,metaspace] CDS archive(s) mapped at: [0x0000000800000000-0x0000000800bd1000-0x0000000800bd1000), size 12390400, SharedBaseAddress: 0x0000000800000000, ArchiveRelocationMode: 0.
[2021-12-26T05:24:15.098+0000][5435][gc,metaspace] Compressed class space mapped at: 0x0000000800c00000-0x0000000840c00000, reserved size: 1073741824
[2021-12-26T05:24:15.098+0000][5435][gc,metaspace] Narrow klass base: 0x0000000800000000, Narrow klass shift: 0, Narrow klass range: 0x100000000
[2021-12-26T05:24:15.742+0000][5435][safepoint   ] Safepoint "ICBufferFull", Time since last: 633845079 ns, Reaching safepoint: 163138 ns, At safepoint: 10143 ns, Total: 173281 ns
[2021-12-26T05:24:16.021+0000][5435][gc,start    ] GC(0) Pause Young (Normal) (G1 Evacuation Pause)
[2021-12-26T05:24:16.021+0000][5435][gc,task     ] GC(0) Using 2 workers of 2 for evacuation
[2021-12-26T05:24:16.021+0000][5435][gc,age      ] GC(0) Desired survivor size 2097152 bytes, new threshold 15 (max threshold 15)
[2021-12-26T05:24:16.029+0000][5435][gc,age      ] GC(0) Age table with threshold 15 (max threshold 15)
[2021-12-26T05:24:16.029+0000][5435][gc,age      ] GC(0) - age   1:    4182152 bytes,    4182152 total
[2021-12-26T05:24:16.029+0000][5435][gc,phases   ] GC(0)   Pre Evacuate Collection Set: 0.1ms
[2021-12-26T05:24:16.029+0000][5435][gc,phases   ] GC(0)   Merge Heap Roots: 0.0ms
[2021-12-26T05:24:16.029+0000][5435][gc,phases   ] GC(0)   Evacuate Collection Set: 7.0ms
[2021-12-26T05:24:16.029+0000][5435][gc,phases   ] GC(0)   Post Evacuate Collection Set: 0.7ms
[2021-12-26T05:24:16.029+0000][5435][gc,phases   ] GC(0)   Other: 0.3ms
[2021-12-26T05:24:16.029+0000][5435][gc,heap     ] GC(0) Eden regions: 6->0(5)
[2021-12-26T05:24:16.029+0000][5435][gc,heap     ] GC(0) Survivor regions: 0->1(1)
[2021-12-26T05:24:16.029+0000][5435][gc,heap     ] GC(0) Old regions: 0->1
[2021-12-26T05:24:16.029+0000][5435][gc,heap     ] GC(0) Archive regions: 2->2
[2021-12-26T05:24:16.029+0000][5435][gc,heap     ] GC(0) Humongous regions: 0->0
[2021-12-26T05:24:16.029+0000][5435][gc,metaspace] GC(0) Metaspace: 8012K(8192K)->8012K(8192K) NonClass: 7103K(7232K)->7103K(7232K) Class: 909K(960K)->909K(960K)
[2021-12-26T05:24:16.029+0000][5435][gc          ] GC(0) Pause Young (Normal) (G1 Evacuation Pause) 27M->8M(512M) 8.178ms
[2021-12-26T05:24:16.029+0000][5435][gc,cpu      ] GC(0) User=0.02s Sys=0.00s Real=0.01s
[2021-12-26T05:24:16.029+0000][5435][safepoint   ] Safepoint "G1CollectForAllocation", Time since last: 276905127 ns, Reaching safepoint: 2114485 ns, At safepoint: 8351919 ns, Total: 10466404 ns
[2021-12-26T05:24:16.540+0000][5435][gc,start    ] GC(1) Pause Young (Normal) (G1 Evacuation Pause)
[2021-12-26T05:24:16.540+0000][5435][gc,task     ] GC(1) Using 2 workers of 2 for evacuation
[2021-12-26T05:24:16.540+0000][5435][gc,age      ] GC(1) Desired survivor size 2097152 bytes, new threshold 1 (max threshold 15)
[2021-12-26T05:24:16.548+0000][5435][gc,age      ] GC(1) Age table with threshold 1 (max threshold 15)
[2021-12-26T05:24:16.548+0000][5435][gc,age      ] GC(1) - age   1:    1258256 bytes,    1258256 total
[2021-12-26T05:24:16.548+0000][5435][gc,phases   ] GC(1)   Pre Evacuate Collection Set: 0.1ms
[2021-12-26T05:24:16.548+0000][5435][gc,phases   ] GC(1)   Merge Heap Roots: 0.1ms
[2021-12-26T05:24:16.548+0000][5435][gc,phases   ] GC(1)   Evacuate Collection Set: 7.2ms
[2021-12-26T05:24:16.548+0000][5435][gc,phases   ] GC(1)   Post Evacuate Collection Set: 0.6ms
[2021-12-26T05:24:16.548+0000][5435][gc,phases   ] GC(1)   Other: 0.2ms
[2021-12-26T05:24:16.548+0000][5435][gc,heap     ] GC(1) Eden regions: 5->0(5)
[2021-12-26T05:24:16.548+0000][5435][gc,heap     ] GC(1) Survivor regions: 1->1(1)
[2021-12-26T05:24:16.548+0000][5435][gc,heap     ] GC(1) Old regions: 1->2
[2021-12-26T05:24:16.548+0000][5435][gc,heap     ] GC(1) Archive regions: 2->2
[2021-12-26T05:24:16.548+0000][5435][gc,heap     ] GC(1) Humongous regions: 0->0
[2021-12-26T05:24:16.548+0000][5435][gc,metaspace] GC(1) Metaspace: 12123K(12288K)->12123K(12288K) NonClass: 10599K(10688K)->10599K(10688K) Class: 1523K(1600K)->1523K(1600K)
[2021-12-26T05:24:16.548+0000][5435][gc          ] GC(1) Pause Young (Normal) (G1 Evacuation Pause) 28M->9M(512M) 8.122ms
[2021-12-26T05:24:16.548+0000][5435][gc,cpu      ] GC(1) User=0.01s Sys=0.00s Real=0.01s
[2021-12-26T05:24:16.548+0000][5435][safepoint   ] Safepoint "G1CollectForAllocation", Time since last: 510066906 ns, Reaching safepoint: 80940 ns, At safepoint: 8185118 ns, Total: 8266058 ns
[2021-12-26T05:24:16.914+0000][5435][gc,start    ] GC(2) Pause Young (Normal) (G1 Evacuation Pause)
[2021-12-26T05:24:16.914+0000][5435][gc,task     ] GC(2) Using 2 workers of 2 for evacuation
[2021-12-26T05:24:16.914+0000][5435][gc,age      ] GC(2) Desired survivor size 2097152 bytes, new threshold 15 (max threshold 15)
[2021-12-26T05:24:16.922+0000][5435][gc,age      ] GC(2) Age table with threshold 15 (max threshold 15)
[2021-12-26T05:24:16.922+0000][5435][gc,age      ] GC(2) - age   1:    2980928 bytes,    2980928 total
[2021-12-26T05:24:16.922+0000][5435][gc,age      ] GC(2) - age   2:    1206736 bytes,    4187664 total
[2021-12-26T05:24:16.922+0000][5435][gc,phases   ] GC(2)   Pre Evacuate Collection Set: 0.1ms
[2021-12-26T05:24:16.922+0000][5435][gc,phases   ] GC(2)   Merge Heap Roots: 0.1ms
[2021-12-26T05:24:16.922+0000][5435][gc,phases   ] GC(2)   Evacuate Collection Set: 6.9ms
[2021-12-26T05:24:16.922+0000][5435][gc,phases   ] GC(2)   Post Evacuate Collection Set: 0.6ms
[2021-12-26T05:24:16.922+0000][5435][gc,phases   ] GC(2)   Other: 0.2ms
[2021-12-26T05:24:16.922+0000][5435][gc,heap     ] GC(2) Eden regions: 5->0(6)
[2021-12-26T05:24:16.922+0000][5435][gc,heap     ] GC(2) Survivor regions: 1->1(1)
[2021-12-26T05:24:16.922+0000][5435][gc,heap     ] GC(2) Old regions: 2->2
[2021-12-26T05:24:16.922+0000][5435][gc,heap     ] GC(2) Archive regions: 2->2
[2021-12-26T05:24:16.922+0000][5435][gc,heap     ] GC(2) Humongous regions: 0->0
[2021-12-26T05:24:16.922+0000][5435][gc,metaspace] GC(2) Metaspace: 14050K(14336K)->14050K(14336K) NonClass: 12329K(12480K)->12329K(12480K) Class: 1721K(1856K)->1721K(1856K)
[2021-12-26T05:24:16.922+0000][5435][gc          ] GC(2) Pause Young (Normal) (G1 Evacuation Pause) 29M->12M(512M) 7.821ms
[2021-12-26T05:24:16.922+0000][5435][gc,cpu      ] GC(2) User=0.02s Sys=0.00s Real=0.00s
[2021-12-26T05:24:16.922+0000][5435][safepoint   ] Safepoint "G1CollectForAllocation", Time since last: 366099787 ns, Reaching safepoint: 220035 ns, At safepoint: 7907538 ns, Total: 8127573 ns
[2021-12-26T05:24:17.552+0000][5435][gc,start    ] GC(3) Pause Young (Normal) (G1 Evacuation Pause)
[2021-12-26T05:24:17.552+0000][5435][gc,task     ] GC(3) Using 2 workers of 2 for evacuation
[2021-12-26T05:24:17.552+0000][5435][gc,age      ] GC(3) Desired survivor size 2097152 bytes, new threshold 1 (max threshold 15)
[2021-12-26T05:24:17.559+0000][5435][gc,age      ] GC(3) Age table with threshold 1 (max threshold 15)
[2021-12-26T05:24:17.559+0000][5435][gc,age      ] GC(3) - age   1:     702216 bytes,     702216 total
[2021-12-26T05:24:17.559+0000][5435][gc,phases   ] GC(3)   Pre Evacuate Collection Set: 0.1ms
[2021-12-26T05:24:17.559+0000][5435][gc,phases   ] GC(3)   Merge Heap Roots: 0.1ms
[2021-12-26T05:24:17.559+0000][5435][gc,phases   ] GC(3)   Evacuate Collection Set: 5.9ms
[2021-12-26T05:24:17.559+0000][5435][gc,phases   ] GC(3)   Post Evacuate Collection Set: 0.6ms
[2021-12-26T05:24:17.559+0000][5435][gc,phases   ] GC(3)   Other: 0.2ms
[2021-12-26T05:24:17.559+0000][5435][gc,heap     ] GC(3) Eden regions: 6->0(11)
[2021-12-26T05:24:17.559+0000][5435][gc,heap     ] GC(3) Survivor regions: 1->1(1)
[2021-12-26T05:24:17.559+0000][5435][gc,heap     ] GC(3) Old regions: 2->2
[2021-12-26T05:24:17.559+0000][5435][gc,heap     ] GC(3) Archive regions: 2->2
[2021-12-26T05:24:17.559+0000][5435][gc,heap     ] GC(3) Humongous regions: 0->0
[2021-12-26T05:24:17.559+0000][5435][gc,metaspace] GC(3) Metaspace: 14839K(15104K)->14839K(15104K) NonClass: 13061K(13184K)->13061K(13184K) Class: 1778K(1920K)->1778K(1920K)
[2021-12-26T05:24:17.559+0000][5435][gc          ] GC(3) Pause Young (Normal) (G1 Evacuation Pause) 36M->12M(512M) 6.982ms
[2021-12-26T05:24:17.559+0000][5435][gc,cpu      ] GC(3) User=0.01s Sys=0.00s Real=0.01s
[2021-12-26T05:24:17.559+0000][5435][safepoint   ] Safepoint "G1CollectForAllocation", Time since last: 629247392 ns, Reaching safepoint: 862287 ns, At safepoint: 7053379 ns, Total: 7915666 ns
[2021-12-26T05:24:17.861+0000][5435][gc,start    ] GC(4) Pause Young (Normal) (G1 Evacuation Pause)
[2021-12-26T05:24:17.861+0000][5435][gc,task     ] GC(4) Using 2 workers of 2 for evacuation
[2021-12-26T05:24:17.861+0000][5435][gc,age      ] GC(4) Desired survivor size 4194304 bytes, new threshold 15 (max threshold 15)
[2021-12-26T05:24:17.866+0000][5435][gc,age      ] GC(4) Age table with threshold 15 (max threshold 15)
[2021-12-26T05:24:17.866+0000][5435][gc,age      ] GC(4) - age   1:    2169040 bytes,    2169040 total
[2021-12-26T05:24:17.866+0000][5435][gc,age      ] GC(4) - age   2:     640480 bytes,    2809520 total
[2021-12-26T05:24:17.867+0000][5435][gc,phases   ] GC(4)   Pre Evacuate Collection Set: 0.1ms
[2021-12-26T05:24:17.867+0000][5435][gc,phases   ] GC(4)   Merge Heap Roots: 0.1ms
[2021-12-26T05:24:17.867+0000][5435][gc,phases   ] GC(4)   Evacuate Collection Set: 4.9ms
[2021-12-26T05:24:17.867+0000][5435][gc,phases   ] GC(4)   Post Evacuate Collection Set: 0.4ms
[2021-12-26T05:24:17.867+0000][5435][gc,phases   ] GC(4)   Other: 0.2ms
[2021-12-26T05:24:17.867+0000][5435][gc,heap     ] GC(4) Eden regions: 11->0(61)
[2021-12-26T05:24:17.867+0000][5435][gc,heap     ] GC(4) Survivor regions: 1->1(2)
[2021-12-26T05:24:17.867+0000][5435][gc,heap     ] GC(4) Old regions: 2->2
[2021-12-26T05:24:17.867+0000][5435][gc,heap     ] GC(4) Archive regions: 2->2
[2021-12-26T05:24:17.867+0000][5435][gc,heap     ] GC(4) Humongous regions: 0->0
[2021-12-26T05:24:17.867+0000][5435][gc,metaspace] GC(4) Metaspace: 15211K(15424K)->15211K(15424K) NonClass: 13405K(13504K)->13405K(13504K) Class: 1805K(1920K)->1805K(1920K)
[2021-12-26T05:24:17.867+0000][5435][gc          ] GC(4) Pause Young (Normal) (G1 Evacuation Pause) 56M->13M(512M) 5.762ms
[2021-12-26T05:24:17.867+0000][5435][gc,cpu      ] GC(4) User=0.00s Sys=0.01s Real=0.01s
[2021-12-26T05:24:17.867+0000][5435][safepoint   ] Safepoint "G1CollectForAllocation", Time since last: 301409225 ns, Reaching safepoint: 183192 ns, At safepoint: 5828969 ns, Total: 6012161 ns
[2021-12-26T05:24:18.186+0000][5435][safepoint   ] Safepoint "ICBufferFull", Time since last: 319220408 ns, Reaching safepoint: 296694 ns, At safepoint: 4606 ns, Total: 301300 ns
[2021-12-26T05:24:18.187+0000][5435][safepoint   ] Safepoint "ICBufferFull", Time since last: 1206891 ns, Reaching safepoint: 27035 ns, At safepoint: 2990 ns, Total: 30025 ns
[2021-12-26T05:24:18.189+0000][5435][safepoint   ] Safepoint "ICBufferFull", Time since last: 2091883 ns, Reaching safepoint: 23605 ns, At safepoint: 2655 ns, Total: 26260 ns
[2021-12-26T05:24:18.191+0000][5435][safepoint   ] Safepoint "ICBufferFull", Time since last: 1195102 ns, Reaching safepoint: 113551 ns, At safepoint: 4232 ns, Total: 117783 ns
[2021-12-26T05:24:18.192+0000][5435][safepoint   ] Safepoint "ICBufferFull", Time since last: 1017445 ns, Reaching safepoint: 114663 ns, At safepoint: 7427 ns, Total: 122090 ns
[2021-12-26T05:24:18.485+0000][5435][safepoint   ] Safepoint "ICBufferFull", Time since last: 293096494 ns, Reaching safepoint: 74939 ns, At safepoint: 3487 ns, Total: 78426 ns
[2021-12-26T05:24:18.766+0000][5435][gc,start    ] GC(5) Pause Young (Normal) (G1 Evacuation Pause)
[2021-12-26T05:24:18.766+0000][5435][gc,task     ] GC(5) Using 2 workers of 2 for evacuation
[2021-12-26T05:24:18.766+0000][5435][gc,age      ] GC(5) Desired survivor size 16777216 bytes, new threshold 15 (max threshold 15)
[2021-12-26T05:24:18.773+0000][5435][gc,age      ] GC(5) Age table with threshold 15 (max threshold 15)
[2021-12-26T05:24:18.773+0000][5435][gc,age      ] GC(5) - age   1:    4194032 bytes,    4194032 total
[2021-12-26T05:24:18.773+0000][5435][gc,age      ] GC(5) - age   2:     412592 bytes,    4606624 total
[2021-12-26T05:24:18.773+0000][5435][gc,age      ] GC(5) - age   3:     640272 bytes,    5246896 total
[2021-12-26T05:24:18.773+0000][5435][gc,phases   ] GC(5)   Pre Evacuate Collection Set: 0.0ms
[2021-12-26T05:24:18.773+0000][5435][gc,phases   ] GC(5)   Merge Heap Roots: 0.0ms
[2021-12-26T05:24:18.773+0000][5435][gc,phases   ] GC(5)   Evacuate Collection Set: 6.7ms
[2021-12-26T05:24:18.773+0000][5435][gc,phases   ] GC(5)   Post Evacuate Collection Set: 0.7ms
[2021-12-26T05:24:18.773+0000][5435][gc,phases   ] GC(5)   Other: 0.2ms
[2021-12-26T05:24:18.773+0000][5435][gc,heap     ] GC(5) Eden regions: 61->0(74)
[2021-12-26T05:24:18.773+0000][5435][gc,heap     ] GC(5) Survivor regions: 1->2(8)
[2021-12-26T05:24:18.773+0000][5435][gc,heap     ] GC(5) Old regions: 2->2
[2021-12-26T05:24:18.773+0000][5435][gc,heap     ] GC(5) Archive regions: 2->2
[2021-12-26T05:24:18.773+0000][5435][gc,heap     ] GC(5) Humongous regions: 0->0
[2021-12-26T05:24:18.773+0000][5435][gc,metaspace] GC(5) Metaspace: 17973K(18304K)->17973K(18304K) NonClass: 15783K(16000K)->15783K(16000K) Class: 2190K(2304K)->2190K(2304K)
[2021-12-26T05:24:18.773+0000][5435][gc          ] GC(5) Pause Young (Normal) (G1 Evacuation Pause) 257M->16M(512M) 7.738ms
[2021-12-26T05:24:18.773+0000][5435][gc,cpu      ] GC(5) User=0.01s Sys=0.00s Real=0.00s
[2021-12-26T05:24:18.773+0000][5435][safepoint   ] Safepoint "G1CollectForAllocation", Time since last: 280336060 ns, Reaching safepoint: 54719 ns, At safepoint: 7806025 ns, Total: 7860744 ns
[2021-12-26T05:24:19.433+0000][5435][gc,start    ] GC(6) Pause Young (Normal) (G1 Evacuation Pause)
[2021-12-26T05:24:19.433+0000][5435][gc,task     ] GC(6) Using 2 workers of 2 for evacuation
[2021-12-26T05:24:19.433+0000][5435][gc,age      ] GC(6) Desired survivor size 20971520 bytes, new threshold 15 (max threshold 15)
[2021-12-26T05:24:19.442+0000][5435][gc,age      ] GC(6) Age table with threshold 15 (max threshold 15)
[2021-12-26T05:24:19.442+0000][5435][gc,age      ] GC(6) - age   1:    3978096 bytes,    3978096 total
[2021-12-26T05:24:19.442+0000][5435][gc,age      ] GC(6) - age   2:    3612688 bytes,    7590784 total
[2021-12-26T05:24:19.442+0000][5435][gc,age      ] GC(6) - age   3:     412512 bytes,    8003296 total
[2021-12-26T05:24:19.442+0000][5435][gc,age      ] GC(6) - age   4:     640272 bytes,    8643568 total
[2021-12-26T05:24:19.442+0000][5435][gc,phases   ] GC(6)   Pre Evacuate Collection Set: 0.1ms
[2021-12-26T05:24:19.442+0000][5435][gc,phases   ] GC(6)   Merge Heap Roots: 0.0ms
[2021-12-26T05:24:19.442+0000][5435][gc,phases   ] GC(6)   Evacuate Collection Set: 7.4ms
[2021-12-26T05:24:19.442+0000][5435][gc,phases   ] GC(6)   Post Evacuate Collection Set: 0.7ms
[2021-12-26T05:24:19.442+0000][5435][gc,phases   ] GC(6)   Other: 0.2ms
[2021-12-26T05:24:19.442+0000][5435][gc,heap     ] GC(6) Eden regions: 74->0(73)
[2021-12-26T05:24:19.442+0000][5435][gc,heap     ] GC(6) Survivor regions: 2->3(10)
[2021-12-26T05:24:19.442+0000][5435][gc,heap     ] GC(6) Old regions: 2->2
[2021-12-26T05:24:19.442+0000][5435][gc,heap     ] GC(6) Archive regions: 2->2
[2021-12-26T05:24:19.442+0000][5435][gc,heap     ] GC(6) Humongous regions: 0->0
[2021-12-26T05:24:19.442+0000][5435][gc,metaspace] GC(6) Metaspace: 18858K(19264K)->18858K(19264K) NonClass: 16543K(16768K)->16543K(16768K) Class: 2315K(2496K)->2315K(2496K)
[2021-12-26T05:24:19.442+0000][5435][gc          ] GC(6) Pause Young (Normal) (G1 Evacuation Pause) 312M->20M(512M) 8.514ms
[2021-12-26T05:24:19.442+0000][5435][gc,cpu      ] GC(6) User=0.01s Sys=0.00s Real=0.01s
[2021-12-26T05:24:19.442+0000][5435][safepoint   ] Safepoint "G1CollectForAllocation", Time since last: 659754253 ns, Reaching safepoint: 57807 ns, At safepoint: 8584478 ns, Total: 8642285 ns
[2021-12-26T05:24:19.632+0000][5435][gc,heap,exit] Heap
[2021-12-26T05:24:19.632+0000][5435][gc,heap,exit]  garbage-first heap   total 524288K, used 98613K [0x00000000e0000000, 0x0000000100000000)
[2021-12-26T05:24:19.632+0000][5435][gc,heap,exit]   region size 4096K, 22 young (90112K), 3 survivors (12288K)
[2021-12-26T05:24:19.632+0000][5435][gc,heap,exit]  Metaspace       used 19338K, committed 19712K, reserved 1073152K
[2021-12-26T05:24:19.632+0000][5435][gc,heap,exit]   class space    used 2378K, committed 2496K, reserved 1048576K
